[22:42:43] ========================================
[22:42:43]   FC2 CONTENTION BENCH  20260330_224243
[22:42:43]   Output: data/contention_20260330_224243
[22:42:43] ========================================
NVIDIA B200, 120 MHz
[22:42:43] 
[22:42:43] ==== PART A: WALL TIME — WARP SCALING ====
[22:42:43]   [wall] strip  DFLAGS='-DSTRIP_EPILOGUE=1'
[22:42:45]   [strip] 1.160ms  valid=0  regs=79
[22:42:45]   [wall] w1  DFLAGS='-DEPI_WARP_LIMIT=1'
[22:42:47]   [w1] 1.282ms  valid=0  regs=187
[22:42:47]   [wall] w2  DFLAGS='-DEPI_WARP_LIMIT=2'
[22:42:48]   [w2] 1.397ms  valid=0  regs=187
[22:42:48]   [wall] w3  DFLAGS='-DEPI_WARP_LIMIT=3'
[22:42:50]   [w3] 1.523ms  valid=0  regs=187
[22:42:50]   [wall] baseline  DFLAGS=''
[22:42:52]   [baseline] 1.641ms  valid=1  regs=187
[22:42:52] 
[22:42:52] ==== PART A: WALL TIME — PER-OPERATION @ 1 WARP ====
[22:42:52]   [wall] w1_full  DFLAGS='-DEPI_WARP_LIMIT=1'
[22:42:53]   [w1_full] 1.284ms  valid=0  regs=187
[22:42:53]   [wall] w1_only_tma_load  DFLAGS='-DEPI_WARP_LIMIT=1 -DSTRIP_EPI_TMA_STORE=1 -DSTRIP_EPI_COMPUTE=1'
[22:42:55]   [w1_only_tma_load] 1.281ms  valid=0  regs=187
[22:42:55]   [wall] w1_only_tma_store  DFLAGS='-DEPI_WARP_LIMIT=1 -DSTRIP_EPI_TMA_LOAD=1 -DSTRIP_EPI_COMPUTE=1'
[22:42:57]   [w1_only_tma_store] 1.284ms  valid=0  regs=187
[22:42:57]   [wall] w1_only_compute  DFLAGS='-DEPI_WARP_LIMIT=1 -DSTRIP_EPI_TMA_LOAD=1 -DSTRIP_EPI_TMA_STORE=1'
[22:42:58]   [w1_only_compute] 1.283ms  valid=0  regs=187
[22:42:58]   [wall] w1_no_tma_load  DFLAGS='-DEPI_WARP_LIMIT=1 -DSTRIP_EPI_TMA_LOAD=1'
[22:43:00]   [w1_no_tma_load] 1.284ms  valid=0  regs=187
[22:43:00]   [wall] w1_no_tma_store  DFLAGS='-DEPI_WARP_LIMIT=1 -DSTRIP_EPI_TMA_STORE=1'
[22:43:01]   [w1_no_tma_store] 1.282ms  valid=0  regs=187
[22:43:01]   [wall] w1_no_compute  DFLAGS='-DEPI_WARP_LIMIT=1 -DSTRIP_EPI_COMPUTE=1'
[22:43:03]   [w1_no_compute] 1.282ms  valid=0  regs=187
[22:43:03] 
[22:43:03] ==== PART A: WALL TIME — PER-OPERATION @ 2 WARPS ====
[22:43:03]   [wall] w2_full  DFLAGS='-DEPI_WARP_LIMIT=2'
[22:43:05]   [w2_full] 1.400ms  valid=0  regs=187
[22:43:05]   [wall] w2_only_tma_load  DFLAGS='-DEPI_WARP_LIMIT=2 -DSTRIP_EPI_TMA_STORE=1 -DSTRIP_EPI_COMPUTE=1'
[22:43:06]   [w2_only_tma_load] 1.399ms  valid=0  regs=187
[22:43:06]   [wall] w2_only_tma_store  DFLAGS='-DEPI_WARP_LIMIT=2 -DSTRIP_EPI_TMA_LOAD=1 -DSTRIP_EPI_COMPUTE=1'
[22:43:08]   [w2_only_tma_store] 1.398ms  valid=0  regs=187
[22:43:08]   [wall] w2_only_compute  DFLAGS='-DEPI_WARP_LIMIT=2 -DSTRIP_EPI_TMA_LOAD=1 -DSTRIP_EPI_TMA_STORE=1'
[22:43:10]   [w2_only_compute] 1.398ms  valid=0  regs=187
[22:43:10] 
[22:43:10] ==== PART A: THERMAL DRIFT CHECK ====
[22:43:10]   [wall] strip_end  DFLAGS='-DSTRIP_EPILOGUE=1'
[22:43:11]   [strip_end] 1.161ms  valid=0  regs=79
[22:43:11] 
[22:43:11] ==== WALL TIME SUMMARY ====
[22:43:11] 
[22:43:11] ==== PART B: NCU — WARP SCALING (0,1,2,3,4 warps) ====
[22:43:11]   [ncu] ncu_strip  DFLAGS='-DSTRIP_EPILOGUE=1'
[22:43:12]   [ncu_strip] regs=79, collecting ncu metrics...
[22:43:24]   [ncu_strip] ncu: 603 CSV lines
[22:43:24]   [ncu] ncu_w1  DFLAGS='-DEPI_WARP_LIMIT=1'
[22:43:25]   [ncu_w1] regs=187, collecting ncu metrics...
[22:43:37]   [ncu_w1] ncu: 603 CSV lines
[22:43:37]   [ncu] ncu_w2  DFLAGS='-DEPI_WARP_LIMIT=2'
[22:43:38]   [ncu_w2] regs=187, collecting ncu metrics...
[22:43:49]   [ncu_w2] ncu: 603 CSV lines
[22:43:49]   [ncu] ncu_w3  DFLAGS='-DEPI_WARP_LIMIT=3'
[22:43:50]   [ncu_w3] regs=187, collecting ncu metrics...
[22:44:02]   [ncu_w3] ncu: 603 CSV lines
[22:44:02]   [ncu] ncu_baseline  DFLAGS=''
[22:44:03]   [ncu_baseline] regs=187, collecting ncu metrics...
[22:44:15]   [ncu_baseline] ncu: 603 CSV lines
[22:44:15] 
[22:44:15] ==== PART B: NCU — PER-OPERATION @ 1 WARP ====
[22:44:15]   [ncu] ncu_w1_only_tma_load  DFLAGS='-DEPI_WARP_LIMIT=1 -DSTRIP_EPI_TMA_STORE=1 -DSTRIP_EPI_COMPUTE=1'
[22:44:16]   [ncu_w1_only_tma_load] regs=187, collecting ncu metrics...
[22:44:28]   [ncu_w1_only_tma_load] ncu: 603 CSV lines
[22:44:28]   [ncu] ncu_w1_only_tma_store  DFLAGS='-DEPI_WARP_LIMIT=1 -DSTRIP_EPI_TMA_LOAD=1 -DSTRIP_EPI_COMPUTE=1'
[22:44:29]   [ncu_w1_only_tma_store] regs=187, collecting ncu metrics...
[22:44:41]   [ncu_w1_only_tma_store] ncu: 603 CSV lines
[22:44:41]   [ncu] ncu_w1_only_compute  DFLAGS='-DEPI_WARP_LIMIT=1 -DSTRIP_EPI_TMA_LOAD=1 -DSTRIP_EPI_TMA_STORE=1'
[22:44:41]   [ncu_w1_only_compute] regs=187, collecting ncu metrics...
[22:44:53]   [ncu_w1_only_compute] ncu: 603 CSV lines
[22:44:53] 
[22:44:53] Done in 130s. Results: data/contention_20260330_224243/
[22:44:53]   wall_summary.txt  — wall time decomposition
[22:44:53]   ncu/              — per-variant ncu CSV
[22:44:53]   session.log       — full log
