Kernel: fc1_gelu (fc1_gelu.cu)
Per-kernel tiers for fc1_gelu: skipping TMA_RESIDUAL, NUM_PASSES_PARAM
Pinned at winner values: K_LOOP_UNROLL=5 MBAR_EARLY=1 N_STAGES=5 STAGGER_CYCLES=0 SUB_MMA_UNROLL=3

=== Tier 1: GELU_VARIANT, STORE_TIMING, INTERLEAVE_STRATEGY ===
Sweep: 24 total, 15 valid, 3 pruned, 6 deduped
Estimated time: ~1 min (15 configs × ~5s each)

[1/15] -DINTERLEAVE_STRATEGY=0 -DMBAR_EARLY=1 -DN_STAGES=5 -DSTAGGER_CYCLES=0 -DSUB_MMA_UNROLL=3 ... 3.139 ms / 1395 TFLOPS  (240 regs, 2.6s)
[2/15] -DINTERLEAVE_STRATEGY=1 -DMBAR_EARLY=1 -DN_STAGES=5 -DSTAGGER_CYCLES=0 -DSUB_MMA_UNROLL=3 ... 2.798 ms / 1565 TFLOPS  (240 regs, 2.6s)
[3/15] -DMBAR_EARLY=1 -DN_STAGES=5 -DSTAGGER_CYCLES=0 -DSTORE_TIMING=1 -DSUB_MMA_UNROLL=3 ... 3.205 ms / 1367 TFLOPS  (240 regs, 2.6s)
[4/15] -DMBAR_EARLY=1 -DN_STAGES=5 -DSTAGGER_CYCLES=0 -DSUB_MMA_UNROLL=3 ... 3.095 ms / 1415 TFLOPS  (240 regs, 2.7s)
[5/15] -DINTERLEAVE_STRATEGY=3 -DMBAR_EARLY=1 -DN_STAGES=5 -DSTAGGER_CYCLES=0 -DSUB_MMA_UNROLL=3 ... 2.737 ms / 1600 TFLOPS  (242 regs, 2.6s)
[6/15] -DGELU_VARIANT=4 -DINTERLEAVE_STRATEGY=0 -DMBAR_EARLY=1 -DN_STAGES=5 -DSTAGGER_CYCLES=0 -DSUB_MMA_UNROLL=3 ... 3.143 ms / 1394 TFLOPS  (240 regs, 2.6s)
[7/15] -DGELU_VARIANT=4 -DINTERLEAVE_STRATEGY=1 -DMBAR_EARLY=1 -DN_STAGES=5 -DSTAGGER_CYCLES=0 -DSUB_MMA_UNROLL=3 ... 2.869 ms / 1527 TFLOPS  (240 regs, 2.7s)
[8/15] -DGELU_VARIANT=4 -DMBAR_EARLY=1 -DN_STAGES=5 -DSTAGGER_CYCLES=0 -DSTORE_TIMING=1 -DSUB_MMA_UNROLL=3 ... 3.150 ms / 1391 TFLOPS  (240 regs, 2.6s)
[9/15] -DGELU_VARIANT=4 -DMBAR_EARLY=1 -DN_STAGES=5 -DSTAGGER_CYCLES=0 -DSUB_MMA_UNROLL=3 ... 2.968 ms / 1476 TFLOPS  (240 regs, 2.6s)
[10/15] -DGELU_VARIANT=4 -DINTERLEAVE_STRATEGY=3 -DMBAR_EARLY=1 -DN_STAGES=5 -DSTAGGER_CYCLES=0 -DSUB_MMA_UNROLL=3 ... 2.779 ms / 1576 TFLOPS  (242 regs, 2.7s)
[11/15] -DGELU_VARIANT=5 -DINTERLEAVE_STRATEGY=0 -DMBAR_EARLY=1 -DN_STAGES=5 -DSTAGGER_CYCLES=0 -DSUB_MMA_UNROLL=3 ... 3.113 ms / 1407 TFLOPS  (240 regs, 2.6s)
[12/15] -DGELU_VARIANT=5 -DINTERLEAVE_STRATEGY=1 -DMBAR_EARLY=1 -DN_STAGES=5 -DSTAGGER_CYCLES=0 -DSUB_MMA_UNROLL=3 ... 2.750 ms / 1592 TFLOPS  (240 regs, 2.7s)
[13/15] -DGELU_VARIANT=5 -DMBAR_EARLY=1 -DN_STAGES=5 -DSTAGGER_CYCLES=0 -DSTORE_TIMING=1 -DSUB_MMA_UNROLL=3 ... 3.111 ms / 1408 TFLOPS  (240 regs, 2.6s)
[14/15] -DGELU_VARIANT=5 -DMBAR_EARLY=1 -DN_STAGES=5 -DSTAGGER_CYCLES=0 -DSUB_MMA_UNROLL=3 ... 2.975 ms / 1472 TFLOPS  (240 regs, 2.6s)
[15/15] -DGELU_VARIANT=5 -DINTERLEAVE_STRATEGY=3 -DMBAR_EARLY=1 -DN_STAGES=5 -DSTAGGER_CYCLES=0 -DSUB_MMA_UNROLL=3 ... 2.717 ms / 1612 TFLOPS  (242 regs, 2.6s)
  η²: GELU_VARIANT=0.024, STORE_TIMING=0.290, INTERLEAVE_STRATEGY=0.533

  Gap: 0.74% → k_eff=2 (from 3)

Tier 1 winner (top-3): -DGELU_VARIANT=5 -DINTERLEAVE_STRATEGY=3 -DMBAR_EARLY=1 -DN_STAGES=5 -DSTAGGER_CYCLES=0 -DSUB_MMA_UNROLL=3 → 2.717 ms / 1612 TFLOPS
  #2: -DINTERLEAVE_STRATEGY=3 -DMBAR_EARLY=1 -DN_STAGES=5 -DSTAGGER_CYCLES=0 -DSUB_MMA_UNROLL=3 → 2.737 ms / 1600 TFLOPS
  #3: -DGELU_VARIANT=5 -DINTERLEAVE_STRATEGY=1 -DMBAR_EARLY=1 -DN_STAGES=5 -DSTAGGER_CYCLES=0 -DSUB_MMA_UNROLL=3 → 2.750 ms / 1592 TFLOPS

=== Tier 2: PHASE1_UNROLL, SNAKE_ORDER, PRELOAD_MODE, BATCH_EPILOGUE ===
  Branch 1/2: -DGELU_VARIANT=5 -DINTERLEAVE_STRATEGY=3 -DMBAR_EARLY=1 -DN_STAGES=5 -DSTAGGER_CYCLES=0 -DSUB_MMA_UNROLL=3
Sweep: 36 total, 18 valid, 18 pruned
Estimated time: ~2 min (18 configs × ~5s each)

[1/18] -DGELU_VARIANT=5 -DINTERLEAVE_STRATEGY=3 -DMBAR_EARLY=1 -DN_STAGES=5 -DPHASE1_UNROLL=1 -DPRELOAD_MODE=0 -DSNAKE_ORDER=0 -DSTAGGER_CYCLES=0 -DSUB_MMA_UNROLL=3 ... 3.868 ms / 1132 TFLOPS  (238 regs, 2.6s)
[2/18] -DGELU_VARIANT=5 -DINTERLEAVE_STRATEGY=3 -DMBAR_EARLY=1 -DN_STAGES=5 -DPHASE1_UNROLL=1 -DPRELOAD_MODE=0 -DSTAGGER_CYCLES=0 -DSUB_MMA_UNROLL=3 ... 3.264 ms / 1342 TFLOPS  (238 regs, 2.6s)
[3/18] -DGELU_VARIANT=5 -DINTERLEAVE_STRATEGY=3 -DMBAR_EARLY=1 -DN_STAGES=5 -DPHASE1_UNROLL=1 -DSNAKE_ORDER=0 -DSTAGGER_CYCLES=0 -DSUB_MMA_UNROLL=3 ... 3.825 ms / 1145 TFLOPS  (238 regs, 2.7s)
[4/18] -DGELU_VARIANT=5 -DINTERLEAVE_STRATEGY=3 -DMBAR_EARLY=1 -DN_STAGES=5 -DPHASE1_UNROLL=1 -DSTAGGER_CYCLES=0 -DSUB_MMA_UNROLL=3 ... 3.247 ms / 1349 TFLOPS  (238 regs, 2.6s)
[5/18] -DGELU_VARIANT=5 -DINTERLEAVE_STRATEGY=3 -DMBAR_EARLY=1 -DN_STAGES=5 -DPHASE1_UNROLL=1 -DPRELOAD_MODE=2 -DSNAKE_ORDER=0 -DSTAGGER_CYCLES=0 -DSUB_MMA_UNROLL=3 ... 4.148 ms / 1056 TFLOPS  (238 regs, 2.6s)
[6/18] -DGELU_VARIANT=5 -DINTERLEAVE_STRATEGY=3 -DMBAR_EARLY=1 -DN_STAGES=5 -DPHASE1_UNROLL=1 -DPRELOAD_MODE=2 -DSTAGGER_CYCLES=0 -DSUB_MMA_UNROLL=3 ... 3.467 ms / 1263 TFLOPS  (238 regs, 2.6s)
[7/18] -DGELU_VARIANT=5 -DINTERLEAVE_STRATEGY=3 -DMBAR_EARLY=1 -DN_STAGES=5 -DPRELOAD_MODE=0 -DSNAKE_ORDER=0 -DSTAGGER_CYCLES=0 -DSUB_MMA_UNROLL=3 ... 3.320 ms / 1319 TFLOPS  (240 regs, 2.7s)
[8/18] -DGELU_VARIANT=5 -DINTERLEAVE_STRATEGY=3 -DMBAR_EARLY=1 -DN_STAGES=5 -DPRELOAD_MODE=0 -DSTAGGER_CYCLES=0 -DSUB_MMA_UNROLL=3 ... 2.732 ms / 1603 TFLOPS  (240 regs, 2.6s)
[9/18] -DGELU_VARIANT=5 -DINTERLEAVE_STRATEGY=3 -DMBAR_EARLY=1 -DN_STAGES=5 -DSNAKE_ORDER=0 -DSTAGGER_CYCLES=0 -DSUB_MMA_UNROLL=3 ... 3.301 ms / 1327 TFLOPS  (239 regs, 2.7s)
[10/18] -DGELU_VARIANT=5 -DINTERLEAVE_STRATEGY=3 -DMBAR_EARLY=1 -DN_STAGES=5 -DSTAGGER_CYCLES=0 -DSUB_MMA_UNROLL=3 ... 2.717 ms / 1612 TFLOPS  (242 regs, 2.7s)
[11/18] -DGELU_VARIANT=5 -DINTERLEAVE_STRATEGY=3 -DMBAR_EARLY=1 -DN_STAGES=5 -DPRELOAD_MODE=2 -DSNAKE_ORDER=0 -DSTAGGER_CYCLES=0 -DSUB_MMA_UNROLL=3 ... 3.183 ms / 1376 TFLOPS  (247 regs, 2.7s)
[12/18] -DGELU_VARIANT=5 -DINTERLEAVE_STRATEGY=3 -DMBAR_EARLY=1 -DN_STAGES=5 -DPRELOAD_MODE=2 -DSTAGGER_CYCLES=0 -DSUB_MMA_UNROLL=3 ... 2.656 ms / 1649 TFLOPS  (247 regs, 2.7s)
[13/18] -DGELU_VARIANT=5 -DINTERLEAVE_STRATEGY=3 -DMBAR_EARLY=1 -DN_STAGES=5 -DPHASE1_UNROLL=4 -DPRELOAD_MODE=0 -DSNAKE_ORDER=0 -DSTAGGER_CYCLES=0 -DSUB_MMA_UNROLL=3 ... 3.151 ms / 1390 TFLOPS  (244 regs, 2.7s)
[14/18] -DGELU_VARIANT=5 -DINTERLEAVE_STRATEGY=3 -DMBAR_EARLY=1 -DN_STAGES=5 -DPHASE1_UNROLL=4 -DPRELOAD_MODE=0 -DSTAGGER_CYCLES=0 -DSUB_MMA_UNROLL=3 ... 2.650 ms / 1653 TFLOPS  (244 regs, 2.7s)
[15/18] -DGELU_VARIANT=5 -DINTERLEAVE_STRATEGY=3 -DMBAR_EARLY=1 -DN_STAGES=5 -DPHASE1_UNROLL=4 -DSNAKE_ORDER=0 -DSTAGGER_CYCLES=0 -DSUB_MMA_UNROLL=3 ... 3.156 ms / 1388 TFLOPS  (244 regs, 2.7s)
[16/18] -DGELU_VARIANT=5 -DINTERLEAVE_STRATEGY=3 -DMBAR_EARLY=1 -DN_STAGES=5 -DPHASE1_UNROLL=4 -DSTAGGER_CYCLES=0 -DSUB_MMA_UNROLL=3 ... 2.655 ms / 1650 TFLOPS  (244 regs, 2.7s)
[17/18] -DGELU_VARIANT=5 -DINTERLEAVE_STRATEGY=3 -DMBAR_EARLY=1 -DN_STAGES=5 -DPHASE1_UNROLL=4 -DPRELOAD_MODE=2 -DSNAKE_ORDER=0 -DSTAGGER_CYCLES=0 -DSUB_MMA_UNROLL=3 ... 3.065 ms / 1429 TFLOPS  (249 regs, 2.7s)
[18/18] -DGELU_VARIANT=5 -DINTERLEAVE_STRATEGY=3 -DMBAR_EARLY=1 -DN_STAGES=5 -DPHASE1_UNROLL=4 -DPRELOAD_MODE=2 -DSTAGGER_CYCLES=0 -DSUB_MMA_UNROLL=3 ... 2.607 ms / 1680 TFLOPS  (249 regs, 2.7s)
  Branch 2/2: -DINTERLEAVE_STRATEGY=3 -DMBAR_EARLY=1 -DN_STAGES=5 -DSTAGGER_CYCLES=0 -DSUB_MMA_UNROLL=3
Sweep: 36 total, 36 valid, 0 pruned
Estimated time: ~3 min (36 configs × ~5s each)

[1/36] -DINTERLEAVE_STRATEGY=3 -DMBAR_EARLY=1 -DN_STAGES=5 -DPHASE1_UNROLL=1 -DPRELOAD_MODE=0 -DSNAKE_ORDER=0 -DSTAGGER_CYCLES=0 -DSUB_MMA_UNROLL=3 ... 3.869 ms / 1132 TFLOPS  (238 regs, 2.7s)
[2/36] -DINTERLEAVE_STRATEGY=3 -DMBAR_EARLY=1 -DN_STAGES=5 -DPHASE1_UNROLL=1 -DPRELOAD_MODE=0 -DSTAGGER_CYCLES=0 -DSUB_MMA_UNROLL=3 ... 3.285 ms / 1334 TFLOPS  (238 regs, 2.6s)
[3/36] -DINTERLEAVE_STRATEGY=3 -DMBAR_EARLY=1 -DN_STAGES=5 -DPHASE1_UNROLL=1 -DSNAKE_ORDER=0 -DSTAGGER_CYCLES=0 -DSUB_MMA_UNROLL=3 ... 3.830 ms / 1143 TFLOPS  (238 regs, 2.6s)
[4/36] -DINTERLEAVE_STRATEGY=3 -DMBAR_EARLY=1 -DN_STAGES=5 -DPHASE1_UNROLL=1 -DSTAGGER_CYCLES=0 -DSUB_MMA_UNROLL=3 ... 3.258 ms / 1344 TFLOPS  (238 regs, 2.6s)
[5/36] -DINTERLEAVE_STRATEGY=3 -DMBAR_EARLY=1 -DN_STAGES=5 -DPHASE1_UNROLL=1 -DPRELOAD_MODE=2 -DSNAKE_ORDER=0 -DSTAGGER_CYCLES=0 -DSUB_MMA_UNROLL=3 ... 4.149 ms / 1056 TFLOPS  (238 regs, 2.6s)
[6/36] -DINTERLEAVE_STRATEGY=3 -DMBAR_EARLY=1 -DN_STAGES=5 -DPHASE1_UNROLL=1 -DPRELOAD_MODE=2 -DSTAGGER_CYCLES=0 -DSUB_MMA_UNROLL=3 ... 3.474 ms / 1261 TFLOPS  (238 regs, 2.6s)
[7/36] -DINTERLEAVE_STRATEGY=3 -DMBAR_EARLY=1 -DN_STAGES=5 -DPRELOAD_MODE=0 -DSNAKE_ORDER=0 -DSTAGGER_CYCLES=0 -DSUB_MMA_UNROLL=3 ... 3.333 ms / 1314 TFLOPS  (240 regs, 2.7s)
[8/36] -DINTERLEAVE_STRATEGY=3 -DMBAR_EARLY=1 -DN_STAGES=5 -DPRELOAD_MODE=0 -DSTAGGER_CYCLES=0 -DSUB_MMA_UNROLL=3 ... 2.741 ms / 1598 TFLOPS  (240 regs, 2.7s)
[9/36] -DINTERLEAVE_STRATEGY=3 -DMBAR_EARLY=1 -DN_STAGES=5 -DSNAKE_ORDER=0 -DSTAGGER_CYCLES=0 -DSUB_MMA_UNROLL=3 ... 3.304 ms / 1326 TFLOPS  (239 regs, 2.6s)
[10/36] -DINTERLEAVE_STRATEGY=3 -DMBAR_EARLY=1 -DN_STAGES=5 -DSTAGGER_CYCLES=0 -DSUB_MMA_UNROLL=3 ... 2.759 ms / 1587 TFLOPS  (242 regs, 2.7s)
[11/36] -DINTERLEAVE_STRATEGY=3 -DMBAR_EARLY=1 -DN_STAGES=5 -DPRELOAD_MODE=2 -DSNAKE_ORDER=0 -DSTAGGER_CYCLES=0 -DSUB_MMA_UNROLL=3 ... 3.184 ms / 1376 TFLOPS  (247 regs, 2.7s)
[12/36] -DINTERLEAVE_STRATEGY=3 -DMBAR_EARLY=1 -DN_STAGES=5 -DPRELOAD_MODE=2 -DSTAGGER_CYCLES=0 -DSUB_MMA_UNROLL=3 ... 2.683 ms / 1633 TFLOPS  (247 regs, 2.7s)
[13/36] -DINTERLEAVE_STRATEGY=3 -DMBAR_EARLY=1 -DN_STAGES=5 -DPHASE1_UNROLL=4 -DPRELOAD_MODE=0 -DSNAKE_ORDER=0 -DSTAGGER_CYCLES=0 -DSUB_MMA_UNROLL=3 ... 3.169 ms / 1382 TFLOPS  (244 regs, 2.7s)
[14/36] -DINTERLEAVE_STRATEGY=3 -DMBAR_EARLY=1 -DN_STAGES=5 -DPHASE1_UNROLL=4 -DPRELOAD_MODE=0 -DSTAGGER_CYCLES=0 -DSUB_MMA_UNROLL=3 ... 2.692 ms / 1627 TFLOPS  (244 regs, 2.7s)
[15/36] -DINTERLEAVE_STRATEGY=3 -DMBAR_EARLY=1 -DN_STAGES=5 -DPHASE1_UNROLL=4 -DSNAKE_ORDER=0 -DSTAGGER_CYCLES=0 -DSUB_MMA_UNROLL=3 ... 3.173 ms / 1381 TFLOPS  (244 regs, 2.7s)
[16/36] -DINTERLEAVE_STRATEGY=3 -DMBAR_EARLY=1 -DN_STAGES=5 -DPHASE1_UNROLL=4 -DSTAGGER_CYCLES=0 -DSUB_MMA_UNROLL=3 ... 2.667 ms / 1642 TFLOPS  (244 regs, 2.7s)
[17/36] -DINTERLEAVE_STRATEGY=3 -DMBAR_EARLY=1 -DN_STAGES=5 -DPHASE1_UNROLL=4 -DPRELOAD_MODE=2 -DSNAKE_ORDER=0 -DSTAGGER_CYCLES=0 -DSUB_MMA_UNROLL=3 ... 3.064 ms / 1429 TFLOPS  (249 regs, 2.7s)
[18/36] -DINTERLEAVE_STRATEGY=3 -DMBAR_EARLY=1 -DN_STAGES=5 -DPHASE1_UNROLL=4 -DPRELOAD_MODE=2 -DSTAGGER_CYCLES=0 -DSUB_MMA_UNROLL=3 ... 2.598 ms / 1686 TFLOPS  (249 regs, 2.7s)
[19/36] -DBATCH_EPILOGUE=1 -DINTERLEAVE_STRATEGY=3 -DMBAR_EARLY=1 -DN_STAGES=5 -DPHASE1_UNROLL=1 -DPRELOAD_MODE=0 -DSNAKE_ORDER=0 -DSTAGGER_CYCLES=0 -DSUB_MMA_UNROLL=3 ... 3.930 ms / 1115 TFLOPS  (211 regs, 2.7s)
[20/36] -DBATCH_EPILOGUE=1 -DINTERLEAVE_STRATEGY=3 -DMBAR_EARLY=1 -DN_STAGES=5 -DPHASE1_UNROLL=1 -DPRELOAD_MODE=0 -DSTAGGER_CYCLES=0 -DSUB_MMA_UNROLL=3 ... 3.318 ms / 1320 TFLOPS  (211 regs, 2.7s)
[21/36] -DBATCH_EPILOGUE=1 -DINTERLEAVE_STRATEGY=3 -DMBAR_EARLY=1 -DN_STAGES=5 -DPHASE1_UNROLL=1 -DSNAKE_ORDER=0 -DSTAGGER_CYCLES=0 -DSUB_MMA_UNROLL=3 ... 3.909 ms / 1121 TFLOPS  (211 regs, 2.7s)
[22/36] -DBATCH_EPILOGUE=1 -DINTERLEAVE_STRATEGY=3 -DMBAR_EARLY=1 -DN_STAGES=5 -DPHASE1_UNROLL=1 -DSTAGGER_CYCLES=0 -DSUB_MMA_UNROLL=3 ... 3.319 ms / 1320 TFLOPS  (211 regs, 2.7s)
[23/36] -DBATCH_EPILOGUE=1 -DINTERLEAVE_STRATEGY=3 -DMBAR_EARLY=1 -DN_STAGES=5 -DPHASE1_UNROLL=1 -DPRELOAD_MODE=2 -DSNAKE_ORDER=0 -DSTAGGER_CYCLES=0 -DSUB_MMA_UNROLL=3 ... 4.154 ms / 1055 TFLOPS  (211 regs, 2.7s)
[24/36] -DBATCH_EPILOGUE=1 -DINTERLEAVE_STRATEGY=3 -DMBAR_EARLY=1 -DN_STAGES=5 -DPHASE1_UNROLL=1 -DPRELOAD_MODE=2 -DSTAGGER_CYCLES=0 -DSUB_MMA_UNROLL=3 ... 3.465 ms / 1264 TFLOPS  (211 regs, 2.7s)
[25/36] -DBATCH_EPILOGUE=1 -DINTERLEAVE_STRATEGY=3 -DMBAR_EARLY=1 -DN_STAGES=5 -DPRELOAD_MODE=0 -DSNAKE_ORDER=0 -DSTAGGER_CYCLES=0 -DSUB_MMA_UNROLL=3 ... 3.516 ms / 1246 TFLOPS  (248 regs, 2.7s)
[26/36] -DBATCH_EPILOGUE=1 -DINTERLEAVE_STRATEGY=3 -DMBAR_EARLY=1 -DN_STAGES=5 -DPRELOAD_MODE=0 -DSTAGGER_CYCLES=0 -DSUB_MMA_UNROLL=3 ... 2.936 ms / 1492 TFLOPS  (248 regs, 2.7s)
[27/36] -DBATCH_EPILOGUE=1 -DINTERLEAVE_STRATEGY=3 -DMBAR_EARLY=1 -DN_STAGES=5 -DSNAKE_ORDER=0 -DSTAGGER_CYCLES=0 -DSUB_MMA_UNROLL=3 ... 3.510 ms / 1248 TFLOPS  (248 regs, 2.7s)
[28/36] -DBATCH_EPILOGUE=1 -DINTERLEAVE_STRATEGY=3 -DMBAR_EARLY=1 -DN_STAGES=5 -DSTAGGER_CYCLES=0 -DSUB_MMA_UNROLL=3 ... 2.860 ms / 1532 TFLOPS  (248 regs, 2.7s)
[29/36] -DBATCH_EPILOGUE=1 -DINTERLEAVE_STRATEGY=3 -DMBAR_EARLY=1 -DN_STAGES=5 -DPRELOAD_MODE=2 -DSNAKE_ORDER=0 -DSTAGGER_CYCLES=0 -DSUB_MMA_UNROLL=3 ... 3.179 ms / 1378 TFLOPS  (247 regs, 2.6s)
[30/36] -DBATCH_EPILOGUE=1 -DINTERLEAVE_STRATEGY=3 -DMBAR_EARLY=1 -DN_STAGES=5 -DPRELOAD_MODE=2 -DSTAGGER_CYCLES=0 -DSUB_MMA_UNROLL=3 ... 2.671 ms / 1640 TFLOPS  (247 regs, 2.7s)
[31/36] -DBATCH_EPILOGUE=1 -DINTERLEAVE_STRATEGY=3 -DMBAR_EARLY=1 -DN_STAGES=5 -DPHASE1_UNROLL=4 -DPRELOAD_MODE=0 -DSNAKE_ORDER=0 -DSTAGGER_CYCLES=0 -DSUB_MMA_UNROLL=3 ... 3.220 ms / 1360 TFLOPS  (244 regs, 2.7s)
[32/36] -DBATCH_EPILOGUE=1 -DINTERLEAVE_STRATEGY=3 -DMBAR_EARLY=1 -DN_STAGES=5 -DPHASE1_UNROLL=4 -DPRELOAD_MODE=0 -DSTAGGER_CYCLES=0 -DSUB_MMA_UNROLL=3 ... 2.713 ms / 1615 TFLOPS  (244 regs, 2.7s)
[33/36] -DBATCH_EPILOGUE=1 -DINTERLEAVE_STRATEGY=3 -DMBAR_EARLY=1 -DN_STAGES=5 -DPHASE1_UNROLL=4 -DSNAKE_ORDER=0 -DSTAGGER_CYCLES=0 -DSUB_MMA_UNROLL=3 ... 3.223 ms / 1359 TFLOPS  (244 regs, 2.7s)
[34/36] -DBATCH_EPILOGUE=1 -DINTERLEAVE_STRATEGY=3 -DMBAR_EARLY=1 -DN_STAGES=5 -DPHASE1_UNROLL=4 -DSTAGGER_CYCLES=0 -DSUB_MMA_UNROLL=3 ... 2.718 ms / 1611 TFLOPS  (244 regs, 2.7s)
[35/36] -DBATCH_EPILOGUE=1 -DINTERLEAVE_STRATEGY=3 -DMBAR_EARLY=1 -DN_STAGES=5 -DPHASE1_UNROLL=4 -DPRELOAD_MODE=2 -DSNAKE_ORDER=0 -DSTAGGER_CYCLES=0 -DSUB_MMA_UNROLL=3 ... 3.122 ms / 1403 TFLOPS  (248 regs, 2.7s)
[36/36] -DBATCH_EPILOGUE=1 -DINTERLEAVE_STRATEGY=3 -DMBAR_EARLY=1 -DN_STAGES=5 -DPHASE1_UNROLL=4 -DPRELOAD_MODE=2 -DSTAGGER_CYCLES=0 -DSUB_MMA_UNROLL=3 ... 2.607 ms / 1680 TFLOPS  (248 regs, 2.7s)
  η²: PHASE1_UNROLL=0.551, SNAKE_ORDER=0.400, PRELOAD_MODE=0.000, BATCH_EPILOGUE=0.005

Tier 2 winner (top-3): -DINTERLEAVE_STRATEGY=3 -DMBAR_EARLY=1 -DN_STAGES=5 -DPHASE1_UNROLL=4 -DPRELOAD_MODE=2 -DSTAGGER_CYCLES=0 -DSUB_MMA_UNROLL=3 → 2.598 ms / 1686 TFLOPS
  #2: -DBATCH_EPILOGUE=1 -DINTERLEAVE_STRATEGY=3 -DMBAR_EARLY=1 -DN_STAGES=5 -DPHASE1_UNROLL=4 -DPRELOAD_MODE=2 -DSTAGGER_CYCLES=0 -DSUB_MMA_UNROLL=3 → 2.607 ms / 1680 TFLOPS
  #3: -DGELU_VARIANT=5 -DINTERLEAVE_STRATEGY=3 -DMBAR_EARLY=1 -DN_STAGES=5 -DPHASE1_UNROLL=4 -DPRELOAD_MODE=0 -DSTAGGER_CYCLES=0 -DSUB_MMA_UNROLL=3 → 2.650 ms / 1653 TFLOPS

=== Tier 3: EPILOGUE_LOOP, STS_WIDTH, EPI_SYNC, GELU_VECTOR_WIDTH ===
  Branch 1/3: -DINTERLEAVE_STRATEGY=3 -DMBAR_EARLY=1 -DN_STAGES=5 -DPHASE1_UNROLL=4 -DPRELOAD_MODE=2 -DSTAGGER_CYCLES=0 -DSUB_MMA_UNROLL=3
Sweep: 24 total, 2 valid, 22 pruned
Estimated time: ~0 min (2 configs × ~5s each)

[1/2] -DINTERLEAVE_STRATEGY=3 -DMBAR_EARLY=1 -DN_STAGES=5 -DPHASE1_UNROLL=4 -DPRELOAD_MODE=2 -DSTAGGER_CYCLES=0 -DSUB_MMA_UNROLL=3 ... 2.593 ms / 1689 TFLOPS  (249 regs, 2.7s)
[2/2] -DEPI_SYNC=1 -DINTERLEAVE_STRATEGY=3 -DMBAR_EARLY=1 -DN_STAGES=5 -DPHASE1_UNROLL=4 -DPRELOAD_MODE=2 -DSTAGGER_CYCLES=0 -DSUB_MMA_UNROLL=3 ... 2.597 ms / 1686 TFLOPS  (249 regs, 2.7s)
  Branch 2/3: -DBATCH_EPILOGUE=1 -DINTERLEAVE_STRATEGY=3 -DMBAR_EARLY=1 -DN_STAGES=5 -DPHASE1_UNROLL=4 -DPRELOAD_MODE=2 -DSTAGGER_CYCLES=0 -DSUB_MMA_UNROLL=3
Sweep: 24 total, 10 valid, 14 pruned
Estimated time: ~1 min (10 configs × ~5s each)

[1/10] -DBATCH_EPILOGUE=1 -DGELU_VECTOR_WIDTH=8 -DINTERLEAVE_STRATEGY=3 -DMBAR_EARLY=1 -DN_STAGES=5 -DPHASE1_UNROLL=4 -DPRELOAD_MODE=2 -DSTAGGER_CYCLES=0 -DSUB_MMA_UNROLL=3 ... 2.638 ms / 1660 TFLOPS  (248 regs, 2.7s)
[2/10] -DBATCH_EPILOGUE=1 -DGELU_VECTOR_WIDTH=16 -DINTERLEAVE_STRATEGY=3 -DMBAR_EARLY=1 -DN_STAGES=5 -DPHASE1_UNROLL=4 -DPRELOAD_MODE=2 -DSTAGGER_CYCLES=0 -DSUB_MMA_UNROLL=3 ... 2.629 ms / 1666 TFLOPS  (248 regs, 2.7s)
[3/10] -DBATCH_EPILOGUE=1 -DGELU_VECTOR_WIDTH=16 -DINTERLEAVE_STRATEGY=3 -DMBAR_EARLY=1 -DN_STAGES=5 -DPHASE1_UNROLL=4 -DPRELOAD_MODE=2 -DSTAGGER_CYCLES=0 -DSTS_WIDTH=32 -DSUB_MMA_UNROLL=3 ... 2.614 ms / 1676 TFLOPS  (248 regs, 2.7s)
[4/10] -DBATCH_EPILOGUE=1 -DINTERLEAVE_STRATEGY=3 -DMBAR_EARLY=1 -DN_STAGES=5 -DPHASE1_UNROLL=4 -DPRELOAD_MODE=2 -DSTAGGER_CYCLES=0 -DSUB_MMA_UNROLL=3 ... 2.607 ms / 1680 TFLOPS  (248 regs, 2.7s)
[5/10] -DBATCH_EPILOGUE=1 -DINTERLEAVE_STRATEGY=3 -DMBAR_EARLY=1 -DN_STAGES=5 -DPHASE1_UNROLL=4 -DPRELOAD_MODE=2 -DSTAGGER_CYCLES=0 -DSTS_WIDTH=32 -DSUB_MMA_UNROLL=3 ... 2.609 ms / 1679 TFLOPS  (248 regs, 2.7s)
[6/10] -DBATCH_EPILOGUE=1 -DEPI_SYNC=1 -DGELU_VECTOR_WIDTH=8 -DINTERLEAVE_STRATEGY=3 -DMBAR_EARLY=1 -DN_STAGES=5 -DPHASE1_UNROLL=4 -DPRELOAD_MODE=2 -DSTAGGER_CYCLES=0 -DSUB_MMA_UNROLL=3 ... 2.615 ms / 1675 TFLOPS  (248 regs, 2.7s)
[7/10] -DBATCH_EPILOGUE=1 -DEPI_SYNC=1 -DGELU_VECTOR_WIDTH=16 -DINTERLEAVE_STRATEGY=3 -DMBAR_EARLY=1 -DN_STAGES=5 -DPHASE1_UNROLL=4 -DPRELOAD_MODE=2 -DSTAGGER_CYCLES=0 -DSUB_MMA_UNROLL=3 ... 2.639 ms / 1660 TFLOPS  (248 regs, 2.7s)
[8/10] -DBATCH_EPILOGUE=1 -DEPI_SYNC=1 -DGELU_VECTOR_WIDTH=16 -DINTERLEAVE_STRATEGY=3 -DMBAR_EARLY=1 -DN_STAGES=5 -DPHASE1_UNROLL=4 -DPRELOAD_MODE=2 -DSTAGGER_CYCLES=0 -DSTS_WIDTH=32 -DSUB_MMA_UNROLL=3 ... 2.647 ms / 1655 TFLOPS  (248 regs, 2.7s)
[9/10] -DBATCH_EPILOGUE=1 -DEPI_SYNC=1 -DINTERLEAVE_STRATEGY=3 -DMBAR_EARLY=1 -DN_STAGES=5 -DPHASE1_UNROLL=4 -DPRELOAD_MODE=2 -DSTAGGER_CYCLES=0 -DSUB_MMA_UNROLL=3 ... 2.647 ms / 1655 TFLOPS  (248 regs, 2.7s)
[10/10] -DBATCH_EPILOGUE=1 -DEPI_SYNC=1 -DINTERLEAVE_STRATEGY=3 -DMBAR_EARLY=1 -DN_STAGES=5 -DPHASE1_UNROLL=4 -DPRELOAD_MODE=2 -DSTAGGER_CYCLES=0 -DSTS_WIDTH=32 -DSUB_MMA_UNROLL=3 ... 2.649 ms / 1653 TFLOPS  (248 regs, 2.7s)
  Branch 3/3: -DGELU_VARIANT=5 -DINTERLEAVE_STRATEGY=3 -DMBAR_EARLY=1 -DN_STAGES=5 -DPHASE1_UNROLL=4 -DPRELOAD_MODE=0 -DSTAGGER_CYCLES=0 -DSUB_MMA_UNROLL=3
Sweep: 24 total, 2 valid, 22 pruned
Estimated time: ~0 min (2 configs × ~5s each)

[1/2] -DGELU_VARIANT=5 -DINTERLEAVE_STRATEGY=3 -DMBAR_EARLY=1 -DN_STAGES=5 -DPHASE1_UNROLL=4 -DPRELOAD_MODE=0 -DSTAGGER_CYCLES=0 -DSUB_MMA_UNROLL=3 ... 2.656 ms / 1649 TFLOPS  (244 regs, 2.7s)
[2/2] -DEPI_SYNC=1 -DGELU_VARIANT=5 -DINTERLEAVE_STRATEGY=3 -DMBAR_EARLY=1 -DN_STAGES=5 -DPHASE1_UNROLL=4 -DPRELOAD_MODE=0 -DSTAGGER_CYCLES=0 -DSUB_MMA_UNROLL=3 ... 2.680 ms / 1634 TFLOPS  (244 regs, 2.7s)
  η²: STS_WIDTH=0.000, EPI_SYNC=0.143, GELU_VECTOR_WIDTH=0.006

Tier 3 winner (top-3): -DINTERLEAVE_STRATEGY=3 -DMBAR_EARLY=1 -DN_STAGES=5 -DPHASE1_UNROLL=4 -DPRELOAD_MODE=2 -DSTAGGER_CYCLES=0 -DSUB_MMA_UNROLL=3 → 2.593 ms / 1689 TFLOPS
  #2: -DEPI_SYNC=1 -DINTERLEAVE_STRATEGY=3 -DMBAR_EARLY=1 -DN_STAGES=5 -DPHASE1_UNROLL=4 -DPRELOAD_MODE=2 -DSTAGGER_CYCLES=0 -DSUB_MMA_UNROLL=3 → 2.597 ms / 1686 TFLOPS
  #3: -DBATCH_EPILOGUE=1 -DINTERLEAVE_STRATEGY=3 -DMBAR_EARLY=1 -DN_STAGES=5 -DPHASE1_UNROLL=4 -DPRELOAD_MODE=2 -DSTAGGER_CYCLES=0 -DSTS_WIDTH=32 -DSUB_MMA_UNROLL=3 → 2.609 ms / 1679 TFLOPS

=== Interaction: epilogue (BATCH_EPILOGUE, INTERLEAVE_STRATEGY, PRELOAD_MODE) ===
  Branch 1/3: -DINTERLEAVE_STRATEGY=3 -DMBAR_EARLY=1 -DN_STAGES=5 -DPHASE1_UNROLL=4 -DPRELOAD_MODE=2 -DSTAGGER_CYCLES=0 -DSUB_MMA_UNROLL=3
Sweep: 24 total, 24 valid, 0 pruned
Estimated time: ~2 min (24 configs × ~5s each)

[1/24] -DINTERLEAVE_STRATEGY=0 -DMBAR_EARLY=1 -DN_STAGES=5 -DPHASE1_UNROLL=4 -DPRELOAD_MODE=0 -DSTAGGER_CYCLES=0 -DSUB_MMA_UNROLL=3 ... 2.939 ms / 1490 TFLOPS  (244 regs, 2.7s)
[2/24] -DINTERLEAVE_STRATEGY=0 -DMBAR_EARLY=1 -DN_STAGES=5 -DPHASE1_UNROLL=4 -DSTAGGER_CYCLES=0 -DSUB_MMA_UNROLL=3 ... 2.314 ms / 1893 TFLOPS  (244 regs, 2.7s)
[3/24] -DINTERLEAVE_STRATEGY=0 -DMBAR_EARLY=1 -DN_STAGES=5 -DPHASE1_UNROLL=4 -DPRELOAD_MODE=2 -DSTAGGER_CYCLES=0 -DSUB_MMA_UNROLL=3 ... 2.624 ms / 1669 TFLOPS  (246 regs, 2.7s)
[4/24] -DINTERLEAVE_STRATEGY=1 -DMBAR_EARLY=1 -DN_STAGES=5 -DPHASE1_UNROLL=4 -DPRELOAD_MODE=0 -DSTAGGER_CYCLES=0 -DSUB_MMA_UNROLL=3 ... 2.701 ms / 1622 TFLOPS  (244 regs, 2.7s)
[5/24] -DINTERLEAVE_STRATEGY=1 -DMBAR_EARLY=1 -DN_STAGES=5 -DPHASE1_UNROLL=4 -DSTAGGER_CYCLES=0 -DSUB_MMA_UNROLL=3 ... 2.648 ms / 1654 TFLOPS  (244 regs, 2.7s)
[6/24] -DINTERLEAVE_STRATEGY=1 -DMBAR_EARLY=1 -DN_STAGES=5 -DPHASE1_UNROLL=4 -DPRELOAD_MODE=2 -DSTAGGER_CYCLES=0 -DSUB_MMA_UNROLL=3 ... 2.682 ms / 1633 TFLOPS  (249 regs, 2.7s)
[7/24] -DMBAR_EARLY=1 -DN_STAGES=5 -DPHASE1_UNROLL=4 -DPRELOAD_MODE=0 -DSTAGGER_CYCLES=0 -DSUB_MMA_UNROLL=3 ... 2.707 ms / 1618 TFLOPS  (244 regs, 2.7s)
[8/24] -DMBAR_EARLY=1 -DN_STAGES=5 -DPHASE1_UNROLL=4 -DSTAGGER_CYCLES=0 -DSUB_MMA_UNROLL=3 ... 2.523 ms / 1736 TFLOPS  (244 regs, 2.7s)
[9/24] -DMBAR_EARLY=1 -DN_STAGES=5 -DPHASE1_UNROLL=4 -DPRELOAD_MODE=2 -DSTAGGER_CYCLES=0 -DSUB_MMA_UNROLL=3 ... 2.523 ms / 1736 TFLOPS  (246 regs, 2.7s)
[10/24] -DINTERLEAVE_STRATEGY=3 -DMBAR_EARLY=1 -DN_STAGES=5 -DPHASE1_UNROLL=4 -DPRELOAD_MODE=0 -DSTAGGER_CYCLES=0 -DSUB_MMA_UNROLL=3 ... 2.649 ms / 1653 TFLOPS  (244 regs, 2.7s)
[11/24] -DINTERLEAVE_STRATEGY=3 -DMBAR_EARLY=1 -DN_STAGES=5 -DPHASE1_UNROLL=4 -DSTAGGER_CYCLES=0 -DSUB_MMA_UNROLL=3 ... 2.692 ms / 1627 TFLOPS  (244 regs, 2.7s)
[12/24] -DINTERLEAVE_STRATEGY=3 -DMBAR_EARLY=1 -DN_STAGES=5 -DPHASE1_UNROLL=4 -DPRELOAD_MODE=2 -DSTAGGER_CYCLES=0 -DSUB_MMA_UNROLL=3 ... 2.590 ms / 1691 TFLOPS  (249 regs, 2.7s)
[13/24] -DBATCH_EPILOGUE=1 -DINTERLEAVE_STRATEGY=0 -DMBAR_EARLY=1 -DN_STAGES=5 -DPHASE1_UNROLL=4 -DPRELOAD_MODE=0 -DSTAGGER_CYCLES=0 -DSUB_MMA_UNROLL=3 ... 2.952 ms / 1484 TFLOPS  (247 regs, 2.7s)
[14/24] -DBATCH_EPILOGUE=1 -DINTERLEAVE_STRATEGY=0 -DMBAR_EARLY=1 -DN_STAGES=5 -DPHASE1_UNROLL=4 -DSTAGGER_CYCLES=0 -DSUB_MMA_UNROLL=3 ... 2.853 ms / 1535 TFLOPS  (247 regs, 2.7s)
[15/24] -DBATCH_EPILOGUE=1 -DINTERLEAVE_STRATEGY=0 -DMBAR_EARLY=1 -DN_STAGES=5 -DPHASE1_UNROLL=4 -DPRELOAD_MODE=2 -DSTAGGER_CYCLES=0 -DSUB_MMA_UNROLL=3 ... 2.603 ms / 1683 TFLOPS  (247 regs, 2.7s)
[16/24] -DBATCH_EPILOGUE=1 -DINTERLEAVE_STRATEGY=1 -DMBAR_EARLY=1 -DN_STAGES=5 -DPHASE1_UNROLL=4 -DPRELOAD_MODE=0 -DSTAGGER_CYCLES=0 -DSUB_MMA_UNROLL=3 ... 2.700 ms / 1622 TFLOPS  (247 regs, 2.7s)
[17/24] -DBATCH_EPILOGUE=1 -DINTERLEAVE_STRATEGY=1 -DMBAR_EARLY=1 -DN_STAGES=5 -DPHASE1_UNROLL=4 -DSTAGGER_CYCLES=0 -DSUB_MMA_UNROLL=3 ... 2.718 ms / 1612 TFLOPS  (247 regs, 2.7s)
[18/24] -DBATCH_EPILOGUE=1 -DINTERLEAVE_STRATEGY=1 -DMBAR_EARLY=1 -DN_STAGES=5 -DPHASE1_UNROLL=4 -DPRELOAD_MODE=2 -DSTAGGER_CYCLES=0 -DSUB_MMA_UNROLL=3 ... 2.606 ms / 1681 TFLOPS  (247 regs, 2.7s)
[19/24] -DBATCH_EPILOGUE=1 -DMBAR_EARLY=1 -DN_STAGES=5 -DPHASE1_UNROLL=4 -DPRELOAD_MODE=0 -DSTAGGER_CYCLES=0 -DSUB_MMA_UNROLL=3 ... 2.743 ms / 1597 TFLOPS  (247 regs, 2.7s)
[20/24] -DBATCH_EPILOGUE=1 -DMBAR_EARLY=1 -DN_STAGES=5 -DPHASE1_UNROLL=4 -DSTAGGER_CYCLES=0 -DSUB_MMA_UNROLL=3 ... 2.926 ms / 1497 TFLOPS  (247 regs, 2.7s)
[21/24] -DBATCH_EPILOGUE=1 -DMBAR_EARLY=1 -DN_STAGES=5 -DPHASE1_UNROLL=4 -DPRELOAD_MODE=2 -DSTAGGER_CYCLES=0 -DSUB_MMA_UNROLL=3 ... 2.660 ms / 1646 TFLOPS  (247 regs, 2.7s)
[22/24] -DBATCH_EPILOGUE=1 -DINTERLEAVE_STRATEGY=3 -DMBAR_EARLY=1 -DN_STAGES=5 -DPHASE1_UNROLL=4 -DPRELOAD_MODE=0 -DSTAGGER_CYCLES=0 -DSUB_MMA_UNROLL=3 ... 2.801 ms / 1564 TFLOPS  (244 regs, 2.7s)
[23/24] -DBATCH_EPILOGUE=1 -DINTERLEAVE_STRATEGY=3 -DMBAR_EARLY=1 -DN_STAGES=5 -DPHASE1_UNROLL=4 -DSTAGGER_CYCLES=0 -DSUB_MMA_UNROLL=3 ... 2.708 ms / 1617 TFLOPS  (244 regs, 2.7s)
[24/24] -DBATCH_EPILOGUE=1 -DINTERLEAVE_STRATEGY=3 -DMBAR_EARLY=1 -DN_STAGES=5 -DPHASE1_UNROLL=4 -DPRELOAD_MODE=2 -DSTAGGER_CYCLES=0 -DSUB_MMA_UNROLL=3 ... 2.625 ms / 1669 TFLOPS  (248 regs, 2.7s)
  Branch 2/3: -DEPI_SYNC=1 -DINTERLEAVE_STRATEGY=3 -DMBAR_EARLY=1 -DN_STAGES=5 -DPHASE1_UNROLL=4 -DPRELOAD_MODE=2 -DSTAGGER_CYCLES=0 -DSUB_MMA_UNROLL=3
Sweep: 24 total, 24 valid, 0 pruned
Estimated time: ~2 min (24 configs × ~5s each)

[1/24] -DEPI_SYNC=1 -DINTERLEAVE_STRATEGY=0 -DMBAR_EARLY=1 -DN_STAGES=5 -DPHASE1_UNROLL=4 -DPRELOAD_MODE=0 -DSTAGGER_CYCLES=0 -DSUB_MMA_UNROLL=3 ... 2.844 ms / 1540 TFLOPS  (244 regs, 2.7s)
[2/24] -DEPI_SYNC=1 -DINTERLEAVE_STRATEGY=0 -DMBAR_EARLY=1 -DN_STAGES=5 -DPHASE1_UNROLL=4 -DSTAGGER_CYCLES=0 -DSUB_MMA_UNROLL=3 ... 2.688 ms / 1629 TFLOPS  (244 regs, 2.7s)
[3/24] -DEPI_SYNC=1 -DINTERLEAVE_STRATEGY=0 -DMBAR_EARLY=1 -DN_STAGES=5 -DPHASE1_UNROLL=4 -DPRELOAD_MODE=2 -DSTAGGER_CYCLES=0 -DSUB_MMA_UNROLL=3 ... 2.811 ms / 1558 TFLOPS  (246 regs, 2.7s)
[4/24] -DEPI_SYNC=1 -DINTERLEAVE_STRATEGY=1 -DMBAR_EARLY=1 -DN_STAGES=5 -DPHASE1_UNROLL=4 -DPRELOAD_MODE=0 -DSTAGGER_CYCLES=0 -DSUB_MMA_UNROLL=3 ... 2.732 ms / 1603 TFLOPS  (244 regs, 2.7s)
[5/24] -DEPI_SYNC=1 -DINTERLEAVE_STRATEGY=1 -DMBAR_EARLY=1 -DN_STAGES=5 -DPHASE1_UNROLL=4 -DSTAGGER_CYCLES=0 -DSUB_MMA_UNROLL=3 ... 2.723 ms / 1608 TFLOPS  (244 regs, 2.7s)
[6/24] -DEPI_SYNC=1 -DINTERLEAVE_STRATEGY=1 -DMBAR_EARLY=1 -DN_STAGES=5 -DPHASE1_UNROLL=4 -DPRELOAD_MODE=2 -DSTAGGER_CYCLES=0 -DSUB_MMA_UNROLL=3 ... 2.733 ms / 1603 TFLOPS  (249 regs, 2.7s)
[7/24] -DEPI_SYNC=1 -DMBAR_EARLY=1 -DN_STAGES=5 -DPHASE1_UNROLL=4 -DPRELOAD_MODE=0 -DSTAGGER_CYCLES=0 -DSUB_MMA_UNROLL=3 ... 2.706 ms / 1619 TFLOPS  (244 regs, 2.7s)
[8/24] -DEPI_SYNC=1 -DMBAR_EARLY=1 -DN_STAGES=5 -DPHASE1_UNROLL=4 -DSTAGGER_CYCLES=0 -DSUB_MMA_UNROLL=3 ... 2.606 ms / 1681 TFLOPS  (244 regs, 2.7s)
[9/24] -DEPI_SYNC=1 -DMBAR_EARLY=1 -DN_STAGES=5 -DPHASE1_UNROLL=4 -DPRELOAD_MODE=2 -DSTAGGER_CYCLES=0 -DSUB_MMA_UNROLL=3 ... 2.551 ms / 1717 TFLOPS  (246 regs, 2.7s)
[10/24] -DEPI_SYNC=1 -DINTERLEAVE_STRATEGY=3 -DMBAR_EARLY=1 -DN_STAGES=5 -DPHASE1_UNROLL=4 -DPRELOAD_MODE=0 -DSTAGGER_CYCLES=0 -DSUB_MMA_UNROLL=3 ... 2.728 ms / 1605 TFLOPS  (244 regs, 2.7s)
[11/24] -DEPI_SYNC=1 -DINTERLEAVE_STRATEGY=3 -DMBAR_EARLY=1 -DN_STAGES=5 -DPHASE1_UNROLL=4 -DSTAGGER_CYCLES=0 -DSUB_MMA_UNROLL=3 ... 2.748 ms / 1594 TFLOPS  (244 regs, 2.7s)
[12/24] -DEPI_SYNC=1 -DINTERLEAVE_STRATEGY=3 -DMBAR_EARLY=1 -DN_STAGES=5 -DPHASE1_UNROLL=4 -DPRELOAD_MODE=2 -DSTAGGER_CYCLES=0 -DSUB_MMA_UNROLL=3 ... 2.617 ms / 1674 TFLOPS  (249 regs, 2.7s)
[13/24] -DBATCH_EPILOGUE=1 -DEPI_SYNC=1 -DINTERLEAVE_STRATEGY=0 -DMBAR_EARLY=1 -DN_STAGES=5 -DPHASE1_UNROLL=4 -DPRELOAD_MODE=0 -DSTAGGER_CYCLES=0 -DSUB_MMA_UNROLL=3 ... 2.968 ms / 1476 TFLOPS  (247 regs, 2.7s)
[14/24] -DBATCH_EPILOGUE=1 -DEPI_SYNC=1 -DINTERLEAVE_STRATEGY=0 -DMBAR_EARLY=1 -DN_STAGES=5 -DPHASE1_UNROLL=4 -DSTAGGER_CYCLES=0 -DSUB_MMA_UNROLL=3 ... 2.886 ms / 1517 TFLOPS  (247 regs, 2.7s)
[15/24] -DBATCH_EPILOGUE=1 -DEPI_SYNC=1 -DINTERLEAVE_STRATEGY=0 -DMBAR_EARLY=1 -DN_STAGES=5 -DPHASE1_UNROLL=4 -DPRELOAD_MODE=2 -DSTAGGER_CYCLES=0 -DSUB_MMA_UNROLL=3 ... 2.847 ms / 1539 TFLOPS  (247 regs, 2.7s)
[16/24] -DBATCH_EPILOGUE=1 -DEPI_SYNC=1 -DINTERLEAVE_STRATEGY=1 -DMBAR_EARLY=1 -DN_STAGES=5 -DPHASE1_UNROLL=4 -DPRELOAD_MODE=0 -DSTAGGER_CYCLES=0 -DSUB_MMA_UNROLL=3 ... 2.758 ms / 1588 TFLOPS  (247 regs, 2.7s)
[17/24] -DBATCH_EPILOGUE=1 -DEPI_SYNC=1 -DINTERLEAVE_STRATEGY=1 -DMBAR_EARLY=1 -DN_STAGES=5 -DPHASE1_UNROLL=4 -DSTAGGER_CYCLES=0 -DSUB_MMA_UNROLL=3 ... 2.739 ms / 1599 TFLOPS  (247 regs, 2.7s)
[18/24] -DBATCH_EPILOGUE=1 -DEPI_SYNC=1 -DINTERLEAVE_STRATEGY=1 -DMBAR_EARLY=1 -DN_STAGES=5 -DPHASE1_UNROLL=4 -DPRELOAD_MODE=2 -DSTAGGER_CYCLES=0 -DSUB_MMA_UNROLL=3 ... 2.682 ms / 1633 TFLOPS  (247 regs, 2.7s)
[19/24] -DBATCH_EPILOGUE=1 -DEPI_SYNC=1 -DMBAR_EARLY=1 -DN_STAGES=5 -DPHASE1_UNROLL=4 -DPRELOAD_MODE=0 -DSTAGGER_CYCLES=0 -DSUB_MMA_UNROLL=3 ... 2.761 ms / 1586 TFLOPS  (247 regs, 2.7s)
[20/24] -DBATCH_EPILOGUE=1 -DEPI_SYNC=1 -DMBAR_EARLY=1 -DN_STAGES=5 -DPHASE1_UNROLL=4 -DSTAGGER_CYCLES=0 -DSUB_MMA_UNROLL=3 ... 2.821 ms / 1553 TFLOPS  (247 regs, 2.7s)
[21/24] -DBATCH_EPILOGUE=1 -DEPI_SYNC=1 -DMBAR_EARLY=1 -DN_STAGES=5 -DPHASE1_UNROLL=4 -DPRELOAD_MODE=2 -DSTAGGER_CYCLES=0 -DSUB_MMA_UNROLL=3 ... 2.628 ms / 1666 TFLOPS  (247 regs, 2.7s)
[22/24] -DBATCH_EPILOGUE=1 -DEPI_SYNC=1 -DINTERLEAVE_STRATEGY=3 -DMBAR_EARLY=1 -DN_STAGES=5 -DPHASE1_UNROLL=4 -DPRELOAD_MODE=0 -DSTAGGER_CYCLES=0 -DSUB_MMA_UNROLL=3 ... 2.802 ms / 1563 TFLOPS  (244 regs, 2.7s)
[23/24] -DBATCH_EPILOGUE=1 -DEPI_SYNC=1 -DINTERLEAVE_STRATEGY=3 -DMBAR_EARLY=1 -DN_STAGES=5 -DPHASE1_UNROLL=4 -DSTAGGER_CYCLES=0 -DSUB_MMA_UNROLL=3 ... 2.761 ms / 1586 TFLOPS  (244 regs, 2.7s)
[24/24] -DBATCH_EPILOGUE=1 -DEPI_SYNC=1 -DINTERLEAVE_STRATEGY=3 -DMBAR_EARLY=1 -DN_STAGES=5 -DPHASE1_UNROLL=4 -DPRELOAD_MODE=2 -DSTAGGER_CYCLES=0 -DSUB_MMA_UNROLL=3 ... 2.657 ms / 1649 TFLOPS  (248 regs, 2.7s)
  Branch 3/3: -DBATCH_EPILOGUE=1 -DINTERLEAVE_STRATEGY=3 -DMBAR_EARLY=1 -DN_STAGES=5 -DPHASE1_UNROLL=4 -DPRELOAD_MODE=2 -DSTAGGER_CYCLES=0 -DSTS_WIDTH=32 -DSUB_MMA_UNROLL=3
Sweep: 24 total, 12 valid, 12 pruned
Estimated time: ~1 min (12 configs × ~5s each)

[1/12] -DBATCH_EPILOGUE=1 -DINTERLEAVE_STRATEGY=0 -DMBAR_EARLY=1 -DN_STAGES=5 -DPHASE1_UNROLL=4 -DPRELOAD_MODE=0 -DSTAGGER_CYCLES=0 -DSTS_WIDTH=32 -DSUB_MMA_UNROLL=3 ... 2.940 ms / 1490 TFLOPS  (247 regs, 2.7s)
[2/12] -DBATCH_EPILOGUE=1 -DINTERLEAVE_STRATEGY=0 -DMBAR_EARLY=1 -DN_STAGES=5 -DPHASE1_UNROLL=4 -DSTAGGER_CYCLES=0 -DSTS_WIDTH=32 -DSUB_MMA_UNROLL=3 ... 2.698 ms / 1624 TFLOPS  (247 regs, 2.7s)
[3/12] -DBATCH_EPILOGUE=1 -DINTERLEAVE_STRATEGY=0 -DMBAR_EARLY=1 -DN_STAGES=5 -DPHASE1_UNROLL=4 -DPRELOAD_MODE=2 -DSTAGGER_CYCLES=0 -DSTS_WIDTH=32 -DSUB_MMA_UNROLL=3 ... 2.620 ms / 1672 TFLOPS  (247 regs, 2.7s)
[4/12] -DBATCH_EPILOGUE=1 -DINTERLEAVE_STRATEGY=1 -DMBAR_EARLY=1 -DN_STAGES=5 -DPHASE1_UNROLL=4 -DPRELOAD_MODE=0 -DSTAGGER_CYCLES=0 -DSTS_WIDTH=32 -DSUB_MMA_UNROLL=3 ... 2.732 ms / 1603 TFLOPS  (247 regs, 2.7s)
[5/12] -DBATCH_EPILOGUE=1 -DINTERLEAVE_STRATEGY=1 -DMBAR_EARLY=1 -DN_STAGES=5 -DPHASE1_UNROLL=4 -DSTAGGER_CYCLES=0 -DSTS_WIDTH=32 -DSUB_MMA_UNROLL=3 ... 2.695 ms / 1625 TFLOPS  (247 regs, 2.7s)
[6/12] -DBATCH_EPILOGUE=1 -DINTERLEAVE_STRATEGY=1 -DMBAR_EARLY=1 -DN_STAGES=5 -DPHASE1_UNROLL=4 -DPRELOAD_MODE=2 -DSTAGGER_CYCLES=0 -DSTS_WIDTH=32 -DSUB_MMA_UNROLL=3 ... 2.638 ms / 1660 TFLOPS  (247 regs, 2.7s)
[7/12] -DBATCH_EPILOGUE=1 -DMBAR_EARLY=1 -DN_STAGES=5 -DPHASE1_UNROLL=4 -DPRELOAD_MODE=0 -DSTAGGER_CYCLES=0 -DSTS_WIDTH=32 -DSUB_MMA_UNROLL=3 ... 2.743 ms / 1597 TFLOPS  (247 regs, 2.7s)
[8/12] -DBATCH_EPILOGUE=1 -DMBAR_EARLY=1 -DN_STAGES=5 -DPHASE1_UNROLL=4 -DSTAGGER_CYCLES=0 -DSTS_WIDTH=32 -DSUB_MMA_UNROLL=3 ... 2.891 ms / 1515 TFLOPS  (247 regs, 2.7s)
[9/12] -DBATCH_EPILOGUE=1 -DMBAR_EARLY=1 -DN_STAGES=5 -DPHASE1_UNROLL=4 -DPRELOAD_MODE=2 -DSTAGGER_CYCLES=0 -DSTS_WIDTH=32 -DSUB_MMA_UNROLL=3 ... 2.628 ms / 1667 TFLOPS  (247 regs, 2.7s)
[10/12] -DBATCH_EPILOGUE=1 -DINTERLEAVE_STRATEGY=3 -DMBAR_EARLY=1 -DN_STAGES=5 -DPHASE1_UNROLL=4 -DPRELOAD_MODE=0 -DSTAGGER_CYCLES=0 -DSTS_WIDTH=32 -DSUB_MMA_UNROLL=3 ... 2.737 ms / 1600 TFLOPS  (244 regs, 2.7s)
[11/12] -DBATCH_EPILOGUE=1 -DINTERLEAVE_STRATEGY=3 -DMBAR_EARLY=1 -DN_STAGES=5 -DPHASE1_UNROLL=4 -DSTAGGER_CYCLES=0 -DSTS_WIDTH=32 -DSUB_MMA_UNROLL=3 ... 2.750 ms / 1593 TFLOPS  (244 regs, 2.7s)
[12/12] -DBATCH_EPILOGUE=1 -DINTERLEAVE_STRATEGY=3 -DMBAR_EARLY=1 -DN_STAGES=5 -DPHASE1_UNROLL=4 -DPRELOAD_MODE=2 -DSTAGGER_CYCLES=0 -DSTS_WIDTH=32 -DSUB_MMA_UNROLL=3 ... 2.633 ms / 1664 TFLOPS  (248 regs, 2.7s)
  η²: BATCH_EPILOGUE=0.105, INTERLEAVE_STRATEGY=0.077, PRELOAD_MODE=0.219
  Best: -DINTERLEAVE_STRATEGY=0 -DMBAR_EARLY=1 -DN_STAGES=5 -DPHASE1_UNROLL=4 -DSTAGGER_CYCLES=0 -DSUB_MMA_UNROLL=3 → 2.314 ms / 1893 TFLOPS
  ** New overall best from interaction 'epilogue' **

=== Interaction: gelu (BATCH_EPILOGUE, GELU_VARIANT) ===
  Branch 1/3: -DINTERLEAVE_STRATEGY=0 -DMBAR_EARLY=1 -DN_STAGES=5 -DPHASE1_UNROLL=4 -DSTAGGER_CYCLES=0 -DSUB_MMA_UNROLL=3
Sweep: 6 total, 4 valid, 2 pruned
Estimated time: ~0 min (4 configs × ~5s each)

[1/4] -DINTERLEAVE_STRATEGY=0 -DMBAR_EARLY=1 -DN_STAGES=5 -DPHASE1_UNROLL=4 -DSTAGGER_CYCLES=0 -DSUB_MMA_UNROLL=3 ... 2.359 ms / 1857 TFLOPS  (244 regs, 2.7s)
[2/4] -DGELU_VARIANT=4 -DINTERLEAVE_STRATEGY=0 -DMBAR_EARLY=1 -DN_STAGES=5 -DPHASE1_UNROLL=4 -DSTAGGER_CYCLES=0 -DSUB_MMA_UNROLL=3 ... 2.341 ms / 1871 TFLOPS  (244 regs, 2.7s)
[3/4] -DGELU_VARIANT=5 -DINTERLEAVE_STRATEGY=0 -DMBAR_EARLY=1 -DN_STAGES=5 -DPHASE1_UNROLL=4 -DSTAGGER_CYCLES=0 -DSUB_MMA_UNROLL=3 ... 2.307 ms / 1899 TFLOPS  (244 regs, 2.7s)
[4/4] -DBATCH_EPILOGUE=1 -DINTERLEAVE_STRATEGY=0 -DMBAR_EARLY=1 -DN_STAGES=5 -DPHASE1_UNROLL=4 -DSTAGGER_CYCLES=0 -DSUB_MMA_UNROLL=3 ... 2.799 ms / 1565 TFLOPS  (247 regs, 2.7s)
  Branch 2/3: -DEPI_SYNC=1 -DINTERLEAVE_STRATEGY=3 -DMBAR_EARLY=1 -DN_STAGES=5 -DPHASE1_UNROLL=4 -DPRELOAD_MODE=2 -DSTAGGER_CYCLES=0 -DSUB_MMA_UNROLL=3
Sweep: 6 total, 4 valid, 2 pruned
Estimated time: ~0 min (4 configs × ~5s each)

[1/4] -DEPI_SYNC=1 -DINTERLEAVE_STRATEGY=3 -DMBAR_EARLY=1 -DN_STAGES=5 -DPHASE1_UNROLL=4 -DPRELOAD_MODE=2 -DSTAGGER_CYCLES=0 -DSUB_MMA_UNROLL=3 ... 2.603 ms / 1683 TFLOPS  (249 regs, 2.7s)
[2/4] -DEPI_SYNC=1 -DGELU_VARIANT=4 -DINTERLEAVE_STRATEGY=3 -DMBAR_EARLY=1 -DN_STAGES=5 -DPHASE1_UNROLL=4 -DPRELOAD_MODE=2 -DSTAGGER_CYCLES=0 -DSUB_MMA_UNROLL=3 ... 2.615 ms / 1675 TFLOPS  (249 regs, 2.7s)
[3/4] -DEPI_SYNC=1 -DGELU_VARIANT=5 -DINTERLEAVE_STRATEGY=3 -DMBAR_EARLY=1 -DN_STAGES=5 -DPHASE1_UNROLL=4 -DPRELOAD_MODE=2 -DSTAGGER_CYCLES=0 -DSUB_MMA_UNROLL=3 ... 2.593 ms / 1689 TFLOPS  (249 regs, 2.7s)
[4/4] -DBATCH_EPILOGUE=1 -DEPI_SYNC=1 -DINTERLEAVE_STRATEGY=3 -DMBAR_EARLY=1 -DN_STAGES=5 -DPHASE1_UNROLL=4 -DPRELOAD_MODE=2 -DSTAGGER_CYCLES=0 -DSUB_MMA_UNROLL=3 ... 2.673 ms / 1639 TFLOPS  (248 regs, 2.7s)
  Branch 3/3: -DBATCH_EPILOGUE=1 -DINTERLEAVE_STRATEGY=3 -DMBAR_EARLY=1 -DN_STAGES=5 -DPHASE1_UNROLL=4 -DPRELOAD_MODE=2 -DSTAGGER_CYCLES=0 -DSTS_WIDTH=32 -DSUB_MMA_UNROLL=3
Sweep: 6 total, 1 valid, 5 pruned
Estimated time: ~0 min (1 configs × ~5s each)

[1/1] -DBATCH_EPILOGUE=1 -DINTERLEAVE_STRATEGY=3 -DMBAR_EARLY=1 -DN_STAGES=5 -DPHASE1_UNROLL=4 -DPRELOAD_MODE=2 -DSTAGGER_CYCLES=0 -DSTS_WIDTH=32 -DSUB_MMA_UNROLL=3 ... 2.608 ms / 1679 TFLOPS  (248 regs, 2.7s)
  η²: BATCH_EPILOGUE=0.438, GELU_VARIANT=0.206
  Best: -DGELU_VARIANT=5 -DINTERLEAVE_STRATEGY=0 -DMBAR_EARLY=1 -DN_STAGES=5 -DPHASE1_UNROLL=4 -DSTAGGER_CYCLES=0 -DSUB_MMA_UNROLL=3 → 2.307 ms / 1899 TFLOPS
  ** New overall best from interaction 'gelu' **

=== Interaction: reg_pressure — skipped (noise params: TMEM_LOAD_WIDTH) ===

=== Interaction: unroll_batch (PHASE1_UNROLL, BATCH_EPILOGUE) ===
  Branch 1/3: -DGELU_VARIANT=5 -DINTERLEAVE_STRATEGY=0 -DMBAR_EARLY=1 -DN_STAGES=5 -DPHASE1_UNROLL=4 -DSTAGGER_CYCLES=0 -DSUB_MMA_UNROLL=3
Sweep: 6 total, 3 valid, 3 pruned
Estimated time: ~0 min (3 configs × ~5s each)

[1/3] -DGELU_VARIANT=5 -DINTERLEAVE_STRATEGY=0 -DMBAR_EARLY=1 -DN_STAGES=5 -DPHASE1_UNROLL=1 -DSTAGGER_CYCLES=0 -DSUB_MMA_UNROLL=3 ... 3.450 ms / 1270 TFLOPS  (236 regs, 2.6s)
[2/3] -DGELU_VARIANT=5 -DINTERLEAVE_STRATEGY=0 -DMBAR_EARLY=1 -DN_STAGES=5 -DSTAGGER_CYCLES=0 -DSUB_MMA_UNROLL=3 ... 3.268 ms / 1340 TFLOPS  (240 regs, 2.7s)
[3/3] -DGELU_VARIANT=5 -DINTERLEAVE_STRATEGY=0 -DMBAR_EARLY=1 -DN_STAGES=5 -DPHASE1_UNROLL=4 -DSTAGGER_CYCLES=0 -DSUB_MMA_UNROLL=3 ... 2.311 ms / 1895 TFLOPS  (244 regs, 2.7s)
  Branch 2/3: -DEPI_SYNC=1 -DINTERLEAVE_STRATEGY=3 -DMBAR_EARLY=1 -DN_STAGES=5 -DPHASE1_UNROLL=4 -DPRELOAD_MODE=2 -DSTAGGER_CYCLES=0 -DSUB_MMA_UNROLL=3
Sweep: 6 total, 6 valid, 0 pruned
Estimated time: ~0 min (6 configs × ~5s each)

[1/6] -DEPI_SYNC=1 -DINTERLEAVE_STRATEGY=3 -DMBAR_EARLY=1 -DN_STAGES=5 -DPHASE1_UNROLL=1 -DPRELOAD_MODE=2 -DSTAGGER_CYCLES=0 -DSUB_MMA_UNROLL=3 ... 3.518 ms / 1245 TFLOPS  (238 regs, 2.7s)
[2/6] -DEPI_SYNC=1 -DINTERLEAVE_STRATEGY=3 -DMBAR_EARLY=1 -DN_STAGES=5 -DPRELOAD_MODE=2 -DSTAGGER_CYCLES=0 -DSUB_MMA_UNROLL=3 ... 2.675 ms / 1637 TFLOPS  (247 regs, 2.7s)
[3/6] -DEPI_SYNC=1 -DINTERLEAVE_STRATEGY=3 -DMBAR_EARLY=1 -DN_STAGES=5 -DPHASE1_UNROLL=4 -DPRELOAD_MODE=2 -DSTAGGER_CYCLES=0 -DSUB_MMA_UNROLL=3 ... 2.600 ms / 1685 TFLOPS  (249 regs, 2.7s)
[4/6] -DBATCH_EPILOGUE=1 -DEPI_SYNC=1 -DINTERLEAVE_STRATEGY=3 -DMBAR_EARLY=1 -DN_STAGES=5 -DPHASE1_UNROLL=1 -DPRELOAD_MODE=2 -DSTAGGER_CYCLES=0 -DSUB_MMA_UNROLL=3 ... 3.496 ms / 1253 TFLOPS  (211 regs, 2.7s)
[5/6] -DBATCH_EPILOGUE=1 -DEPI_SYNC=1 -DINTERLEAVE_STRATEGY=3 -DMBAR_EARLY=1 -DN_STAGES=5 -DPRELOAD_MODE=2 -DSTAGGER_CYCLES=0 -DSUB_MMA_UNROLL=3 ... 2.640 ms / 1659 TFLOPS  (247 regs, 2.7s)
[6/6] -DBATCH_EPILOGUE=1 -DEPI_SYNC=1 -DINTERLEAVE_STRATEGY=3 -DMBAR_EARLY=1 -DN_STAGES=5 -DPHASE1_UNROLL=4 -DPRELOAD_MODE=2 -DSTAGGER_CYCLES=0 -DSUB_MMA_UNROLL=3 ... 2.651 ms / 1652 TFLOPS  (248 regs, 2.7s)
  Branch 3/3: -DBATCH_EPILOGUE=1 -DINTERLEAVE_STRATEGY=3 -DMBAR_EARLY=1 -DN_STAGES=5 -DPHASE1_UNROLL=4 -DPRELOAD_MODE=2 -DSTAGGER_CYCLES=0 -DSTS_WIDTH=32 -DSUB_MMA_UNROLL=3
Sweep: 6 total, 3 valid, 3 pruned
Estimated time: ~0 min (3 configs × ~5s each)

[1/3] -DBATCH_EPILOGUE=1 -DINTERLEAVE_STRATEGY=3 -DMBAR_EARLY=1 -DN_STAGES=5 -DPHASE1_UNROLL=1 -DPRELOAD_MODE=2 -DSTAGGER_CYCLES=0 -DSTS_WIDTH=32 -DSUB_MMA_UNROLL=3 ... 3.515 ms / 1246 TFLOPS  (211 regs, 2.7s)
[2/3] -DBATCH_EPILOGUE=1 -DINTERLEAVE_STRATEGY=3 -DMBAR_EARLY=1 -DN_STAGES=5 -DPRELOAD_MODE=2 -DSTAGGER_CYCLES=0 -DSTS_WIDTH=32 -DSUB_MMA_UNROLL=3 ... 2.640 ms / 1659 TFLOPS  (247 regs, 2.7s)
[3/3] -DBATCH_EPILOGUE=1 -DINTERLEAVE_STRATEGY=3 -DMBAR_EARLY=1 -DN_STAGES=5 -DPHASE1_UNROLL=4 -DPRELOAD_MODE=2 -DSTAGGER_CYCLES=0 -DSTS_WIDTH=32 -DSUB_MMA_UNROLL=3 ... 2.610 ms / 1678 TFLOPS  (248 regs, 2.7s)
  η²: PHASE1_UNROLL=0.842, BATCH_EPILOGUE=0.003
  Best: -DGELU_VARIANT=5 -DINTERLEAVE_STRATEGY=0 -DMBAR_EARLY=1 -DN_STAGES=5 -DPHASE1_UNROLL=4 -DSTAGGER_CYCLES=0 -DSUB_MMA_UNROLL=3 → 2.311 ms / 1895 TFLOPS

=== Interaction: gelu_interleave (GELU_VARIANT, INTERLEAVE_STRATEGY) ===
  Branch 1/3: -DGELU_VARIANT=5 -DINTERLEAVE_STRATEGY=0 -DMBAR_EARLY=1 -DN_STAGES=5 -DPHASE1_UNROLL=4 -DSTAGGER_CYCLES=0 -DSUB_MMA_UNROLL=3
Sweep: 12 total, 12 valid, 0 pruned
Estimated time: ~1 min (12 configs × ~5s each)

[1/12] -DINTERLEAVE_STRATEGY=0 -DMBAR_EARLY=1 -DN_STAGES=5 -DPHASE1_UNROLL=4 -DSTAGGER_CYCLES=0 -DSUB_MMA_UNROLL=3 ... 2.284 ms / 1917 TFLOPS  (244 regs, 2.7s)
[2/12] -DINTERLEAVE_STRATEGY=1 -DMBAR_EARLY=1 -DN_STAGES=5 -DPHASE1_UNROLL=4 -DSTAGGER_CYCLES=0 -DSUB_MMA_UNROLL=3 ... 2.661 ms / 1646 TFLOPS  (244 regs, 2.7s)
[3/12] -DMBAR_EARLY=1 -DN_STAGES=5 -DPHASE1_UNROLL=4 -DSTAGGER_CYCLES=0 -DSUB_MMA_UNROLL=3 ... 2.533 ms / 1729 TFLOPS  (244 regs, 2.7s)
[4/12] -DINTERLEAVE_STRATEGY=3 -DMBAR_EARLY=1 -DN_STAGES=5 -DPHASE1_UNROLL=4 -DSTAGGER_CYCLES=0 -DSUB_MMA_UNROLL=3 ... 2.688 ms / 1630 TFLOPS  (244 regs, 2.7s)
[5/12] -DGELU_VARIANT=4 -DINTERLEAVE_STRATEGY=0 -DMBAR_EARLY=1 -DN_STAGES=5 -DPHASE1_UNROLL=4 -DSTAGGER_CYCLES=0 -DSUB_MMA_UNROLL=3 ... 2.281 ms / 1920 TFLOPS  (244 regs, 2.8s)
[6/12] -DGELU_VARIANT=4 -DINTERLEAVE_STRATEGY=1 -DMBAR_EARLY=1 -DN_STAGES=5 -DPHASE1_UNROLL=4 -DSTAGGER_CYCLES=0 -DSUB_MMA_UNROLL=3 ... 2.674 ms / 1638 TFLOPS  (244 regs, 2.7s)
[7/12] -DGELU_VARIANT=4 -DMBAR_EARLY=1 -DN_STAGES=5 -DPHASE1_UNROLL=4 -DSTAGGER_CYCLES=0 -DSUB_MMA_UNROLL=3 ... 2.562 ms / 1710 TFLOPS  (244 regs, 2.7s)
[8/12] -DGELU_VARIANT=4 -DINTERLEAVE_STRATEGY=3 -DMBAR_EARLY=1 -DN_STAGES=5 -DPHASE1_UNROLL=4 -DSTAGGER_CYCLES=0 -DSUB_MMA_UNROLL=3 ... 2.693 ms / 1626 TFLOPS  (244 regs, 2.7s)
[9/12] -DGELU_VARIANT=5 -DINTERLEAVE_STRATEGY=0 -DMBAR_EARLY=1 -DN_STAGES=5 -DPHASE1_UNROLL=4 -DSTAGGER_CYCLES=0 -DSUB_MMA_UNROLL=3 ... 2.332 ms / 1879 TFLOPS  (244 regs, 2.7s)
[10/12] -DGELU_VARIANT=5 -DINTERLEAVE_STRATEGY=1 -DMBAR_EARLY=1 -DN_STAGES=5 -DPHASE1_UNROLL=4 -DSTAGGER_CYCLES=0 -DSUB_MMA_UNROLL=3 ... 2.662 ms / 1645 TFLOPS  (244 regs, 2.7s)
[11/12] -DGELU_VARIANT=5 -DMBAR_EARLY=1 -DN_STAGES=5 -DPHASE1_UNROLL=4 -DSTAGGER_CYCLES=0 -DSUB_MMA_UNROLL=3 ... 2.517 ms / 1740 TFLOPS  (244 regs, 2.7s)
[12/12] -DGELU_VARIANT=5 -DINTERLEAVE_STRATEGY=3 -DMBAR_EARLY=1 -DN_STAGES=5 -DPHASE1_UNROLL=4 -DSTAGGER_CYCLES=0 -DSUB_MMA_UNROLL=3 ... 2.622 ms / 1670 TFLOPS  (244 regs, 2.7s)
  Branch 2/3: -DEPI_SYNC=1 -DINTERLEAVE_STRATEGY=3 -DMBAR_EARLY=1 -DN_STAGES=5 -DPHASE1_UNROLL=4 -DPRELOAD_MODE=2 -DSTAGGER_CYCLES=0 -DSUB_MMA_UNROLL=3
Sweep: 12 total, 12 valid, 0 pruned
Estimated time: ~1 min (12 configs × ~5s each)

[1/12] -DEPI_SYNC=1 -DINTERLEAVE_STRATEGY=0 -DMBAR_EARLY=1 -DN_STAGES=5 -DPHASE1_UNROLL=4 -DPRELOAD_MODE=2 -DSTAGGER_CYCLES=0 -DSUB_MMA_UNROLL=3 ... 2.759 ms / 1587 TFLOPS  (246 regs, 2.7s)
[2/12] -DEPI_SYNC=1 -DINTERLEAVE_STRATEGY=1 -DMBAR_EARLY=1 -DN_STAGES=5 -DPHASE1_UNROLL=4 -DPRELOAD_MODE=2 -DSTAGGER_CYCLES=0 -DSUB_MMA_UNROLL=3 ... 2.736 ms / 1601 TFLOPS  (249 regs, 2.7s)
[3/12] -DEPI_SYNC=1 -DMBAR_EARLY=1 -DN_STAGES=5 -DPHASE1_UNROLL=4 -DPRELOAD_MODE=2 -DSTAGGER_CYCLES=0 -DSUB_MMA_UNROLL=3 ... 2.539 ms / 1725 TFLOPS  (246 regs, 2.7s)
[4/12] -DEPI_SYNC=1 -DINTERLEAVE_STRATEGY=3 -DMBAR_EARLY=1 -DN_STAGES=5 -DPHASE1_UNROLL=4 -DPRELOAD_MODE=2 -DSTAGGER_CYCLES=0 -DSUB_MMA_UNROLL=3 ... 2.592 ms / 1690 TFLOPS  (249 regs, 2.7s)
[5/12] -DEPI_SYNC=1 -DGELU_VARIANT=4 -DINTERLEAVE_STRATEGY=0 -DMBAR_EARLY=1 -DN_STAGES=5 -DPHASE1_UNROLL=4 -DPRELOAD_MODE=2 -DSTAGGER_CYCLES=0 -DSUB_MMA_UNROLL=3 ... 2.756 ms / 1589 TFLOPS  (246 regs, 2.7s)
[6/12] -DEPI_SYNC=1 -DGELU_VARIANT=4 -DINTERLEAVE_STRATEGY=1 -DMBAR_EARLY=1 -DN_STAGES=5 -DPHASE1_UNROLL=4 -DPRELOAD_MODE=2 -DSTAGGER_CYCLES=0 -DSUB_MMA_UNROLL=3 ... 2.728 ms / 1605 TFLOPS  (249 regs, 2.8s)
[7/12] -DEPI_SYNC=1 -DGELU_VARIANT=4 -DMBAR_EARLY=1 -DN_STAGES=5 -DPHASE1_UNROLL=4 -DPRELOAD_MODE=2 -DSTAGGER_CYCLES=0 -DSUB_MMA_UNROLL=3 ... 2.560 ms / 1711 TFLOPS  (246 regs, 2.7s)
[8/12] -DEPI_SYNC=1 -DGELU_VARIANT=4 -DINTERLEAVE_STRATEGY=3 -DMBAR_EARLY=1 -DN_STAGES=5 -DPHASE1_UNROLL=4 -DPRELOAD_MODE=2 -DSTAGGER_CYCLES=0 -DSUB_MMA_UNROLL=3 ... 2.614 ms / 1676 TFLOPS  (249 regs, 2.7s)
[9/12] -DEPI_SYNC=1 -DGELU_VARIANT=5 -DINTERLEAVE_STRATEGY=0 -DMBAR_EARLY=1 -DN_STAGES=5 -DPHASE1_UNROLL=4 -DPRELOAD_MODE=2 -DSTAGGER_CYCLES=0 -DSUB_MMA_UNROLL=3 ... 2.771 ms / 1581 TFLOPS  (246 regs, 2.7s)
[10/12] -DEPI_SYNC=1 -DGELU_VARIANT=5 -DINTERLEAVE_STRATEGY=1 -DMBAR_EARLY=1 -DN_STAGES=5 -DPHASE1_UNROLL=4 -DPRELOAD_MODE=2 -DSTAGGER_CYCLES=0 -DSUB_MMA_UNROLL=3 ... 2.743 ms / 1597 TFLOPS  (249 regs, 2.7s)
[11/12] -DEPI_SYNC=1 -DGELU_VARIANT=5 -DMBAR_EARLY=1 -DN_STAGES=5 -DPHASE1_UNROLL=4 -DPRELOAD_MODE=2 -DSTAGGER_CYCLES=0 -DSUB_MMA_UNROLL=3 ... 2.592 ms / 1690 TFLOPS  (246 regs, 2.7s)
[12/12] -DEPI_SYNC=1 -DGELU_VARIANT=5 -DINTERLEAVE_STRATEGY=3 -DMBAR_EARLY=1 -DN_STAGES=5 -DPHASE1_UNROLL=4 -DPRELOAD_MODE=2 -DSTAGGER_CYCLES=0 -DSUB_MMA_UNROLL=3 ... 2.606 ms / 1681 TFLOPS  (249 regs, 2.7s)
  Branch 3/3: -DBATCH_EPILOGUE=1 -DINTERLEAVE_STRATEGY=3 -DMBAR_EARLY=1 -DN_STAGES=5 -DPHASE1_UNROLL=4 -DPRELOAD_MODE=2 -DSTAGGER_CYCLES=0 -DSTS_WIDTH=32 -DSUB_MMA_UNROLL=3
Sweep: 12 total, 4 valid, 8 pruned
Estimated time: ~0 min (4 configs × ~5s each)

[1/4] -DBATCH_EPILOGUE=1 -DINTERLEAVE_STRATEGY=0 -DMBAR_EARLY=1 -DN_STAGES=5 -DPHASE1_UNROLL=4 -DPRELOAD_MODE=2 -DSTAGGER_CYCLES=0 -DSTS_WIDTH=32 -DSUB_MMA_UNROLL=3 ... 2.590 ms / 1691 TFLOPS  (247 regs, 2.7s)
[2/4] -DBATCH_EPILOGUE=1 -DINTERLEAVE_STRATEGY=1 -DMBAR_EARLY=1 -DN_STAGES=5 -DPHASE1_UNROLL=4 -DPRELOAD_MODE=2 -DSTAGGER_CYCLES=0 -DSTS_WIDTH=32 -DSUB_MMA_UNROLL=3 ... 2.625 ms / 1669 TFLOPS  (247 regs, 2.7s)
[3/4] -DBATCH_EPILOGUE=1 -DMBAR_EARLY=1 -DN_STAGES=5 -DPHASE1_UNROLL=4 -DPRELOAD_MODE=2 -DSTAGGER_CYCLES=0 -DSTS_WIDTH=32 -DSUB_MMA_UNROLL=3 ... 2.607 ms / 1680 TFLOPS  (247 regs, 2.7s)
[4/4] -DBATCH_EPILOGUE=1 -DINTERLEAVE_STRATEGY=3 -DMBAR_EARLY=1 -DN_STAGES=5 -DPHASE1_UNROLL=4 -DPRELOAD_MODE=2 -DSTAGGER_CYCLES=0 -DSTS_WIDTH=32 -DSUB_MMA_UNROLL=3 ... 2.637 ms / 1661 TFLOPS  (248 regs, 2.8s)
  η²: GELU_VARIANT=0.000, INTERLEAVE_STRATEGY=0.225
  Best: -DGELU_VARIANT=4 -DINTERLEAVE_STRATEGY=0 -DMBAR_EARLY=1 -DN_STAGES=5 -DPHASE1_UNROLL=4 -DSTAGGER_CYCLES=0 -DSUB_MMA_UNROLL=3 → 2.281 ms / 1920 TFLOPS
  ** New overall best from interaction 'gelu_interleave' **

=== Interaction: gelu_width (GELU_VECTOR_WIDTH, GELU_VARIANT, BATCH_EPILOGUE) ===
  Branch 1/3: -DGELU_VARIANT=4 -DINTERLEAVE_STRATEGY=0 -DMBAR_EARLY=1 -DN_STAGES=5 -DPHASE1_UNROLL=4 -DSTAGGER_CYCLES=0 -DSUB_MMA_UNROLL=3
Sweep: 18 total, 6 valid, 12 pruned
Estimated time: ~0 min (6 configs × ~5s each)

[1/6] -DINTERLEAVE_STRATEGY=0 -DMBAR_EARLY=1 -DN_STAGES=5 -DPHASE1_UNROLL=4 -DSTAGGER_CYCLES=0 -DSUB_MMA_UNROLL=3 ... 2.409 ms / 1818 TFLOPS  (244 regs, 2.7s)
[2/6] -DGELU_VARIANT=4 -DINTERLEAVE_STRATEGY=0 -DMBAR_EARLY=1 -DN_STAGES=5 -DPHASE1_UNROLL=4 -DSTAGGER_CYCLES=0 -DSUB_MMA_UNROLL=3 ... 2.283 ms / 1919 TFLOPS  (244 regs, 2.7s)
[3/6] -DGELU_VARIANT=5 -DINTERLEAVE_STRATEGY=0 -DMBAR_EARLY=1 -DN_STAGES=5 -DPHASE1_UNROLL=4 -DSTAGGER_CYCLES=0 -DSUB_MMA_UNROLL=3 ... 2.307 ms / 1899 TFLOPS  (244 regs, 2.7s)
[4/6] -DBATCH_EPILOGUE=1 -DGELU_VECTOR_WIDTH=8 -DINTERLEAVE_STRATEGY=0 -DMBAR_EARLY=1 -DN_STAGES=5 -DPHASE1_UNROLL=4 -DSTAGGER_CYCLES=0 -DSUB_MMA_UNROLL=3 ... 2.861 ms / 1531 TFLOPS  (247 regs, 2.8s)
[5/6] -DBATCH_EPILOGUE=1 -DGELU_VECTOR_WIDTH=16 -DINTERLEAVE_STRATEGY=0 -DMBAR_EARLY=1 -DN_STAGES=5 -DPHASE1_UNROLL=4 -DSTAGGER_CYCLES=0 -DSUB_MMA_UNROLL=3 ... 2.746 ms / 1595 TFLOPS  (247 regs, 2.7s)
[6/6] -DBATCH_EPILOGUE=1 -DINTERLEAVE_STRATEGY=0 -DMBAR_EARLY=1 -DN_STAGES=5 -DPHASE1_UNROLL=4 -DSTAGGER_CYCLES=0 -DSUB_MMA_UNROLL=3 ... 2.815 ms / 1556 TFLOPS  (247 regs, 2.7s)
  Branch 2/3: -DEPI_SYNC=1 -DINTERLEAVE_STRATEGY=3 -DMBAR_EARLY=1 -DN_STAGES=5 -DPHASE1_UNROLL=4 -DPRELOAD_MODE=2 -DSTAGGER_CYCLES=0 -DSUB_MMA_UNROLL=3
Sweep: 18 total, 6 valid, 12 pruned
Estimated time: ~0 min (6 configs × ~5s each)

[1/6] -DEPI_SYNC=1 -DINTERLEAVE_STRATEGY=3 -DMBAR_EARLY=1 -DN_STAGES=5 -DPHASE1_UNROLL=4 -DPRELOAD_MODE=2 -DSTAGGER_CYCLES=0 -DSUB_MMA_UNROLL=3 ... 2.595 ms / 1688 TFLOPS  (249 regs, 2.7s)
[2/6] -DEPI_SYNC=1 -DGELU_VARIANT=4 -DINTERLEAVE_STRATEGY=3 -DMBAR_EARLY=1 -DN_STAGES=5 -DPHASE1_UNROLL=4 -DPRELOAD_MODE=2 -DSTAGGER_CYCLES=0 -DSUB_MMA_UNROLL=3 ... 2.627 ms / 1667 TFLOPS  (249 regs, 2.7s)
[3/6] -DEPI_SYNC=1 -DGELU_VARIANT=5 -DINTERLEAVE_STRATEGY=3 -DMBAR_EARLY=1 -DN_STAGES=5 -DPHASE1_UNROLL=4 -DPRELOAD_MODE=2 -DSTAGGER_CYCLES=0 -DSUB_MMA_UNROLL=3 ... 2.589 ms / 1692 TFLOPS  (249 regs, 2.7s)
[4/6] -DBATCH_EPILOGUE=1 -DEPI_SYNC=1 -DGELU_VECTOR_WIDTH=8 -DINTERLEAVE_STRATEGY=3 -DMBAR_EARLY=1 -DN_STAGES=5 -DPHASE1_UNROLL=4 -DPRELOAD_MODE=2 -DSTAGGER_CYCLES=0 -DSUB_MMA_UNROLL=3 ... 2.615 ms / 1675 TFLOPS  (248 regs, 2.7s)
[5/6] -DBATCH_EPILOGUE=1 -DEPI_SYNC=1 -DGELU_VECTOR_WIDTH=16 -DINTERLEAVE_STRATEGY=3 -DMBAR_EARLY=1 -DN_STAGES=5 -DPHASE1_UNROLL=4 -DPRELOAD_MODE=2 -DSTAGGER_CYCLES=0 -DSUB_MMA_UNROLL=3 ... 2.647 ms / 1654 TFLOPS  (248 regs, 2.7s)
[6/6] -DBATCH_EPILOGUE=1 -DEPI_SYNC=1 -DINTERLEAVE_STRATEGY=3 -DMBAR_EARLY=1 -DN_STAGES=5 -DPHASE1_UNROLL=4 -DPRELOAD_MODE=2 -DSTAGGER_CYCLES=0 -DSUB_MMA_UNROLL=3 ... 2.661 ms / 1646 TFLOPS  (248 regs, 2.7s)
  Branch 3/3: -DBATCH_EPILOGUE=1 -DINTERLEAVE_STRATEGY=3 -DMBAR_EARLY=1 -DN_STAGES=5 -DPHASE1_UNROLL=4 -DPRELOAD_MODE=2 -DSTAGGER_CYCLES=0 -DSTS_WIDTH=32 -DSUB_MMA_UNROLL=3
Sweep: 18 total, 2 valid, 16 pruned
Estimated time: ~0 min (2 configs × ~5s each)

[1/2] -DBATCH_EPILOGUE=1 -DGELU_VECTOR_WIDTH=16 -DINTERLEAVE_STRATEGY=3 -DMBAR_EARLY=1 -DN_STAGES=5 -DPHASE1_UNROLL=4 -DPRELOAD_MODE=2 -DSTAGGER_CYCLES=0 -DSTS_WIDTH=32 -DSUB_MMA_UNROLL=3 ... 2.610 ms / 1678 TFLOPS  (248 regs, 2.7s)
[2/2] -DBATCH_EPILOGUE=1 -DINTERLEAVE_STRATEGY=3 -DMBAR_EARLY=1 -DN_STAGES=5 -DPHASE1_UNROLL=4 -DPRELOAD_MODE=2 -DSTAGGER_CYCLES=0 -DSTS_WIDTH=32 -DSUB_MMA_UNROLL=3 ... 2.613 ms / 1677 TFLOPS  (248 regs, 2.7s)
  η²: GELU_VECTOR_WIDTH=0.218, GELU_VARIANT=0.331, BATCH_EPILOGUE=0.486
  Best: -DGELU_VARIANT=4 -DINTERLEAVE_STRATEGY=0 -DMBAR_EARLY=1 -DN_STAGES=5 -DPHASE1_UNROLL=4 -DSTAGGER_CYCLES=0 -DSUB_MMA_UNROLL=3 → 2.283 ms / 1919 TFLOPS

=== Interaction: store_batch (STORE_TIMING, BATCH_EPILOGUE) ===
  Branch 1/3: -DGELU_VARIANT=4 -DINTERLEAVE_STRATEGY=0 -DMBAR_EARLY=1 -DN_STAGES=5 -DPHASE1_UNROLL=4 -DSTAGGER_CYCLES=0 -DSUB_MMA_UNROLL=3
Sweep: 4 total, 1 valid, 3 pruned
Estimated time: ~0 min (1 configs × ~5s each)

[1/1] -DGELU_VARIANT=4 -DINTERLEAVE_STRATEGY=0 -DMBAR_EARLY=1 -DN_STAGES=5 -DPHASE1_UNROLL=4 -DSTAGGER_CYCLES=0 -DSUB_MMA_UNROLL=3 ... 2.291 ms / 1912 TFLOPS  (244 regs, 2.7s)
  Branch 2/3: -DEPI_SYNC=1 -DINTERLEAVE_STRATEGY=3 -DMBAR_EARLY=1 -DN_STAGES=5 -DPHASE1_UNROLL=4 -DPRELOAD_MODE=2 -DSTAGGER_CYCLES=0 -DSUB_MMA_UNROLL=3
Sweep: 4 total, 4 valid, 0 pruned
Estimated time: ~0 min (4 configs × ~5s each)

[1/4] -DEPI_SYNC=1 -DINTERLEAVE_STRATEGY=3 -DMBAR_EARLY=1 -DN_STAGES=5 -DPHASE1_UNROLL=4 -DPRELOAD_MODE=2 -DSTAGGER_CYCLES=0 -DSUB_MMA_UNROLL=3 ... 2.603 ms / 1682 TFLOPS  (249 regs, 2.7s)
[2/4] -DEPI_SYNC=1 -DMBAR_EARLY=1 -DN_STAGES=5 -DPHASE1_UNROLL=4 -DPRELOAD_MODE=2 -DSTAGGER_CYCLES=0 -DSTORE_TIMING=1 -DSUB_MMA_UNROLL=3 ... 2.781 ms / 1575 TFLOPS  (246 regs, 2.7s)
[3/4] -DBATCH_EPILOGUE=1 -DEPI_SYNC=1 -DINTERLEAVE_STRATEGY=3 -DMBAR_EARLY=1 -DN_STAGES=5 -DPHASE1_UNROLL=4 -DPRELOAD_MODE=2 -DSTAGGER_CYCLES=0 -DSUB_MMA_UNROLL=3 ... 2.651 ms / 1652 TFLOPS  (248 regs, 2.7s)
[4/4] -DBATCH_EPILOGUE=1 -DEPI_SYNC=1 -DMBAR_EARLY=1 -DN_STAGES=5 -DPHASE1_UNROLL=4 -DPRELOAD_MODE=2 -DSTAGGER_CYCLES=0 -DSTORE_TIMING=1 -DSUB_MMA_UNROLL=3 ... 2.791 ms / 1569 TFLOPS  (247 regs, 2.7s)
  Branch 3/3: -DBATCH_EPILOGUE=1 -DINTERLEAVE_STRATEGY=3 -DMBAR_EARLY=1 -DN_STAGES=5 -DPHASE1_UNROLL=4 -DPRELOAD_MODE=2 -DSTAGGER_CYCLES=0 -DSTS_WIDTH=32 -DSUB_MMA_UNROLL=3
Sweep: 4 total, 2 valid, 2 pruned
Estimated time: ~0 min (2 configs × ~5s each)

[1/2] -DBATCH_EPILOGUE=1 -DINTERLEAVE_STRATEGY=3 -DMBAR_EARLY=1 -DN_STAGES=5 -DPHASE1_UNROLL=4 -DPRELOAD_MODE=2 -DSTAGGER_CYCLES=0 -DSTS_WIDTH=32 -DSUB_MMA_UNROLL=3 ... 2.619 ms / 1672 TFLOPS  (248 regs, 2.7s)
[2/2] -DBATCH_EPILOGUE=1 -DMBAR_EARLY=1 -DN_STAGES=5 -DPHASE1_UNROLL=4 -DPRELOAD_MODE=2 -DSTAGGER_CYCLES=0 -DSTORE_TIMING=1 -DSTS_WIDTH=32 -DSUB_MMA_UNROLL=3 ... 2.588 ms / 1692 TFLOPS  (247 regs, 2.7s)
  η²: STORE_TIMING=0.332, BATCH_EPILOGUE=0.112
  Best: -DGELU_VARIANT=4 -DINTERLEAVE_STRATEGY=0 -DMBAR_EARLY=1 -DN_STAGES=5 -DPHASE1_UNROLL=4 -DSTAGGER_CYCLES=0 -DSUB_MMA_UNROLL=3 → 2.291 ms / 1912 TFLOPS

=== Interaction: prefetch_store — skipped (noise params: PREFETCH_BEFORE_STORE) ===

=== Interaction: loop_store (EPILOGUE_LOOP, STORE_TIMING) ===
  Branch 1/3: -DGELU_VARIANT=4 -DINTERLEAVE_STRATEGY=0 -DMBAR_EARLY=1 -DN_STAGES=5 -DPHASE1_UNROLL=4 -DSTAGGER_CYCLES=0 -DSUB_MMA_UNROLL=3
Sweep: 4 total, 1 valid, 3 pruned
Estimated time: ~0 min (1 configs × ~5s each)

[1/1] -DGELU_VARIANT=4 -DINTERLEAVE_STRATEGY=0 -DMBAR_EARLY=1 -DN_STAGES=5 -DPHASE1_UNROLL=4 -DSTAGGER_CYCLES=0 -DSUB_MMA_UNROLL=3 ... 2.267 ms / 1932 TFLOPS  (244 regs, 2.7s)
  Branch 2/3: -DEPI_SYNC=1 -DINTERLEAVE_STRATEGY=3 -DMBAR_EARLY=1 -DN_STAGES=5 -DPHASE1_UNROLL=4 -DPRELOAD_MODE=2 -DSTAGGER_CYCLES=0 -DSUB_MMA_UNROLL=3
Sweep: 4 total, 2 valid, 2 pruned
Estimated time: ~0 min (2 configs × ~5s each)

[1/2] -DEPI_SYNC=1 -DINTERLEAVE_STRATEGY=3 -DMBAR_EARLY=1 -DN_STAGES=5 -DPHASE1_UNROLL=4 -DPRELOAD_MODE=2 -DSTAGGER_CYCLES=0 -DSUB_MMA_UNROLL=3 ... 2.597 ms / 1686 TFLOPS  (249 regs, 2.7s)
[2/2] -DEPI_SYNC=1 -DMBAR_EARLY=1 -DN_STAGES=5 -DPHASE1_UNROLL=4 -DPRELOAD_MODE=2 -DSTAGGER_CYCLES=0 -DSTORE_TIMING=1 -DSUB_MMA_UNROLL=3 ... 2.791 ms / 1569 TFLOPS  (246 regs, 2.7s)
  Branch 3/3: -DBATCH_EPILOGUE=1 -DINTERLEAVE_STRATEGY=3 -DMBAR_EARLY=1 -DN_STAGES=5 -DPHASE1_UNROLL=4 -DPRELOAD_MODE=2 -DSTAGGER_CYCLES=0 -DSTS_WIDTH=32 -DSUB_MMA_UNROLL=3
Sweep: 4 total, 2 valid, 2 pruned
Estimated time: ~0 min (2 configs × ~5s each)

[1/2] -DBATCH_EPILOGUE=1 -DINTERLEAVE_STRATEGY=3 -DMBAR_EARLY=1 -DN_STAGES=5 -DPHASE1_UNROLL=4 -DPRELOAD_MODE=2 -DSTAGGER_CYCLES=0 -DSTS_WIDTH=32 -DSUB_MMA_UNROLL=3 ... 2.641 ms / 1658 TFLOPS  (248 regs, 2.7s)
[2/2] -DBATCH_EPILOGUE=1 -DMBAR_EARLY=1 -DN_STAGES=5 -DPHASE1_UNROLL=4 -DPRELOAD_MODE=2 -DSTAGGER_CYCLES=0 -DSTORE_TIMING=1 -DSTS_WIDTH=32 -DSUB_MMA_UNROLL=3 ... 2.519 ms / 1739 TFLOPS  (247 regs, 2.7s)
  η²: STORE_TIMING=0.190
  Best: -DGELU_VARIANT=4 -DINTERLEAVE_STRATEGY=0 -DMBAR_EARLY=1 -DN_STAGES=5 -DPHASE1_UNROLL=4 -DSTAGGER_CYCLES=0 -DSUB_MMA_UNROLL=3 → 2.267 ms / 1932 TFLOPS
  ** New overall best from interaction 'loop_store' **

=== Interaction: sts_batch (STS_WIDTH, BATCH_EPILOGUE) ===
  Branch 1/3: -DGELU_VARIANT=4 -DINTERLEAVE_STRATEGY=0 -DMBAR_EARLY=1 -DN_STAGES=5 -DPHASE1_UNROLL=4 -DSTAGGER_CYCLES=0 -DSUB_MMA_UNROLL=3
Sweep: 4 total, 1 valid, 3 pruned
Estimated time: ~0 min (1 configs × ~5s each)

[1/1] -DGELU_VARIANT=4 -DINTERLEAVE_STRATEGY=0 -DMBAR_EARLY=1 -DN_STAGES=5 -DPHASE1_UNROLL=4 -DSTAGGER_CYCLES=0 -DSUB_MMA_UNROLL=3 ... 2.328 ms / 1882 TFLOPS  (244 regs, 2.7s)
  Branch 2/3: -DEPI_SYNC=1 -DINTERLEAVE_STRATEGY=3 -DMBAR_EARLY=1 -DN_STAGES=5 -DPHASE1_UNROLL=4 -DPRELOAD_MODE=2 -DSTAGGER_CYCLES=0 -DSUB_MMA_UNROLL=3
Sweep: 4 total, 3 valid, 1 pruned
Estimated time: ~0 min (3 configs × ~5s each)

[1/3] -DEPI_SYNC=1 -DINTERLEAVE_STRATEGY=3 -DMBAR_EARLY=1 -DN_STAGES=5 -DPHASE1_UNROLL=4 -DPRELOAD_MODE=2 -DSTAGGER_CYCLES=0 -DSUB_MMA_UNROLL=3 ... 2.591 ms / 1690 TFLOPS  (249 regs, 2.7s)
[2/3] -DBATCH_EPILOGUE=1 -DEPI_SYNC=1 -DINTERLEAVE_STRATEGY=3 -DMBAR_EARLY=1 -DN_STAGES=5 -DPHASE1_UNROLL=4 -DPRELOAD_MODE=2 -DSTAGGER_CYCLES=0 -DSUB_MMA_UNROLL=3 ... 2.636 ms / 1662 TFLOPS  (248 regs, 2.7s)
[3/3] -DBATCH_EPILOGUE=1 -DEPI_SYNC=1 -DINTERLEAVE_STRATEGY=3 -DMBAR_EARLY=1 -DN_STAGES=5 -DPHASE1_UNROLL=4 -DPRELOAD_MODE=2 -DSTAGGER_CYCLES=0 -DSTS_WIDTH=32 -DSUB_MMA_UNROLL=3 ... 2.662 ms / 1646 TFLOPS  (248 regs, 2.7s)
  Branch 3/3: -DBATCH_EPILOGUE=1 -DINTERLEAVE_STRATEGY=3 -DMBAR_EARLY=1 -DN_STAGES=5 -DPHASE1_UNROLL=4 -DPRELOAD_MODE=2 -DSTAGGER_CYCLES=0 -DSTS_WIDTH=32 -DSUB_MMA_UNROLL=3
Sweep: 4 total, 3 valid, 1 pruned
Estimated time: ~0 min (3 configs × ~5s each)

[1/3] -DINTERLEAVE_STRATEGY=3 -DMBAR_EARLY=1 -DN_STAGES=5 -DPHASE1_UNROLL=4 -DPRELOAD_MODE=2 -DSTAGGER_CYCLES=0 -DSUB_MMA_UNROLL=3 ... 2.595 ms / 1688 TFLOPS  (249 regs, 2.7s)
[2/3] -DBATCH_EPILOGUE=1 -DINTERLEAVE_STRATEGY=3 -DMBAR_EARLY=1 -DN_STAGES=5 -DPHASE1_UNROLL=4 -DPRELOAD_MODE=2 -DSTAGGER_CYCLES=0 -DSUB_MMA_UNROLL=3 ... 2.615 ms / 1675 TFLOPS  (248 regs, 2.7s)
[3/3] -DBATCH_EPILOGUE=1 -DINTERLEAVE_STRATEGY=3 -DMBAR_EARLY=1 -DN_STAGES=5 -DPHASE1_UNROLL=4 -DPRELOAD_MODE=2 -DSTAGGER_CYCLES=0 -DSTS_WIDTH=32 -DSUB_MMA_UNROLL=3 ... 2.615 ms / 1675 TFLOPS  (248 regs, 2.7s)
  η²: STS_WIDTH=0.137, BATCH_EPILOGUE=0.365
  Best: -DGELU_VARIANT=4 -DINTERLEAVE_STRATEGY=0 -DMBAR_EARLY=1 -DN_STAGES=5 -DPHASE1_UNROLL=4 -DSTAGGER_CYCLES=0 -DSUB_MMA_UNROLL=3 → 2.328 ms / 1882 TFLOPS

=== Interaction: sync_stagger — skipped (noise params: STAGGER_CYCLES) ===

@@GRID_WINNER -DGELU_VARIANT=4 -DINTERLEAVE_STRATEGY=0 -DMBAR_EARLY=1 -DN_STAGES=5 -DPHASE1_UNROLL=4 -DSTAGGER_CYCLES=0 -DSUB_MMA_UNROLL=3

================================================================================
RESULTS (sorted by ms)
================================================================================
  #  STG  EPI  INTER  MBAR  TMEM  STAG  PH1U  SNAKE  FUSE  KLU  W0U  SMU  PRLD  PFBS  GELU  TMAR  BTCH  GVW  STIM  ELOP  STSW  ESYN  NPP  REGS     SMEM       MS   TFLOPS  STATUS
---------------------------------------------------------------------------------------------------------------------------------------------------------------------------------
  1    5    4      0     1    32     0     4      1     1    5    0    3     1     0     4     0     0   32     0     0    16     0    0   244   225.0K    2.267     1932  BEST
  2    5    4      0     1    32     0     4      1     1    5    0    3     1     0     4     0     0   32     0     0    16     0    0   244   225.0K    2.281     1920  OK
  3    5    4      0     1    32     0     4      1     1    5    0    3     1     0     4     0     0   32     0     0    16     0    0   244   225.0K    2.283     1919  OK
  4    5    4      0     1    32     0     4      1     1    5    0    3     1     0     0     0     0   32     0     0    16     0    0   244   225.0K    2.284     1917  OK
  5    5    4      0     1    32     0     4      1     1    5    0    3     1     0     4     0     0   32     0     0    16     0    0   244   225.0K    2.291     1912  OK
  6    5    4      0     1    32     0     4      1     1    5    0    3     1     0     5     0     0   32     0     0    16     0    0   244   225.0K    2.307     1899  OK
  7    5    4      0     1    32     0     4      1     1    5    0    3     1     0     5     0     0   32     0     0    16     0    0   244   225.0K    2.307     1899  OK
  8    5    4      0     1    32     0     4      1     1    5    0    3     1     0     5     0     0   32     0     0    16     0    0   244   225.0K    2.311     1895  OK
  9    5    4      0     1    32     0     4      1     1    5    0    3     1     0     0     0     0   32     0     0    16     0    0   244   225.0K    2.314     1893  OK
 10    5    4      0     1    32     0     4      1     1    5    0    3     1     0     4     0     0   32     0     0    16     0    0   244   225.0K    2.328     1882  OK
 11    5    4      0     1    32     0     4      1     1    5    0    3     1     0     5     0     0   32     0     0    16     0    0   244   225.0K    2.332     1879  OK
 12    5    4      0     1    32     0     4      1     1    5    0    3     1     0     4     0     0   32     0     0    16     0    0   244   225.0K    2.341     1871  OK
 13    5    4      0     1    32     0     4      1     1    5    0    3     1     0     0     0     0   32     0     0    16     0    0   244   225.0K    2.359     1857  OK
 14    5    4      0     1    32     0     4      1     1    5    0    3     1     0     0     0     0   32     0     0    16     0    0   244   225.0K    2.409     1818  OK
 15    5    4      2     1    32     0     4      1     1    5    0    3     1     0     5     0     0   32     0     0    16     0    0   244   225.0K    2.517     1740  OK
 16    5    4      3     1    32     0     4      1     1    5    0    3     2     0     0     0     1   32     1     0    32     0    0   247   225.0K    2.519     1739  OK
 17    5    4      2     1    32     0     4      1     1    5    0    3     1     0     0     0     0   32     0     0    16     0    0   244   225.0K    2.523     1736  OK
 18    5    4      2     1    32     0     4      1     1    5    0    3     2     0     0     0     0   32     0     0    16     0    0   246   225.0K    2.523     1736  OK
 19    5    4      2     1    32     0     4      1     1    5    0    3     1     0     0     0     0   32     0     0    16     0    0   244   225.0K    2.533     1729  OK
 20    5    4      2     1    32     0     4      1     1    5    0    3     2     0     0     0     0   32     0     0    16     1    0   246   225.0K    2.539     1725  OK
 21    5    4      2     1    32     0     4      1     1    5    0    3     2     0     0     0     0   32     0     0    16     1    0   246   225.0K    2.551     1717  OK
 22    5    4      2     1    32     0     4      1     1    5    0    3     2     0     4     0     0   32     0     0    16     1    0   246   225.0K    2.560     1711  OK
 23    5    4      2     1    32     0     4      1     1    5    0    3     1     0     4     0     0   32     0     0    16     0    0   244   225.0K    2.562     1710  OK
 24    5    4      3     1    32     0     4      1     1    5    0    3     2     0     0     0     1   32     1     0    32     0    0   247   225.0K    2.588     1692  OK
 25    5    4      3     1    32     0     4      1     1    5    0    3     2     0     5     0     0   32     0     0    16     1    0   249   225.0K    2.589     1692  OK
 26    5    4      3     1    32     0     4      1     1    5    0    3     2     0     0     0     0   32     0     0    16     0    0   249   225.0K    2.590     1691  OK
 27    5    4      0     1    32     0     4      1     1    5    0    3     2     0     0     0     1   32     0     0    32     0    0   247   225.0K    2.590     1691  OK
 28    5    4      3     1    32     0     4      1     1    5    0    3     2     0     0     0     0   32     0     0    16     1    0   249   225.0K    2.591     1690  OK
 29    5    4      3     1    32     0     4      1     1    5    0    3     2     0     0     0     0   32     0     0    16     1    0   249   225.0K    2.592     1690  OK
 30    5    4      2     1    32     0     4      1     1    5    0    3     2     0     5     0     0   32     0     0    16     1    0   246   225.0K    2.592     1690  OK
 31    5    4      3     1    32     0     4      1     1    5    0    3     2     0     0     0     0   32     0     0    16     0    0   249   225.0K    2.593     1689  OK
 32    5    4      3     1    32     0     4      1     1    5    0    3     2     0     5     0     0   32     0     0    16     1    0   249   225.0K    2.593     1689  OK
 33    5    4      3     1    32     0     4      1     1    5    0    3     2     0     0     0     0   32     0     0    16     1    0   249   225.0K    2.595     1688  OK
 34    5    4      3     1    32     0     4      1     1    5    0    3     2     0     0     0     0   32     0     0    16     0    0   249   225.0K    2.595     1688  OK
 35    5    4      3     1    32     0     4      1     1    5    0    3     2     0     0     0     0   32     0     0    16     1    0   249   225.0K    2.597     1686  OK
 36    5    4      3     1    32     0     4      1     1    5    0    3     2     0     0     0     0   32     0     0    16     1    0   249   225.0K    2.597     1686  OK
 37    5    4      3     1    32     0     4      1     1    5    0    3     2     0     0     0     0   32     0     0    16     0    0   249   225.0K    2.598     1686  OK
 38    5    4      3     1    32     0     4      1     1    5    0    3     2     0     0     0     0   32     0     0    16     1    0   249   225.0K    2.600     1685  OK
 39    5    4      0     1    32     0     4      1     1    5    0    3     2     0     0     0     1   32     0     0    16     0    0   247   225.0K    2.603     1683  OK
 40    5    4      3     1    32     0     4      1     1    5    0    3     2     0     0     0     0   32     0     0    16     1    0   249   225.0K    2.603     1683  OK
 41    5    4      3     1    32     0     4      1     1    5    0    3     2     0     0     0     0   32     0     0    16     1    0   249   225.0K    2.603     1682  OK
 42    5    4      1     1    32     0     4      1     1    5    0    3     2     0     0     0     1   32     0     0    16     0    0   247   225.0K    2.606     1681  OK
 43    5    4      2     1    32     0     4      1     1    5    0    3     1     0     0     0     0   32     0     0    16     1    0   244   225.0K    2.606     1681  OK
 44    5    4      3     1    32     0     4      1     1    5    0    3     2     0     5     0     0   32     0     0    16     1    0   249   225.0K    2.606     1681  OK
 45    5    4      3     1    32     0     4      1     1    5    0    3     2     0     5     0     0   32     0     0    16     0    0   249   225.0K    2.607     1680  OK
 46    5    4      3     1    32     0     4      1     1    5    0    3     2     0     0     0     1   32     0     0    16     0    0   248   225.0K    2.607     1680  OK
 47    5    4      3     1    32     0     4      1     1    5    0    3     2     0     0     0     1   32     0     0    16     0    0   248   225.0K    2.607     1680  OK
 48    5    4      2     1    32     0     4      1     1    5    0    3     2     0     0     0     1   32     0     0    32     0    0   247   225.0K    2.607     1680  OK
 49    5    4      3     1    32     0     4      1     1    5    0    3     2     0     0     0     1   32     0     0    32     0    0   248   225.0K    2.608     1679  OK
 50    5    4      3     1    32     0     4      1     1    5    0    3     2     0     0     0     1   32     0     0    32     0    0   248   225.0K    2.609     1679  OK
 51    5    4      3     1    32     0     4      1     1    5    0    3     2     0     0     0     1   32     0     0    32     0    0   248   225.0K    2.610     1678  OK
 52    5    4      3     1    32     0     4      1     1    5    0    3     2     0     0     0     1   16     0     0    32     0    0   248   225.0K    2.610     1678  OK
 53    5    4      3     1    32     0     4      1     1    5    0    3     2     0     0     0     1   32     0     0    32     0    0   248   225.0K    2.613     1677  OK
 54    5    4      3     1    32     0     4      1     1    5    0    3     2     0     0     0     1   16     0     0    32     0    0   248   225.0K    2.614     1676  OK
 55    5    4      3     1    32     0     4      1     1    5    0    3     2     0     4     0     0   32     0     0    16     1    0   249   225.0K    2.614     1676  OK
 56    5    4      3     1    32     0     4      1     1    5    0    3     2     0     0     0     1    8     0     0    16     1    0   248   225.0K    2.615     1675  OK
 57    5    4      3     1    32     0     4      1     1    5    0    3     2     0     4     0     0   32     0     0    16     1    0   249   225.0K    2.615     1675  OK
 58    5    4      3     1    32     0     4      1     1    5    0    3     2     0     0     0     1    8     0     0    16     1    0   248   225.0K    2.615     1675  OK
 59    5    4      3     1    32     0     4      1     1    5    0    3     2     0     0     0     1   32     0     0    16     0    0   248   225.0K    2.615     1675  OK
 60    5    4      3     1    32     0     4      1     1    5    0    3     2     0     0     0     1   32     0     0    32     0    0   248   225.0K    2.615     1675  OK
 61    5    4      3     1    32     0     4      1     1    5    0    3     2     0     0     0     0   32     0     0    16     1    0   249   225.0K    2.617     1674  OK
 62    5    4      3     1    32     0     4      1     1    5    0    3     2     0     0     0     1   32     0     0    32     0    0   248   225.0K    2.619     1672  OK
 63    5    4      0     1    32     0     4      1     1    5    0    3     2     0     0     0     1   32     0     0    32     0    0   247   225.0K    2.620     1672  OK
 64    5    4      3     1    32     0     4      1     1    5    0    3     1     0     5     0     0   32     0     0    16     0    0   244   225.0K    2.622     1670  OK
 65    5    4      0     1    32     0     4      1     1    5    0    3     2     0     0     0     0   32     0     0    16     0    0   246   225.0K    2.624     1669  OK
 66    5    4      3     1    32     0     4      1     1    5    0    3     2     0     0     0     1   32     0     0    16     0    0   248   225.0K    2.625     1669  OK
 67    5    4      1     1    32     0     4      1     1    5    0    3     2     0     0     0     1   32     0     0    32     0    0   247   225.0K    2.625     1669  OK
 68    5    4      3     1    32     0     4      1     1    5    0    3     2     0     4     0     0   32     0     0    16     1    0   249   225.0K    2.627     1667  OK
 69    5    4      2     1    32     0     4      1     1    5    0    3     2     0     0     0     1   32     0     0    16     1    0   247   225.0K    2.628     1666  OK
 70    5    4      2     1    32     0     4      1     1    5    0    3     2     0     0     0     1   32     0     0    32     0    0   247   225.0K    2.628     1667  OK
 71    5    4      3     1    32     0     4      1     1    5    0    3     2     0     0     0     1   16     0     0    16     0    0   248   225.0K    2.629     1666  OK
 72    5    4      3     1    32     0     4      1     1    5    0    3     2     0     0     0     1   32     0     0    32     0    0   248   225.0K    2.633     1664  OK
 73    5    4      3     1    32     0     4      1     1    5    0    3     2     0     0     0     1   32     0     0    16     1    0   248   225.0K    2.636     1662  OK
 74    5    4      3     1    32     0     4      1     1    5    0    3     2     0     0     0     1   32     0     0    32     0    0   248   225.0K    2.637     1661  OK
 75    5    4      3     1    32     0     4      1     1    5    0    3     2     0     0     0     1    8     0     0    16     0    0   248   225.0K    2.638     1660  OK
 76    5    4      1     1    32     0     4      1     1    5    0    3     2     0     0     0     1   32     0     0    32     0    0   247   225.0K    2.638     1660  OK
 77    5    4      3     1    32     0     4      1     1    5    0    3     2     0     0     0     1   16     0     0    16     1    0   248   225.0K    2.639     1660  OK
 78    5    4      3     1    32     0     2      1     1    5    0    3     2     0     0     0     1   32     0     0    16     1    0   247   225.0K    2.640     1659  OK
 79    5    4      3     1    32     0     2      1     1    5    0    3     2     0     0     0     1   32     0     0    32     0    0   247   225.0K    2.640     1659  OK
 80    5    4      3     1    32     0     4      1     1    5    0    3     2     0     0     0     1   32     0     0    32     0    0   248   225.0K    2.641     1658  OK
 81    5    4      3     1    32     0     4      1     1    5    0    3     2     0     0     0     1   16     0     0    32     1    0   248   225.0K    2.647     1655  OK
 82    5    4      3     1    32     0     4      1     1    5    0    3     2     0     0     0     1   32     0     0    16     1    0   248   225.0K    2.647     1655  OK
 83    5    4      3     1    32     0     4      1     1    5    0    3     2     0     0     0     1   16     0     0    16     1    0   248   225.0K    2.647     1654  OK
 84    5    4      1     1    32     0     4      1     1    5    0    3     1     0     0     0     0   32     0     0    16     0    0   244   225.0K    2.648     1654  OK
 85    5    4      3     1    32     0     4      1     1    5    0    3     2     0     0     0     1   32     0     0    32     1    0   248   225.0K    2.649     1653  OK
 86    5    4      3     1    32     0     4      1     1    5    0    3     0     0     0     0     0   32     0     0    16     0    0   244   225.0K    2.649     1653  OK
 87    5    4      3     1    32     0     4      1     1    5    0    3     0     0     5     0     0   32     0     0    16     0    0   244   225.0K    2.650     1653  OK
 88    5    4      3     1    32     0     4      1     1    5    0    3     2     0     0     0     1   32     0     0    16     1    0   248   225.0K    2.651     1652  OK
 89    5    4      3     1    32     0     4      1     1    5    0    3     2     0     0     0     1   32     0     0    16     1    0   248   225.0K    2.651     1652  OK
 90    5    4      3     1    32     0     4      1     1    5    0    3     1     0     5     0     0   32     0     0    16     0    0   244   225.0K    2.655     1650  OK
 91    5    4      3     1    32     0     2      1     1    5    0    3     2     0     5     0     0   32     0     0    16     0    0   247   225.0K    2.656     1649  OK
 92    5    4      3     1    32     0     4      1     1    5    0    3     0     0     5     0     0   32     0     0    16     0    0   244   225.0K    2.656     1649  OK
 93    5    4      3     1    32     0     4      1     1    5    0    3     2     0     0     0     1   32     0     0    16     1    0   248   225.0K    2.657     1649  OK
 94    5    4      2     1    32     0     4      1     1    5    0    3     2     0     0     0     1   32     0     0    16     0    0   247   225.0K    2.660     1646  OK
 95    5    4      1     1    32     0     4      1     1    5    0    3     1     0     0     0     0   32     0     0    16     0    0   244   225.0K    2.661     1646  OK
 96    5    4      3     1    32     0     4      1     1    5    0    3     2     0     0     0     1   32     0     0    16     1    0   248   225.0K    2.661     1646  OK
 97    5    4      1     1    32     0     4      1     1    5    0    3     1     0     5     0     0   32     0     0    16     0    0   244   225.0K    2.662     1645  OK
 98    5    4      3     1    32     0     4      1     1    5    0    3     2     0     0     0     1   32     0     0    32     1    0   248   225.0K    2.662     1646  OK
 99    5    4      3     1    32     0     4      1     1    5    0    3     1     0     0     0     0   32     0     0    16     0    0   244   225.0K    2.667     1642  OK
100    5    4      3     1    32     0     2      1     1    5    0    3     2     0     0     0     1   32     0     0    16     0    0   247   225.0K    2.671     1640  OK
101    5    4      3     1    32     0     4      1     1    5    0    3     2     0     0     0     1   32     0     0    16     1    0   248   225.0K    2.673     1639  OK
102    5    4      1     1    32     0     4      1     1    5    0    3     1     0     4     0     0   32     0     0    16     0    0   244   225.0K    2.674     1638  OK
103    5    4      3     1    32     0     2      1     1    5    0    3     2     0     0     0     0   32     0     0    16     1    0   247   225.0K    2.675     1637  OK
104    5    4      3     1    32     0     4      1     1    5    0    3     0     0     5     0     0   32     0     0    16     1    0   244   225.0K    2.680     1634  OK
105    5    4      1     1    32     0     4      1     1    5    0    3     2     0     0     0     0   32     0     0    16     0    0   249   225.0K    2.682     1633  OK
106    5    4      1     1    32     0     4      1     1    5    0    3     2     0     0     0     1   32     0     0    16     1    0   247   225.0K    2.682     1633  OK
107    5    4      3     1    32     0     2      1     1    5    0    3     2     0     0     0     0   32     0     0    16     0    0   247   225.0K    2.683     1633  OK
108    5    4      0     1    32     0     4      1     1    5    0    3     1     0     0     0     0   32     0     0    16     1    0   244   225.0K    2.688     1629  OK
109    5    4      3     1    32     0     4      1     1    5    0    3     1     0     0     0     0   32     0     0    16     0    0   244   225.0K    2.688     1630  OK
110    5    4      3     1    32     0     4      1     1    5    0    3     0     0     0     0     0   32     0     0    16     0    0   244   225.0K    2.692     1627  OK
111    5    4      3     1    32     0     4      1     1    5    0    3     1     0     0     0     0   32     0     0    16     0    0   244   225.0K    2.692     1627  OK
112    5    4      3     1    32     0     4      1     1    5    0    3     1     0     4     0     0   32     0     0    16     0    0   244   225.0K    2.693     1626  OK
113    5    4      1     1    32     0     4      1     1    5    0    3     1     0     0     0     1   32     0     0    32     0    0   247   225.0K    2.695     1625  OK
114    5    4      0     1    32     0     4      1     1    5    0    3     1     0     0     0     1   32     0     0    32     0    0   247   225.0K    2.698     1624  OK
115    5    4      1     1    32     0     4      1     1    5    0    3     0     0     0     0     1   32     0     0    16     0    0   247   225.0K    2.700     1622  OK
116    5    4      1     1    32     0     4      1     1    5    0    3     0     0     0     0     0   32     0     0    16     0    0   244   225.0K    2.701     1622  OK
117    5    4      2     1    32     0     4      1     1    5    0    3     0     0     0     0     0   32     0     0    16     1    0   244   225.0K    2.706     1619  OK
118    5    4      2     1    32     0     4      1     1    5    0    3     0     0     0     0     0   32     0     0    16     0    0   244   225.0K    2.707     1618  OK
119    5    4      3     1    32     0     4      1     1    5    0    3     1     0     0     0     1   32     0     0    16     0    0   244   225.0K    2.708     1617  OK
120    5    4      3     1    32     0     4      1     1    5    0    3     0     0     0     0     1   32     0     0    16     0    0   244   225.0K    2.713     1615  OK
121    5    4      3     1    32     0     2      1     1    5    0    3     1     0     5     0     0   32     0     0    16     0    0   242   225.0K    2.717     1612  OK
122    5    4      3     1    32     0     2      1     1    5    0    3     1     0     5     0     0   32     0     0    16     0    0   242   225.0K    2.717     1612  OK
123    5    4      3     1    32     0     4      1     1    5    0    3     1     0     0     0     1   32     0     0    16     0    0   244   225.0K    2.718     1611  OK
124    5    4      1     1    32     0     4      1     1    5    0    3     1     0     0     0     1   32     0     0    16     0    0   247   225.0K    2.718     1612  OK
125    5    4      1     1    32     0     4      1     1    5    0    3     1     0     0     0     0   32     0     0    16     1    0   244   225.0K    2.723     1608  OK
126    5    4      3     1    32     0     4      1     1    5    0    3     0     0     0     0     0   32     0     0    16     1    0   244   225.0K    2.728     1605  OK
127    5    4      1     1    32     0     4      1     1    5    0    3     2     0     4     0     0   32     0     0    16     1    0   249   225.0K    2.728     1605  OK
128    5    4      3     1    32     0     2      1     1    5    0    3     0     0     5     0     0   32     0     0    16     0    0   240   225.0K    2.732     1603  OK
129    5    4      1     1    32     0     4      1     1    5    0    3     0     0     0     0     0   32     0     0    16     1    0   244   225.0K    2.732     1603  OK
130    5    4      1     1    32     0     4      1     1    5    0    3     0     0     0     0     1   32     0     0    32     0    0   247   225.0K    2.732     1603  OK
131    5    4      1     1    32     0     4      1     1    5    0    3     2     0     0     0     0   32     0     0    16     1    0   249   225.0K    2.733     1603  OK
132    5    4      1     1    32     0     4      1     1    5    0    3     2     0     0     0     0   32     0     0    16     1    0   249   225.0K    2.736     1601  OK
133    5    4      3     1    32     0     2      1     1    5    0    3     1     0     0     0     0   32     0     0    16     0    0   242   225.0K    2.737     1600  OK
134    5    4      3     1    32     0     4      1     1    5    0    3     0     0     0     0     1   32     0     0    32     0    0   244   225.0K    2.737     1600  OK
135    5    4      1     1    32     0     4      1     1    5    0    3     1     0     0     0     1   32     0     0    16     1    0   247   225.0K    2.739     1599  OK
136    5    4      3     1    32     0     2      1     1    5    0    3     0     0     0     0     0   32     0     0    16     0    0   240   225.0K    2.741     1598  OK
137    5    4      2     1    32     0     4      1     1    5    0    3     0     0     0     0     1   32     0     0    16     0    0   247   225.0K    2.743     1597  OK
138    5    4      2     1    32     0     4      1     1    5    0    3     0     0     0     0     1   32     0     0    32     0    0   247   225.0K    2.743     1597  OK
139    5    4      1     1    32     0     4      1     1    5    0    3     2     0     5     0     0   32     0     0    16     1    0   249   225.0K    2.743     1597  OK
140    5    4      0     1    32     0     4      1     1    5    0    3     1     0     0     0     1   16     0     0    16     0    0   247   225.0K    2.746     1595  OK
141    5    4      3     1    32     0     4      1     1    5    0    3     1     0     0     0     0   32     0     0    16     1    0   244   225.0K    2.748     1594  OK
142    5    4      1     1    32     0     2      1     1    5    0    3     1     0     5     0     0   32     0     0    16     0    0   240   225.0K    2.750     1592  OK
143    5    4      3     1    32     0     4      1     1    5    0    3     1     0     0     0     1   32     0     0    32     0    0   244   225.0K    2.750     1593  OK
144    5    4      0     1    32     0     4      1     1    5    0    3     2     0     4     0     0   32     0     0    16     1    0   246   225.0K    2.756     1589  OK
145    5    4      1     1    32     0     4      1     1    5    0    3     0     0     0     0     1   32     0     0    16     1    0   247   225.0K    2.758     1588  OK
146    5    4      3     1    32     0     2      1     1    5    0    3     1     0     0     0     0   32     0     0    16     0    0   242   225.0K    2.759     1587  OK
147    5    4      0     1    32     0     4      1     1    5    0    3     2     0     0     0     0   32     0     0    16     1    0   246   225.0K    2.759     1587  OK
148    5    4      2     1    32     0     4      1     1    5    0    3     0     0     0     0     1   32     0     0    16     1    0   247   225.0K    2.761     1586  OK
149    5    4      3     1    32     0     4      1     1    5    0    3     1     0     0     0     1   32     0     0    16     1    0   244   225.0K    2.761     1586  OK
150    5    4      0     1    32     0     4      1     1    5    0    3     2     0     5     0     0   32     0     0    16     1    0   246   225.0K    2.771     1581  OK
151    5    4      3     1    32     0     2      1     1    5    0    3     1     0     4     0     0   32     0     0    16     0    0   242   225.0K    2.779     1576  OK
152    5    4      3     1    32     0     4      1     1    5    0    3     2     0     0     0     0   32     1     0    16     1    0   246   225.0K    2.781     1575  OK
153    5    4      3     1    32     0     4      1     1    5    0    3     2     0     0     0     1   32     1     0    16     1    0   247   225.0K    2.791     1569  OK
154    5    4      3     1    32     0     4      1     1    5    0    3     2     0     0     0     0   32     1     0    16     1    0   246   225.0K    2.791     1569  OK
155    5    4      1     1    32     0     2      1     1    5    0    3     1     0     0     0     0   32     0     0    16     0    0   240   225.0K    2.798     1565  OK
156    5    4      0     1    32     0     4      1     1    5    0    3     1     0     0     0     1   32     0     0    16     0    0   247   225.0K    2.799     1565  OK
157    5    4      3     1    32     0     4      1     1    5    0    3     0     0     0     0     1   32     0     0    16     0    0   244   225.0K    2.801     1564  OK
158    5    4      3     1    32     0     4      1     1    5    0    3     0     0     0     0     1   32     0     0    16     1    0   244   225.0K    2.802     1563  OK
159    5    4      0     1    32     0     4      1     1    5    0    3     2     0     0     0     0   32     0     0    16     1    0   246   225.0K    2.811     1558  OK
160    5    4      0     1    32     0     4      1     1    5    0    3     1     0     0     0     1   32     0     0    16     0    0   247   225.0K    2.815     1556  OK
161    5    4      2     1    32     0     4      1     1    5    0    3     1     0     0     0     1   32     0     0    16     1    0   247   225.0K    2.821     1553  OK
162    5    4      0     1    32     0     4      1     1    5    0    3     0     0     0     0     0   32     0     0    16     1    0   244   225.0K    2.844     1540  OK
163    5    4      0     1    32     0     4      1     1    5    0    3     2     0     0     0     1   32     0     0    16     1    0   247   225.0K    2.847     1539  OK
164    5    4      0     1    32     0     4      1     1    5    0    3     1     0     0     0     1   32     0     0    16     0    0   247   225.0K    2.853     1535  OK
165    5    4      3     1    32     0     2      1     1    5    0    3     1     0     0     0     1   32     0     0    16     0    0   248   225.0K    2.860     1532  OK
166    5    4      0     1    32     0     4      1     1    5    0    3     1     0     0     0     1    8     0     0    16     0    0   247   225.0K    2.861     1531  OK
167    5    4      1     1    32     0     2      1     1    5    0    3     1     0     4     0     0   32     0     0    16     0    0   240   225.0K    2.869     1527  OK
168    5    4      0     1    32     0     4      1     1    5    0    3     1     0     0     0     1   32     0     0    16     1    0   247   225.0K    2.886     1517  OK
169    5    4      2     1    32     0     4      1     1    5    0    3     1     0     0     0     1   32     0     0    32     0    0   247   225.0K    2.891     1515  OK
170    5    4      2     1    32     0     4      1     1    5    0    3     1     0     0     0     1   32     0     0    16     0    0   247   225.0K    2.926     1497  OK
171    5    4      3     1    32     0     2      1     1    5    0    3     0     0     0     0     1   32     0     0    16     0    0   248   225.0K    2.936     1492  OK
172    5    4      0     1    32     0     4      1     1    5    0    3     0     0     0     0     0   32     0     0    16     0    0   244   225.0K    2.939     1490  OK
173    5    4      0     1    32     0     4      1     1    5    0    3     0     0     0     0     1   32     0     0    32     0    0   247   225.0K    2.940     1490  OK
174    5    4      0     1    32     0     4      1     1    5    0    3     0     0     0     0     1   32     0     0    16     0    0   247   225.0K    2.952     1484  OK
175    5    4      2     1    32     0     2      1     1    5    0    3     1     0     4     0     0   32     0     0    16     0    0   240   225.0K    2.968     1476  OK
176    5    4      0     1    32     0     4      1     1    5    0    3     0     0     0     0     1   32     0     0    16     1    0   247   225.0K    2.968     1476  OK
177    5    4      2     1    32     0     2      1     1    5    0    3     1     0     5     0     0   32     0     0    16     0    0   240   225.0K    2.975     1472  OK
178    5    4      3     1    32     0     4      0     1    5    0    3     2     0     0     0     0   32     0     0    16     0    0   249   225.0K    3.064     1429  OK
179    5    4      3     1    32     0     4      0     1    5    0    3     2     0     5     0     0   32     0     0    16     0    0   249   225.0K    3.065     1429  OK
180    5    4      2     1    32     0     2      1     1    5    0    3     1     0     0     0     0   32     0     0    16     0    0   240   225.0K    3.095     1415  OK
181    5    4      1     1    32     0     2      1     1    5    0    3     1     0     5     0     0   32     1     0    16     0    0   240   225.0K    3.111     1408  OK
182    5    4      0     1    32     0     2      1     1    5    0    3     1     0     5     0     0   32     0     0    16     0    0   240   225.0K    3.113     1407  OK
183    5    4      3     1    32     0     4      0     1    5    0    3     2     0     0     0     1   32     0     0    16     0    0   248   225.0K    3.122     1403  OK
184    5    4      0     1    32     0     2      1     1    5    0    3     1     0     0     0     0   32     0     0    16     0    0   240   225.0K    3.139     1395  OK
185    5    4      0     1    32     0     2      1     1    5    0    3     1     0     4     0     0   32     0     0    16     0    0   240   225.0K    3.143     1394  OK
186    5    4      1     1    32     0     2      1     1    5    0    3     1     0     4     0     0   32     1     0    16     0    0   240   225.0K    3.150     1391  OK
187    5    4      3     1    32     0     4      0     1    5    0    3     0     0     5     0     0   32     0     0    16     0    0   244   225.0K    3.151     1390  OK
188    5    4      3     1    32     0     4      0     1    5    0    3     1     0     5     0     0   32     0     0    16     0    0   244   225.0K    3.156     1388  OK
189    5    4      3     1    32     0     4      0     1    5    0    3     0     0     0     0     0   32     0     0    16     0    0   244   225.0K    3.169     1382  OK
190    5    4      3     1    32     0     4      0     1    5    0    3     1     0     0     0     0   32     0     0    16     0    0   244   225.0K    3.173     1381  OK
191    5    4      3     1    32     0     2      0     1    5    0    3     2     0     0     0     1   32     0     0    16     0    0   247   225.0K    3.179     1378  OK
192    5    4      3     1    32     0     2      0     1    5    0    3     2     0     5     0     0   32     0     0    16     0    0   247   225.0K    3.183     1376  OK
193    5    4      3     1    32     0     2      0     1    5    0    3     2     0     0     0     0   32     0     0    16     0    0   247   225.0K    3.184     1376  OK
194    5    4      1     1    32     0     2      1     1    5    0    3     1     0     0     0     0   32     1     0    16     0    0   240   225.0K    3.205     1367  OK
195    5    4      3     1    32     0     4      0     1    5    0    3     0     0     0     0     1   32     0     0    16     0    0   244   225.0K    3.220     1360  OK
196    5    4      3     1    32     0     4      0     1    5    0    3     1     0     0     0     1   32     0     0    16     0    0   244   225.0K    3.223     1359  OK
197    5    4      3     1    32     0     1      1     1    5    0    3     1     0     5     0     0   32     0     0    16     0    0   238   225.0K    3.247     1349  OK
198    5    4      3     1    32     0     1      1     1    5    0    3     1     0     0     0     0   32     0     0    16     0    0   238   225.0K    3.258     1344  OK
199    5    4      3     1    32     0     1      1     1    5    0    3     0     0     5     0     0   32     0     0    16     0    0   238   225.0K    3.264     1342  OK
200    5    4      0     1    32     0     2      1     1    5    0    3     1     0     5     0     0   32     0     0    16     0    0   240   225.0K    3.268     1340  OK
201    5    4      3     1    32     0     1      1     1    5    0    3     0     0     0     0     0   32     0     0    16     0    0   238   225.0K    3.285     1334  OK
202    5    4      3     1    32     0     2      0     1    5    0    3     1     0     5     0     0   32     0     0    16     0    0   239   225.0K    3.301     1327  OK
203    5    4      3     1    32     0     2      0     1    5    0    3     1     0     0     0     0   32     0     0    16     0    0   239   225.0K    3.304     1326  OK
204    5    4      3     1    32     0     1      1     1    5    0    3     0     0     0     0     1   32     0     0    16     0    0   211   225.0K    3.318     1320  OK
205    5    4      3     1    32     0     1      1     1    5    0    3     1     0     0     0     1   32     0     0    16     0    0   211   225.0K    3.319     1320  OK
206    5    4      3     1    32     0     2      0     1    5    0    3     0     0     5     0     0   32     0     0    16     0    0   240   225.0K    3.320     1319  OK
207    5    4      3     1    32     0     2      0     1    5    0    3     0     0     0     0     0   32     0     0    16     0    0   240   225.0K    3.333     1314  OK
208    5    4      0     1    32     0     1      1     1    5    0    3     1     0     5     0     0   32     0     0    16     0    0   236   225.0K    3.450     1270  OK
209    5    4      3     1    32     0     1      1     1    5    0    3     2     0     0     0     1   32     0     0    16     0    0   211   225.0K    3.465     1264  OK
210    5    4      3     1    32     0     1      1     1    5    0    3     2     0     5     0     0   32     0     0    16     0    0   238   225.0K    3.467     1263  OK
211    5    4      3     1    32     0     1      1     1    5    0    3     2     0     0     0     0   32     0     0    16     0    0   238   225.0K    3.474     1261  OK
212    5    4      3     1    32     0     1      1     1    5    0    3     2     0     0     0     1   32     0     0    16     1    0   211   225.0K    3.496     1253  OK
213    5    4      3     1    32     0     2      0     1    5    0    3     1     0     0     0     1   32     0     0    16     0    0   248   225.0K    3.510     1248  OK
214    5    4      3     1    32     0     1      1     1    5    0    3     2     0     0     0     1   32     0     0    32     0    0   211   225.0K    3.515     1246  OK
215    5    4      3     1    32     0     2      0     1    5    0    3     0     0     0     0     1   32     0     0    16     0    0   248   225.0K    3.516     1246  OK
216    5    4      3     1    32     0     1      1     1    5    0    3     2     0     0     0     0   32     0     0    16     1    0   238   225.0K    3.518     1245  OK
217    5    4      3     1    32     0     1      0     1    5    0    3     1     0     5     0     0   32     0     0    16     0    0   238   225.0K    3.825     1145  OK
218    5    4      3     1    32     0     1      0     1    5    0    3     1     0     0     0     0   32     0     0    16     0    0   238   225.0K    3.830     1143  OK
219    5    4      3     1    32     0     1      0     1    5    0    3     0     0     5     0     0   32     0     0    16     0    0   238   225.0K    3.868     1132  OK
220    5    4      3     1    32     0     1      0     1    5    0    3     0     0     0     0     0   32     0     0    16     0    0   238   225.0K    3.869     1132  OK
221    5    4      3     1    32     0     1      0     1    5    0    3     1     0     0     0     1   32     0     0    16     0    0   211   225.0K    3.909     1121  OK
222    5    4      3     1    32     0     1      0     1    5    0    3     0     0     0     0     1   32     0     0    16     0    0   211   225.0K    3.930     1115  OK
223    5    4      3     1    32     0     1      0     1    5    0    3     2     0     5     0     0   32     0     0    16     0    0   238   225.0K    4.148     1056  OK
224    5    4      3     1    32     0     1      0     1    5    0    3     2     0     0     0     0   32     0     0    16     0    0   238   225.0K    4.149     1056  OK
225    5    4      3     1    32     0     1      0     1    5    0    3     2     0     0     0     1   32     0     0    16     0    0   211   225.0K    4.154     1055  OK

CSV written to /root/siglip/data/session_20260315_225415/sweep_fc1_gelu.csv

Best: -DGELU_VARIANT=4 -DINTERLEAVE_STRATEGY=0 -DMBAR_EARLY=1 -DN_STAGES=5 -DPHASE1_UNROLL=4 -DSTAGGER_CYCLES=0 -DSUB_MMA_UNROLL=3 → 2.267 ms / 1932 TFLOPS (244 regs)
