Kernel: patch_embed (patch_embed.cu)
Per-kernel tiers for patch_embed: skipping GELU_VARIANT, TMA_RESIDUAL, BATCH_EPILOGUE, GELU_VECTOR_WIDTH, STS_WIDTH, NUM_PASSES_PARAM
Pinned at winner values: MBAR_EARLY=1 STAGGER_CYCLES=160

=== Tier 1: N_STAGES, K_LOOP_UNROLL, W0_LOOP_UNROLL ===
Sweep: 45 total, 45 valid, 0 pruned
Estimated time: ~4 min (45 configs × ~5s each)

[1/45] -DK_LOOP_UNROLL=1 -DMBAR_EARLY=1 -DN_STAGES=3 -DSTAGGER_CYCLES=160 ... 0.567 ms / 1931 TFLOPS  (157 regs, 2.0s)
[2/45] -DK_LOOP_UNROLL=1 -DMBAR_EARLY=1 -DN_STAGES=3 -DSTAGGER_CYCLES=160 -DW0_LOOP_UNROLL=1 ... 0.582 ms / 1880 TFLOPS  (143 regs, 1.5s)
[3/45] -DK_LOOP_UNROLL=1 -DMBAR_EARLY=1 -DN_STAGES=3 -DSTAGGER_CYCLES=160 -DW0_LOOP_UNROLL=4 ... 0.582 ms / 1880 TFLOPS  (143 regs, 1.6s)
[4/45] -DK_LOOP_UNROLL=1 -DMBAR_EARLY=1 -DSTAGGER_CYCLES=160 ... 0.664 ms / 1649 TFLOPS  (163 regs, 1.6s)
[5/45] -DK_LOOP_UNROLL=1 -DMBAR_EARLY=1 -DSTAGGER_CYCLES=160 -DW0_LOOP_UNROLL=1 ... 0.758 ms / 1444 TFLOPS  (145 regs, 1.5s)
[6/45] -DK_LOOP_UNROLL=1 -DMBAR_EARLY=1 -DSTAGGER_CYCLES=160 -DW0_LOOP_UNROLL=4 ... 0.662 ms / 1655 TFLOPS  (163 regs, 1.5s)
[7/45] -DK_LOOP_UNROLL=1 -DMBAR_EARLY=1 -DN_STAGES=5 -DSTAGGER_CYCLES=160 ... 0.867 ms / 1263 TFLOPS  (167 regs, 1.6s)
[8/45] -DK_LOOP_UNROLL=1 -DMBAR_EARLY=1 -DN_STAGES=5 -DSTAGGER_CYCLES=160 -DW0_LOOP_UNROLL=1 ... 0.902 ms / 1215 TFLOPS  (143 regs, 1.5s)
[9/45] -DK_LOOP_UNROLL=1 -DMBAR_EARLY=1 -DN_STAGES=5 -DSTAGGER_CYCLES=160 -DW0_LOOP_UNROLL=4 ... 0.878 ms / 1247 TFLOPS  (143 regs, 1.6s)
[10/45] -DK_LOOP_UNROLL=2 -DMBAR_EARLY=1 -DN_STAGES=3 -DSTAGGER_CYCLES=160 ... 0.567 ms / 1931 TFLOPS  (157 regs, 1.6s)
[11/45] -DK_LOOP_UNROLL=2 -DMBAR_EARLY=1 -DN_STAGES=3 -DSTAGGER_CYCLES=160 -DW0_LOOP_UNROLL=1 ... 0.582 ms / 1882 TFLOPS  (143 regs, 1.5s)
[12/45] -DK_LOOP_UNROLL=2 -DMBAR_EARLY=1 -DN_STAGES=3 -DSTAGGER_CYCLES=160 -DW0_LOOP_UNROLL=4 ... 0.584 ms / 1876 TFLOPS  (143 regs, 1.6s)
[13/45] -DK_LOOP_UNROLL=2 -DMBAR_EARLY=1 -DSTAGGER_CYCLES=160 ... 0.670 ms / 1635 TFLOPS  (163 regs, 1.6s)
[14/45] -DK_LOOP_UNROLL=2 -DMBAR_EARLY=1 -DSTAGGER_CYCLES=160 -DW0_LOOP_UNROLL=1 ... 0.758 ms / 1444 TFLOPS  (145 regs, 1.6s)
[15/45] -DK_LOOP_UNROLL=2 -DMBAR_EARLY=1 -DSTAGGER_CYCLES=160 -DW0_LOOP_UNROLL=4 ... 0.668 ms / 1639 TFLOPS  (163 regs, 1.6s)
[16/45] -DK_LOOP_UNROLL=2 -DMBAR_EARLY=1 -DN_STAGES=5 -DSTAGGER_CYCLES=160 ... 0.867 ms / 1263 TFLOPS  (167 regs, 1.5s)
[17/45] -DK_LOOP_UNROLL=2 -DMBAR_EARLY=1 -DN_STAGES=5 -DSTAGGER_CYCLES=160 -DW0_LOOP_UNROLL=1 ... 0.901 ms / 1215 TFLOPS  (143 regs, 1.6s)
[18/45] -DK_LOOP_UNROLL=2 -DMBAR_EARLY=1 -DN_STAGES=5 -DSTAGGER_CYCLES=160 -DW0_LOOP_UNROLL=4 ... 0.877 ms / 1248 TFLOPS  (143 regs, 1.6s)
[19/45] -DMBAR_EARLY=1 -DN_STAGES=3 -DSTAGGER_CYCLES=160 ... 0.568 ms / 1929 TFLOPS  (157 regs, 1.6s)
[20/45] -DMBAR_EARLY=1 -DN_STAGES=3 -DSTAGGER_CYCLES=160 -DW0_LOOP_UNROLL=1 ... 0.583 ms / 1879 TFLOPS  (143 regs, 1.5s)
[21/45] -DMBAR_EARLY=1 -DN_STAGES=3 -DSTAGGER_CYCLES=160 -DW0_LOOP_UNROLL=4 ... 0.581 ms / 1886 TFLOPS  (143 regs, 1.6s)
[22/45] -DMBAR_EARLY=1 -DSTAGGER_CYCLES=160 ... 0.527 ms / 2076 TFLOPS  (210 regs, 1.6s)
[23/45] -DMBAR_EARLY=1 -DSTAGGER_CYCLES=160 -DW0_LOOP_UNROLL=1 ... 0.681 ms / 1607 TFLOPS  (196 regs, 1.6s)
[24/45] -DMBAR_EARLY=1 -DSTAGGER_CYCLES=160 -DW0_LOOP_UNROLL=4 ... 0.526 ms / 2080 TFLOPS  (210 regs, 1.6s)
[25/45] -DMBAR_EARLY=1 -DN_STAGES=5 -DSTAGGER_CYCLES=160 ... 0.535 ms / 2047 TFLOPS  (234 regs, 1.6s)
[26/45] -DMBAR_EARLY=1 -DN_STAGES=5 -DSTAGGER_CYCLES=160 -DW0_LOOP_UNROLL=1 ... 0.858 ms / 1276 TFLOPS  (212 regs, 1.6s)
[27/45] -DMBAR_EARLY=1 -DN_STAGES=5 -DSTAGGER_CYCLES=160 -DW0_LOOP_UNROLL=4 ... 0.828 ms / 1322 TFLOPS  (212 regs, 1.6s)
[28/45] -DK_LOOP_UNROLL=6 -DMBAR_EARLY=1 -DN_STAGES=3 -DSTAGGER_CYCLES=160 ... 0.555 ms / 1974 TFLOPS  (169 regs, 1.6s)
[29/45] -DK_LOOP_UNROLL=6 -DMBAR_EARLY=1 -DN_STAGES=3 -DSTAGGER_CYCLES=160 -DW0_LOOP_UNROLL=1 ... 0.573 ms / 1912 TFLOPS  (155 regs, 1.6s)
[30/45] -DK_LOOP_UNROLL=6 -DMBAR_EARLY=1 -DN_STAGES=3 -DSTAGGER_CYCLES=160 -DW0_LOOP_UNROLL=4 ... 0.570 ms / 1921 TFLOPS  (155 regs, 1.6s)
[31/45] -DK_LOOP_UNROLL=6 -DMBAR_EARLY=1 -DSTAGGER_CYCLES=160 ... 0.526 ms / 2080 TFLOPS  (178 regs, 1.6s)
[32/45] -DK_LOOP_UNROLL=6 -DMBAR_EARLY=1 -DSTAGGER_CYCLES=160 -DW0_LOOP_UNROLL=1 ... 0.676 ms / 1620 TFLOPS  (159 regs, 1.6s)
[33/45] -DK_LOOP_UNROLL=6 -DMBAR_EARLY=1 -DSTAGGER_CYCLES=160 -DW0_LOOP_UNROLL=4 ... 0.525 ms / 2085 TFLOPS  (174 regs, 1.6s)
[34/45] -DK_LOOP_UNROLL=6 -DMBAR_EARLY=1 -DN_STAGES=5 -DSTAGGER_CYCLES=160 ... 0.535 ms / 2046 TFLOPS  (186 regs, 1.6s)
[35/45] -DK_LOOP_UNROLL=6 -DMBAR_EARLY=1 -DN_STAGES=5 -DSTAGGER_CYCLES=160 -DW0_LOOP_UNROLL=1 ... 0.861 ms / 1272 TFLOPS  (163 regs, 1.6s)
[36/45] -DK_LOOP_UNROLL=6 -DMBAR_EARLY=1 -DN_STAGES=5 -DSTAGGER_CYCLES=160 -DW0_LOOP_UNROLL=4 ... 0.827 ms / 1324 TFLOPS  (163 regs, 1.6s)
[37/45] -DK_LOOP_UNROLL=8 -DMBAR_EARLY=1 -DN_STAGES=3 -DSTAGGER_CYCLES=160 ... 0.557 ms / 1966 TFLOPS  (169 regs, 1.6s)
[38/45] -DK_LOOP_UNROLL=8 -DMBAR_EARLY=1 -DN_STAGES=3 -DSTAGGER_CYCLES=160 -DW0_LOOP_UNROLL=1 ... 0.570 ms / 1920 TFLOPS  (155 regs, 1.6s)
[39/45] -DK_LOOP_UNROLL=8 -DMBAR_EARLY=1 -DN_STAGES=3 -DSTAGGER_CYCLES=160 -DW0_LOOP_UNROLL=4 ... 0.569 ms / 1924 TFLOPS  (155 regs, 1.6s)
[40/45] -DK_LOOP_UNROLL=8 -DMBAR_EARLY=1 -DSTAGGER_CYCLES=160 ... 0.525 ms / 2084 TFLOPS  (214 regs, 1.6s)
[41/45] -DK_LOOP_UNROLL=8 -DMBAR_EARLY=1 -DSTAGGER_CYCLES=160 -DW0_LOOP_UNROLL=1 ... 0.681 ms / 1607 TFLOPS  (196 regs, 1.6s)
[42/45] -DK_LOOP_UNROLL=8 -DMBAR_EARLY=1 -DSTAGGER_CYCLES=160 -DW0_LOOP_UNROLL=4 ... 0.528 ms / 2074 TFLOPS  (210 regs, 1.6s)
[43/45] -DK_LOOP_UNROLL=8 -DMBAR_EARLY=1 -DN_STAGES=5 -DSTAGGER_CYCLES=160 ... 0.533 ms / 2055 TFLOPS  (186 regs, 1.6s)
[44/45] -DK_LOOP_UNROLL=8 -DMBAR_EARLY=1 -DN_STAGES=5 -DSTAGGER_CYCLES=160 -DW0_LOOP_UNROLL=1 ... 0.862 ms / 1271 TFLOPS  (163 regs, 1.6s)
[45/45] -DK_LOOP_UNROLL=8 -DMBAR_EARLY=1 -DN_STAGES=5 -DSTAGGER_CYCLES=160 -DW0_LOOP_UNROLL=4 ... 0.825 ms / 1327 TFLOPS  (163 regs, 1.6s)
  η²: N_STAGES=0.523, K_LOOP_UNROLL=0.177, W0_LOOP_UNROLL=0.132

Tier 1 winner (top-3): -DK_LOOP_UNROLL=6 -DMBAR_EARLY=1 -DSTAGGER_CYCLES=160 -DW0_LOOP_UNROLL=4 → 0.525 ms / 2085 TFLOPS
  #2: -DK_LOOP_UNROLL=8 -DMBAR_EARLY=1 -DSTAGGER_CYCLES=160 → 0.525 ms / 2084 TFLOPS
  #3: -DMBAR_EARLY=1 -DSTAGGER_CYCLES=160 -DW0_LOOP_UNROLL=4 → 0.526 ms / 2080 TFLOPS

=== Tier 2: PHASE1_UNROLL, SNAKE_ORDER ===
  Branch 1/3: -DK_LOOP_UNROLL=6 -DMBAR_EARLY=1 -DSTAGGER_CYCLES=160 -DW0_LOOP_UNROLL=4
Sweep: 6 total, 6 valid, 0 pruned
Estimated time: ~0 min (6 configs × ~5s each)

[1/6] -DK_LOOP_UNROLL=6 -DMBAR_EARLY=1 -DPHASE1_UNROLL=1 -DSNAKE_ORDER=0 -DSTAGGER_CYCLES=160 -DW0_LOOP_UNROLL=4 ... 0.751 ms / 1457 TFLOPS  (142 regs, 1.5s)
[2/6] -DK_LOOP_UNROLL=6 -DMBAR_EARLY=1 -DPHASE1_UNROLL=1 -DSTAGGER_CYCLES=160 -DW0_LOOP_UNROLL=4 ... 0.633 ms / 1730 TFLOPS  (142 regs, 1.5s)
[3/6] -DK_LOOP_UNROLL=6 -DMBAR_EARLY=1 -DSNAKE_ORDER=0 -DSTAGGER_CYCLES=160 -DW0_LOOP_UNROLL=4 ... 0.581 ms / 1885 TFLOPS  (174 regs, 1.6s)
[4/6] -DK_LOOP_UNROLL=6 -DMBAR_EARLY=1 -DSTAGGER_CYCLES=160 -DW0_LOOP_UNROLL=4 ... 0.527 ms / 2078 TFLOPS  (174 regs, 1.6s)
[5/6] -DK_LOOP_UNROLL=6 -DMBAR_EARLY=1 -DPHASE1_UNROLL=4 -DSNAKE_ORDER=0 -DSTAGGER_CYCLES=160 -DW0_LOOP_UNROLL=4 ... 0.537 ms / 2038 TFLOPS  (222 regs, 1.6s)
[6/6] -DK_LOOP_UNROLL=6 -DMBAR_EARLY=1 -DPHASE1_UNROLL=4 -DSTAGGER_CYCLES=160 -DW0_LOOP_UNROLL=4 ... 0.528 ms / 2074 TFLOPS  (222 regs, 1.6s)
  Branch 2/3: -DK_LOOP_UNROLL=8 -DMBAR_EARLY=1 -DSTAGGER_CYCLES=160
Sweep: 6 total, 6 valid, 0 pruned
Estimated time: ~0 min (6 configs × ~5s each)

[1/6] -DK_LOOP_UNROLL=8 -DMBAR_EARLY=1 -DPHASE1_UNROLL=1 -DSNAKE_ORDER=0 -DSTAGGER_CYCLES=160 ... 0.744 ms / 1472 TFLOPS  (179 regs, 1.6s)
[2/6] -DK_LOOP_UNROLL=8 -DMBAR_EARLY=1 -DPHASE1_UNROLL=1 -DSTAGGER_CYCLES=160 ... 0.623 ms / 1757 TFLOPS  (179 regs, 1.6s)
[3/6] -DK_LOOP_UNROLL=8 -DMBAR_EARLY=1 -DSNAKE_ORDER=0 -DSTAGGER_CYCLES=160 ... 0.574 ms / 1907 TFLOPS  (214 regs, 1.6s)
[4/6] -DK_LOOP_UNROLL=8 -DMBAR_EARLY=1 -DSTAGGER_CYCLES=160 ... 0.525 ms / 2087 TFLOPS  (214 regs, 1.6s)
[5/6] -DK_LOOP_UNROLL=8 -DMBAR_EARLY=1 -DPHASE1_UNROLL=4 -DSNAKE_ORDER=0 -DSTAGGER_CYCLES=160 ... 0.538 ms / 2034 TFLOPS  (255 regs, 1.6s)
[6/6] -DK_LOOP_UNROLL=8 -DMBAR_EARLY=1 -DPHASE1_UNROLL=4 -DSTAGGER_CYCLES=160 ... 0.529 ms / 2069 TFLOPS  (255 regs, 1.6s)
  Branch 3/3: -DMBAR_EARLY=1 -DSTAGGER_CYCLES=160 -DW0_LOOP_UNROLL=4
Sweep: 6 total, 6 valid, 0 pruned
Estimated time: ~0 min (6 configs × ~5s each)

[1/6] -DMBAR_EARLY=1 -DPHASE1_UNROLL=1 -DSNAKE_ORDER=0 -DSTAGGER_CYCLES=160 -DW0_LOOP_UNROLL=4 ... 0.745 ms / 1470 TFLOPS  (177 regs, 1.6s)
[2/6] -DMBAR_EARLY=1 -DPHASE1_UNROLL=1 -DSTAGGER_CYCLES=160 -DW0_LOOP_UNROLL=4 ... 0.628 ms / 1744 TFLOPS  (177 regs, 1.6s)
[3/6] -DMBAR_EARLY=1 -DSNAKE_ORDER=0 -DSTAGGER_CYCLES=160 -DW0_LOOP_UNROLL=4 ... 0.573 ms / 1911 TFLOPS  (210 regs, 1.6s)
[4/6] -DMBAR_EARLY=1 -DSTAGGER_CYCLES=160 -DW0_LOOP_UNROLL=4 ... 0.526 ms / 2080 TFLOPS  (210 regs, 1.6s)
[5/6] -DMBAR_EARLY=1 -DPHASE1_UNROLL=4 -DSNAKE_ORDER=0 -DSTAGGER_CYCLES=160 -DW0_LOOP_UNROLL=4 ... 0.543 ms / 2017 TFLOPS  (255 regs, 1.6s)
[6/6] -DMBAR_EARLY=1 -DPHASE1_UNROLL=4 -DSTAGGER_CYCLES=160 -DW0_LOOP_UNROLL=4 ... 0.530 ms / 2067 TFLOPS  (255 regs, 1.6s)
  η²: PHASE1_UNROLL=0.771, SNAKE_ORDER=0.146

  Gap: 0.57% → k_eff=2 (from 3)

Tier 2 winner (top-3): -DK_LOOP_UNROLL=8 -DMBAR_EARLY=1 -DSTAGGER_CYCLES=160 → 0.525 ms / 2087 TFLOPS
  #2: -DK_LOOP_UNROLL=6 -DMBAR_EARLY=1 -DPHASE1_UNROLL=4 -DSTAGGER_CYCLES=160 -DW0_LOOP_UNROLL=4 → 0.528 ms / 2074 TFLOPS
  #3: -DK_LOOP_UNROLL=6 -DMBAR_EARLY=1 -DPHASE1_UNROLL=4 -DSNAKE_ORDER=0 -DSTAGGER_CYCLES=160 -DW0_LOOP_UNROLL=4 → 0.537 ms / 2038 TFLOPS

=== Tier 3: EPILOGUE_LOOP, EPI_SYNC, STORE_TIMING ===
  Branch 1/2: -DK_LOOP_UNROLL=8 -DMBAR_EARLY=1 -DSTAGGER_CYCLES=160
Sweep: 8 total, 3 valid, 5 pruned
Estimated time: ~0 min (3 configs × ~5s each)

[1/3] -DK_LOOP_UNROLL=8 -DMBAR_EARLY=1 -DSTAGGER_CYCLES=160 ... 0.528 ms / 2075 TFLOPS  (214 regs, 1.6s)
[2/3] -DK_LOOP_UNROLL=8 -DMBAR_EARLY=1 -DSTAGGER_CYCLES=160 -DSTORE_TIMING=1 ... 0.553 ms / 1982 TFLOPS  (214 regs, 1.6s)
[3/3] -DEPILOGUE_LOOP=1 -DK_LOOP_UNROLL=8 -DMBAR_EARLY=1 -DSTAGGER_CYCLES=160 -DSTORE_TIMING=1 ... 0.575 ms / 1906 TFLOPS  (179 regs, 1.6s)
  Branch 2/2: -DK_LOOP_UNROLL=6 -DMBAR_EARLY=1 -DPHASE1_UNROLL=4 -DSTAGGER_CYCLES=160 -DW0_LOOP_UNROLL=4
Sweep: 8 total, 3 valid, 5 pruned
Estimated time: ~0 min (3 configs × ~5s each)

[1/3] -DK_LOOP_UNROLL=6 -DMBAR_EARLY=1 -DPHASE1_UNROLL=4 -DSTAGGER_CYCLES=160 -DW0_LOOP_UNROLL=4 ... 0.529 ms / 2070 TFLOPS  (222 regs, 1.6s)
[2/3] -DK_LOOP_UNROLL=6 -DMBAR_EARLY=1 -DPHASE1_UNROLL=4 -DSTAGGER_CYCLES=160 -DSTORE_TIMING=1 -DW0_LOOP_UNROLL=4 ... 0.551 ms / 1989 TFLOPS  (222 regs, 1.6s)
[3/3] -DEPILOGUE_LOOP=1 -DK_LOOP_UNROLL=6 -DMBAR_EARLY=1 -DSTAGGER_CYCLES=160 -DSTORE_TIMING=1 -DW0_LOOP_UNROLL=4 ... 0.569 ms / 1925 TFLOPS  (142 regs, 1.6s)
  η²: EPILOGUE_LOOP=0.701, STORE_TIMING=0.781

  Gap: 4.36% → k_eff=1 (from 3)

Tier 3 winner (top-3): -DK_LOOP_UNROLL=8 -DMBAR_EARLY=1 -DSTAGGER_CYCLES=160 → 0.528 ms / 2075 TFLOPS
  #2: -DK_LOOP_UNROLL=6 -DMBAR_EARLY=1 -DPHASE1_UNROLL=4 -DSTAGGER_CYCLES=160 -DSTORE_TIMING=1 -DW0_LOOP_UNROLL=4 → 0.551 ms / 1989 TFLOPS
  #3: -DEPILOGUE_LOOP=1 -DK_LOOP_UNROLL=6 -DMBAR_EARLY=1 -DSTAGGER_CYCLES=160 -DSTORE_TIMING=1 -DW0_LOOP_UNROLL=4 → 0.569 ms / 1925 TFLOPS

=== Interaction: loop_store (EPILOGUE_LOOP, STORE_TIMING) ===
Sweep: 4 total, 3 valid, 1 pruned
Estimated time: ~0 min (3 configs × ~5s each)

[1/3] -DK_LOOP_UNROLL=8 -DMBAR_EARLY=1 -DSTAGGER_CYCLES=160 ... 0.525 ms / 2084 TFLOPS  (214 regs, 1.6s)
[2/3] -DK_LOOP_UNROLL=8 -DMBAR_EARLY=1 -DSTAGGER_CYCLES=160 -DSTORE_TIMING=1 ... 0.555 ms / 1972 TFLOPS  (214 regs, 1.6s)
[3/3] -DEPILOGUE_LOOP=1 -DK_LOOP_UNROLL=8 -DMBAR_EARLY=1 -DSTAGGER_CYCLES=160 -DSTORE_TIMING=1 ... 0.559 ms / 1959 TFLOPS  (179 regs, 1.6s)
  η²: EPILOGUE_LOOP=0.348, STORE_TIMING=0.988
  Best: -DK_LOOP_UNROLL=8 -DMBAR_EARLY=1 -DSTAGGER_CYCLES=160 → 0.525 ms / 2084 TFLOPS

=== Interaction: sync_stagger — skipped (noise params: STAGGER_CYCLES) ===

@@GRID_WINNER -DK_LOOP_UNROLL=8 -DMBAR_EARLY=1 -DSTAGGER_CYCLES=160

================================================================================
RESULTS (sorted by ms)
================================================================================
  #  STG  EPI  INTER  MBAR  TMEM  STAG  PH1U  SNAKE  FUSE  KLU  W0U  SMU  PRLD  PFBS  GELU  TMAR  BTCH  GVW  STIM  ELOP  STSW  ESYN  NPP  REGS     SMEM       MS   TFLOPS  STATUS
---------------------------------------------------------------------------------------------------------------------------------------------------------------------------------
  1    4    4      2     1    32   160     2      1     1    6    4    0     1     0     0     0     0   32     0     0    16     0    0   174   193.0K    0.525     2085  BEST
  2    4    4      2     1    32   160     2      1     1    8    0    0     1     0     0     0     0   32     0     0    16     0    0   214   193.0K    0.525     2084  BEST
  3    4    4      2     1    32   160     2      1     1    8    0    0     1     0     0     0     0   32     0     0    16     0    0   214   193.0K    0.525     2087  BEST
  4    4    4      2     1    32   160     2      1     1    8    0    0     1     0     0     0     0   32     0     0    16     0    0   214   193.0K    0.525     2084  BEST
  5    4    4      2     1    32   160     2      1     1    4    4    0     1     0     0     0     0   32     0     0    16     0    0   210   193.0K    0.526     2080  OK
  6    4    4      2     1    32   160     2      1     1    6    0    0     1     0     0     0     0   32     0     0    16     0    0   178   193.0K    0.526     2080  OK
  7    4    4      2     1    32   160     2      1     1    4    4    0     1     0     0     0     0   32     0     0    16     0    0   210   193.0K    0.526     2080  OK
  8    4    4      2     1    32   160     2      1     1    4    0    0     1     0     0     0     0   32     0     0    16     0    0   210   193.0K    0.527     2076  OK
  9    4    4      2     1    32   160     2      1     1    6    4    0     1     0     0     0     0   32     0     0    16     0    0   174   193.0K    0.527     2078  OK
 10    4    4      2     1    32   160     2      1     1    8    4    0     1     0     0     0     0   32     0     0    16     0    0   210   193.0K    0.528     2074  OK
 11    4    4      2     1    32   160     4      1     1    6    4    0     1     0     0     0     0   32     0     0    16     0    0   222   193.0K    0.528     2074  OK
 12    4    4      2     1    32   160     2      1     1    8    0    0     1     0     0     0     0   32     0     0    16     0    0   214   193.0K    0.528     2075  OK
 13    4    4      2     1    32   160     4      1     1    8    0    0     1     0     0     0     0   32     0     0    16     0    0   255   193.0K    0.529     2069  OK
 14    4    4      2     1    32   160     4      1     1    6    4    0     1     0     0     0     0   32     0     0    16     0    0   222   193.0K    0.529     2070  OK
 15    4    4      2     1    32   160     4      1     1    4    4    0     1     0     0     0     0   32     0     0    16     0    0   255   193.0K    0.530     2067  OK
 16    5    4      2     1    32   160     2      1     1    8    0    0     1     0     0     0     0   32     0     0    16     0    0   186   225.0K    0.533     2055  OK
 17    5    4      2     1    32   160     2      1     1    5    0    0     1     0     0     0     0   32     0     0    16     0    0   234   225.0K    0.535     2047  OK
 18    5    4      2     1    32   160     2      1     1    6    0    0     1     0     0     0     0   32     0     0    16     0    0   186   225.0K    0.535     2046  OK
 19    4    4      2     1    32   160     4      0     1    6    4    0     1     0     0     0     0   32     0     0    16     0    0   222   193.0K    0.537     2038  OK
 20    4    4      2     1    32   160     4      0     1    8    0    0     1     0     0     0     0   32     0     0    16     0    0   255   193.0K    0.538     2034  OK
 21    4    4      2     1    32   160     4      0     1    4    4    0     1     0     0     0     0   32     0     0    16     0    0   255   193.0K    0.543     2017  OK
 22    4    4      2     1    32   160     4      1     1    6    4    0     1     0     0     0     0   32     1     0    16     0    0   222   193.0K    0.551     1989  OK
 23    4    4      2     1    32   160     2      1     1    8    0    0     1     0     0     0     0   32     1     0    16     0    0   214   193.0K    0.553     1982  OK
 24    3    4      2     1    32   160     2      1     1    6    0    0     1     0     0     0     0   32     0     0    16     0    0   169   161.0K    0.555     1974  OK
 25    4    4      2     1    32   160     2      1     1    8    0    0     1     0     0     0     0   32     1     0    16     0    0   214   193.0K    0.555     1972  OK
 26    3    4      2     1    32   160     2      1     1    8    0    0     1     0     0     0     0   32     0     0    16     0    0   169   161.0K    0.557     1966  OK
 27    4    4      2     1    32   160     2      1     1    8    0    0     1     0     0     0     0   32     1     1    16     0    0   179   193.0K    0.559     1959  OK
 28    3    4      2     1    32   160     2      1     1    1    0    0     1     0     0     0     0   32     0     0    16     0    0   157   161.0K    0.567     1931  OK
 29    3    4      2     1    32   160     2      1     1    2    0    0     1     0     0     0     0   32     0     0    16     0    0   157   161.0K    0.567     1931  OK
 30    3    4      2     1    32   160     2      1     1    3    0    0     1     0     0     0     0   32     0     0    16     0    0   157   161.0K    0.568     1929  OK
 31    3    4      2     1    32   160     2      1     1    8    4    0     1     0     0     0     0   32     0     0    16     0    0   155   161.0K    0.569     1924  OK
 32    4    4      2     1    32   160     4      1     1    6    4    0     1     0     0     0     0   32     1     1    16     0    0   142   193.0K    0.569     1925  OK
 33    3    4      2     1    32   160     2      1     1    6    4    0     1     0     0     0     0   32     0     0    16     0    0   155   161.0K    0.570     1921  OK
 34    3    4      2     1    32   160     2      1     1    8    1    0     1     0     0     0     0   32     0     0    16     0    0   155   161.0K    0.570     1920  OK
 35    3    4      2     1    32   160     2      1     1    6    1    0     1     0     0     0     0   32     0     0    16     0    0   155   161.0K    0.573     1912  OK
 36    4    4      2     1    32   160     2      0     1    4    4    0     1     0     0     0     0   32     0     0    16     0    0   210   193.0K    0.573     1911  OK
 37    4    4      2     1    32   160     2      0     1    8    0    0     1     0     0     0     0   32     0     0    16     0    0   214   193.0K    0.574     1907  OK
 38    4    4      2     1    32   160     2      1     1    8    0    0     1     0     0     0     0   32     1     1    16     0    0   179   193.0K    0.575     1906  OK
 39    3    4      2     1    32   160     2      1     1    3    4    0     1     0     0     0     0   32     0     0    16     0    0   143   161.0K    0.581     1886  OK
 40    4    4      2     1    32   160     2      0     1    6    4    0     1     0     0     0     0   32     0     0    16     0    0   174   193.0K    0.581     1885  OK
 41    3    4      2     1    32   160     2      1     1    1    1    0     1     0     0     0     0   32     0     0    16     0    0   143   161.0K    0.582     1880  OK
 42    3    4      2     1    32   160     2      1     1    1    4    0     1     0     0     0     0   32     0     0    16     0    0   143   161.0K    0.582     1880  OK
 43    3    4      2     1    32   160     2      1     1    2    1    0     1     0     0     0     0   32     0     0    16     0    0   143   161.0K    0.582     1882  OK
 44    3    4      2     1    32   160     2      1     1    3    1    0     1     0     0     0     0   32     0     0    16     0    0   143   161.0K    0.583     1879  OK
 45    3    4      2     1    32   160     2      1     1    2    4    0     1     0     0     0     0   32     0     0    16     0    0   143   161.0K    0.584     1876  OK
 46    4    4      2     1    32   160     1      1     1    8    0    0     1     0     0     0     0   32     0     0    16     0    0   179   193.0K    0.623     1757  OK
 47    4    4      2     1    32   160     1      1     1    4    4    0     1     0     0     0     0   32     0     0    16     0    0   177   193.0K    0.628     1744  OK
 48    4    4      2     1    32   160     1      1     1    6    4    0     1     0     0     0     0   32     0     0    16     0    0   142   193.0K    0.633     1730  OK
 49    4    4      2     1    32   160     2      1     1    1    4    0     1     0     0     0     0   32     0     0    16     0    0   163   193.0K    0.662     1655  OK
 50    4    4      2     1    32   160     2      1     1    1    0    0     1     0     0     0     0   32     0     0    16     0    0   163   193.0K    0.664     1649  OK
 51    4    4      2     1    32   160     2      1     1    2    4    0     1     0     0     0     0   32     0     0    16     0    0   163   193.0K    0.668     1639  OK
 52    4    4      2     1    32   160     2      1     1    2    0    0     1     0     0     0     0   32     0     0    16     0    0   163   193.0K    0.670     1635  OK
 53    4    4      2     1    32   160     2      1     1    6    1    0     1     0     0     0     0   32     0     0    16     0    0   159   193.0K    0.676     1620  OK
 54    4    4      2     1    32   160     2      1     1    4    1    0     1     0     0     0     0   32     0     0    16     0    0   196   193.0K    0.681     1607  OK
 55    4    4      2     1    32   160     2      1     1    8    1    0     1     0     0     0     0   32     0     0    16     0    0   196   193.0K    0.681     1607  OK
 56    4    4      2     1    32   160     1      0     1    8    0    0     1     0     0     0     0   32     0     0    16     0    0   179   193.0K    0.744     1472  OK
 57    4    4      2     1    32   160     1      0     1    4    4    0     1     0     0     0     0   32     0     0    16     0    0   177   193.0K    0.745     1470  OK
 58    4    4      2     1    32   160     1      0     1    6    4    0     1     0     0     0     0   32     0     0    16     0    0   142   193.0K    0.751     1457  OK
 59    4    4      2     1    32   160     2      1     1    1    1    0     1     0     0     0     0   32     0     0    16     0    0   145   193.0K    0.758     1444  OK
 60    4    4      2     1    32   160     2      1     1    2    1    0     1     0     0     0     0   32     0     0    16     0    0   145   193.0K    0.758     1444  OK
 61    5    4      2     1    32   160     2      1     1    8    4    0     1     0     0     0     0   32     0     0    16     0    0   163   225.0K    0.825     1327  OK
 62    5    4      2     1    32   160     2      1     1    6    4    0     1     0     0     0     0   32     0     0    16     0    0   163   225.0K    0.827     1324  OK
 63    5    4      2     1    32   160     2      1     1    5    4    0     1     0     0     0     0   32     0     0    16     0    0   212   225.0K    0.828     1322  OK
 64    5    4      2     1    32   160     2      1     1    5    1    0     1     0     0     0     0   32     0     0    16     0    0   212   225.0K    0.858     1276  OK
 65    5    4      2     1    32   160     2      1     1    6    1    0     1     0     0     0     0   32     0     0    16     0    0   163   225.0K    0.861     1272  OK
 66    5    4      2     1    32   160     2      1     1    8    1    0     1     0     0     0     0   32     0     0    16     0    0   163   225.0K    0.862     1271  OK
 67    5    4      2     1    32   160     2      1     1    1    0    0     1     0     0     0     0   32     0     0    16     0    0   167   225.0K    0.867     1263  OK
 68    5    4      2     1    32   160     2      1     1    2    0    0     1     0     0     0     0   32     0     0    16     0    0   167   225.0K    0.867     1263  OK
 69    5    4      2     1    32   160     2      1     1    2    4    0     1     0     0     0     0   32     0     0    16     0    0   143   225.0K    0.877     1248  OK
 70    5    4      2     1    32   160     2      1     1    1    4    0     1     0     0     0     0   32     0     0    16     0    0   143   225.0K    0.878     1247  OK
 71    5    4      2     1    32   160     2      1     1    2    1    0     1     0     0     0     0   32     0     0    16     0    0   143   225.0K    0.901     1215  OK
 72    5    4      2     1    32   160     2      1     1    1    1    0     1     0     0     0     0   32     0     0    16     0    0   143   225.0K    0.902     1215  OK

CSV written to /root/siglip/data/session_20260315_225415/sweep_patch_embed.csv

Best: -DK_LOOP_UNROLL=6 -DMBAR_EARLY=1 -DSTAGGER_CYCLES=160 -DW0_LOOP_UNROLL=4 → 0.525 ms / 2085 TFLOPS (174 regs)
