Kernel: patch_embed (patch_embed.cu)
Per-kernel tiers for patch_embed: skipping SNAKE_ORDER, GELU_VARIANT, TMA_RESIDUAL, W0_RES_PREFETCH, BATCH_EPILOGUE, GELU_VECTOR_WIDTH, STS_WIDTH, NUM_PASSES_PARAM
Pinned at winner values: MBAR_EARLY=1 STAGGER_CYCLES=160

=== Tier 1: N_STAGES, K_LOOP_UNROLL, W0_LOOP_UNROLL ===
Sweep: 45 total, 45 valid, 0 pruned
Estimated time: ~4 min (45 configs × ~5s each)

[1/45] -DK_LOOP_UNROLL=1 -DMBAR_EARLY=1 -DN_STAGES=3 -DSTAGGER_CYCLES=160 ... 0.567 ms / 1931 TFLOPS  (157 regs, 1.7s)
[2/45] -DK_LOOP_UNROLL=1 -DMBAR_EARLY=1 -DN_STAGES=3 -DSTAGGER_CYCLES=160 -DW0_LOOP_UNROLL=1 ... 0.584 ms / 1876 TFLOPS  (143 regs, 1.6s)
[3/45] -DK_LOOP_UNROLL=1 -DMBAR_EARLY=1 -DN_STAGES=3 -DSTAGGER_CYCLES=160 -DW0_LOOP_UNROLL=4 ... 0.580 ms / 1888 TFLOPS  (143 regs, 1.6s)
[4/45] -DK_LOOP_UNROLL=1 -DMBAR_EARLY=1 -DSTAGGER_CYCLES=160 ... 0.667 ms / 1642 TFLOPS  (163 regs, 1.6s)
[5/45] -DK_LOOP_UNROLL=1 -DMBAR_EARLY=1 -DSTAGGER_CYCLES=160 -DW0_LOOP_UNROLL=1 ... 0.767 ms / 1427 TFLOPS  (145 regs, 1.6s)
[6/45] -DK_LOOP_UNROLL=1 -DMBAR_EARLY=1 -DSTAGGER_CYCLES=160 -DW0_LOOP_UNROLL=4 ... 0.664 ms / 1648 TFLOPS  (163 regs, 1.6s)
[7/45] -DK_LOOP_UNROLL=1 -DMBAR_EARLY=1 -DN_STAGES=5 -DSTAGGER_CYCLES=160 ... 0.865 ms / 1266 TFLOPS  (167 regs, 1.6s)
[8/45] -DK_LOOP_UNROLL=1 -DMBAR_EARLY=1 -DN_STAGES=5 -DSTAGGER_CYCLES=160 -DW0_LOOP_UNROLL=1 ... 0.900 ms / 1217 TFLOPS  (143 regs, 1.6s)
[9/45] -DK_LOOP_UNROLL=1 -DMBAR_EARLY=1 -DN_STAGES=5 -DSTAGGER_CYCLES=160 -DW0_LOOP_UNROLL=4 ... 0.883 ms / 1240 TFLOPS  (143 regs, 1.6s)
[10/45] -DK_LOOP_UNROLL=2 -DMBAR_EARLY=1 -DN_STAGES=3 -DSTAGGER_CYCLES=160 ... 0.565 ms / 1936 TFLOPS  (157 regs, 1.6s)
[11/45] -DK_LOOP_UNROLL=2 -DMBAR_EARLY=1 -DN_STAGES=3 -DSTAGGER_CYCLES=160 -DW0_LOOP_UNROLL=1 ... 0.583 ms / 1880 TFLOPS  (143 regs, 1.6s)
[12/45] -DK_LOOP_UNROLL=2 -DMBAR_EARLY=1 -DN_STAGES=3 -DSTAGGER_CYCLES=160 -DW0_LOOP_UNROLL=4 ... 0.581 ms / 1884 TFLOPS  (143 regs, 1.6s)
[13/45] -DK_LOOP_UNROLL=2 -DMBAR_EARLY=1 -DSTAGGER_CYCLES=160 ... 0.664 ms / 1649 TFLOPS  (163 regs, 1.6s)
[14/45] -DK_LOOP_UNROLL=2 -DMBAR_EARLY=1 -DSTAGGER_CYCLES=160 -DW0_LOOP_UNROLL=1 ... 0.758 ms / 1444 TFLOPS  (145 regs, 1.6s)
[15/45] -DK_LOOP_UNROLL=2 -DMBAR_EARLY=1 -DSTAGGER_CYCLES=160 -DW0_LOOP_UNROLL=4 ... 0.664 ms / 1650 TFLOPS  (163 regs, 1.6s)
[16/45] -DK_LOOP_UNROLL=2 -DMBAR_EARLY=1 -DN_STAGES=5 -DSTAGGER_CYCLES=160 ... 0.878 ms / 1247 TFLOPS  (167 regs, 1.6s)
[17/45] -DK_LOOP_UNROLL=2 -DMBAR_EARLY=1 -DN_STAGES=5 -DSTAGGER_CYCLES=160 -DW0_LOOP_UNROLL=1 ... 0.901 ms / 1215 TFLOPS  (143 regs, 1.6s)
[18/45] -DK_LOOP_UNROLL=2 -DMBAR_EARLY=1 -DN_STAGES=5 -DSTAGGER_CYCLES=160 -DW0_LOOP_UNROLL=4 ... 0.882 ms / 1242 TFLOPS  (143 regs, 1.6s)
[19/45] -DMBAR_EARLY=1 -DN_STAGES=3 -DSTAGGER_CYCLES=160 ... 0.568 ms / 1927 TFLOPS  (157 regs, 1.6s)
[20/45] -DMBAR_EARLY=1 -DN_STAGES=3 -DSTAGGER_CYCLES=160 -DW0_LOOP_UNROLL=1 ... 0.583 ms / 1877 TFLOPS  (143 regs, 1.6s)
[21/45] -DMBAR_EARLY=1 -DN_STAGES=3 -DSTAGGER_CYCLES=160 -DW0_LOOP_UNROLL=4 ... 0.580 ms / 1888 TFLOPS  (143 regs, 1.6s)
[22/45] -DMBAR_EARLY=1 -DSTAGGER_CYCLES=160 ... 0.526 ms / 2083 TFLOPS  (210 regs, 1.6s)
[23/45] -DMBAR_EARLY=1 -DSTAGGER_CYCLES=160 -DW0_LOOP_UNROLL=1 ... 0.684 ms / 1600 TFLOPS  (196 regs, 1.6s)
[24/45] -DMBAR_EARLY=1 -DSTAGGER_CYCLES=160 -DW0_LOOP_UNROLL=4 ... 0.528 ms / 2073 TFLOPS  (210 regs, 1.6s)
[25/45] -DMBAR_EARLY=1 -DN_STAGES=5 -DSTAGGER_CYCLES=160 ... 0.537 ms / 2037 TFLOPS  (234 regs, 1.6s)
[26/45] -DMBAR_EARLY=1 -DN_STAGES=5 -DSTAGGER_CYCLES=160 -DW0_LOOP_UNROLL=1 ... 0.860 ms / 1273 TFLOPS  (212 regs, 1.6s)
[27/45] -DMBAR_EARLY=1 -DN_STAGES=5 -DSTAGGER_CYCLES=160 -DW0_LOOP_UNROLL=4 ... 0.827 ms / 1323 TFLOPS  (212 regs, 1.6s)
[28/45] -DK_LOOP_UNROLL=6 -DMBAR_EARLY=1 -DN_STAGES=3 -DSTAGGER_CYCLES=160 ... 0.555 ms / 1973 TFLOPS  (169 regs, 1.6s)
[29/45] -DK_LOOP_UNROLL=6 -DMBAR_EARLY=1 -DN_STAGES=3 -DSTAGGER_CYCLES=160 -DW0_LOOP_UNROLL=1 ... 0.573 ms / 1910 TFLOPS  (155 regs, 1.6s)
[30/45] -DK_LOOP_UNROLL=6 -DMBAR_EARLY=1 -DN_STAGES=3 -DSTAGGER_CYCLES=160 -DW0_LOOP_UNROLL=4 ... 0.569 ms / 1924 TFLOPS  (155 regs, 1.6s)
[31/45] -DK_LOOP_UNROLL=6 -DMBAR_EARLY=1 -DSTAGGER_CYCLES=160 ... 0.526 ms / 2080 TFLOPS  (178 regs, 1.6s)
[32/45] -DK_LOOP_UNROLL=6 -DMBAR_EARLY=1 -DSTAGGER_CYCLES=160 -DW0_LOOP_UNROLL=1 ... 0.674 ms / 1624 TFLOPS  (159 regs, 1.6s)
[33/45] -DK_LOOP_UNROLL=6 -DMBAR_EARLY=1 -DSTAGGER_CYCLES=160 -DW0_LOOP_UNROLL=4 ... 0.526 ms / 2083 TFLOPS  (174 regs, 1.6s)
[34/45] -DK_LOOP_UNROLL=6 -DMBAR_EARLY=1 -DN_STAGES=5 -DSTAGGER_CYCLES=160 ... 0.536 ms / 2042 TFLOPS  (186 regs, 1.6s)
[35/45] -DK_LOOP_UNROLL=6 -DMBAR_EARLY=1 -DN_STAGES=5 -DSTAGGER_CYCLES=160 -DW0_LOOP_UNROLL=1 ... 0.861 ms / 1272 TFLOPS  (163 regs, 1.6s)
[36/45] -DK_LOOP_UNROLL=6 -DMBAR_EARLY=1 -DN_STAGES=5 -DSTAGGER_CYCLES=160 -DW0_LOOP_UNROLL=4 ... 0.828 ms / 1322 TFLOPS  (163 regs, 1.6s)
[37/45] -DK_LOOP_UNROLL=8 -DMBAR_EARLY=1 -DN_STAGES=3 -DSTAGGER_CYCLES=160 ... 0.554 ms / 1976 TFLOPS  (169 regs, 1.6s)
[38/45] -DK_LOOP_UNROLL=8 -DMBAR_EARLY=1 -DN_STAGES=3 -DSTAGGER_CYCLES=160 -DW0_LOOP_UNROLL=1 ... 0.570 ms / 1920 TFLOPS  (155 regs, 1.6s)
[39/45] -DK_LOOP_UNROLL=8 -DMBAR_EARLY=1 -DN_STAGES=3 -DSTAGGER_CYCLES=160 -DW0_LOOP_UNROLL=4 ... 0.571 ms / 1918 TFLOPS  (155 regs, 1.6s)
[40/45] -DK_LOOP_UNROLL=8 -DMBAR_EARLY=1 -DSTAGGER_CYCLES=160 ... 0.526 ms / 2081 TFLOPS  (214 regs, 1.6s)
[41/45] -DK_LOOP_UNROLL=8 -DMBAR_EARLY=1 -DSTAGGER_CYCLES=160 -DW0_LOOP_UNROLL=1 ... 0.680 ms / 1609 TFLOPS  (196 regs, 1.6s)
[42/45] -DK_LOOP_UNROLL=8 -DMBAR_EARLY=1 -DSTAGGER_CYCLES=160 -DW0_LOOP_UNROLL=4 ... 0.525 ms / 2085 TFLOPS  (210 regs, 1.6s)
[43/45] -DK_LOOP_UNROLL=8 -DMBAR_EARLY=1 -DN_STAGES=5 -DSTAGGER_CYCLES=160 ... 0.540 ms / 2026 TFLOPS  (186 regs, 1.6s)
[44/45] -DK_LOOP_UNROLL=8 -DMBAR_EARLY=1 -DN_STAGES=5 -DSTAGGER_CYCLES=160 -DW0_LOOP_UNROLL=1 ... 0.860 ms / 1273 TFLOPS  (163 regs, 1.6s)
[45/45] -DK_LOOP_UNROLL=8 -DMBAR_EARLY=1 -DN_STAGES=5 -DSTAGGER_CYCLES=160 -DW0_LOOP_UNROLL=4 ... 0.824 ms / 1329 TFLOPS  (163 regs, 1.6s)
  η²: N_STAGES=0.528, K_LOOP_UNROLL=0.177, W0_LOOP_UNROLL=0.130
  top-lock: N_STAGES=4(top5,33%)

Tier 1 winner (top-3): -DK_LOOP_UNROLL=8 -DMBAR_EARLY=1 -DSTAGGER_CYCLES=160 -DW0_LOOP_UNROLL=4 → 0.525 ms / 2085 TFLOPS
  #2: -DMBAR_EARLY=1 -DSTAGGER_CYCLES=160 → 0.526 ms / 2083 TFLOPS
  #3: -DK_LOOP_UNROLL=6 -DMBAR_EARLY=1 -DSTAGGER_CYCLES=160 → 0.526 ms / 2080 TFLOPS

=== Tier 2: PHASE1_UNROLL ===
  Branch 1/3: -DK_LOOP_UNROLL=8 -DMBAR_EARLY=1 -DSTAGGER_CYCLES=160 -DW0_LOOP_UNROLL=4
Sweep: 3 total, 3 valid, 0 pruned
Estimated time: ~0 min (3 configs × ~5s each)

[1/3] -DK_LOOP_UNROLL=8 -DMBAR_EARLY=1 -DPHASE1_UNROLL=1 -DSTAGGER_CYCLES=160 -DW0_LOOP_UNROLL=4 ... 0.632 ms / 1734 TFLOPS  (177 regs, 1.6s)
[2/3] -DK_LOOP_UNROLL=8 -DMBAR_EARLY=1 -DSTAGGER_CYCLES=160 -DW0_LOOP_UNROLL=4 ... 0.528 ms / 2074 TFLOPS  (210 regs, 1.6s)
[3/3] -DK_LOOP_UNROLL=8 -DMBAR_EARLY=1 -DPHASE1_UNROLL=4 -DSTAGGER_CYCLES=160 -DW0_LOOP_UNROLL=4 ... 0.529 ms / 2070 TFLOPS  (255 regs, 1.6s)
  Branch 2/3: -DMBAR_EARLY=1 -DSTAGGER_CYCLES=160
Sweep: 3 total, 3 valid, 0 pruned
Estimated time: ~0 min (3 configs × ~5s each)

[1/3] -DMBAR_EARLY=1 -DPHASE1_UNROLL=1 -DSTAGGER_CYCLES=160 ... 0.645 ms / 1697 TFLOPS  (177 regs, 1.6s)
[2/3] -DMBAR_EARLY=1 -DSTAGGER_CYCLES=160 ... 0.527 ms / 2076 TFLOPS  (210 regs, 1.6s)
[3/3] -DMBAR_EARLY=1 -DPHASE1_UNROLL=4 -DSTAGGER_CYCLES=160 ... 0.530 ms / 2067 TFLOPS  (255 regs, 1.6s)
  Branch 3/3: -DK_LOOP_UNROLL=6 -DMBAR_EARLY=1 -DSTAGGER_CYCLES=160
Sweep: 3 total, 3 valid, 0 pruned
Estimated time: ~0 min (3 configs × ~5s each)

[1/3] -DK_LOOP_UNROLL=6 -DMBAR_EARLY=1 -DPHASE1_UNROLL=1 -DSTAGGER_CYCLES=160 ... 0.628 ms / 1743 TFLOPS  (145 regs, 1.6s)
[2/3] -DK_LOOP_UNROLL=6 -DMBAR_EARLY=1 -DSTAGGER_CYCLES=160 ... 0.524 ms / 2088 TFLOPS  (178 regs, 1.6s)
[3/3] -DK_LOOP_UNROLL=6 -DMBAR_EARLY=1 -DPHASE1_UNROLL=4 -DSTAGGER_CYCLES=160 ... 0.527 ms / 2079 TFLOPS  (222 regs, 1.6s)
  η²: PHASE1_UNROLL=0.993

Tier 2 winner (top-3): -DK_LOOP_UNROLL=6 -DMBAR_EARLY=1 -DSTAGGER_CYCLES=160 → 0.524 ms / 2088 TFLOPS
  #2: -DK_LOOP_UNROLL=6 -DMBAR_EARLY=1 -DPHASE1_UNROLL=4 -DSTAGGER_CYCLES=160 → 0.527 ms / 2079 TFLOPS
  #3: -DK_LOOP_UNROLL=6 -DMBAR_EARLY=1 -DPHASE1_UNROLL=1 -DSTAGGER_CYCLES=160 → 0.628 ms / 1743 TFLOPS

=== Tier 3: EPILOGUE_LOOP, EPI_SYNC, STORE_TIMING ===
  Branch 1/3: -DK_LOOP_UNROLL=6 -DMBAR_EARLY=1 -DSTAGGER_CYCLES=160
Sweep: 8 total, 3 valid, 5 pruned
Estimated time: ~0 min (3 configs × ~5s each)

[1/3] -DK_LOOP_UNROLL=6 -DMBAR_EARLY=1 -DSTAGGER_CYCLES=160 ... 0.526 ms / 2083 TFLOPS  (178 regs, 1.6s)
[2/3] -DK_LOOP_UNROLL=6 -DMBAR_EARLY=1 -DSTAGGER_CYCLES=160 -DSTORE_TIMING=1 ... 0.553 ms / 1981 TFLOPS  (178 regs, 1.6s)
[3/3] -DEPILOGUE_LOOP=1 -DK_LOOP_UNROLL=6 -DMBAR_EARLY=1 -DSTAGGER_CYCLES=160 -DSTORE_TIMING=1 ... 0.565 ms / 1938 TFLOPS  (146 regs, 1.6s)
  Branch 2/3: -DK_LOOP_UNROLL=6 -DMBAR_EARLY=1 -DPHASE1_UNROLL=4 -DSTAGGER_CYCLES=160
Sweep: 8 total, 2 valid, 5 pruned, 1 deduped
Estimated time: ~0 min (2 configs × ~5s each)

[1/2] -DK_LOOP_UNROLL=6 -DMBAR_EARLY=1 -DPHASE1_UNROLL=4 -DSTAGGER_CYCLES=160 ... 0.528 ms / 2075 TFLOPS  (222 regs, 1.6s)
[2/2] -DK_LOOP_UNROLL=6 -DMBAR_EARLY=1 -DPHASE1_UNROLL=4 -DSTAGGER_CYCLES=160 -DSTORE_TIMING=1 ... 0.550 ms / 1991 TFLOPS  (222 regs, 1.7s)
  Branch 3/3: -DK_LOOP_UNROLL=6 -DMBAR_EARLY=1 -DPHASE1_UNROLL=1 -DSTAGGER_CYCLES=160
Sweep: 8 total, 2 valid, 5 pruned, 1 deduped
Estimated time: ~0 min (2 configs × ~5s each)

[1/2] -DK_LOOP_UNROLL=6 -DMBAR_EARLY=1 -DPHASE1_UNROLL=1 -DSTAGGER_CYCLES=160 ... 0.628 ms / 1742 TFLOPS  (145 regs, 1.6s)
[2/2] -DK_LOOP_UNROLL=6 -DMBAR_EARLY=1 -DPHASE1_UNROLL=1 -DSTAGGER_CYCLES=160 -DSTORE_TIMING=1 ... 0.578 ms / 1896 TFLOPS  (146 regs, 1.6s)
  η²: EPILOGUE_LOOP=0.002, STORE_TIMING=0.000

  Gap: 4.56% → k_eff=2 (from 3)

Tier 3 winner (top-3): -DK_LOOP_UNROLL=6 -DMBAR_EARLY=1 -DSTAGGER_CYCLES=160 → 0.526 ms / 2083 TFLOPS
  #2: -DK_LOOP_UNROLL=6 -DMBAR_EARLY=1 -DPHASE1_UNROLL=4 -DSTAGGER_CYCLES=160 -DSTORE_TIMING=1 → 0.550 ms / 1991 TFLOPS
  #3: -DEPILOGUE_LOOP=1 -DK_LOOP_UNROLL=6 -DMBAR_EARLY=1 -DSTAGGER_CYCLES=160 -DSTORE_TIMING=1 → 0.565 ms / 1938 TFLOPS

=== Interaction: loop_store (EPILOGUE_LOOP, STORE_TIMING) ===
  Branch 1/2: -DK_LOOP_UNROLL=6 -DMBAR_EARLY=1 -DSTAGGER_CYCLES=160
Sweep: 4 total, 3 valid, 1 pruned
Estimated time: ~0 min (3 configs × ~5s each)

[1/3] -DK_LOOP_UNROLL=6 -DMBAR_EARLY=1 -DSTAGGER_CYCLES=160 ... 0.526 ms / 2083 TFLOPS  (178 regs, 1.6s)
[2/3] -DK_LOOP_UNROLL=6 -DMBAR_EARLY=1 -DSTAGGER_CYCLES=160 -DSTORE_TIMING=1 ... 0.553 ms / 1981 TFLOPS  (178 regs, 1.6s)
[3/3] -DEPILOGUE_LOOP=1 -DK_LOOP_UNROLL=6 -DMBAR_EARLY=1 -DSTAGGER_CYCLES=160 -DSTORE_TIMING=1 ... 0.568 ms / 1929 TFLOPS  (146 regs, 1.6s)
  Branch 2/2: -DK_LOOP_UNROLL=6 -DMBAR_EARLY=1 -DPHASE1_UNROLL=4 -DSTAGGER_CYCLES=160 -DSTORE_TIMING=1
Sweep: 4 total, 2 valid, 1 pruned, 1 deduped
Estimated time: ~0 min (2 configs × ~5s each)

[1/2] -DK_LOOP_UNROLL=6 -DMBAR_EARLY=1 -DPHASE1_UNROLL=4 -DSTAGGER_CYCLES=160 ... 0.529 ms / 2072 TFLOPS  (222 regs, 1.6s)
[2/2] -DK_LOOP_UNROLL=6 -DMBAR_EARLY=1 -DPHASE1_UNROLL=4 -DSTAGGER_CYCLES=160 -DSTORE_TIMING=1 ... 0.550 ms / 1990 TFLOPS  (222 regs, 1.6s)
  η²: EPILOGUE_LOOP=0.526, STORE_TIMING=0.846
  Best: -DK_LOOP_UNROLL=6 -DMBAR_EARLY=1 -DSTAGGER_CYCLES=160 → 0.526 ms / 2083 TFLOPS

=== Interaction: sync_stagger — skipped (noise params: STAGGER_CYCLES) ===

Top-locked params: N_STAGES=4

@@GRID_WINNER -DK_LOOP_UNROLL=6 -DMBAR_EARLY=1 -DSTAGGER_CYCLES=160

================================================================================
RESULTS (sorted by ms)
================================================================================
  #  STG  EPI  INTER  MBAR  TMEM  STAG  PH1U  SNAKE  FUSE  KLU  W0U  SMU  PRLD  PFBS  GELU  TMAR  BTCH  GVW  STIM  ELOP  STSW  ESYN  NPP  REGS     SMEM       MS   TFLOPS  STATUS
---------------------------------------------------------------------------------------------------------------------------------------------------------------------------------
  1    4    4      2     1    32   160     2      1     1    6    0    0     1     0     0     0     0   32     0     0    16     0    0   178   193.0K    0.524     2088  BEST
  2    4    4      2     1    32   160     2      1     1    8    4    0     1     0     0     0     0   32     0     0    16     0    0   210   193.0K    0.525     2085  OK
  3    4    4      2     1    32   160     2      1     1    4    0    0     1     0     0     0     0   32     0     0    16     0    0   210   193.0K    0.526     2083  OK
  4    4    4      2     1    32   160     2      1     1    6    0    0     1     0     0     0     0   32     0     0    16     0    0   178   193.0K    0.526     2080  OK
  5    4    4      2     1    32   160     2      1     1    6    4    0     1     0     0     0     0   32     0     0    16     0    0   174   193.0K    0.526     2083  OK
  6    4    4      2     1    32   160     2      1     1    8    0    0     1     0     0     0     0   32     0     0    16     0    0   214   193.0K    0.526     2081  OK
  7    4    4      2     1    32   160     2      1     1    6    0    0     1     0     0     0     0   32     0     0    16     0    0   178   193.0K    0.526     2083  OK
  8    4    4      2     1    32   160     2      1     1    6    0    0     1     0     0     0     0   32     0     0    16     0    0   178   193.0K    0.526     2083  OK
  9    4    4      2     1    32   160     2      1     1    4    0    0     1     0     0     0     0   32     0     0    16     0    0   210   193.0K    0.527     2076  OK
 10    4    4      2     1    32   160     4      1     1    6    0    0     1     0     0     0     0   32     0     0    16     0    0   222   193.0K    0.527     2079  OK
 11    4    4      2     1    32   160     2      1     1    4    4    0     1     0     0     0     0   32     0     0    16     0    0   210   193.0K    0.528     2073  OK
 12    4    4      2     1    32   160     2      1     1    8    4    0     1     0     0     0     0   32     0     0    16     0    0   210   193.0K    0.528     2074  OK
 13    4    4      2     1    32   160     4      1     1    6    0    0     1     0     0     0     0   32     0     0    16     0    0   222   193.0K    0.528     2075  OK
 14    4    4      2     1    32   160     4      1     1    8    4    0     1     0     0     0     0   32     0     0    16     0    0   255   193.0K    0.529     2070  OK
 15    4    4      2     1    32   160     4      1     1    6    0    0     1     0     0     0     0   32     0     0    16     0    0   222   193.0K    0.529     2072  OK
 16    4    4      2     1    32   160     4      1     1    4    0    0     1     0     0     0     0   32     0     0    16     0    0   255   193.0K    0.530     2067  OK
 17    5    4      2     1    32   160     2      1     1    6    0    0     1     0     0     0     0   32     0     0    16     0    0   186   225.0K    0.536     2042  OK
 18    5    4      2     1    32   160     2      1     1    5    0    0     1     0     0     0     0   32     0     0    16     0    0   234   225.0K    0.537     2037  OK
 19    5    4      2     1    32   160     2      1     1    8    0    0     1     0     0     0     0   32     0     0    16     0    0   186   225.0K    0.540     2026  OK
 20    4    4      2     1    32   160     4      1     1    6    0    0     1     0     0     0     0   32     1     0    16     0    0   222   193.0K    0.550     1991  OK
 21    4    4      2     1    32   160     4      1     1    6    0    0     1     0     0     0     0   32     1     0    16     0    0   222   193.0K    0.550     1990  OK
 22    4    4      2     1    32   160     2      1     1    6    0    0     1     0     0     0     0   32     1     0    16     0    0   178   193.0K    0.553     1981  OK
 23    4    4      2     1    32   160     2      1     1    6    0    0     1     0     0     0     0   32     1     0    16     0    0   178   193.0K    0.553     1981  OK
 24    3    4      2     1    32   160     2      1     1    8    0    0     1     0     0     0     0   32     0     0    16     0    0   169   161.0K    0.554     1976  OK
 25    3    4      2     1    32   160     2      1     1    6    0    0     1     0     0     0     0   32     0     0    16     0    0   169   161.0K    0.555     1973  OK
 26    3    4      2     1    32   160     2      1     1    2    0    0     1     0     0     0     0   32     0     0    16     0    0   157   161.0K    0.565     1936  OK
 27    4    4      2     1    32   160     2      1     1    6    0    0     1     0     0     0     0   32     1     1    16     0    0   146   193.0K    0.565     1938  OK
 28    3    4      2     1    32   160     2      1     1    1    0    0     1     0     0     0     0   32     0     0    16     0    0   157   161.0K    0.567     1931  OK
 29    3    4      2     1    32   160     2      1     1    3    0    0     1     0     0     0     0   32     0     0    16     0    0   157   161.0K    0.568     1927  OK
 30    4    4      2     1    32   160     2      1     1    6    0    0     1     0     0     0     0   32     1     1    16     0    0   146   193.0K    0.568     1929  OK
 31    3    4      2     1    32   160     2      1     1    6    4    0     1     0     0     0     0   32     0     0    16     0    0   155   161.0K    0.569     1924  OK
 32    3    4      2     1    32   160     2      1     1    8    1    0     1     0     0     0     0   32     0     0    16     0    0   155   161.0K    0.570     1920  OK
 33    3    4      2     1    32   160     2      1     1    8    4    0     1     0     0     0     0   32     0     0    16     0    0   155   161.0K    0.571     1918  OK
 34    3    4      2     1    32   160     2      1     1    6    1    0     1     0     0     0     0   32     0     0    16     0    0   155   161.0K    0.573     1910  OK
 35    4    4      2     1    32   160     1      1     1    6    0    0     1     0     0     0     0   32     1     0    16     0    0   146   193.0K    0.578     1896  OK
 36    3    4      2     1    32   160     2      1     1    1    4    0     1     0     0     0     0   32     0     0    16     0    0   143   161.0K    0.580     1888  OK
 37    3    4      2     1    32   160     2      1     1    3    4    0     1     0     0     0     0   32     0     0    16     0    0   143   161.0K    0.580     1888  OK
 38    3    4      2     1    32   160     2      1     1    2    4    0     1     0     0     0     0   32     0     0    16     0    0   143   161.0K    0.581     1884  OK
 39    3    4      2     1    32   160     2      1     1    2    1    0     1     0     0     0     0   32     0     0    16     0    0   143   161.0K    0.583     1880  OK
 40    3    4      2     1    32   160     2      1     1    3    1    0     1     0     0     0     0   32     0     0    16     0    0   143   161.0K    0.583     1877  OK
 41    3    4      2     1    32   160     2      1     1    1    1    0     1     0     0     0     0   32     0     0    16     0    0   143   161.0K    0.584     1876  OK
 42    4    4      2     1    32   160     1      1     1    6    0    0     1     0     0     0     0   32     0     0    16     0    0   145   193.0K    0.628     1743  OK
 43    4    4      2     1    32   160     1      1     1    6    0    0     1     0     0     0     0   32     0     0    16     0    0   145   193.0K    0.628     1742  OK
 44    4    4      2     1    32   160     1      1     1    8    4    0     1     0     0     0     0   32     0     0    16     0    0   177   193.0K    0.632     1734  OK
 45    4    4      2     1    32   160     1      1     1    4    0    0     1     0     0     0     0   32     0     0    16     0    0   177   193.0K    0.645     1697  OK
 46    4    4      2     1    32   160     2      1     1    1    4    0     1     0     0     0     0   32     0     0    16     0    0   163   193.0K    0.664     1648  OK
 47    4    4      2     1    32   160     2      1     1    2    0    0     1     0     0     0     0   32     0     0    16     0    0   163   193.0K    0.664     1649  OK
 48    4    4      2     1    32   160     2      1     1    2    4    0     1     0     0     0     0   32     0     0    16     0    0   163   193.0K    0.664     1650  OK
 49    4    4      2     1    32   160     2      1     1    1    0    0     1     0     0     0     0   32     0     0    16     0    0   163   193.0K    0.667     1642  OK
 50    4    4      2     1    32   160     2      1     1    6    1    0     1     0     0     0     0   32     0     0    16     0    0   159   193.0K    0.674     1624  OK
 51    4    4      2     1    32   160     2      1     1    8    1    0     1     0     0     0     0   32     0     0    16     0    0   196   193.0K    0.680     1609  OK
 52    4    4      2     1    32   160     2      1     1    4    1    0     1     0     0     0     0   32     0     0    16     0    0   196   193.0K    0.684     1600  OK
 53    4    4      2     1    32   160     2      1     1    2    1    0     1     0     0     0     0   32     0     0    16     0    0   145   193.0K    0.758     1444  OK
 54    4    4      2     1    32   160     2      1     1    1    1    0     1     0     0     0     0   32     0     0    16     0    0   145   193.0K    0.767     1427  OK
 55    5    4      2     1    32   160     2      1     1    8    4    0     1     0     0     0     0   32     0     0    16     0    0   163   225.0K    0.824     1329  OK
 56    5    4      2     1    32   160     2      1     1    5    4    0     1     0     0     0     0   32     0     0    16     0    0   212   225.0K    0.827     1323  OK
 57    5    4      2     1    32   160     2      1     1    6    4    0     1     0     0     0     0   32     0     0    16     0    0   163   225.0K    0.828     1322  OK
 58    5    4      2     1    32   160     2      1     1    5    1    0     1     0     0     0     0   32     0     0    16     0    0   212   225.0K    0.860     1273  OK
 59    5    4      2     1    32   160     2      1     1    8    1    0     1     0     0     0     0   32     0     0    16     0    0   163   225.0K    0.860     1273  OK
 60    5    4      2     1    32   160     2      1     1    6    1    0     1     0     0     0     0   32     0     0    16     0    0   163   225.0K    0.861     1272  OK
 61    5    4      2     1    32   160     2      1     1    1    0    0     1     0     0     0     0   32     0     0    16     0    0   167   225.0K    0.865     1266  OK
 62    5    4      2     1    32   160     2      1     1    2    0    0     1     0     0     0     0   32     0     0    16     0    0   167   225.0K    0.878     1247  OK
 63    5    4      2     1    32   160     2      1     1    2    4    0     1     0     0     0     0   32     0     0    16     0    0   143   225.0K    0.882     1242  OK
 64    5    4      2     1    32   160     2      1     1    1    4    0     1     0     0     0     0   32     0     0    16     0    0   143   225.0K    0.883     1240  OK
 65    5    4      2     1    32   160     2      1     1    1    1    0     1     0     0     0     0   32     0     0    16     0    0   143   225.0K    0.900     1217  OK
 66    5    4      2     1    32   160     2      1     1    2    1    0     1     0     0     0     0   32     0     0    16     0    0   143   225.0K    0.901     1215  OK

CSV written to /root/siglip/data/session_20260316_230241/sweep_patch_embed.csv

Best: -DK_LOOP_UNROLL=6 -DMBAR_EARLY=1 -DSTAGGER_CYCLES=160 → 0.524 ms / 2088 TFLOPS (178 regs)
