Kernel: fc1_gelu (fc1_gelu.cu)
Per-kernel tiers for fc1_gelu: skipping SNAKE_ORDER, TMA_RESIDUAL, W0_RES_PREFETCH, NUM_PASSES_PARAM
Pinned at winner values: K_LOOP_UNROLL=5 MBAR_EARLY=1 N_STAGES=5 STAGGER_CYCLES=0 SUB_MMA_UNROLL=3

=== Tier 1: GELU_VARIANT, INTERLEAVE_STRATEGY ===
Sweep: 12 total, 12 valid, 0 pruned
Estimated time: ~1 min (12 configs × ~5s each)

[1/12] -DINTERLEAVE_STRATEGY=0 -DMBAR_EARLY=1 -DN_STAGES=5 -DSTAGGER_CYCLES=0 -DSUB_MMA_UNROLL=3 ... 3.179 ms / 1378 TFLOPS  (240 regs, 2.7s)
[2/12] -DINTERLEAVE_STRATEGY=1 -DMBAR_EARLY=1 -DN_STAGES=5 -DSTAGGER_CYCLES=0 -DSUB_MMA_UNROLL=3 ... 2.757 ms / 1588 TFLOPS  (240 regs, 2.7s)
[3/12] -DMBAR_EARLY=1 -DN_STAGES=5 -DSTAGGER_CYCLES=0 -DSUB_MMA_UNROLL=3 ... 2.919 ms / 1501 TFLOPS  (240 regs, 2.7s)
[4/12] -DINTERLEAVE_STRATEGY=3 -DMBAR_EARLY=1 -DN_STAGES=5 -DSTAGGER_CYCLES=0 -DSUB_MMA_UNROLL=3 ... 2.729 ms / 1605 TFLOPS  (242 regs, 2.7s)
[5/12] -DGELU_VARIANT=4 -DINTERLEAVE_STRATEGY=0 -DMBAR_EARLY=1 -DN_STAGES=5 -DSTAGGER_CYCLES=0 -DSUB_MMA_UNROLL=3 ... 3.191 ms / 1372 TFLOPS  (240 regs, 2.7s)
[6/12] -DGELU_VARIANT=4 -DINTERLEAVE_STRATEGY=1 -DMBAR_EARLY=1 -DN_STAGES=5 -DSTAGGER_CYCLES=0 -DSUB_MMA_UNROLL=3 ... 2.865 ms / 1529 TFLOPS  (240 regs, 2.7s)
[7/12] -DGELU_VARIANT=4 -DMBAR_EARLY=1 -DN_STAGES=5 -DSTAGGER_CYCLES=0 -DSUB_MMA_UNROLL=3 ... 3.049 ms / 1437 TFLOPS  (240 regs, 2.7s)
[8/12] -DGELU_VARIANT=4 -DINTERLEAVE_STRATEGY=3 -DMBAR_EARLY=1 -DN_STAGES=5 -DSTAGGER_CYCLES=0 -DSUB_MMA_UNROLL=3 ... 2.714 ms / 1614 TFLOPS  (242 regs, 2.7s)
[9/12] -DGELU_VARIANT=5 -DINTERLEAVE_STRATEGY=0 -DMBAR_EARLY=1 -DN_STAGES=5 -DSTAGGER_CYCLES=0 -DSUB_MMA_UNROLL=3 ... 3.120 ms / 1404 TFLOPS  (240 regs, 2.7s)
[10/12] -DGELU_VARIANT=5 -DINTERLEAVE_STRATEGY=1 -DMBAR_EARLY=1 -DN_STAGES=5 -DSTAGGER_CYCLES=0 -DSUB_MMA_UNROLL=3 ... 2.789 ms / 1570 TFLOPS  (240 regs, 2.7s)
[11/12] -DGELU_VARIANT=5 -DMBAR_EARLY=1 -DN_STAGES=5 -DSTAGGER_CYCLES=0 -DSUB_MMA_UNROLL=3 ... 2.982 ms / 1469 TFLOPS  (240 regs, 2.7s)
[12/12] -DGELU_VARIANT=5 -DINTERLEAVE_STRATEGY=3 -DMBAR_EARLY=1 -DN_STAGES=5 -DSTAGGER_CYCLES=0 -DSUB_MMA_UNROLL=3 ... 2.707 ms / 1618 TFLOPS  (242 regs, 2.7s)
  η²: GELU_VARIANT=0.023, INTERLEAVE_STRATEGY=0.952

Tier 1 winner (top-3): -DGELU_VARIANT=5 -DINTERLEAVE_STRATEGY=3 -DMBAR_EARLY=1 -DN_STAGES=5 -DSTAGGER_CYCLES=0 -DSUB_MMA_UNROLL=3 → 2.707 ms / 1618 TFLOPS
  #2: -DGELU_VARIANT=4 -DINTERLEAVE_STRATEGY=3 -DMBAR_EARLY=1 -DN_STAGES=5 -DSTAGGER_CYCLES=0 -DSUB_MMA_UNROLL=3 → 2.714 ms / 1614 TFLOPS
  #3: -DINTERLEAVE_STRATEGY=3 -DMBAR_EARLY=1 -DN_STAGES=5 -DSTAGGER_CYCLES=0 -DSUB_MMA_UNROLL=3 → 2.729 ms / 1605 TFLOPS

=== Tier 2: PHASE1_UNROLL, STORE_TIMING, PRELOAD_MODE, BATCH_EPILOGUE ===
  Branch 1/3: -DGELU_VARIANT=5 -DINTERLEAVE_STRATEGY=3 -DMBAR_EARLY=1 -DN_STAGES=5 -DSTAGGER_CYCLES=0 -DSUB_MMA_UNROLL=3
Sweep: 36 total, 18 valid, 18 pruned
Estimated time: ~2 min (18 configs × ~5s each)

[1/18] -DGELU_VARIANT=5 -DINTERLEAVE_STRATEGY=3 -DMBAR_EARLY=1 -DN_STAGES=5 -DPHASE1_UNROLL=1 -DPRELOAD_MODE=0 -DSTAGGER_CYCLES=0 -DSUB_MMA_UNROLL=3 ... 3.277 ms / 1337 TFLOPS  (238 regs, 2.7s)
[2/18] -DGELU_VARIANT=5 -DMBAR_EARLY=1 -DN_STAGES=5 -DPHASE1_UNROLL=1 -DPRELOAD_MODE=0 -DSTAGGER_CYCLES=0 -DSTORE_TIMING=1 -DSUB_MMA_UNROLL=3 ... 3.526 ms / 1242 TFLOPS  (236 regs, 2.7s)
[3/18] -DGELU_VARIANT=5 -DINTERLEAVE_STRATEGY=3 -DMBAR_EARLY=1 -DN_STAGES=5 -DPHASE1_UNROLL=1 -DSTAGGER_CYCLES=0 -DSUB_MMA_UNROLL=3 ... 3.221 ms / 1360 TFLOPS  (238 regs, 2.7s)
[4/18] -DGELU_VARIANT=5 -DMBAR_EARLY=1 -DN_STAGES=5 -DPHASE1_UNROLL=1 -DSTAGGER_CYCLES=0 -DSTORE_TIMING=1 -DSUB_MMA_UNROLL=3 ... 3.446 ms / 1271 TFLOPS  (236 regs, 2.7s)
[5/18] -DGELU_VARIANT=5 -DINTERLEAVE_STRATEGY=3 -DMBAR_EARLY=1 -DN_STAGES=5 -DPHASE1_UNROLL=1 -DPRELOAD_MODE=2 -DSTAGGER_CYCLES=0 -DSUB_MMA_UNROLL=3 ... 3.491 ms / 1255 TFLOPS  (238 regs, 2.7s)
[6/18] -DGELU_VARIANT=5 -DMBAR_EARLY=1 -DN_STAGES=5 -DPHASE1_UNROLL=1 -DPRELOAD_MODE=2 -DSTAGGER_CYCLES=0 -DSTORE_TIMING=1 -DSUB_MMA_UNROLL=3 ... 3.633 ms / 1205 TFLOPS  (236 regs, 2.7s)
[7/18] -DGELU_VARIANT=5 -DINTERLEAVE_STRATEGY=3 -DMBAR_EARLY=1 -DN_STAGES=5 -DPRELOAD_MODE=0 -DSTAGGER_CYCLES=0 -DSUB_MMA_UNROLL=3 ... 2.733 ms / 1603 TFLOPS  (240 regs, 2.7s)
[8/18] -DGELU_VARIANT=5 -DMBAR_EARLY=1 -DN_STAGES=5 -DPRELOAD_MODE=0 -DSTAGGER_CYCLES=0 -DSTORE_TIMING=1 -DSUB_MMA_UNROLL=3 ... 3.211 ms / 1364 TFLOPS  (240 regs, 2.7s)
[9/18] -DGELU_VARIANT=5 -DINTERLEAVE_STRATEGY=3 -DMBAR_EARLY=1 -DN_STAGES=5 -DSTAGGER_CYCLES=0 -DSUB_MMA_UNROLL=3 ... 2.749 ms / 1593 TFLOPS  (242 regs, 2.8s)
[10/18] -DGELU_VARIANT=5 -DMBAR_EARLY=1 -DN_STAGES=5 -DSTAGGER_CYCLES=0 -DSTORE_TIMING=1 -DSUB_MMA_UNROLL=3 ... 3.098 ms / 1414 TFLOPS  (240 regs, 2.7s)
[11/18] -DGELU_VARIANT=5 -DINTERLEAVE_STRATEGY=3 -DMBAR_EARLY=1 -DN_STAGES=5 -DPRELOAD_MODE=2 -DSTAGGER_CYCLES=0 -DSUB_MMA_UNROLL=3 ... 2.658 ms / 1648 TFLOPS  (247 regs, 2.8s)
[12/18] -DGELU_VARIANT=5 -DMBAR_EARLY=1 -DN_STAGES=5 -DPRELOAD_MODE=2 -DSTAGGER_CYCLES=0 -DSTORE_TIMING=1 -DSUB_MMA_UNROLL=3 ... 2.994 ms / 1463 TFLOPS  (249 regs, 2.7s)
[13/18] -DGELU_VARIANT=5 -DINTERLEAVE_STRATEGY=3 -DMBAR_EARLY=1 -DN_STAGES=5 -DPHASE1_UNROLL=4 -DPRELOAD_MODE=0 -DSTAGGER_CYCLES=0 -DSUB_MMA_UNROLL=3 ... 2.642 ms / 1658 TFLOPS  (244 regs, 2.8s)
[14/18] -DGELU_VARIANT=5 -DMBAR_EARLY=1 -DN_STAGES=5 -DPHASE1_UNROLL=4 -DPRELOAD_MODE=0 -DSTAGGER_CYCLES=0 -DSTORE_TIMING=1 -DSUB_MMA_UNROLL=3 ... 2.442 ms / 1794 TFLOPS  (244 regs, 2.7s)
[15/18] -DGELU_VARIANT=5 -DINTERLEAVE_STRATEGY=3 -DMBAR_EARLY=1 -DN_STAGES=5 -DPHASE1_UNROLL=4 -DSTAGGER_CYCLES=0 -DSUB_MMA_UNROLL=3 ... 2.630 ms / 1665 TFLOPS  (244 regs, 2.8s)
[16/18] -DGELU_VARIANT=5 -DMBAR_EARLY=1 -DN_STAGES=5 -DPHASE1_UNROLL=4 -DSTAGGER_CYCLES=0 -DSTORE_TIMING=1 -DSUB_MMA_UNROLL=3 ... 2.309 ms / 1897 TFLOPS  (244 regs, 2.7s)
[17/18] -DGELU_VARIANT=5 -DINTERLEAVE_STRATEGY=3 -DMBAR_EARLY=1 -DN_STAGES=5 -DPHASE1_UNROLL=4 -DPRELOAD_MODE=2 -DSTAGGER_CYCLES=0 -DSUB_MMA_UNROLL=3 ... 2.607 ms / 1680 TFLOPS  (249 regs, 2.8s)
[18/18] -DGELU_VARIANT=5 -DMBAR_EARLY=1 -DN_STAGES=5 -DPHASE1_UNROLL=4 -DPRELOAD_MODE=2 -DSTAGGER_CYCLES=0 -DSTORE_TIMING=1 -DSUB_MMA_UNROLL=3 ... 2.663 ms / 1645 TFLOPS  (246 regs, 2.8s)
  Branch 2/3: -DGELU_VARIANT=4 -DINTERLEAVE_STRATEGY=3 -DMBAR_EARLY=1 -DN_STAGES=5 -DSTAGGER_CYCLES=0 -DSUB_MMA_UNROLL=3
Sweep: 36 total, 18 valid, 18 pruned
Estimated time: ~2 min (18 configs × ~5s each)

[1/18] -DGELU_VARIANT=4 -DINTERLEAVE_STRATEGY=3 -DMBAR_EARLY=1 -DN_STAGES=5 -DPHASE1_UNROLL=1 -DPRELOAD_MODE=0 -DSTAGGER_CYCLES=0 -DSUB_MMA_UNROLL=3 ... 3.298 ms / 1328 TFLOPS  (238 regs, 2.7s)
[2/18] -DGELU_VARIANT=4 -DMBAR_EARLY=1 -DN_STAGES=5 -DPHASE1_UNROLL=1 -DPRELOAD_MODE=0 -DSTAGGER_CYCLES=0 -DSTORE_TIMING=1 -DSUB_MMA_UNROLL=3 ... 3.526 ms / 1242 TFLOPS  (236 regs, 2.7s)
[3/18] -DGELU_VARIANT=4 -DINTERLEAVE_STRATEGY=3 -DMBAR_EARLY=1 -DN_STAGES=5 -DPHASE1_UNROLL=1 -DSTAGGER_CYCLES=0 -DSUB_MMA_UNROLL=3 ... 3.262 ms / 1343 TFLOPS  (238 regs, 2.7s)
[4/18] -DGELU_VARIANT=4 -DMBAR_EARLY=1 -DN_STAGES=5 -DPHASE1_UNROLL=1 -DSTAGGER_CYCLES=0 -DSTORE_TIMING=1 -DSUB_MMA_UNROLL=3 ... 3.429 ms / 1277 TFLOPS  (236 regs, 2.7s)
[5/18] -DGELU_VARIANT=4 -DINTERLEAVE_STRATEGY=3 -DMBAR_EARLY=1 -DN_STAGES=5 -DPHASE1_UNROLL=1 -DPRELOAD_MODE=2 -DSTAGGER_CYCLES=0 -DSUB_MMA_UNROLL=3 ... 3.501 ms / 1251 TFLOPS  (238 regs, 2.7s)
[6/18] -DGELU_VARIANT=4 -DMBAR_EARLY=1 -DN_STAGES=5 -DPHASE1_UNROLL=1 -DPRELOAD_MODE=2 -DSTAGGER_CYCLES=0 -DSTORE_TIMING=1 -DSUB_MMA_UNROLL=3 ... 3.656 ms / 1198 TFLOPS  (236 regs, 2.7s)
[7/18] -DGELU_VARIANT=4 -DINTERLEAVE_STRATEGY=3 -DMBAR_EARLY=1 -DN_STAGES=5 -DPRELOAD_MODE=0 -DSTAGGER_CYCLES=0 -DSUB_MMA_UNROLL=3 ... 2.785 ms / 1573 TFLOPS  (240 regs, 2.7s)
[8/18] -DGELU_VARIANT=4 -DMBAR_EARLY=1 -DN_STAGES=5 -DPRELOAD_MODE=0 -DSTAGGER_CYCLES=0 -DSTORE_TIMING=1 -DSUB_MMA_UNROLL=3 ... 3.147 ms / 1392 TFLOPS  (240 regs, 2.7s)
[9/18] -DGELU_VARIANT=4 -DINTERLEAVE_STRATEGY=3 -DMBAR_EARLY=1 -DN_STAGES=5 -DSTAGGER_CYCLES=0 -DSUB_MMA_UNROLL=3 ... 2.745 ms / 1596 TFLOPS  (242 regs, 2.8s)
[10/18] -DGELU_VARIANT=4 -DMBAR_EARLY=1 -DN_STAGES=5 -DSTAGGER_CYCLES=0 -DSTORE_TIMING=1 -DSUB_MMA_UNROLL=3 ... 3.152 ms / 1390 TFLOPS  (240 regs, 2.8s)
[11/18] -DGELU_VARIANT=4 -DINTERLEAVE_STRATEGY=3 -DMBAR_EARLY=1 -DN_STAGES=5 -DPRELOAD_MODE=2 -DSTAGGER_CYCLES=0 -DSUB_MMA_UNROLL=3 ... 2.670 ms / 1640 TFLOPS  (247 regs, 2.8s)
[12/18] -DGELU_VARIANT=4 -DMBAR_EARLY=1 -DN_STAGES=5 -DPRELOAD_MODE=2 -DSTAGGER_CYCLES=0 -DSTORE_TIMING=1 -DSUB_MMA_UNROLL=3 ... 2.973 ms / 1473 TFLOPS  (249 regs, 2.8s)
[13/18] -DGELU_VARIANT=4 -DINTERLEAVE_STRATEGY=3 -DMBAR_EARLY=1 -DN_STAGES=5 -DPHASE1_UNROLL=4 -DPRELOAD_MODE=0 -DSTAGGER_CYCLES=0 -DSUB_MMA_UNROLL=3 ... 2.666 ms / 1643 TFLOPS  (244 regs, 2.7s)
[14/18] -DGELU_VARIANT=4 -DMBAR_EARLY=1 -DN_STAGES=5 -DPHASE1_UNROLL=4 -DPRELOAD_MODE=0 -DSTAGGER_CYCLES=0 -DSTORE_TIMING=1 -DSUB_MMA_UNROLL=3 ... 2.515 ms / 1741 TFLOPS  (244 regs, 2.8s)
[15/18] -DGELU_VARIANT=4 -DINTERLEAVE_STRATEGY=3 -DMBAR_EARLY=1 -DN_STAGES=5 -DPHASE1_UNROLL=4 -DSTAGGER_CYCLES=0 -DSUB_MMA_UNROLL=3 ... 2.714 ms / 1614 TFLOPS  (244 regs, 2.8s)
[16/18] -DGELU_VARIANT=4 -DMBAR_EARLY=1 -DN_STAGES=5 -DPHASE1_UNROLL=4 -DSTAGGER_CYCLES=0 -DSTORE_TIMING=1 -DSUB_MMA_UNROLL=3 ... 2.320 ms / 1888 TFLOPS  (244 regs, 2.8s)
[17/18] -DGELU_VARIANT=4 -DINTERLEAVE_STRATEGY=3 -DMBAR_EARLY=1 -DN_STAGES=5 -DPHASE1_UNROLL=4 -DPRELOAD_MODE=2 -DSTAGGER_CYCLES=0 -DSUB_MMA_UNROLL=3 ... 2.624 ms / 1669 TFLOPS  (249 regs, 2.8s)
[18/18] -DGELU_VARIANT=4 -DMBAR_EARLY=1 -DN_STAGES=5 -DPHASE1_UNROLL=4 -DPRELOAD_MODE=2 -DSTAGGER_CYCLES=0 -DSTORE_TIMING=1 -DSUB_MMA_UNROLL=3 ... 2.516 ms / 1741 TFLOPS  (246 regs, 2.7s)
  Branch 3/3: -DINTERLEAVE_STRATEGY=3 -DMBAR_EARLY=1 -DN_STAGES=5 -DSTAGGER_CYCLES=0 -DSUB_MMA_UNROLL=3
Sweep: 36 total, 36 valid, 0 pruned
Estimated time: ~3 min (36 configs × ~5s each)

[1/36] -DINTERLEAVE_STRATEGY=3 -DMBAR_EARLY=1 -DN_STAGES=5 -DPHASE1_UNROLL=1 -DPRELOAD_MODE=0 -DSTAGGER_CYCLES=0 -DSUB_MMA_UNROLL=3 ... 3.276 ms / 1337 TFLOPS  (238 regs, 2.7s)
[2/36] -DMBAR_EARLY=1 -DN_STAGES=5 -DPHASE1_UNROLL=1 -DPRELOAD_MODE=0 -DSTAGGER_CYCLES=0 -DSTORE_TIMING=1 -DSUB_MMA_UNROLL=3 ... 3.533 ms / 1240 TFLOPS  (236 regs, 2.7s)
[3/36] -DINTERLEAVE_STRATEGY=3 -DMBAR_EARLY=1 -DN_STAGES=5 -DPHASE1_UNROLL=1 -DSTAGGER_CYCLES=0 -DSUB_MMA_UNROLL=3 ... 3.244 ms / 1350 TFLOPS  (238 regs, 2.7s)
[4/36] -DMBAR_EARLY=1 -DN_STAGES=5 -DPHASE1_UNROLL=1 -DSTAGGER_CYCLES=0 -DSTORE_TIMING=1 -DSUB_MMA_UNROLL=3 ... 3.437 ms / 1275 TFLOPS  (236 regs, 2.7s)
[5/36] -DINTERLEAVE_STRATEGY=3 -DMBAR_EARLY=1 -DN_STAGES=5 -DPHASE1_UNROLL=1 -DPRELOAD_MODE=2 -DSTAGGER_CYCLES=0 -DSUB_MMA_UNROLL=3 ... 3.458 ms / 1267 TFLOPS  (238 regs, 2.7s)
[6/36] -DMBAR_EARLY=1 -DN_STAGES=5 -DPHASE1_UNROLL=1 -DPRELOAD_MODE=2 -DSTAGGER_CYCLES=0 -DSTORE_TIMING=1 -DSUB_MMA_UNROLL=3 ... 3.667 ms / 1194 TFLOPS  (236 regs, 2.7s)
[7/36] -DINTERLEAVE_STRATEGY=3 -DMBAR_EARLY=1 -DN_STAGES=5 -DPRELOAD_MODE=0 -DSTAGGER_CYCLES=0 -DSUB_MMA_UNROLL=3 ... 2.796 ms / 1567 TFLOPS  (240 regs, 2.7s)
[8/36] -DMBAR_EARLY=1 -DN_STAGES=5 -DPRELOAD_MODE=0 -DSTAGGER_CYCLES=0 -DSTORE_TIMING=1 -DSUB_MMA_UNROLL=3 ... 3.146 ms / 1392 TFLOPS  (240 regs, 2.7s)
[9/36] -DINTERLEAVE_STRATEGY=3 -DMBAR_EARLY=1 -DN_STAGES=5 -DSTAGGER_CYCLES=0 -DSUB_MMA_UNROLL=3 ... 2.790 ms / 1570 TFLOPS  (242 regs, 2.7s)
[10/36] -DMBAR_EARLY=1 -DN_STAGES=5 -DSTAGGER_CYCLES=0 -DSTORE_TIMING=1 -DSUB_MMA_UNROLL=3 ... 3.138 ms / 1396 TFLOPS  (240 regs, 2.8s)
[11/36] -DINTERLEAVE_STRATEGY=3 -DMBAR_EARLY=1 -DN_STAGES=5 -DPRELOAD_MODE=2 -DSTAGGER_CYCLES=0 -DSUB_MMA_UNROLL=3 ... 2.662 ms / 1645 TFLOPS  (247 regs, 2.7s)
[12/36] -DMBAR_EARLY=1 -DN_STAGES=5 -DPRELOAD_MODE=2 -DSTAGGER_CYCLES=0 -DSTORE_TIMING=1 -DSUB_MMA_UNROLL=3 ... 2.936 ms / 1492 TFLOPS  (249 regs, 2.8s)
[13/36] -DINTERLEAVE_STRATEGY=3 -DMBAR_EARLY=1 -DN_STAGES=5 -DPHASE1_UNROLL=4 -DPRELOAD_MODE=0 -DSTAGGER_CYCLES=0 -DSUB_MMA_UNROLL=3 ... 2.660 ms / 1647 TFLOPS  (244 regs, 2.8s)
[14/36] -DMBAR_EARLY=1 -DN_STAGES=5 -DPHASE1_UNROLL=4 -DPRELOAD_MODE=0 -DSTAGGER_CYCLES=0 -DSTORE_TIMING=1 -DSUB_MMA_UNROLL=3 ... 2.854 ms / 1535 TFLOPS  (244 regs, 2.8s)
[15/36] -DINTERLEAVE_STRATEGY=3 -DMBAR_EARLY=1 -DN_STAGES=5 -DPHASE1_UNROLL=4 -DSTAGGER_CYCLES=0 -DSUB_MMA_UNROLL=3 ... 2.655 ms / 1650 TFLOPS  (244 regs, 2.8s)
[16/36] -DMBAR_EARLY=1 -DN_STAGES=5 -DPHASE1_UNROLL=4 -DSTAGGER_CYCLES=0 -DSTORE_TIMING=1 -DSUB_MMA_UNROLL=3 ... 2.376 ms / 1844 TFLOPS  (244 regs, 2.8s)
[17/36] -DINTERLEAVE_STRATEGY=3 -DMBAR_EARLY=1 -DN_STAGES=5 -DPHASE1_UNROLL=4 -DPRELOAD_MODE=2 -DSTAGGER_CYCLES=0 -DSUB_MMA_UNROLL=3 ... 2.586 ms / 1694 TFLOPS  (249 regs, 2.8s)
[18/36] -DMBAR_EARLY=1 -DN_STAGES=5 -DPHASE1_UNROLL=4 -DPRELOAD_MODE=2 -DSTAGGER_CYCLES=0 -DSTORE_TIMING=1 -DSUB_MMA_UNROLL=3 ... 2.584 ms / 1695 TFLOPS  (246 regs, 2.8s)
[19/36] -DBATCH_EPILOGUE=1 -DINTERLEAVE_STRATEGY=3 -DMBAR_EARLY=1 -DN_STAGES=5 -DPHASE1_UNROLL=1 -DPRELOAD_MODE=0 -DSTAGGER_CYCLES=0 -DSUB_MMA_UNROLL=3 ... 3.328 ms / 1316 TFLOPS  (211 regs, 2.7s)
[20/36] -DBATCH_EPILOGUE=1 -DMBAR_EARLY=1 -DN_STAGES=5 -DPHASE1_UNROLL=1 -DPRELOAD_MODE=0 -DSTAGGER_CYCLES=0 -DSTORE_TIMING=1 -DSUB_MMA_UNROLL=3 ... 3.631 ms / 1206 TFLOPS  (211 regs, 2.7s)
[21/36] -DBATCH_EPILOGUE=1 -DINTERLEAVE_STRATEGY=3 -DMBAR_EARLY=1 -DN_STAGES=5 -DPHASE1_UNROLL=1 -DSTAGGER_CYCLES=0 -DSUB_MMA_UNROLL=3 ... 3.329 ms / 1316 TFLOPS  (211 regs, 2.7s)
[22/36] -DBATCH_EPILOGUE=1 -DMBAR_EARLY=1 -DN_STAGES=5 -DPHASE1_UNROLL=1 -DSTAGGER_CYCLES=0 -DSTORE_TIMING=1 -DSUB_MMA_UNROLL=3 ... 3.626 ms / 1208 TFLOPS  (211 regs, 2.7s)
[23/36] -DBATCH_EPILOGUE=1 -DINTERLEAVE_STRATEGY=3 -DMBAR_EARLY=1 -DN_STAGES=5 -DPHASE1_UNROLL=1 -DPRELOAD_MODE=2 -DSTAGGER_CYCLES=0 -DSUB_MMA_UNROLL=3 ... 3.454 ms / 1268 TFLOPS  (211 regs, 2.7s)
[24/36] -DBATCH_EPILOGUE=1 -DMBAR_EARLY=1 -DN_STAGES=5 -DPHASE1_UNROLL=1 -DPRELOAD_MODE=2 -DSTAGGER_CYCLES=0 -DSTORE_TIMING=1 -DSUB_MMA_UNROLL=3 ... 3.668 ms / 1194 TFLOPS  (211 regs, 2.8s)
[25/36] -DBATCH_EPILOGUE=1 -DINTERLEAVE_STRATEGY=3 -DMBAR_EARLY=1 -DN_STAGES=5 -DPRELOAD_MODE=0 -DSTAGGER_CYCLES=0 -DSUB_MMA_UNROLL=3 ... 2.966 ms / 1477 TFLOPS  (248 regs, 2.8s)
[26/36] -DBATCH_EPILOGUE=1 -DMBAR_EARLY=1 -DN_STAGES=5 -DPRELOAD_MODE=0 -DSTAGGER_CYCLES=0 -DSTORE_TIMING=1 -DSUB_MMA_UNROLL=3 ... 3.172 ms / 1381 TFLOPS  (247 regs, 2.8s)
[27/36] -DBATCH_EPILOGUE=1 -DINTERLEAVE_STRATEGY=3 -DMBAR_EARLY=1 -DN_STAGES=5 -DSTAGGER_CYCLES=0 -DSUB_MMA_UNROLL=3 ... 2.917 ms / 1502 TFLOPS  (248 regs, 2.8s)
[28/36] -DBATCH_EPILOGUE=1 -DMBAR_EARLY=1 -DN_STAGES=5 -DSTAGGER_CYCLES=0 -DSTORE_TIMING=1 -DSUB_MMA_UNROLL=3 ... 3.190 ms / 1373 TFLOPS  (247 regs, 2.8s)
[29/36] -DBATCH_EPILOGUE=1 -DINTERLEAVE_STRATEGY=3 -DMBAR_EARLY=1 -DN_STAGES=5 -DPRELOAD_MODE=2 -DSTAGGER_CYCLES=0 -DSUB_MMA_UNROLL=3 ... 2.653 ms / 1651 TFLOPS  (247 regs, 2.7s)
[30/36] -DBATCH_EPILOGUE=1 -DMBAR_EARLY=1 -DN_STAGES=5 -DPRELOAD_MODE=2 -DSTAGGER_CYCLES=0 -DSTORE_TIMING=1 -DSUB_MMA_UNROLL=3 ... 2.986 ms / 1467 TFLOPS  (248 regs, 2.8s)
[31/36] -DBATCH_EPILOGUE=1 -DINTERLEAVE_STRATEGY=3 -DMBAR_EARLY=1 -DN_STAGES=5 -DPHASE1_UNROLL=4 -DPRELOAD_MODE=0 -DSTAGGER_CYCLES=0 -DSUB_MMA_UNROLL=3 ... 2.738 ms / 1600 TFLOPS  (244 regs, 2.8s)
[32/36] -DBATCH_EPILOGUE=1 -DMBAR_EARLY=1 -DN_STAGES=5 -DPHASE1_UNROLL=4 -DPRELOAD_MODE=0 -DSTAGGER_CYCLES=0 -DSTORE_TIMING=1 -DSUB_MMA_UNROLL=3 ... 2.886 ms / 1518 TFLOPS  (247 regs, 2.8s)
[33/36] -DBATCH_EPILOGUE=1 -DINTERLEAVE_STRATEGY=3 -DMBAR_EARLY=1 -DN_STAGES=5 -DPHASE1_UNROLL=4 -DSTAGGER_CYCLES=0 -DSUB_MMA_UNROLL=3 ... 2.714 ms / 1614 TFLOPS  (244 regs, 2.8s)
[34/36] -DBATCH_EPILOGUE=1 -DMBAR_EARLY=1 -DN_STAGES=5 -DPHASE1_UNROLL=4 -DSTAGGER_CYCLES=0 -DSTORE_TIMING=1 -DSUB_MMA_UNROLL=3 ... 2.801 ms / 1564 TFLOPS  (247 regs, 2.8s)
[35/36] -DBATCH_EPILOGUE=1 -DINTERLEAVE_STRATEGY=3 -DMBAR_EARLY=1 -DN_STAGES=5 -DPHASE1_UNROLL=4 -DPRELOAD_MODE=2 -DSTAGGER_CYCLES=0 -DSUB_MMA_UNROLL=3 ... 2.619 ms / 1672 TFLOPS  (248 regs, 2.8s)
[36/36] -DBATCH_EPILOGUE=1 -DMBAR_EARLY=1 -DN_STAGES=5 -DPHASE1_UNROLL=4 -DPRELOAD_MODE=2 -DSTAGGER_CYCLES=0 -DSTORE_TIMING=1 -DSUB_MMA_UNROLL=3 ... 2.640 ms / 1659 TFLOPS  (247 regs, 2.8s)
  η²: PHASE1_UNROLL=0.821, STORE_TIMING=0.043, PRELOAD_MODE=0.004, BATCH_EPILOGUE=0.012
  top-lock: PHASE1_UNROLL=4(top10,33%), STORE_TIMING=1(top5,50%)

  Gap: 5.76% → k_eff=2 (from 3)

Tier 2 winner (top-3): -DGELU_VARIANT=5 -DMBAR_EARLY=1 -DN_STAGES=5 -DPHASE1_UNROLL=4 -DSTAGGER_CYCLES=0 -DSTORE_TIMING=1 -DSUB_MMA_UNROLL=3 → 2.309 ms / 1897 TFLOPS
  #2: -DGELU_VARIANT=5 -DMBAR_EARLY=1 -DN_STAGES=5 -DPHASE1_UNROLL=4 -DPRELOAD_MODE=0 -DSTAGGER_CYCLES=0 -DSTORE_TIMING=1 -DSUB_MMA_UNROLL=3 → 2.442 ms / 1794 TFLOPS
  #3: -DGELU_VARIANT=4 -DMBAR_EARLY=1 -DN_STAGES=5 -DPHASE1_UNROLL=4 -DPRELOAD_MODE=2 -DSTAGGER_CYCLES=0 -DSTORE_TIMING=1 -DSUB_MMA_UNROLL=3 → 2.516 ms / 1741 TFLOPS

=== Tier 3: EPILOGUE_LOOP, STS_WIDTH, EPI_SYNC, GELU_VECTOR_WIDTH ===
  Branch 1/2: -DGELU_VARIANT=5 -DMBAR_EARLY=1 -DN_STAGES=5 -DPHASE1_UNROLL=4 -DSTAGGER_CYCLES=0 -DSTORE_TIMING=1 -DSUB_MMA_UNROLL=3
Sweep: 24 total, 4 valid, 20 pruned
Estimated time: ~0 min (4 configs × ~5s each)

[1/4] -DGELU_VARIANT=5 -DMBAR_EARLY=1 -DN_STAGES=5 -DPHASE1_UNROLL=4 -DSTAGGER_CYCLES=0 -DSTORE_TIMING=1 -DSUB_MMA_UNROLL=3 ... 2.323 ms / 1885 TFLOPS  (244 regs, 2.8s)
[2/4] -DEPI_SYNC=1 -DGELU_VARIANT=5 -DMBAR_EARLY=1 -DN_STAGES=5 -DPHASE1_UNROLL=4 -DSTAGGER_CYCLES=0 -DSTORE_TIMING=1 -DSUB_MMA_UNROLL=3 ... 2.708 ms / 1617 TFLOPS  (244 regs, 2.8s)
[3/4] -DEPILOGUE_LOOP=1 -DGELU_VARIANT=5 -DMBAR_EARLY=1 -DN_STAGES=5 -DSTAGGER_CYCLES=0 -DSTORE_TIMING=1 -DSUB_MMA_UNROLL=3 ... 3.448 ms / 1270 TFLOPS  (236 regs, 2.8s)
[4/4] -DEPILOGUE_LOOP=1 -DEPI_SYNC=1 -DGELU_VARIANT=5 -DMBAR_EARLY=1 -DN_STAGES=5 -DSTAGGER_CYCLES=0 -DSTORE_TIMING=1 -DSUB_MMA_UNROLL=3 ... 3.434 ms / 1275 TFLOPS  (236 regs, 2.7s)
  Branch 2/2: -DGELU_VARIANT=5 -DMBAR_EARLY=1 -DN_STAGES=5 -DPHASE1_UNROLL=4 -DPRELOAD_MODE=0 -DSTAGGER_CYCLES=0 -DSTORE_TIMING=1 -DSUB_MMA_UNROLL=3
Sweep: 24 total, 4 valid, 20 pruned
Estimated time: ~0 min (4 configs × ~5s each)

[1/4] -DGELU_VARIANT=5 -DMBAR_EARLY=1 -DN_STAGES=5 -DPHASE1_UNROLL=4 -DPRELOAD_MODE=0 -DSTAGGER_CYCLES=0 -DSTORE_TIMING=1 -DSUB_MMA_UNROLL=3 ... 2.330 ms / 1880 TFLOPS  (244 regs, 2.8s)
[2/4] -DEPI_SYNC=1 -DGELU_VARIANT=5 -DMBAR_EARLY=1 -DN_STAGES=5 -DPHASE1_UNROLL=4 -DPRELOAD_MODE=0 -DSTAGGER_CYCLES=0 -DSTORE_TIMING=1 -DSUB_MMA_UNROLL=3 ... 2.660 ms / 1647 TFLOPS  (244 regs, 2.8s)
[3/4] -DEPILOGUE_LOOP=1 -DGELU_VARIANT=5 -DMBAR_EARLY=1 -DN_STAGES=5 -DPRELOAD_MODE=0 -DSTAGGER_CYCLES=0 -DSTORE_TIMING=1 -DSUB_MMA_UNROLL=3 ... 3.520 ms / 1244 TFLOPS  (236 regs, 2.7s)
[4/4] -DEPILOGUE_LOOP=1 -DEPI_SYNC=1 -DGELU_VARIANT=5 -DMBAR_EARLY=1 -DN_STAGES=5 -DPRELOAD_MODE=0 -DSTAGGER_CYCLES=0 -DSTORE_TIMING=1 -DSUB_MMA_UNROLL=3 ... 3.499 ms / 1252 TFLOPS  (236 regs, 2.7s)
  η²: EPILOGUE_LOOP=0.934, EPI_SYNC=0.029

  Gap: 14.51% → k_eff=2 (from 3)

Tier 3 winner (top-3): -DGELU_VARIANT=5 -DMBAR_EARLY=1 -DN_STAGES=5 -DPHASE1_UNROLL=4 -DSTAGGER_CYCLES=0 -DSTORE_TIMING=1 -DSUB_MMA_UNROLL=3 → 2.323 ms / 1885 TFLOPS
  #2: -DEPI_SYNC=1 -DGELU_VARIANT=5 -DMBAR_EARLY=1 -DN_STAGES=5 -DPHASE1_UNROLL=4 -DPRELOAD_MODE=0 -DSTAGGER_CYCLES=0 -DSTORE_TIMING=1 -DSUB_MMA_UNROLL=3 → 2.660 ms / 1647 TFLOPS
  #3: -DEPILOGUE_LOOP=1 -DEPI_SYNC=1 -DGELU_VARIANT=5 -DMBAR_EARLY=1 -DN_STAGES=5 -DSTAGGER_CYCLES=0 -DSTORE_TIMING=1 -DSUB_MMA_UNROLL=3 → 3.434 ms / 1275 TFLOPS

=== Interaction: epilogue (BATCH_EPILOGUE, INTERLEAVE_STRATEGY, PRELOAD_MODE) ===
  Branch 1/2: -DGELU_VARIANT=5 -DMBAR_EARLY=1 -DN_STAGES=5 -DPHASE1_UNROLL=4 -DSTAGGER_CYCLES=0 -DSTORE_TIMING=1 -DSUB_MMA_UNROLL=3
Sweep: 24 total, 3 valid, 15 pruned, 6 deduped
Estimated time: ~0 min (3 configs × ~5s each)

[1/3] -DGELU_VARIANT=5 -DMBAR_EARLY=1 -DN_STAGES=5 -DPHASE1_UNROLL=4 -DPRELOAD_MODE=0 -DSTAGGER_CYCLES=0 -DSTORE_TIMING=1 -DSUB_MMA_UNROLL=3 ... 2.358 ms / 1858 TFLOPS  (244 regs, 2.8s)
[2/3] -DGELU_VARIANT=5 -DMBAR_EARLY=1 -DN_STAGES=5 -DPHASE1_UNROLL=4 -DSTAGGER_CYCLES=0 -DSTORE_TIMING=1 -DSUB_MMA_UNROLL=3 ... 2.338 ms / 1873 TFLOPS  (244 regs, 2.8s)
[3/3] -DGELU_VARIANT=5 -DMBAR_EARLY=1 -DN_STAGES=5 -DPHASE1_UNROLL=4 -DPRELOAD_MODE=2 -DSTAGGER_CYCLES=0 -DSTORE_TIMING=1 -DSUB_MMA_UNROLL=3 ... 2.623 ms / 1670 TFLOPS  (246 regs, 2.8s)
  Branch 2/2: -DEPI_SYNC=1 -DGELU_VARIANT=5 -DMBAR_EARLY=1 -DN_STAGES=5 -DPHASE1_UNROLL=4 -DPRELOAD_MODE=0 -DSTAGGER_CYCLES=0 -DSTORE_TIMING=1 -DSUB_MMA_UNROLL=3
Sweep: 24 total, 3 valid, 15 pruned, 6 deduped
Estimated time: ~0 min (3 configs × ~5s each)

[1/3] -DEPI_SYNC=1 -DGELU_VARIANT=5 -DMBAR_EARLY=1 -DN_STAGES=5 -DPHASE1_UNROLL=4 -DPRELOAD_MODE=0 -DSTAGGER_CYCLES=0 -DSTORE_TIMING=1 -DSUB_MMA_UNROLL=3 ... 2.715 ms / 1614 TFLOPS  (244 regs, 2.8s)
[2/3] -DEPI_SYNC=1 -DGELU_VARIANT=5 -DMBAR_EARLY=1 -DN_STAGES=5 -DPHASE1_UNROLL=4 -DSTAGGER_CYCLES=0 -DSTORE_TIMING=1 -DSUB_MMA_UNROLL=3 ... 2.714 ms / 1614 TFLOPS  (244 regs, 2.8s)
[3/3] -DEPI_SYNC=1 -DGELU_VARIANT=5 -DMBAR_EARLY=1 -DN_STAGES=5 -DPHASE1_UNROLL=4 -DPRELOAD_MODE=2 -DSTAGGER_CYCLES=0 -DSTORE_TIMING=1 -DSUB_MMA_UNROLL=3 ... 2.765 ms / 1584 TFLOPS  (246 regs, 2.8s)
  η²: PRELOAD_MODE=0.197
  Best: -DGELU_VARIANT=5 -DMBAR_EARLY=1 -DN_STAGES=5 -DPHASE1_UNROLL=4 -DSTAGGER_CYCLES=0 -DSTORE_TIMING=1 -DSUB_MMA_UNROLL=3 → 2.338 ms / 1873 TFLOPS

=== Interaction: gelu (BATCH_EPILOGUE, GELU_VARIANT) ===
  Branch 1/2: -DGELU_VARIANT=5 -DMBAR_EARLY=1 -DN_STAGES=5 -DPHASE1_UNROLL=4 -DSTAGGER_CYCLES=0 -DSTORE_TIMING=1 -DSUB_MMA_UNROLL=3
Sweep: 6 total, 4 valid, 2 pruned
Estimated time: ~0 min (4 configs × ~5s each)

[1/4] -DMBAR_EARLY=1 -DN_STAGES=5 -DPHASE1_UNROLL=4 -DSTAGGER_CYCLES=0 -DSTORE_TIMING=1 -DSUB_MMA_UNROLL=3 ... 2.393 ms / 1830 TFLOPS  (244 regs, 2.8s)
[2/4] -DGELU_VARIANT=4 -DMBAR_EARLY=1 -DN_STAGES=5 -DPHASE1_UNROLL=4 -DSTAGGER_CYCLES=0 -DSTORE_TIMING=1 -DSUB_MMA_UNROLL=3 ... 2.277 ms / 1923 TFLOPS  (244 regs, 2.8s)
[3/4] -DGELU_VARIANT=5 -DMBAR_EARLY=1 -DN_STAGES=5 -DPHASE1_UNROLL=4 -DSTAGGER_CYCLES=0 -DSTORE_TIMING=1 -DSUB_MMA_UNROLL=3 ... 2.316 ms / 1891 TFLOPS  (244 regs, 2.8s)
[4/4] -DBATCH_EPILOGUE=1 -DMBAR_EARLY=1 -DN_STAGES=5 -DPHASE1_UNROLL=4 -DSTAGGER_CYCLES=0 -DSTORE_TIMING=1 -DSUB_MMA_UNROLL=3 ... 2.752 ms / 1592 TFLOPS  (247 regs, 2.8s)
  Branch 2/2: -DEPI_SYNC=1 -DGELU_VARIANT=5 -DMBAR_EARLY=1 -DN_STAGES=5 -DPHASE1_UNROLL=4 -DPRELOAD_MODE=0 -DSTAGGER_CYCLES=0 -DSTORE_TIMING=1 -DSUB_MMA_UNROLL=3
Sweep: 6 total, 4 valid, 2 pruned
Estimated time: ~0 min (4 configs × ~5s each)

[1/4] -DEPI_SYNC=1 -DMBAR_EARLY=1 -DN_STAGES=5 -DPHASE1_UNROLL=4 -DPRELOAD_MODE=0 -DSTAGGER_CYCLES=0 -DSTORE_TIMING=1 -DSUB_MMA_UNROLL=3 ... 2.787 ms / 1572 TFLOPS  (244 regs, 2.8s)
[2/4] -DEPI_SYNC=1 -DGELU_VARIANT=4 -DMBAR_EARLY=1 -DN_STAGES=5 -DPHASE1_UNROLL=4 -DPRELOAD_MODE=0 -DSTAGGER_CYCLES=0 -DSTORE_TIMING=1 -DSUB_MMA_UNROLL=3 ... 2.791 ms / 1569 TFLOPS  (244 regs, 2.8s)
[3/4] -DEPI_SYNC=1 -DGELU_VARIANT=5 -DMBAR_EARLY=1 -DN_STAGES=5 -DPHASE1_UNROLL=4 -DPRELOAD_MODE=0 -DSTAGGER_CYCLES=0 -DSTORE_TIMING=1 -DSUB_MMA_UNROLL=3 ... 2.683 ms / 1632 TFLOPS  (244 regs, 2.8s)
[4/4] -DBATCH_EPILOGUE=1 -DEPI_SYNC=1 -DMBAR_EARLY=1 -DN_STAGES=5 -DPHASE1_UNROLL=4 -DPRELOAD_MODE=0 -DSTAGGER_CYCLES=0 -DSTORE_TIMING=1 -DSUB_MMA_UNROLL=3 ... 2.930 ms / 1495 TFLOPS  (247 regs, 2.8s)
  η²: BATCH_EPILOGUE=0.309, GELU_VARIANT=0.184
  Best: -DGELU_VARIANT=4 -DMBAR_EARLY=1 -DN_STAGES=5 -DPHASE1_UNROLL=4 -DSTAGGER_CYCLES=0 -DSTORE_TIMING=1 -DSUB_MMA_UNROLL=3 → 2.277 ms / 1923 TFLOPS
  ** New overall best from interaction 'gelu' **

=== Interaction: reg_pressure — skipped (noise params: TMEM_LOAD_WIDTH) ===

=== Interaction: unroll_batch (PHASE1_UNROLL, BATCH_EPILOGUE) ===
  Branch 1/2: -DGELU_VARIANT=4 -DMBAR_EARLY=1 -DN_STAGES=5 -DPHASE1_UNROLL=4 -DSTAGGER_CYCLES=0 -DSTORE_TIMING=1 -DSUB_MMA_UNROLL=3
Sweep: 6 total, 3 valid, 3 pruned
Estimated time: ~0 min (3 configs × ~5s each)

[1/3] -DGELU_VARIANT=4 -DMBAR_EARLY=1 -DN_STAGES=5 -DPHASE1_UNROLL=1 -DSTAGGER_CYCLES=0 -DSTORE_TIMING=1 -DSUB_MMA_UNROLL=3 ... 3.451 ms / 1269 TFLOPS  (236 regs, 2.7s)
[2/3] -DGELU_VARIANT=4 -DMBAR_EARLY=1 -DN_STAGES=5 -DSTAGGER_CYCLES=0 -DSTORE_TIMING=1 -DSUB_MMA_UNROLL=3 ... 3.180 ms / 1378 TFLOPS  (240 regs, 2.7s)
[3/3] -DGELU_VARIANT=4 -DMBAR_EARLY=1 -DN_STAGES=5 -DPHASE1_UNROLL=4 -DSTAGGER_CYCLES=0 -DSTORE_TIMING=1 -DSUB_MMA_UNROLL=3 ... 2.308 ms / 1898 TFLOPS  (244 regs, 2.9s)
  Branch 2/2: -DEPI_SYNC=1 -DGELU_VARIANT=5 -DMBAR_EARLY=1 -DN_STAGES=5 -DPHASE1_UNROLL=4 -DPRELOAD_MODE=0 -DSTAGGER_CYCLES=0 -DSTORE_TIMING=1 -DSUB_MMA_UNROLL=3
Sweep: 6 total, 3 valid, 3 pruned
Estimated time: ~0 min (3 configs × ~5s each)

[1/3] -DEPI_SYNC=1 -DGELU_VARIANT=5 -DMBAR_EARLY=1 -DN_STAGES=5 -DPHASE1_UNROLL=1 -DPRELOAD_MODE=0 -DSTAGGER_CYCLES=0 -DSTORE_TIMING=1 -DSUB_MMA_UNROLL=3 ... 3.517 ms / 1245 TFLOPS  (236 regs, 2.8s)
[2/3] -DEPI_SYNC=1 -DGELU_VARIANT=5 -DMBAR_EARLY=1 -DN_STAGES=5 -DPRELOAD_MODE=0 -DSTAGGER_CYCLES=0 -DSTORE_TIMING=1 -DSUB_MMA_UNROLL=3 ... 3.102 ms / 1412 TFLOPS  (240 regs, 2.8s)
[3/3] -DEPI_SYNC=1 -DGELU_VARIANT=5 -DMBAR_EARLY=1 -DN_STAGES=5 -DPHASE1_UNROLL=4 -DPRELOAD_MODE=0 -DSTAGGER_CYCLES=0 -DSTORE_TIMING=1 -DSUB_MMA_UNROLL=3 ... 2.696 ms / 1625 TFLOPS  (244 regs, 2.8s)
  η²: PHASE1_UNROLL=0.925
  Best: -DGELU_VARIANT=4 -DMBAR_EARLY=1 -DN_STAGES=5 -DPHASE1_UNROLL=4 -DSTAGGER_CYCLES=0 -DSTORE_TIMING=1 -DSUB_MMA_UNROLL=3 → 2.308 ms / 1898 TFLOPS

=== Interaction: gelu_interleave (GELU_VARIANT, INTERLEAVE_STRATEGY) ===
  Branch 1/2: -DGELU_VARIANT=4 -DMBAR_EARLY=1 -DN_STAGES=5 -DPHASE1_UNROLL=4 -DSTAGGER_CYCLES=0 -DSTORE_TIMING=1 -DSUB_MMA_UNROLL=3
Sweep: 12 total, 3 valid, 3 pruned, 6 deduped
Estimated time: ~0 min (3 configs × ~5s each)

[1/3] -DMBAR_EARLY=1 -DN_STAGES=5 -DPHASE1_UNROLL=4 -DSTAGGER_CYCLES=0 -DSTORE_TIMING=1 -DSUB_MMA_UNROLL=3 ... 2.366 ms / 1851 TFLOPS  (244 regs, 2.8s)
[2/3] -DGELU_VARIANT=4 -DMBAR_EARLY=1 -DN_STAGES=5 -DPHASE1_UNROLL=4 -DSTAGGER_CYCLES=0 -DSTORE_TIMING=1 -DSUB_MMA_UNROLL=3 ... 2.315 ms / 1892 TFLOPS  (244 regs, 2.9s)
[3/3] -DGELU_VARIANT=5 -DMBAR_EARLY=1 -DN_STAGES=5 -DPHASE1_UNROLL=4 -DSTAGGER_CYCLES=0 -DSTORE_TIMING=1 -DSUB_MMA_UNROLL=3 ... 2.310 ms / 1897 TFLOPS  (244 regs, 2.8s)
  Branch 2/2: -DEPI_SYNC=1 -DGELU_VARIANT=5 -DMBAR_EARLY=1 -DN_STAGES=5 -DPHASE1_UNROLL=4 -DPRELOAD_MODE=0 -DSTAGGER_CYCLES=0 -DSTORE_TIMING=1 -DSUB_MMA_UNROLL=3
Sweep: 12 total, 3 valid, 3 pruned, 6 deduped
Estimated time: ~0 min (3 configs × ~5s each)

[1/3] -DEPI_SYNC=1 -DMBAR_EARLY=1 -DN_STAGES=5 -DPHASE1_UNROLL=4 -DPRELOAD_MODE=0 -DSTAGGER_CYCLES=0 -DSTORE_TIMING=1 -DSUB_MMA_UNROLL=3 ... 2.851 ms / 1536 TFLOPS  (244 regs, 2.8s)
[2/3] -DEPI_SYNC=1 -DGELU_VARIANT=4 -DMBAR_EARLY=1 -DN_STAGES=5 -DPHASE1_UNROLL=4 -DPRELOAD_MODE=0 -DSTAGGER_CYCLES=0 -DSTORE_TIMING=1 -DSUB_MMA_UNROLL=3 ... 2.750 ms / 1593 TFLOPS  (244 regs, 2.8s)
[3/3] -DEPI_SYNC=1 -DGELU_VARIANT=5 -DMBAR_EARLY=1 -DN_STAGES=5 -DPHASE1_UNROLL=4 -DPRELOAD_MODE=0 -DSTAGGER_CYCLES=0 -DSTORE_TIMING=1 -DSUB_MMA_UNROLL=3 ... 2.707 ms / 1618 TFLOPS  (244 regs, 2.8s)
  η²: GELU_VARIANT=0.036
  Best: -DGELU_VARIANT=5 -DMBAR_EARLY=1 -DN_STAGES=5 -DPHASE1_UNROLL=4 -DSTAGGER_CYCLES=0 -DSTORE_TIMING=1 -DSUB_MMA_UNROLL=3 → 2.310 ms / 1897 TFLOPS

=== Interaction: gelu_width (GELU_VECTOR_WIDTH, GELU_VARIANT, BATCH_EPILOGUE) ===
  Branch 1/2: -DGELU_VARIANT=4 -DMBAR_EARLY=1 -DN_STAGES=5 -DPHASE1_UNROLL=4 -DSTAGGER_CYCLES=0 -DSTORE_TIMING=1 -DSUB_MMA_UNROLL=3
Sweep: 18 total, 6 valid, 12 pruned
Estimated time: ~0 min (6 configs × ~5s each)

[1/6] -DMBAR_EARLY=1 -DN_STAGES=5 -DPHASE1_UNROLL=4 -DSTAGGER_CYCLES=0 -DSTORE_TIMING=1 -DSUB_MMA_UNROLL=3 ... 2.376 ms / 1844 TFLOPS  (244 regs, 2.8s)
[2/6] -DGELU_VARIANT=4 -DMBAR_EARLY=1 -DN_STAGES=5 -DPHASE1_UNROLL=4 -DSTAGGER_CYCLES=0 -DSTORE_TIMING=1 -DSUB_MMA_UNROLL=3 ... 2.293 ms / 1910 TFLOPS  (244 regs, 2.8s)
[3/6] -DGELU_VARIANT=5 -DMBAR_EARLY=1 -DN_STAGES=5 -DPHASE1_UNROLL=4 -DSTAGGER_CYCLES=0 -DSTORE_TIMING=1 -DSUB_MMA_UNROLL=3 ... 2.318 ms / 1890 TFLOPS  (244 regs, 2.8s)
[4/6] -DBATCH_EPILOGUE=1 -DGELU_VECTOR_WIDTH=8 -DMBAR_EARLY=1 -DN_STAGES=5 -DPHASE1_UNROLL=4 -DSTAGGER_CYCLES=0 -DSTORE_TIMING=1 -DSUB_MMA_UNROLL=3 ... 2.797 ms / 1566 TFLOPS  (247 regs, 2.8s)
[5/6] -DBATCH_EPILOGUE=1 -DGELU_VECTOR_WIDTH=16 -DMBAR_EARLY=1 -DN_STAGES=5 -DPHASE1_UNROLL=4 -DSTAGGER_CYCLES=0 -DSTORE_TIMING=1 -DSUB_MMA_UNROLL=3 ... 2.791 ms / 1569 TFLOPS  (247 regs, 2.8s)
[6/6] -DBATCH_EPILOGUE=1 -DMBAR_EARLY=1 -DN_STAGES=5 -DPHASE1_UNROLL=4 -DSTAGGER_CYCLES=0 -DSTORE_TIMING=1 -DSUB_MMA_UNROLL=3 ... 2.803 ms / 1563 TFLOPS  (247 regs, 2.9s)
  Branch 2/2: -DEPI_SYNC=1 -DGELU_VARIANT=5 -DMBAR_EARLY=1 -DN_STAGES=5 -DPHASE1_UNROLL=4 -DPRELOAD_MODE=0 -DSTAGGER_CYCLES=0 -DSTORE_TIMING=1 -DSUB_MMA_UNROLL=3
Sweep: 18 total, 6 valid, 12 pruned
Estimated time: ~0 min (6 configs × ~5s each)

[1/6] -DEPI_SYNC=1 -DMBAR_EARLY=1 -DN_STAGES=5 -DPHASE1_UNROLL=4 -DPRELOAD_MODE=0 -DSTAGGER_CYCLES=0 -DSTORE_TIMING=1 -DSUB_MMA_UNROLL=3 ... 2.831 ms / 1547 TFLOPS  (244 regs, 2.8s)
[2/6] -DEPI_SYNC=1 -DGELU_VARIANT=4 -DMBAR_EARLY=1 -DN_STAGES=5 -DPHASE1_UNROLL=4 -DPRELOAD_MODE=0 -DSTAGGER_CYCLES=0 -DSTORE_TIMING=1 -DSUB_MMA_UNROLL=3 ... 2.722 ms / 1609 TFLOPS  (244 regs, 2.8s)
[3/6] -DEPI_SYNC=1 -DGELU_VARIANT=5 -DMBAR_EARLY=1 -DN_STAGES=5 -DPHASE1_UNROLL=4 -DPRELOAD_MODE=0 -DSTAGGER_CYCLES=0 -DSTORE_TIMING=1 -DSUB_MMA_UNROLL=3 ... 2.666 ms / 1643 TFLOPS  (244 regs, 2.8s)
[4/6] -DBATCH_EPILOGUE=1 -DEPI_SYNC=1 -DGELU_VECTOR_WIDTH=8 -DMBAR_EARLY=1 -DN_STAGES=5 -DPHASE1_UNROLL=4 -DPRELOAD_MODE=0 -DSTAGGER_CYCLES=0 -DSTORE_TIMING=1 -DSUB_MMA_UNROLL=3 ... 2.918 ms / 1501 TFLOPS  (247 regs, 2.8s)
[5/6] -DBATCH_EPILOGUE=1 -DEPI_SYNC=1 -DGELU_VECTOR_WIDTH=16 -DMBAR_EARLY=1 -DN_STAGES=5 -DPHASE1_UNROLL=4 -DPRELOAD_MODE=0 -DSTAGGER_CYCLES=0 -DSTORE_TIMING=1 -DSUB_MMA_UNROLL=3 ... 2.916 ms / 1502 TFLOPS  (247 regs, 2.8s)
[6/6] -DBATCH_EPILOGUE=1 -DEPI_SYNC=1 -DMBAR_EARLY=1 -DN_STAGES=5 -DPHASE1_UNROLL=4 -DPRELOAD_MODE=0 -DSTAGGER_CYCLES=0 -DSTORE_TIMING=1 -DSUB_MMA_UNROLL=3 ... 2.907 ms / 1507 TFLOPS  (247 regs, 2.8s)
  η²: GELU_VECTOR_WIDTH=0.258, GELU_VARIANT=0.381, BATCH_EPILOGUE=0.515
  Best: -DGELU_VARIANT=4 -DMBAR_EARLY=1 -DN_STAGES=5 -DPHASE1_UNROLL=4 -DSTAGGER_CYCLES=0 -DSTORE_TIMING=1 -DSUB_MMA_UNROLL=3 → 2.293 ms / 1910 TFLOPS

=== Interaction: store_batch (STORE_TIMING, BATCH_EPILOGUE) ===
  Branch 1/2: -DGELU_VARIANT=4 -DMBAR_EARLY=1 -DN_STAGES=5 -DPHASE1_UNROLL=4 -DSTAGGER_CYCLES=0 -DSTORE_TIMING=1 -DSUB_MMA_UNROLL=3
Sweep: 4 total, 2 valid, 2 pruned
Estimated time: ~0 min (2 configs × ~5s each)

[1/2] -DGELU_VARIANT=4 -DINTERLEAVE_STRATEGY=3 -DMBAR_EARLY=1 -DN_STAGES=5 -DPHASE1_UNROLL=4 -DSTAGGER_CYCLES=0 -DSUB_MMA_UNROLL=3 ... 2.705 ms / 1620 TFLOPS  (244 regs, 2.8s)
[2/2] -DGELU_VARIANT=4 -DMBAR_EARLY=1 -DN_STAGES=5 -DPHASE1_UNROLL=4 -DSTAGGER_CYCLES=0 -DSTORE_TIMING=1 -DSUB_MMA_UNROLL=3 ... 2.244 ms / 1952 TFLOPS  (244 regs, 2.8s)
  Branch 2/2: -DEPI_SYNC=1 -DGELU_VARIANT=5 -DMBAR_EARLY=1 -DN_STAGES=5 -DPHASE1_UNROLL=4 -DPRELOAD_MODE=0 -DSTAGGER_CYCLES=0 -DSTORE_TIMING=1 -DSUB_MMA_UNROLL=3
Sweep: 4 total, 2 valid, 2 pruned
Estimated time: ~0 min (2 configs × ~5s each)

[1/2] -DEPI_SYNC=1 -DGELU_VARIANT=5 -DINTERLEAVE_STRATEGY=3 -DMBAR_EARLY=1 -DN_STAGES=5 -DPHASE1_UNROLL=4 -DPRELOAD_MODE=0 -DSTAGGER_CYCLES=0 -DSUB_MMA_UNROLL=3 ... 2.673 ms / 1639 TFLOPS  (244 regs, 2.8s)
[2/2] -DEPI_SYNC=1 -DGELU_VARIANT=5 -DMBAR_EARLY=1 -DN_STAGES=5 -DPHASE1_UNROLL=4 -DPRELOAD_MODE=0 -DSTAGGER_CYCLES=0 -DSTORE_TIMING=1 -DSUB_MMA_UNROLL=3 ... 2.685 ms / 1632 TFLOPS  (244 regs, 2.8s)
  η²: STORE_TIMING=0.340
  Best: -DGELU_VARIANT=4 -DMBAR_EARLY=1 -DN_STAGES=5 -DPHASE1_UNROLL=4 -DSTAGGER_CYCLES=0 -DSTORE_TIMING=1 -DSUB_MMA_UNROLL=3 → 2.244 ms / 1952 TFLOPS
  ** New overall best from interaction 'store_batch' **

=== Interaction: prefetch_store — skipped (noise params: PREFETCH_BEFORE_STORE) ===

=== Interaction: loop_store (EPILOGUE_LOOP, STORE_TIMING) ===
  Branch 1/2: -DGELU_VARIANT=4 -DMBAR_EARLY=1 -DN_STAGES=5 -DPHASE1_UNROLL=4 -DSTAGGER_CYCLES=0 -DSTORE_TIMING=1 -DSUB_MMA_UNROLL=3
Sweep: 4 total, 3 valid, 1 pruned
Estimated time: ~0 min (3 configs × ~5s each)

[1/3] -DGELU_VARIANT=4 -DINTERLEAVE_STRATEGY=3 -DMBAR_EARLY=1 -DN_STAGES=5 -DPHASE1_UNROLL=4 -DSTAGGER_CYCLES=0 -DSUB_MMA_UNROLL=3 ... 2.675 ms / 1637 TFLOPS  (244 regs, 2.8s)
[2/3] -DGELU_VARIANT=4 -DMBAR_EARLY=1 -DN_STAGES=5 -DPHASE1_UNROLL=4 -DSTAGGER_CYCLES=0 -DSTORE_TIMING=1 -DSUB_MMA_UNROLL=3 ... 2.363 ms / 1854 TFLOPS  (244 regs, 2.8s)
[3/3] -DEPILOGUE_LOOP=1 -DGELU_VARIANT=4 -DMBAR_EARLY=1 -DN_STAGES=5 -DSTAGGER_CYCLES=0 -DSTORE_TIMING=1 -DSUB_MMA_UNROLL=3 ... 3.460 ms / 1266 TFLOPS  (236 regs, 2.8s)
  Branch 2/2: -DEPI_SYNC=1 -DGELU_VARIANT=5 -DMBAR_EARLY=1 -DN_STAGES=5 -DPHASE1_UNROLL=4 -DPRELOAD_MODE=0 -DSTAGGER_CYCLES=0 -DSTORE_TIMING=1 -DSUB_MMA_UNROLL=3
Sweep: 4 total, 3 valid, 1 pruned
Estimated time: ~0 min (3 configs × ~5s each)

[1/3] -DEPI_SYNC=1 -DGELU_VARIANT=5 -DINTERLEAVE_STRATEGY=3 -DMBAR_EARLY=1 -DN_STAGES=5 -DPHASE1_UNROLL=4 -DPRELOAD_MODE=0 -DSTAGGER_CYCLES=0 -DSUB_MMA_UNROLL=3 ... 2.708 ms / 1618 TFLOPS  (244 regs, 2.9s)
[2/3] -DEPI_SYNC=1 -DGELU_VARIANT=5 -DMBAR_EARLY=1 -DN_STAGES=5 -DPHASE1_UNROLL=4 -DPRELOAD_MODE=0 -DSTAGGER_CYCLES=0 -DSTORE_TIMING=1 -DSUB_MMA_UNROLL=3 ... 2.720 ms / 1610 TFLOPS  (244 regs, 2.8s)
[3/3] -DEPILOGUE_LOOP=1 -DEPI_SYNC=1 -DGELU_VARIANT=5 -DMBAR_EARLY=1 -DN_STAGES=5 -DPRELOAD_MODE=0 -DSTAGGER_CYCLES=0 -DSTORE_TIMING=1 -DSUB_MMA_UNROLL=3 ... 3.516 ms / 1246 TFLOPS  (236 regs, 2.7s)
  η²: EPILOGUE_LOOP=0.920, STORE_TIMING=0.127
  Best: -DGELU_VARIANT=4 -DMBAR_EARLY=1 -DN_STAGES=5 -DPHASE1_UNROLL=4 -DSTAGGER_CYCLES=0 -DSTORE_TIMING=1 -DSUB_MMA_UNROLL=3 → 2.363 ms / 1854 TFLOPS

=== Interaction: sts_batch (STS_WIDTH, BATCH_EPILOGUE) ===
  Branch 1/2: -DGELU_VARIANT=4 -DMBAR_EARLY=1 -DN_STAGES=5 -DPHASE1_UNROLL=4 -DSTAGGER_CYCLES=0 -DSTORE_TIMING=1 -DSUB_MMA_UNROLL=3
Sweep: 4 total, 1 valid, 3 pruned
Estimated time: ~0 min (1 configs × ~5s each)

[1/1] -DGELU_VARIANT=4 -DMBAR_EARLY=1 -DN_STAGES=5 -DPHASE1_UNROLL=4 -DSTAGGER_CYCLES=0 -DSTORE_TIMING=1 -DSUB_MMA_UNROLL=3 ... 2.261 ms / 1937 TFLOPS  (244 regs, 2.8s)
  Branch 2/2: -DEPI_SYNC=1 -DGELU_VARIANT=5 -DMBAR_EARLY=1 -DN_STAGES=5 -DPHASE1_UNROLL=4 -DPRELOAD_MODE=0 -DSTAGGER_CYCLES=0 -DSTORE_TIMING=1 -DSUB_MMA_UNROLL=3
Sweep: 4 total, 1 valid, 3 pruned
Estimated time: ~0 min (1 configs × ~5s each)

[1/1] -DEPI_SYNC=1 -DGELU_VARIANT=5 -DMBAR_EARLY=1 -DN_STAGES=5 -DPHASE1_UNROLL=4 -DPRELOAD_MODE=0 -DSTAGGER_CYCLES=0 -DSTORE_TIMING=1 -DSUB_MMA_UNROLL=3 ... 2.686 ms / 1631 TFLOPS  (244 regs, 2.8s)
  Best: -DGELU_VARIANT=4 -DMBAR_EARLY=1 -DN_STAGES=5 -DPHASE1_UNROLL=4 -DSTAGGER_CYCLES=0 -DSTORE_TIMING=1 -DSUB_MMA_UNROLL=3 → 2.261 ms / 1937 TFLOPS

=== Interaction: sync_stagger — skipped (noise params: STAGGER_CYCLES) ===

Top-locked params: PHASE1_UNROLL=4, STORE_TIMING=1

@@GRID_WINNER -DGELU_VARIANT=4 -DMBAR_EARLY=1 -DN_STAGES=5 -DPHASE1_UNROLL=4 -DSTAGGER_CYCLES=0 -DSTORE_TIMING=1 -DSUB_MMA_UNROLL=3

================================================================================
RESULTS (sorted by ms)
================================================================================
  #  STG  EPI  INTER  MBAR  TMEM  STAG  PH1U  SNAKE  FUSE  KLU  W0U  SMU  PRLD  PFBS  GELU  TMAR  BTCH  GVW  STIM  ELOP  STSW  ESYN  NPP  REGS     SMEM       MS   TFLOPS  STATUS
---------------------------------------------------------------------------------------------------------------------------------------------------------------------------------
  1    5    4      3     1    32     0     4      1     1    5    0    3     1     0     4     0     0   32     1     0    16     0    0   244   225.0K    2.244     1952  BEST
  2    5    4      3     1    32     0     4      1     1    5    0    3     1     0     4     0     0   32     1     0    16     0    0   244   225.0K    2.261     1937  OK
  3    5    4      3     1    32     0     4      1     1    5    0    3     1     0     4     0     0   32     1     0    16     0    0   244   225.0K    2.277     1923  OK
  4    5    4      3     1    32     0     4      1     1    5    0    3     1     0     4     0     0   32     1     0    16     0    0   244   225.0K    2.293     1910  OK
  5    5    4      3     1    32     0     4      1     1    5    0    3     1     0     4     0     0   32     1     0    16     0    0   244   225.0K    2.308     1898  OK
  6    5    4      3     1    32     0     4      1     1    5    0    3     1     0     5     0     0   32     1     0    16     0    0   244   225.0K    2.309     1897  OK
  7    5    4      1     1    32     0     4      1     1    5    0    3     1     0     5     0     0   32     1     0    16     0    0   244   225.0K    2.310     1897  OK
  8    5    4      1     1    32     0     4      1     1    5    0    3     1     0     4     0     0   32     1     0    16     0    0   244   225.0K    2.315     1892  OK
  9    5    4      3     1    32     0     4      1     1    5    0    3     1     0     5     0     0   32     1     0    16     0    0   244   225.0K    2.316     1891  OK
 10    5    4      3     1    32     0     4      1     1    5    0    3     1     0     5     0     0   32     1     0    16     0    0   244   225.0K    2.318     1890  OK
 11    5    4      3     1    32     0     4      1     1    5    0    3     1     0     4     0     0   32     1     0    16     0    0   244   225.0K    2.320     1888  OK
 12    5    4      3     1    32     0     4      1     1    5    0    3     1     0     5     0     0   32     1     0    16     0    0   244   225.0K    2.323     1885  OK
 13    5    4      3     1    32     0     4      1     1    5    0    3     0     0     5     0     0   32     1     0    16     0    0   244   225.0K    2.330     1880  OK
 14    5    4      1     1    32     0     4      1     1    5    0    3     1     0     5     0     0   32     1     0    16     0    0   244   225.0K    2.338     1873  OK
 15    5    4      1     1    32     0     4      1     1    5    0    3     0     0     5     0     0   32     1     0    16     0    0   244   225.0K    2.358     1858  OK
 16    5    4      3     1    32     0     4      1     1    5    0    3     1     0     4     0     0   32     1     0    16     0    0   244   225.0K    2.363     1854  OK
 17    5    4      1     1    32     0     4      1     1    5    0    3     1     0     0     0     0   32     1     0    16     0    0   244   225.0K    2.366     1851  OK
 18    5    4      3     1    32     0     4      1     1    5    0    3     1     0     0     0     0   32     1     0    16     0    0   244   225.0K    2.376     1844  OK
 19    5    4      3     1    32     0     4      1     1    5    0    3     1     0     0     0     0   32     1     0    16     0    0   244   225.0K    2.376     1844  OK
 20    5    4      3     1    32     0     4      1     1    5    0    3     1     0     0     0     0   32     1     0    16     0    0   244   225.0K    2.393     1830  OK
 21    5    4      3     1    32     0     4      1     1    5    0    3     0     0     5     0     0   32     1     0    16     0    0   244   225.0K    2.442     1794  OK
 22    5    4      3     1    32     0     4      1     1    5    0    3     0     0     4     0     0   32     1     0    16     0    0   244   225.0K    2.515     1741  OK
 23    5    4      3     1    32     0     4      1     1    5    0    3     2     0     4     0     0   32     1     0    16     0    0   246   225.0K    2.516     1741  OK
 24    5    4      3     1    32     0     4      1     1    5    0    3     2     0     0     0     0   32     1     0    16     0    0   246   225.0K    2.584     1695  OK
 25    5    4      3     1    32     0     4      1     1    5    0    3     2     0     0     0     0   32     0     0    16     0    0   249   225.0K    2.586     1694  OK
 26    5    4      3     1    32     0     4      1     1    5    0    3     2     0     5     0     0   32     0     0    16     0    0   249   225.0K    2.607     1680  OK
 27    5    4      3     1    32     0     4      1     1    5    0    3     2     0     0     0     1   32     0     0    16     0    0   248   225.0K    2.619     1672  OK
 28    5    4      1     1    32     0     4      1     1    5    0    3     2     0     5     0     0   32     1     0    16     0    0   246   225.0K    2.623     1670  OK
 29    5    4      3     1    32     0     4      1     1    5    0    3     2     0     4     0     0   32     0     0    16     0    0   249   225.0K    2.624     1669  OK
 30    5    4      3     1    32     0     4      1     1    5    0    3     1     0     5     0     0   32     0     0    16     0    0   244   225.0K    2.630     1665  OK
 31    5    4      3     1    32     0     4      1     1    5    0    3     2     0     0     0     1   32     1     0    16     0    0   247   225.0K    2.640     1659  OK
 32    5    4      3     1    32     0     4      1     1    5    0    3     0     0     5     0     0   32     0     0    16     0    0   244   225.0K    2.642     1658  OK
 33    5    4      3     1    32     0     2      1     1    5    0    3     2     0     0     0     1   32     0     0    16     0    0   247   225.0K    2.653     1651  OK
 34    5    4      3     1    32     0     4      1     1    5    0    3     1     0     0     0     0   32     0     0    16     0    0   244   225.0K    2.655     1650  OK
 35    5    4      3     1    32     0     2      1     1    5    0    3     2     0     5     0     0   32     0     0    16     0    0   247   225.0K    2.658     1648  OK
 36    5    4      3     1    32     0     4      1     1    5    0    3     0     0     0     0     0   32     0     0    16     0    0   244   225.0K    2.660     1647  OK
 37    5    4      3     1    32     0     4      1     1    5    0    3     0     0     5     0     0   32     1     0    16     1    0   244   225.0K    2.660     1647  OK
 38    5    4      3     1    32     0     2      1     1    5    0    3     2     0     0     0     0   32     0     0    16     0    0   247   225.0K    2.662     1645  OK
 39    5    4      3     1    32     0     4      1     1    5    0    3     2     0     5     0     0   32     1     0    16     0    0   246   225.0K    2.663     1645  OK
 40    5    4      3     1    32     0     4      1     1    5    0    3     0     0     4     0     0   32     0     0    16     0    0   244   225.0K    2.666     1643  OK
 41    5    4      3     1    32     0     4      1     1    5    0    3     0     0     5     0     0   32     1     0    16     1    0   244   225.0K    2.666     1643  OK
 42    5    4      3     1    32     0     2      1     1    5    0    3     2     0     4     0     0   32     0     0    16     0    0   247   225.0K    2.670     1640  OK
 43    5    4      3     1    32     0     4      1     1    5    0    3     0     0     5     0     0   32     0     0    16     1    0   244   225.0K    2.673     1639  OK
 44    5    4      3     1    32     0     4      1     1    5    0    3     1     0     4     0     0   32     0     0    16     0    0   244   225.0K    2.675     1637  OK
 45    5    4      3     1    32     0     4      1     1    5    0    3     0     0     5     0     0   32     1     0    16     1    0   244   225.0K    2.683     1632  OK
 46    5    4      3     1    32     0     4      1     1    5    0    3     0     0     5     0     0   32     1     0    16     1    0   244   225.0K    2.685     1632  OK
 47    5    4      3     1    32     0     4      1     1    5    0    3     0     0     5     0     0   32     1     0    16     1    0   244   225.0K    2.686     1631  OK
 48    5    4      3     1    32     0     4      1     1    5    0    3     0     0     5     0     0   32     1     0    16     1    0   244   225.0K    2.696     1625  OK
 49    5    4      3     1    32     0     4      1     1    5    0    3     1     0     4     0     0   32     0     0    16     0    0   244   225.0K    2.705     1620  OK
 50    5    4      3     1    32     0     2      1     1    5    0    3     1     0     5     0     0   32     0     0    16     0    0   242   225.0K    2.707     1618  OK
 51    5    4      1     1    32     0     4      1     1    5    0    3     0     0     5     0     0   32     1     0    16     1    0   244   225.0K    2.707     1618  OK
 52    5    4      3     1    32     0     4      1     1    5    0    3     1     0     5     0     0   32     1     0    16     1    0   244   225.0K    2.708     1617  OK
 53    5    4      3     1    32     0     4      1     1    5    0    3     0     0     5     0     0   32     0     0    16     1    0   244   225.0K    2.708     1618  OK
 54    5    4      3     1    32     0     2      1     1    5    0    3     1     0     4     0     0   32     0     0    16     0    0   242   225.0K    2.714     1614  OK
 55    5    4      3     1    32     0     4      1     1    5    0    3     1     0     4     0     0   32     0     0    16     0    0   244   225.0K    2.714     1614  OK
 56    5    4      3     1    32     0     4      1     1    5    0    3     1     0     0     0     1   32     0     0    16     0    0   244   225.0K    2.714     1614  OK
 57    5    4      1     1    32     0     4      1     1    5    0    3     1     0     5     0     0   32     1     0    16     1    0   244   225.0K    2.714     1614  OK
 58    5    4      1     1    32     0     4      1     1    5    0    3     0     0     5     0     0   32     1     0    16     1    0   244   225.0K    2.715     1614  OK
 59    5    4      3     1    32     0     4      1     1    5    0    3     0     0     5     0     0   32     1     0    16     1    0   244   225.0K    2.720     1610  OK
 60    5    4      3     1    32     0     4      1     1    5    0    3     0     0     4     0     0   32     1     0    16     1    0   244   225.0K    2.722     1609  OK
 61    5    4      3     1    32     0     2      1     1    5    0    3     1     0     0     0     0   32     0     0    16     0    0   242   225.0K    2.729     1605  OK
 62    5    4      3     1    32     0     2      1     1    5    0    3     0     0     5     0     0   32     0     0    16     0    0   240   225.0K    2.733     1603  OK
 63    5    4      3     1    32     0     4      1     1    5    0    3     0     0     0     0     1   32     0     0    16     0    0   244   225.0K    2.738     1600  OK
 64    5    4      3     1    32     0     2      1     1    5    0    3     1     0     4     0     0   32     0     0    16     0    0   242   225.0K    2.745     1596  OK
 65    5    4      3     1    32     0     2      1     1    5    0    3     1     0     5     0     0   32     0     0    16     0    0   242   225.0K    2.749     1593  OK
 66    5    4      1     1    32     0     4      1     1    5    0    3     0     0     4     0     0   32     1     0    16     1    0   244   225.0K    2.750     1593  OK
 67    5    4      3     1    32     0     4      1     1    5    0    3     1     0     0     0     1   32     1     0    16     0    0   247   225.0K    2.752     1592  OK
 68    5    4      1     1    32     0     2      1     1    5    0    3     1     0     0     0     0   32     0     0    16     0    0   240   225.0K    2.757     1588  OK
 69    5    4      1     1    32     0     4      1     1    5    0    3     2     0     5     0     0   32     1     0    16     1    0   246   225.0K    2.765     1584  OK
 70    5    4      3     1    32     0     2      1     1    5    0    3     0     0     4     0     0   32     0     0    16     0    0   240   225.0K    2.785     1573  OK
 71    5    4      3     1    32     0     4      1     1    5    0    3     0     0     0     0     0   32     1     0    16     1    0   244   225.0K    2.787     1572  OK
 72    5    4      1     1    32     0     2      1     1    5    0    3     1     0     5     0     0   32     0     0    16     0    0   240   225.0K    2.789     1570  OK
 73    5    4      3     1    32     0     2      1     1    5    0    3     1     0     0     0     0   32     0     0    16     0    0   242   225.0K    2.790     1570  OK
 74    5    4      3     1    32     0     4      1     1    5    0    3     0     0     4     0     0   32     1     0    16     1    0   244   225.0K    2.791     1569  OK
 75    5    4      3     1    32     0     4      1     1    5    0    3     1     0     0     0     1   16     1     0    16     0    0   247   225.0K    2.791     1569  OK
 76    5    4      3     1    32     0     2      1     1    5    0    3     0     0     0     0     0   32     0     0    16     0    0   240   225.0K    2.796     1567  OK
 77    5    4      3     1    32     0     4      1     1    5    0    3     1     0     0     0     1    8     1     0    16     0    0   247   225.0K    2.797     1566  OK
 78    5    4      3     1    32     0     4      1     1    5    0    3     1     0     0     0     1   32     1     0    16     0    0   247   225.0K    2.801     1564  OK
 79    5    4      3     1    32     0     4      1     1    5    0    3     1     0     0     0     1   32     1     0    16     0    0   247   225.0K    2.803     1563  OK
 80    5    4      3     1    32     0     4      1     1    5    0    3     0     0     0     0     0   32     1     0    16     1    0   244   225.0K    2.831     1547  OK
 81    5    4      1     1    32     0     4      1     1    5    0    3     0     0     0     0     0   32     1     0    16     1    0   244   225.0K    2.851     1536  OK
 82    5    4      3     1    32     0     4      1     1    5    0    3     0     0     0     0     0   32     1     0    16     0    0   244   225.0K    2.854     1535  OK
 83    5    4      1     1    32     0     2      1     1    5    0    3     1     0     4     0     0   32     0     0    16     0    0   240   225.0K    2.865     1529  OK
 84    5    4      3     1    32     0     4      1     1    5    0    3     0     0     0     0     1   32     1     0    16     0    0   247   225.0K    2.886     1518  OK
 85    5    4      3     1    32     0     4      1     1    5    0    3     0     0     0     0     1   32     1     0    16     1    0   247   225.0K    2.907     1507  OK
 86    5    4      3     1    32     0     4      1     1    5    0    3     0     0     0     0     1   16     1     0    16     1    0   247   225.0K    2.916     1502  OK
 87    5    4      3     1    32     0     2      1     1    5    0    3     1     0     0     0     1   32     0     0    16     0    0   248   225.0K    2.917     1502  OK
 88    5    4      3     1    32     0     4      1     1    5    0    3     0     0     0     0     1    8     1     0    16     1    0   247   225.0K    2.918     1501  OK
 89    5    4      2     1    32     0     2      1     1    5    0    3     1     0     0     0     0   32     0     0    16     0    0   240   225.0K    2.919     1501  OK
 90    5    4      3     1    32     0     4      1     1    5    0    3     0     0     0     0     1   32     1     0    16     1    0   247   225.0K    2.930     1495  OK
 91    5    4      3     1    32     0     2      1     1    5    0    3     2     0     0     0     0   32     1     0    16     0    0   249   225.0K    2.936     1492  OK
 92    5    4      3     1    32     0     2      1     1    5    0    3     0     0     0     0     1   32     0     0    16     0    0   248   225.0K    2.966     1477  OK
 93    5    4      3     1    32     0     2      1     1    5    0    3     2     0     4     0     0   32     1     0    16     0    0   249   225.0K    2.973     1473  OK
 94    5    4      2     1    32     0     2      1     1    5    0    3     1     0     5     0     0   32     0     0    16     0    0   240   225.0K    2.982     1469  OK
 95    5    4      3     1    32     0     2      1     1    5    0    3     2     0     0     0     1   32     1     0    16     0    0   248   225.0K    2.986     1467  OK
 96    5    4      3     1    32     0     2      1     1    5    0    3     2     0     5     0     0   32     1     0    16     0    0   249   225.0K    2.994     1463  OK
 97    5    4      2     1    32     0     2      1     1    5    0    3     1     0     4     0     0   32     0     0    16     0    0   240   225.0K    3.049     1437  OK
 98    5    4      3     1    32     0     2      1     1    5    0    3     1     0     5     0     0   32     1     0    16     0    0   240   225.0K    3.098     1414  OK
 99    5    4      3     1    32     0     2      1     1    5    0    3     0     0     5     0     0   32     1     0    16     1    0   240   225.0K    3.102     1412  OK
100    5    4      0     1    32     0     2      1     1    5    0    3     1     0     5     0     0   32     0     0    16     0    0   240   225.0K    3.120     1404  OK
101    5    4      3     1    32     0     2      1     1    5    0    3     1     0     0     0     0   32     1     0    16     0    0   240   225.0K    3.138     1396  OK
102    5    4      3     1    32     0     2      1     1    5    0    3     0     0     0     0     0   32     1     0    16     0    0   240   225.0K    3.146     1392  OK
103    5    4      3     1    32     0     2      1     1    5    0    3     0     0     4     0     0   32     1     0    16     0    0   240   225.0K    3.147     1392  OK
104    5    4      3     1    32     0     2      1     1    5    0    3     1     0     4     0     0   32     1     0    16     0    0   240   225.0K    3.152     1390  OK
105    5    4      3     1    32     0     2      1     1    5    0    3     0     0     0     0     1   32     1     0    16     0    0   247   225.0K    3.172     1381  OK
106    5    4      0     1    32     0     2      1     1    5    0    3     1     0     0     0     0   32     0     0    16     0    0   240   225.0K    3.179     1378  OK
107    5    4      3     1    32     0     2      1     1    5    0    3     1     0     4     0     0   32     1     0    16     0    0   240   225.0K    3.180     1378  OK
108    5    4      3     1    32     0     2      1     1    5    0    3     1     0     0     0     1   32     1     0    16     0    0   247   225.0K    3.190     1373  OK
109    5    4      0     1    32     0     2      1     1    5    0    3     1     0     4     0     0   32     0     0    16     0    0   240   225.0K    3.191     1372  OK
110    5    4      3     1    32     0     2      1     1    5    0    3     0     0     5     0     0   32     1     0    16     0    0   240   225.0K    3.211     1364  OK
111    5    4      3     1    32     0     1      1     1    5    0    3     1     0     5     0     0   32     0     0    16     0    0   238   225.0K    3.221     1360  OK
112    5    4      3     1    32     0     1      1     1    5    0    3     1     0     0     0     0   32     0     0    16     0    0   238   225.0K    3.244     1350  OK
113    5    4      3     1    32     0     1      1     1    5    0    3     1     0     4     0     0   32     0     0    16     0    0   238   225.0K    3.262     1343  OK
114    5    4      3     1    32     0     1      1     1    5    0    3     0     0     0     0     0   32     0     0    16     0    0   238   225.0K    3.276     1337  OK
115    5    4      3     1    32     0     1      1     1    5    0    3     0     0     5     0     0   32     0     0    16     0    0   238   225.0K    3.277     1337  OK
116    5    4      3     1    32     0     1      1     1    5    0    3     0     0     4     0     0   32     0     0    16     0    0   238   225.0K    3.298     1328  OK
117    5    4      3     1    32     0     1      1     1    5    0    3     0     0     0     0     1   32     0     0    16     0    0   211   225.0K    3.328     1316  OK
118    5    4      3     1    32     0     1      1     1    5    0    3     1     0     0     0     1   32     0     0    16     0    0   211   225.0K    3.329     1316  OK
119    5    4      3     1    32     0     1      1     1    5    0    3     1     0     4     0     0   32     1     0    16     0    0   236   225.0K    3.429     1277  OK
120    5    4      3     1    32     0     4      1     1    5    0    3     1     0     5     0     0   32     1     1    16     1    0   236   225.0K    3.434     1275  OK
121    5    4      3     1    32     0     1      1     1    5    0    3     1     0     0     0     0   32     1     0    16     0    0   236   225.0K    3.437     1275  OK
122    5    4      3     1    32     0     1      1     1    5    0    3     1     0     5     0     0   32     1     0    16     0    0   236   225.0K    3.446     1271  OK
123    5    4      3     1    32     0     4      1     1    5    0    3     1     0     5     0     0   32     1     1    16     0    0   236   225.0K    3.448     1270  OK
124    5    4      3     1    32     0     1      1     1    5    0    3     1     0     4     0     0   32     1     0    16     0    0   236   225.0K    3.451     1269  OK
125    5    4      3     1    32     0     1      1     1    5    0    3     2     0     0     0     1   32     0     0    16     0    0   211   225.0K    3.454     1268  OK
126    5    4      3     1    32     0     1      1     1    5    0    3     2     0     0     0     0   32     0     0    16     0    0   238   225.0K    3.458     1267  OK
127    5    4      3     1    32     0     4      1     1    5    0    3     1     0     4     0     0   32     1     1    16     0    0   236   225.0K    3.460     1266  OK
128    5    4      3     1    32     0     1      1     1    5    0    3     2     0     5     0     0   32     0     0    16     0    0   238   225.0K    3.491     1255  OK
129    5    4      3     1    32     0     4      1     1    5    0    3     0     0     5     0     0   32     1     1    16     1    0   236   225.0K    3.499     1252  OK
130    5    4      3     1    32     0     1      1     1    5    0    3     2     0     4     0     0   32     0     0    16     0    0   238   225.0K    3.501     1251  OK
131    5    4      3     1    32     0     4      1     1    5    0    3     0     0     5     0     0   32     1     1    16     1    0   236   225.0K    3.516     1246  OK
132    5    4      3     1    32     0     1      1     1    5    0    3     0     0     5     0     0   32     1     0    16     1    0   236   225.0K    3.517     1245  OK
133    5    4      3     1    32     0     4      1     1    5    0    3     0     0     5     0     0   32     1     1    16     0    0   236   225.0K    3.520     1244  OK
134    5    4      3     1    32     0     1      1     1    5    0    3     0     0     5     0     0   32     1     0    16     0    0   236   225.0K    3.526     1242  OK
135    5    4      3     1    32     0     1      1     1    5    0    3     0     0     4     0     0   32     1     0    16     0    0   236   225.0K    3.526     1242  OK
136    5    4      3     1    32     0     1      1     1    5    0    3     0     0     0     0     0   32     1     0    16     0    0   236   225.0K    3.533     1240  OK
137    5    4      3     1    32     0     1      1     1    5    0    3     1     0     0     0     1   32     1     0    16     0    0   211   225.0K    3.626     1208  OK
138    5    4      3     1    32     0     1      1     1    5    0    3     0     0     0     0     1   32     1     0    16     0    0   211   225.0K    3.631     1206  OK
139    5    4      3     1    32     0     1      1     1    5    0    3     2     0     5     0     0   32     1     0    16     0    0   236   225.0K    3.633     1205  OK
140    5    4      3     1    32     0     1      1     1    5    0    3     2     0     4     0     0   32     1     0    16     0    0   236   225.0K    3.656     1198  OK
141    5    4      3     1    32     0     1      1     1    5    0    3     2     0     0     0     0   32     1     0    16     0    0   236   225.0K    3.667     1194  OK
142    5    4      3     1    32     0     1      1     1    5    0    3     2     0     0     0     1   32     1     0    16     0    0   211   225.0K    3.668     1194  OK

CSV written to /root/siglip/data/session_20260316_230241/sweep_fc1_gelu.csv

Best: -DGELU_VARIANT=4 -DMBAR_EARLY=1 -DN_STAGES=5 -DPHASE1_UNROLL=4 -DSTAGGER_CYCLES=0 -DSTORE_TIMING=1 -DSUB_MMA_UNROLL=3 → 2.244 ms / 1952 TFLOPS (244 regs)
