[23:02:41] ========================================
[23:02:41]   B200 SESSION 20260316_230241
[23:02:41]   Output: data/session_20260316_230241
[23:02:41]   Phase:  0
[23:02:41] ========================================
[23:02:41] Preflight OK
[23:02:41] 
[23:02:41] ==== PHASE 1/4: MACHINE SNAPSHOT ====
[23:02:41] Machine info saved to machine_info.txt
[23:02:41] 
[23:02:41] ==== PHASE 2/4: BUILD + GRID SEARCH + BENCHMARK ====
[23:02:41] Grid search: ~60-200 configs/layer (per-kernel tiered + top-lock).
[23:02:41] CUTLASS skipped (pass --cutlass to enable).
[23:02:41] Monitor: tail -f data/session_20260316_230241/compare.txt
[23:02:41] Grid search logs: tail -f data/session_20260316_230241/grid_search_*.log
[23:21:10] Phase 2 complete
[23:21:10] 
[23:21:10] ==== PHASE 3/4: NCU PROFILING ====
[23:21:10] ncu source counters: patch_embed
[23:21:12] ncu source counters: fc1-gelu
[23:21:14] ncu source counters: fc2
[23:21:16] ncu full profile: patch_embed
[23:22:08] Phase 3 complete
[23:22:08] 
[23:22:08] ==== PHASE 4/4: SASS DUMPS ====
[23:22:09] SASS dumped: patch_embed (3712 lines)
[23:22:09] SASS dumped: fc1-gelu (7499 lines)
[23:22:09] SASS dumped: fc2 (10096 lines)
[23:22:09] Phase 4 complete
[23:22:09] 
[23:22:09] ========================================
[23:22:09]   SESSION COMPLETE: 1168s (19 min)
[23:22:09]   Output: data/session_20260316_230241
[23:22:09] ========================================
total 32M
-rw-r--r-- 1 root root   822 Mar 16 23:21 compare.csv
-rw-r--r-- 1 root root  5.4K Mar 16 23:21 compare.txt
-rw-r--r-- 1 root root   59K Mar 16 23:11 grid_search_fc1_gelu.log
-rw-r--r-- 1 root root  118K Mar 16 23:20 grid_search_fc2.log
-rw-r--r-- 1 root root   24K Mar 16 23:04 grid_search_patch_embed.log
-rw-r--r-- 1 root root  4.2K Mar 16 23:02 machine_info.txt
-rw-r--r-- 1 root root 1023K Mar 16 23:22 sass_fc1-gelu.txt
-rw-r--r-- 1 root root  1.4M Mar 16 23:22 sass_fc2.txt
-rw-r--r-- 1 root root  511K Mar 16 23:22 sass_patch_embed.txt
-rw-r--r-- 1 root root  1.4K Mar 16 23:22 session.log
-rw-r--r-- 1 root root   29M Mar 16 23:22 siglip_full.ncu-rep
-rw-r--r-- 1 root root   864 Mar 16 23:21 source_counters_fc1-gelu.csv
-rw-r--r-- 1 root root   861 Mar 16 23:21 source_counters_fc2.csv
-rw-r--r-- 1 root root  1.3K Mar 16 23:21 source_counters_patch_embed.csv
-rw-r--r-- 1 root root   29K Mar 16 23:11 sweep_fc1_gelu.csv
-rw-r--r-- 1 root root   61K Mar 16 23:20 sweep_fc2.csv
-rw-r--r-- 1 root root   11K Mar 16 23:04 sweep_patch_embed.csv
[23:22:09] Autocommitting session data...
