✓ Initialized. View run at 
https://modal.com/apps/stephenliang/main/ap-h4ChcGwjasBdbUfMyVclcs
✓ Created objects.
├── 🔨 Created mount /home/sdl/net/sm100_sm103_tests/gpu_interface/paired_fc1.py
├── 🔨 Created mount /home/sdl/net/sm100_sm103_tests
└── 🔨 Created function bench.

==========
== CUDA ==
==========

CUDA Version 13.2.0

Container image Copyright (c) 2016-2023, NVIDIA CORPORATION & AFFILIATES. All rights reserved.

This container image and its contents are governed by the NVIDIA Deep Learning Container License.
By pulling and using the container, you accept the terms and conditions of this license:
https://developer.nvidia.com/ngc/nvidia-deep-learning-container-license

A copy of this license is made available in this container at /NGC-DL-CONTAINER-LICENSE for your convenience.

=== BUILD ===
$ make -B fc1-w3
nvcc -gencode arch=compute_100a,code=sm_100a -O3 -std=c++17 -lineinfo --ptxas-options=-v --cudart=static  fc1_w3.cu -o fc1-w3 -lcurand_static -lculibos -lcuda
ptxas info    : 0 bytes gmem
ptxas info    : Compiling entry function '_Z7pack_u8PhPKhiiii' for 'sm_100a'
ptxas info    : Function properties for _Z7pack_u8PhPKhiiii
    0 bytes stack frame, 0 bytes spill stores, 0 bytes spill loads
ptxas info    : Used 20 registers, used 0 barriers
ptxas info    : Compile time = 12.558 ms
ptxas info    : Compiling entry function '_Z19read_clock_sentinelPy' for 'sm_100a'
ptxas info    : Function properties for _Z19read_clock_sentinelPy
    0 bytes stack frame, 0 bytes spill stores, 0 bytes spill loads
ptxas info    : Used 8 registers, used 0 barriers
ptxas info    : Compile time = 0.922 ms
ptxas info    : Compiling entry function '_Z13fc1_w3_kernel14CUtensorMap_stS_S_PK13__nv_bfloat16PS0_' for 'sm_100a'
ptxas info    : Function properties for _Z13fc1_w3_kernel14CUtensorMap_stS_S_PK13__nv_bfloat16PS0_
    16 bytes stack frame, 0 bytes spill stores, 0 bytes spill loads
ptxas info    : Used 103 registers, used 2 barriers, 16 bytes cumulative stack size
ptxas info    : Compile time = 81.364 ms
$ cp /root/src/fc1-w3 /root/src/fc1-w3-plain
$ make -B fc1-w3 DFLAGS=-DSELF_DIFF=100
nvcc -gencode arch=compute_100a,code=sm_100a -O3 -std=c++17 -lineinfo --ptxas-options=-v --cudart=static -DSELF_DIFF=100 fc1_w3.cu -o fc1-w3 -lcurand_static -lculibos -lcuda
ptxas info    : 0 bytes gmem
ptxas info    : Compiling entry function '_Z7pack_u8PhPKhiiii' for 'sm_100a'
ptxas info    : Function properties for _Z7pack_u8PhPKhiiii
    0 bytes stack frame, 0 bytes spill stores, 0 bytes spill loads
ptxas info    : Used 20 registers, used 0 barriers
ptxas info    : Compile time = 12.885 ms
ptxas info    : Compiling entry function '_Z14count_mismatchPK13__nv_bfloat16S1_xPy' for 'sm_100a'
ptxas info    : Function properties for _Z14count_mismatchPK13__nv_bfloat16S1_xPy
    0 bytes stack frame, 0 bytes spill stores, 0 bytes spill loads
ptxas info    : Used 40 registers, used 0 barriers
ptxas info    : Compile time = 24.716 ms
ptxas info    : Compiling entry function '_Z19read_clock_sentinelPy' for 'sm_100a'
ptxas info    : Function properties for _Z19read_clock_sentinelPy
    0 bytes stack frame, 0 bytes spill stores, 0 bytes spill loads
ptxas info    : Used 8 registers, used 0 barriers
ptxas info    : Compile time = 0.954 ms
ptxas info    : Compiling entry function '_Z13fc1_w3_kernel14CUtensorMap_stS_S_PK13__nv_bfloat16PS0_' for 'sm_100a'
ptxas info    : Function properties for _Z13fc1_w3_kernel14CUtensorMap_stS_S_PK13__nv_bfloat16PS0_
    16 bytes stack frame, 0 bytes spill stores, 0 bytes spill loads
ptxas info    : Used 103 registers, used 2 barriers, 16 bytes cumulative stack size
ptxas info    : Compile time = 78.411 ms
$ cp /root/src/fc1-w3 /root/src/fc1-w3-sd
$ make -B fc1-cutlass
nvcc -gencode arch=compute_100a,code=sm_100a -O3 -std=c++17 -lineinfo --ptxas-options=-v --cudart=static  -Ithird_party/cutlass/include -Ithird_party/cutlass/tools/util/include -std=c++17 --expt-relaxed-constexpr fc1_cutlass.cu -o fc1-cutlass -lcurand_static -lculibos -lcuda
ptxas info    : 1327 bytes gmem
ptxas info    : Compiling entry function '_ZN7cutlass13device_kernelINS_4gemm6kernel13GemmUniversalIN4cute5tupleIJiiiiEEENS1_10collective13CollectiveMmaINS1_35MainloopSm100TmaUmmaWarpSpecializedILi5ELi2ELi2ENS5_IJNS4_1CILi2EEENSA_ILi1EEESC_EEEEENS5_IJNSA_ILi256EEESF_NSA_ILi128EEEEEENS_12float_e4m3_tENS5_IJlSC_lEEESI_SJ_NS4_8TiledMMAINS4_8MMA_AtomIJNS4_10MMA_TraitsINS4_25SM100_MMA_F8F6F4_2x1SM_SSEJSI_SI_fSF_SF_NS4_17integral_constantINS4_4UMMA5MajorELSQ_0EEESR_NSO_INSP_7ScaleInELSS_0EEEST_EEEEEENS4_6LayoutINS5_IJSC_SC_SC_EEENS5_IJNSA_ILi0EEESY_SY_EEEEENS5_IJNS4_10UnderscoreES11_S11_EEEEENS4_18SM100_TMA_2SM_LOADENS4_14ComposedLayoutINS4_7SwizzleILi3ELi4ELi3EEENS4_18smem_ptr_flag_bitsILi8EEENSW_INS5_IJNSA_ILi8EEESG_EEENS5_IJSG_SC_EEEEEEEvNS4_8identityES14_S1E_vS1F_EENS_8epilogue10collective18CollectiveEpilogueINS1H_23Sm100TmaWarpSpecializedILi4ELi2ELi64ELb1ELb0EEEJNS5_IJSG_SF_SG_EEENS5_IJNSW_ISG_SC_EENSW_INSA_ILi64EEESC_EEEEENS_10bfloat16_tESJ_S1R_SJ_NS1H_6fusion15FusionCallbacksIS1L_NS1S_23LinCombPerColBiasEltActINS1H_6thread11GELU_taylorES1R_ffS1R_fLi4ELNS_15FloatRoundStyleE2EEES1M_S1Q_JEEENS4_5SM1004TMEM4LOAD26SM100_TMEM_LOAD_32dp32b64xENS4_13SM90_TMA_LOADENS15_IS17_NS18_ILi16EEENSW_INS5_IJS1A_S1O_EEENS5_IJS1O_SC_EEEEEEENS4_39AutoVectorizingCopyWithAssumedAlignmentILi128EEENS4_14SM90_TMA_STOREES29_S2B_S2B_EEEvvEEEEvNT_6ParamsE' for 'sm_100a'
ptxas info    : Function properties for _ZN7cutlass13device_kernelINS_4gemm6kernel13GemmUniversalIN4cute5tupleIJiiiiEEENS1_10collective13CollectiveMmaINS1_35MainloopSm100TmaUmmaWarpSpecializedILi5ELi2ELi2ENS5_IJNS4_1CILi2EEENSA_ILi1EEESC_EEEEENS5_IJNSA_ILi256EEESF_NSA_ILi128EEEEEENS_12float_e4m3_tENS5_IJlSC_lEEESI_SJ_NS4_8TiledMMAINS4_8MMA_AtomIJNS4_10MMA_TraitsINS4_25SM100_MMA_F8F6F4_2x1SM_SSEJSI_SI_fSF_SF_NS4_17integral_constantINS4_4UMMA5MajorELSQ_0EEESR_NSO_INSP_7ScaleInELSS_0EEEST_EEEEEENS4_6LayoutINS5_IJSC_SC_SC_EEENS5_IJNSA_ILi0EEESY_SY_EEEEENS5_IJNS4_10UnderscoreES11_S11_EEEEENS4_18SM100_TMA_2SM_LOADENS4_14ComposedLayoutINS4_7SwizzleILi3ELi4ELi3EEENS4_18smem_ptr_flag_bitsILi8EEENSW_INS5_IJNSA_ILi8EEESG_EEENS5_IJSG_SC_EEEEEEEvNS4_8identityES14_S1E_vS1F_EENS_8epilogue10collective18CollectiveEpilogueINS1H_23Sm100TmaWarpSpecializedILi4ELi2ELi64ELb1ELb0EEEJNS5_IJSG_SF_SG_EEENS5_IJNSW_ISG_SC_EENSW_INSA_ILi64EEESC_EEEEENS_10bfloat16_tESJ_S1R_SJ_NS1H_6fusion15FusionCallbacksIS1L_NS1S_23LinCombPerColBiasEltActINS1H_6thread11GELU_taylorES1R_ffS1R_fLi4ELNS_15FloatRoundStyleE2EEES1M_S1Q_JEEENS4_5SM1004TMEM4LOAD26SM100_TMEM_LOAD_32dp32b64xENS4_13SM90_TMA_LOADENS15_IS17_NS18_ILi16EEENSW_INS5_IJS1A_S1O_EEENS5_IJS1O_SC_EEEEEEENS4_39AutoVectorizingCopyWithAssumedAlignmentILi128EEENS4_14SM90_TMA_STOREES29_S2B_S2B_EEEvvEEEEvNT_6ParamsE
    0 bytes stack frame, 0 bytes spill stores, 0 bytes spill loads
ptxas info    : Used 222 registers, used 7 barriers
ptxas info    : Compile time = 275.792 ms
ptxas info    : Compiling entry function '_Z19read_clock_sentinelPy' for 'sm_100a'
ptxas info    : Function properties for _Z19read_clock_sentinelPy
    0 bytes stack frame, 0 bytes spill stores, 0 bytes spill loads
ptxas info    : Used 8 registers, used 0 barriers
ptxas info    : Compile time = 1.048 ms
$ make -B cublaslt-fc1
nvcc -gencode arch=compute_100a,code=sm_100a -O3 -std=c++17 -lineinfo --ptxas-options=-v --cudart=static -std=c++17 -DDEFAULT_M=928256 -DDEFAULT_N=3072 -DDEFAULT_K=768 -DDEFAULT_EPI=2 bench/cublaslt_introspect.cu -o cublaslt-fc1 -lcublasLt -lcublas
ptxas info    : 0 bytes gmem
ptxas info    : Compiling entry function '_Z9fill_bf16P13__nv_bfloat16mf' for 'sm_100a'
ptxas info    : Function properties for _Z9fill_bf16P13__nv_bfloat16mf
    0 bytes stack frame, 0 bytes spill stores, 0 bytes spill loads
ptxas info    : Used 10 registers, used 0 barriers
ptxas info    : Compile time = 3.512 ms
ptxas info    : Compiling entry function '_Z19read_clock_sentinelPm' for 'sm_100a'
ptxas info    : Function properties for _Z19read_clock_sentinelPm
    0 bytes stack frame, 0 bytes spill stores, 0 bytes spill loads
ptxas info    : Used 8 registers, used 0 barriers
ptxas info    : Compile time = 1.284 ms

=== ROUND 0 RUN fc1-w3-plain ===
$ timeout -k 5 180 stdbuf -oL -eL /root/src/fc1-w3-plain
FC1 W3 kernel — 6 warps, GELU epilogue
  GEMM: [928256,768] x [3072,768]^T  5-stage pipeline  SMEM: 203776 bytes
  Tiles: 3626M × 12N = 43512 total  K_ITERS=6
  Packing tiles...
  Packing done
  Alloc + init done
  TMA descriptors + func attr done (SMEM=203776 B)
Launching warmup (2 iters)...
  Warmup done.
Timing: 10 iterations...
FC1-W3 kernel: 2.171 ms  2017.41 TFLOPS
@@CYC name=fc1_w3 cyc_avg=4010862 launches=10
Validation: 32/32 spot checks passed
Checksum (1024 strided): 3207168.000000
C[0,0..3] = 1728.0 1152.0 1728.0 1152.0
@@RESULT ms=2.171 tflops=2017.41 checksum=3207168.000000 valid=1 c0=1728.0
=== ROUND 0 fc1-w3-plain exit 0 ===

=== ROUND 0 RUN fc1-cutlass ===
$ timeout -k 5 180 stdbuf -oL -eL /root/src/fc1-cutlass
FC1 CUTLASS — GemmUniversal with SM100 TMA warp-specialized epilogue
  MODE: Fused (GELU + bias, beta=0)
  [928256, 768] x [768, 3072]^T  FP8E4M3 -> BF16
  Tile: 256x256x128, Cluster: 2x1, Schedule: 2SM
  SMEM: 231424 bytes, Epilogue SMEM: 67584 bytes
  Device: NVIDIA B200 (SM 10.0, SMs=148)

  Alloc + init done
  CUTLASS initialized (workspace=0)
Launching warmup (2 iters)...
  Warmup done.
Timing: 10 iterations...
FC1-CUTLASS: 2.324 ms  1884.59 TFLOPS
@@CYC name=fc1_cutlass cyc_avg=4290121 launches=10
Validation: 32/32 spot checks passed
Checksum (1024 strided): 2555904.000000
D[0,0..3] = 1728.0 1152.0 1728.0 1152.0
@@RESULT ms=2.324 tflops=1884.59 checksum=2555904.000000 valid=1 c0=1728.0
=== ROUND 0 fc1-cutlass exit 0 ===

=== ROUND 0 RUN cublaslt-fc1 928256 3072 768 2 0 0 ===
$ timeout -k 5 180 stdbuf -oL -eL /root/src/cublaslt-fc1 928256 3072 768 2 0 0
### CUBLASLT INTROSPECT M=928256 N=3072 K=768 epi=gelu_bias scale=per_tensor beta=0.0
### Heuristics returned: 8

# TSV
rank    heur    ms      cyc     algoId  tile    stages  cluster inner   splitk  redux   swizzle custom  waves   ws_MB   res_ok
1       0       1.8374  3392009 66      23      36      3       -1      1       0       0       1       588.00  0.0     1
2       2       1.9361  3573339 66      32      36      3       -1      1       0       0       1       784.05  0.0     1
3       1       1.9691  3634393 66      24      36      5       -1      1       0       0       3       588.00  0.0     1
4       4       2.0592  3800178 66      29      36      3       -1      1       0       0       1       940.86  0.0     1
5       3       2.0847  3847576 66      31      36      3       -1      1       0       0       1       784.00  0.0     1
6       5       2.1268  3925079 66      495     36      5       -1      1       0       0       3       784.05  0.0     1
7       6       2.7781  5126798 66      201     36      5       -1      1       0       0       2       882.00  0.0     1
8       7       2.8909  5335004 66      197     36      5       -1      1       0       0       2       931.00  0.0     1

# Top-3 caps:

## rank=1  algoId=66  tile=23  stages=36  cluster=3  inner=-1  ms=1.8374
    CUBLASLT_ALGO_CAP_REDUCTION_SCHEME_MASK      = 2
    CUBLASLT_ALGO_CAP_CTA_SWIZZLING_SUPPORT      = 0
    CUBLASLT_ALGO_CAP_STRIDED_BATCH_SUPPORT      = 1
    CUBLASLT_ALGO_CAP_OUT_OF_PLACE_RESULT_SUPPORT = 1
    CUBLASLT_ALGO_CAP_CUSTOM_OPTION_MAX          = 7
    CUBLASLT_ALGO_CAP_POINTER_MODE_MASK          = 3
    CUBLASLT_ALGO_CAP_EPILOGUE_MASK              = 1023
    CUBLASLT_ALGO_CAP_TILE_IDS                   = --  (status=7 wrote=0)
    CUBLASLT_ALGO_CAP_STAGES_IDS                 = [36] (n=1, elem=4B)
    CUBLASLT_ALGO_CONFIG_CLUSTER_SHAPE_ID sz=2 → status=0 wrote=2 val=3

## rank=2  algoId=66  tile=32  stages=36  cluster=3  inner=-1  ms=1.9361
    CUBLASLT_ALGO_CAP_REDUCTION_SCHEME_MASK      = 2
    CUBLASLT_ALGO_CAP_CTA_SWIZZLING_SUPPORT      = 0
    CUBLASLT_ALGO_CAP_STRIDED_BATCH_SUPPORT      = 1
    CUBLASLT_ALGO_CAP_OUT_OF_PLACE_RESULT_SUPPORT = 1
    CUBLASLT_ALGO_CAP_CUSTOM_OPTION_MAX          = 7
    CUBLASLT_ALGO_CAP_POINTER_MODE_MASK          = 3
    CUBLASLT_ALGO_CAP_EPILOGUE_MASK              = 1023
    CUBLASLT_ALGO_CAP_TILE_IDS                   = --  (status=7 wrote=0)
    CUBLASLT_ALGO_CAP_STAGES_IDS                 = [36] (n=1, elem=4B)
    CUBLASLT_ALGO_CONFIG_CLUSTER_SHAPE_ID sz=2 → status=0 wrote=2 val=3

## rank=3  algoId=66  tile=24  stages=36  cluster=5  inner=-1  ms=1.9691
    CUBLASLT_ALGO_CAP_REDUCTION_SCHEME_MASK      = 2
    CUBLASLT_ALGO_CAP_CTA_SWIZZLING_SUPPORT      = 0
    CUBLASLT_ALGO_CAP_STRIDED_BATCH_SUPPORT      = 1
    CUBLASLT_ALGO_CAP_OUT_OF_PLACE_RESULT_SUPPORT = 1
    CUBLASLT_ALGO_CAP_CUSTOM_OPTION_MAX          = 7
    CUBLASLT_ALGO_CAP_POINTER_MODE_MASK          = 3
    CUBLASLT_ALGO_CAP_EPILOGUE_MASK              = 1023
    CUBLASLT_ALGO_CAP_TILE_IDS                   = --  (status=7 wrote=0)
    CUBLASLT_ALGO_CAP_STAGES_IDS                 = [36] (n=1, elem=4B)
    CUBLASLT_ALGO_CONFIG_CLUSTER_SHAPE_ID sz=2 → status=0 wrote=2 val=5

# Winner:  rank=1  tile=23  stages=36  cluster=3  inner=-1  splitk=1  swizzle=0  ms=1.8374  cyc=3392009  res_ok=1

@@RESULT ms=1.8374 cyc=3392009 tflops=2383.83 checksum=0.000000 valid=1 c0=0.0
=== ROUND 0 cublaslt-fc1 928256 3072 768 2 0 0 exit 0 ===

=== ROUND 0 RUN cublaslt-fc1 928256 3072 768 2 1 0 ===
$ timeout -k 5 180 stdbuf -oL -eL /root/src/cublaslt-fc1 928256 3072 768 2 1 0
### CUBLASLT INTROSPECT M=928256 N=3072 K=768 epi=gelu_bias scale=mxfp8 beta=0.0
### Heuristics returned: 3

# TSV
rank    heur    ms      cyc     algoId  tile    stages  cluster inner   splitk  redux   swizzle custom  waves   ws_MB   res_ok
1       0       1.8822  3474591 66      23      36      3       -1      1       0       0       1       588.00  0.0     1
2       1       2.0303  3747228 66      24      36      5       -1      1       0       0       3       588.00  0.0     1
3       2       2.1703  4005133 66      20      36      3       -1      1       0       0       1       1176.00 0.0     1

# Top-3 caps:

## rank=1  algoId=66  tile=23  stages=36  cluster=3  inner=-1  ms=1.8822
    CUBLASLT_ALGO_CAP_REDUCTION_SCHEME_MASK      = 2
    CUBLASLT_ALGO_CAP_CTA_SWIZZLING_SUPPORT      = 0
    CUBLASLT_ALGO_CAP_STRIDED_BATCH_SUPPORT      = 1
    CUBLASLT_ALGO_CAP_OUT_OF_PLACE_RESULT_SUPPORT = 1
    CUBLASLT_ALGO_CAP_CUSTOM_OPTION_MAX          = 7
    CUBLASLT_ALGO_CAP_POINTER_MODE_MASK          = 3
    CUBLASLT_ALGO_CAP_EPILOGUE_MASK              = 1023
    CUBLASLT_ALGO_CAP_TILE_IDS                   = --  (status=7 wrote=0)
    CUBLASLT_ALGO_CAP_STAGES_IDS                 = [36] (n=1, elem=4B)
    CUBLASLT_ALGO_CONFIG_CLUSTER_SHAPE_ID sz=2 → status=0 wrote=2 val=3

## rank=2  algoId=66  tile=24  stages=36  cluster=5  inner=-1  ms=2.0303
    CUBLASLT_ALGO_CAP_REDUCTION_SCHEME_MASK      = 2
    CUBLASLT_ALGO_CAP_CTA_SWIZZLING_SUPPORT      = 0
    CUBLASLT_ALGO_CAP_STRIDED_BATCH_SUPPORT      = 1
    CUBLASLT_ALGO_CAP_OUT_OF_PLACE_RESULT_SUPPORT = 1
    CUBLASLT_ALGO_CAP_CUSTOM_OPTION_MAX          = 7
    CUBLASLT_ALGO_CAP_POINTER_MODE_MASK          = 3
    CUBLASLT_ALGO_CAP_EPILOGUE_MASK              = 1023
    CUBLASLT_ALGO_CAP_TILE_IDS                   = --  (status=7 wrote=0)
    CUBLASLT_ALGO_CAP_STAGES_IDS                 = [36] (n=1, elem=4B)
    CUBLASLT_ALGO_CONFIG_CLUSTER_SHAPE_ID sz=2 → status=0 wrote=2 val=5

## rank=3  algoId=66  tile=20  stages=36  cluster=3  inner=-1  ms=2.1703
    CUBLASLT_ALGO_CAP_REDUCTION_SCHEME_MASK      = 2
    CUBLASLT_ALGO_CAP_CTA_SWIZZLING_SUPPORT      = 0
    CUBLASLT_ALGO_CAP_STRIDED_BATCH_SUPPORT      = 1
    CUBLASLT_ALGO_CAP_OUT_OF_PLACE_RESULT_SUPPORT = 1
    CUBLASLT_ALGO_CAP_CUSTOM_OPTION_MAX          = 7
    CUBLASLT_ALGO_CAP_POINTER_MODE_MASK          = 3
    CUBLASLT_ALGO_CAP_EPILOGUE_MASK              = 1023
    CUBLASLT_ALGO_CAP_TILE_IDS                   = --  (status=7 wrote=0)
    CUBLASLT_ALGO_CAP_STAGES_IDS                 = [36] (n=1, elem=4B)
    CUBLASLT_ALGO_CONFIG_CLUSTER_SHAPE_ID sz=2 → status=0 wrote=2 val=3

# Winner:  rank=1  tile=23  stages=36  cluster=3  inner=-1  splitk=1  swizzle=0  ms=1.8822  cyc=3474591  res_ok=1

@@RESULT ms=1.8822 cyc=3474591 tflops=2327.07 checksum=0.000000 valid=1 c0=0.0
=== ROUND 0 cublaslt-fc1 928256 3072 768 2 1 0 exit 0 ===

=== ROUND 1 RUN fc1-w3-plain ===
$ timeout -k 5 180 stdbuf -oL -eL /root/src/fc1-w3-plain
FC1 W3 kernel — 6 warps, GELU epilogue
  GEMM: [928256,768] x [3072,768]^T  5-stage pipeline  SMEM: 203776 bytes
  Tiles: 3626M × 12N = 43512 total  K_ITERS=6
  Packing tiles...
  Packing done
  Alloc + init done
  TMA descriptors + func attr done (SMEM=203776 B)
Launching warmup (2 iters)...
  Warmup done.
Timing: 10 iterations...
FC1-W3 kernel: 2.172 ms  2016.51 TFLOPS
@@CYC name=fc1_w3 cyc_avg=4012774 launches=10
Validation: 32/32 spot checks passed
Checksum (1024 strided): 3207168.000000
C[0,0..3] = 1728.0 1152.0 1728.0 1152.0
@@RESULT ms=2.172 tflops=2016.51 checksum=3207168.000000 valid=1 c0=1728.0
=== ROUND 1 fc1-w3-plain exit 0 ===

=== ROUND 1 RUN fc1-cutlass ===
$ timeout -k 5 180 stdbuf -oL -eL /root/src/fc1-cutlass
FC1 CUTLASS — GemmUniversal with SM100 TMA warp-specialized epilogue
  MODE: Fused (GELU + bias, beta=0)
  [928256, 768] x [768, 3072]^T  FP8E4M3 -> BF16
  Tile: 256x256x128, Cluster: 2x1, Schedule: 2SM
  SMEM: 231424 bytes, Epilogue SMEM: 67584 bytes
  Device: NVIDIA B200 (SM 10.0, SMs=148)

  Alloc + init done
  CUTLASS initialized (workspace=0)
Launching warmup (2 iters)...
  Warmup done.
Timing: 10 iterations...
FC1-CUTLASS: 2.324 ms  1884.94 TFLOPS
@@CYC name=fc1_cutlass cyc_avg=4289183 launches=10
Validation: 32/32 spot checks passed
Checksum (1024 strided): 2555904.000000
D[0,0..3] = 1728.0 1152.0 1728.0 1152.0
@@RESULT ms=2.324 tflops=1884.94 checksum=2555904.000000 valid=1 c0=1728.0
=== ROUND 1 fc1-cutlass exit 0 ===

=== ROUND 1 RUN cublaslt-fc1 928256 3072 768 2 0 0 ===
$ timeout -k 5 180 stdbuf -oL -eL /root/src/cublaslt-fc1 928256 3072 768 2 0 0
### CUBLASLT INTROSPECT M=928256 N=3072 K=768 epi=gelu_bias scale=per_tensor beta=0.0
### Heuristics returned: 8

# TSV
rank    heur    ms      cyc     algoId  tile    stages  cluster inner   splitk  redux   swizzle custom  waves   ws_MB   res_ok
1       0       1.8373  3391504 66      23      36      3       -1      1       0       0       1       588.00  0.0     1
2       2       1.9358  3572852 66      32      36      3       -1      1       0       0       1       784.05  0.0     1
3       1       1.9695  3635043 66      24      36      5       -1      1       0       0       3       588.00  0.0     1
4       4       2.0591  3800207 66      29      36      3       -1      1       0       0       1       940.86  0.0     1
5       3       2.0847  3847523 66      31      36      3       -1      1       0       0       1       784.00  0.0     1
6       5       2.1268  3925068 66      495     36      5       -1      1       0       0       3       784.05  0.0     1
7       6       2.7784  5127368 66      201     36      5       -1      1       0       0       2       882.00  0.0     1
8       7       2.8911  5335390 66      197     36      5       -1      1       0       0       2       931.00  0.0     1

# Top-3 caps:

## rank=1  algoId=66  tile=23  stages=36  cluster=3  inner=-1  ms=1.8373
    CUBLASLT_ALGO_CAP_REDUCTION_SCHEME_MASK      = 2
    CUBLASLT_ALGO_CAP_CTA_SWIZZLING_SUPPORT      = 0
    CUBLASLT_ALGO_CAP_STRIDED_BATCH_SUPPORT      = 1
    CUBLASLT_ALGO_CAP_OUT_OF_PLACE_RESULT_SUPPORT = 1
    CUBLASLT_ALGO_CAP_CUSTOM_OPTION_MAX          = 7
    CUBLASLT_ALGO_CAP_POINTER_MODE_MASK          = 3
    CUBLASLT_ALGO_CAP_EPILOGUE_MASK              = 1023
    CUBLASLT_ALGO_CAP_TILE_IDS                   = --  (status=7 wrote=0)
    CUBLASLT_ALGO_CAP_STAGES_IDS                 = [36] (n=1, elem=4B)
    CUBLASLT_ALGO_CONFIG_CLUSTER_SHAPE_ID sz=2 → status=0 wrote=2 val=3

## rank=2  algoId=66  tile=32  stages=36  cluster=3  inner=-1  ms=1.9358
    CUBLASLT_ALGO_CAP_REDUCTION_SCHEME_MASK      = 2
    CUBLASLT_ALGO_CAP_CTA_SWIZZLING_SUPPORT      = 0
    CUBLASLT_ALGO_CAP_STRIDED_BATCH_SUPPORT      = 1
    CUBLASLT_ALGO_CAP_OUT_OF_PLACE_RESULT_SUPPORT = 1
    CUBLASLT_ALGO_CAP_CUSTOM_OPTION_MAX          = 7
    CUBLASLT_ALGO_CAP_POINTER_MODE_MASK          = 3
    CUBLASLT_ALGO_CAP_EPILOGUE_MASK              = 1023
    CUBLASLT_ALGO_CAP_TILE_IDS                   = --  (status=7 wrote=0)
    CUBLASLT_ALGO_CAP_STAGES_IDS                 = [36] (n=1, elem=4B)
    CUBLASLT_ALGO_CONFIG_CLUSTER_SHAPE_ID sz=2 → status=0 wrote=2 val=3

## rank=3  algoId=66  tile=24  stages=36  cluster=5  inner=-1  ms=1.9695
    CUBLASLT_ALGO_CAP_REDUCTION_SCHEME_MASK      = 2
    CUBLASLT_ALGO_CAP_CTA_SWIZZLING_SUPPORT      = 0
    CUBLASLT_ALGO_CAP_STRIDED_BATCH_SUPPORT      = 1
    CUBLASLT_ALGO_CAP_OUT_OF_PLACE_RESULT_SUPPORT = 1
    CUBLASLT_ALGO_CAP_CUSTOM_OPTION_MAX          = 7
    CUBLASLT_ALGO_CAP_POINTER_MODE_MASK          = 3
    CUBLASLT_ALGO_CAP_EPILOGUE_MASK              = 1023
    CUBLASLT_ALGO_CAP_TILE_IDS                   = --  (status=7 wrote=0)
    CUBLASLT_ALGO_CAP_STAGES_IDS                 = [36] (n=1, elem=4B)
    CUBLASLT_ALGO_CONFIG_CLUSTER_SHAPE_ID sz=2 → status=0 wrote=2 val=5

# Winner:  rank=1  tile=23  stages=36  cluster=3  inner=-1  splitk=1  swizzle=0  ms=1.8373  cyc=3391504  res_ok=1

@@RESULT ms=1.8373 cyc=3391504 tflops=2384.00 checksum=0.000000 valid=1 c0=0.0
=== ROUND 1 cublaslt-fc1 928256 3072 768 2 0 0 exit 0 ===

=== ROUND 1 RUN cublaslt-fc1 928256 3072 768 2 1 0 ===
$ timeout -k 5 180 stdbuf -oL -eL /root/src/cublaslt-fc1 928256 3072 768 2 1 0
### CUBLASLT INTROSPECT M=928256 N=3072 K=768 epi=gelu_bias scale=mxfp8 beta=0.0
### Heuristics returned: 3

# TSV
rank    heur    ms      cyc     algoId  tile    stages  cluster inner   splitk  redux   swizzle custom  waves   ws_MB   res_ok
1       0       1.8822  3474699 66      23      36      3       -1      1       0       0       1       588.00  0.0     1
2       1       2.0305  3747697 66      24      36      5       -1      1       0       0       3       588.00  0.0     1
3       2       2.1702  4005086 66      20      36      3       -1      1       0       0       1       1176.00 0.0     1

# Top-3 caps:

## rank=1  algoId=66  tile=23  stages=36  cluster=3  inner=-1  ms=1.8822
    CUBLASLT_ALGO_CAP_REDUCTION_SCHEME_MASK      = 2
    CUBLASLT_ALGO_CAP_CTA_SWIZZLING_SUPPORT      = 0
    CUBLASLT_ALGO_CAP_STRIDED_BATCH_SUPPORT      = 1
    CUBLASLT_ALGO_CAP_OUT_OF_PLACE_RESULT_SUPPORT = 1
    CUBLASLT_ALGO_CAP_CUSTOM_OPTION_MAX          = 7
    CUBLASLT_ALGO_CAP_POINTER_MODE_MASK          = 3
    CUBLASLT_ALGO_CAP_EPILOGUE_MASK              = 1023
    CUBLASLT_ALGO_CAP_TILE_IDS                   = --  (status=7 wrote=0)
    CUBLASLT_ALGO_CAP_STAGES_IDS                 = [36] (n=1, elem=4B)
    CUBLASLT_ALGO_CONFIG_CLUSTER_SHAPE_ID sz=2 → status=0 wrote=2 val=3

## rank=2  algoId=66  tile=24  stages=36  cluster=5  inner=-1  ms=2.0305
    CUBLASLT_ALGO_CAP_REDUCTION_SCHEME_MASK      = 2
    CUBLASLT_ALGO_CAP_CTA_SWIZZLING_SUPPORT      = 0
    CUBLASLT_ALGO_CAP_STRIDED_BATCH_SUPPORT      = 1
    CUBLASLT_ALGO_CAP_OUT_OF_PLACE_RESULT_SUPPORT = 1
    CUBLASLT_ALGO_CAP_CUSTOM_OPTION_MAX          = 7
    CUBLASLT_ALGO_CAP_POINTER_MODE_MASK          = 3
    CUBLASLT_ALGO_CAP_EPILOGUE_MASK              = 1023
    CUBLASLT_ALGO_CAP_TILE_IDS                   = --  (status=7 wrote=0)
    CUBLASLT_ALGO_CAP_STAGES_IDS                 = [36] (n=1, elem=4B)
    CUBLASLT_ALGO_CONFIG_CLUSTER_SHAPE_ID sz=2 → status=0 wrote=2 val=5

## rank=3  algoId=66  tile=20  stages=36  cluster=3  inner=-1  ms=2.1702
    CUBLASLT_ALGO_CAP_REDUCTION_SCHEME_MASK      = 2
    CUBLASLT_ALGO_CAP_CTA_SWIZZLING_SUPPORT      = 0
    CUBLASLT_ALGO_CAP_STRIDED_BATCH_SUPPORT      = 1
    CUBLASLT_ALGO_CAP_OUT_OF_PLACE_RESULT_SUPPORT = 1
    CUBLASLT_ALGO_CAP_CUSTOM_OPTION_MAX          = 7
    CUBLASLT_ALGO_CAP_POINTER_MODE_MASK          = 3
    CUBLASLT_ALGO_CAP_EPILOGUE_MASK              = 1023
    CUBLASLT_ALGO_CAP_TILE_IDS                   = --  (status=7 wrote=0)
    CUBLASLT_ALGO_CAP_STAGES_IDS                 = [36] (n=1, elem=4B)
    CUBLASLT_ALGO_CONFIG_CLUSTER_SHAPE_ID sz=2 → status=0 wrote=2 val=3

# Winner:  rank=1  tile=23  stages=36  cluster=3  inner=-1  splitk=1  swizzle=0  ms=1.8822  cyc=3474699  res_ok=1

@@RESULT ms=1.8822 cyc=3474699 tflops=2327.09 checksum=0.000000 valid=1 c0=0.0
=== ROUND 1 cublaslt-fc1 928256 3072 768 2 1 0 exit 0 ===

=== ROUND 2 RUN fc1-w3-plain ===
$ timeout -k 5 180 stdbuf -oL -eL /root/src/fc1-w3-plain
FC1 W3 kernel — 6 warps, GELU epilogue
  GEMM: [928256,768] x [3072,768]^T  5-stage pipeline  SMEM: 203776 bytes
  Tiles: 3626M × 12N = 43512 total  K_ITERS=6
  Packing tiles...
  Packing done
  Alloc + init done
  TMA descriptors + func attr done (SMEM=203776 B)
Launching warmup (2 iters)...
  Warmup done.
Timing: 10 iterations...
FC1-W3 kernel: 2.173 ms  2015.79 TFLOPS
@@CYC name=fc1_w3 cyc_avg=4014134 launches=10
Validation: 32/32 spot checks passed
Checksum (1024 strided): 3207168.000000
C[0,0..3] = 1728.0 1152.0 1728.0 1152.0
@@RESULT ms=2.173 tflops=2015.79 checksum=3207168.000000 valid=1 c0=1728.0
=== ROUND 2 fc1-w3-plain exit 0 ===

=== ROUND 2 RUN fc1-cutlass ===
$ timeout -k 5 180 stdbuf -oL -eL /root/src/fc1-cutlass
FC1 CUTLASS — GemmUniversal with SM100 TMA warp-specialized epilogue
  MODE: Fused (GELU + bias, beta=0)
  [928256, 768] x [768, 3072]^T  FP8E4M3 -> BF16
  Tile: 256x256x128, Cluster: 2x1, Schedule: 2SM
  SMEM: 231424 bytes, Epilogue SMEM: 67584 bytes
  Device: NVIDIA B200 (SM 10.0, SMs=148)

  Alloc + init done
  CUTLASS initialized (workspace=0)
Launching warmup (2 iters)...
  Warmup done.
Timing: 10 iterations...
FC1-CUTLASS: 2.324 ms  1884.57 TFLOPS
@@CYC name=fc1_cutlass cyc_avg=4290092 launches=10
Validation: 32/32 spot checks passed
Checksum (1024 strided): 2555904.000000
D[0,0..3] = 1728.0 1152.0 1728.0 1152.0
@@RESULT ms=2.324 tflops=1884.57 checksum=2555904.000000 valid=1 c0=1728.0
=== ROUND 2 fc1-cutlass exit 0 ===

=== ROUND 2 RUN cublaslt-fc1 928256 3072 768 2 0 0 ===
$ timeout -k 5 180 stdbuf -oL -eL /root/src/cublaslt-fc1 928256 3072 768 2 0 0
### CUBLASLT INTROSPECT M=928256 N=3072 K=768 epi=gelu_bias scale=per_tensor beta=0.0
### Heuristics returned: 8

# TSV
rank    heur    ms      cyc     algoId  tile    stages  cluster inner   splitk  redux   swizzle custom  waves   ws_MB   res_ok
1       0       1.8381  3393409 66      23      36      3       -1      1       0       0       1       588.00  0.0     1
2       2       1.9359  3572852 66      32      36      3       -1      1       0       0       1       784.05  0.0     1
3       1       1.9694  3635009 66      24      36      5       -1      1       0       0       3       588.00  0.0     1
4       4       2.0591  3800051 66      29      36      3       -1      1       0       0       1       940.86  0.0     1
5       3       2.0845  3847125 66      31      36      3       -1      1       0       0       1       784.00  0.0     1
6       5       2.1264  3924409 66      495     36      5       -1      1       0       0       3       784.05  0.0     1
7       6       2.7783  5127080 66      201     36      5       -1      1       0       0       2       882.00  0.0     1
8       7       2.8908  5334897 66      197     36      5       -1      1       0       0       2       931.00  0.0     1

# Top-3 caps:

## rank=1  algoId=66  tile=23  stages=36  cluster=3  inner=-1  ms=1.8381
    CUBLASLT_ALGO_CAP_REDUCTION_SCHEME_MASK      = 2
    CUBLASLT_ALGO_CAP_CTA_SWIZZLING_SUPPORT      = 0
    CUBLASLT_ALGO_CAP_STRIDED_BATCH_SUPPORT      = 1
    CUBLASLT_ALGO_CAP_OUT_OF_PLACE_RESULT_SUPPORT = 1
    CUBLASLT_ALGO_CAP_CUSTOM_OPTION_MAX          = 7
    CUBLASLT_ALGO_CAP_POINTER_MODE_MASK          = 3
    CUBLASLT_ALGO_CAP_EPILOGUE_MASK              = 1023
    CUBLASLT_ALGO_CAP_TILE_IDS                   = --  (status=7 wrote=0)
    CUBLASLT_ALGO_CAP_STAGES_IDS                 = [36] (n=1, elem=4B)
    CUBLASLT_ALGO_CONFIG_CLUSTER_SHAPE_ID sz=2 → status=0 wrote=2 val=3

## rank=2  algoId=66  tile=32  stages=36  cluster=3  inner=-1  ms=1.9359
    CUBLASLT_ALGO_CAP_REDUCTION_SCHEME_MASK      = 2
    CUBLASLT_ALGO_CAP_CTA_SWIZZLING_SUPPORT      = 0
    CUBLASLT_ALGO_CAP_STRIDED_BATCH_SUPPORT      = 1
    CUBLASLT_ALGO_CAP_OUT_OF_PLACE_RESULT_SUPPORT = 1
    CUBLASLT_ALGO_CAP_CUSTOM_OPTION_MAX          = 7
    CUBLASLT_ALGO_CAP_POINTER_MODE_MASK          = 3
    CUBLASLT_ALGO_CAP_EPILOGUE_MASK              = 1023
    CUBLASLT_ALGO_CAP_TILE_IDS                   = --  (status=7 wrote=0)
    CUBLASLT_ALGO_CAP_STAGES_IDS                 = [36] (n=1, elem=4B)
    CUBLASLT_ALGO_CONFIG_CLUSTER_SHAPE_ID sz=2 → status=0 wrote=2 val=3

## rank=3  algoId=66  tile=24  stages=36  cluster=5  inner=-1  ms=1.9694
    CUBLASLT_ALGO_CAP_REDUCTION_SCHEME_MASK      = 2
    CUBLASLT_ALGO_CAP_CTA_SWIZZLING_SUPPORT      = 0
    CUBLASLT_ALGO_CAP_STRIDED_BATCH_SUPPORT      = 1
    CUBLASLT_ALGO_CAP_OUT_OF_PLACE_RESULT_SUPPORT = 1
    CUBLASLT_ALGO_CAP_CUSTOM_OPTION_MAX          = 7
    CUBLASLT_ALGO_CAP_POINTER_MODE_MASK          = 3
    CUBLASLT_ALGO_CAP_EPILOGUE_MASK              = 1023
    CUBLASLT_ALGO_CAP_TILE_IDS                   = --  (status=7 wrote=0)
    CUBLASLT_ALGO_CAP_STAGES_IDS                 = [36] (n=1, elem=4B)
    CUBLASLT_ALGO_CONFIG_CLUSTER_SHAPE_ID sz=2 → status=0 wrote=2 val=5

# Winner:  rank=1  tile=23  stages=36  cluster=3  inner=-1  splitk=1  swizzle=0  ms=1.8381  cyc=3393409  res_ok=1

@@RESULT ms=1.8381 cyc=3393409 tflops=2382.93 checksum=0.000000 valid=1 c0=0.0
=== ROUND 2 cublaslt-fc1 928256 3072 768 2 0 0 exit 0 ===

=== ROUND 2 RUN cublaslt-fc1 928256 3072 768 2 1 0 ===
$ timeout -k 5 180 stdbuf -oL -eL /root/src/cublaslt-fc1 928256 3072 768 2 1 0
### CUBLASLT INTROSPECT M=928256 N=3072 K=768 epi=gelu_bias scale=mxfp8 beta=0.0
### Heuristics returned: 3

# TSV
rank    heur    ms      cyc     algoId  tile    stages  cluster inner   splitk  redux   swizzle custom  waves   ws_MB   res_ok
1       0       1.8846  3479210 66      23      36      3       -1      1       0       0       1       588.00  0.0     1
2       1       2.0303  3747448 66      24      36      5       -1      1       0       0       3       588.00  0.0     1
3       2       2.1705  4005589 66      20      36      3       -1      1       0       0       1       1176.00 0.0     1

# Top-3 caps:

## rank=1  algoId=66  tile=23  stages=36  cluster=3  inner=-1  ms=1.8846
    CUBLASLT_ALGO_CAP_REDUCTION_SCHEME_MASK      = 2
    CUBLASLT_ALGO_CAP_CTA_SWIZZLING_SUPPORT      = 0
    CUBLASLT_ALGO_CAP_STRIDED_BATCH_SUPPORT      = 1
    CUBLASLT_ALGO_CAP_OUT_OF_PLACE_RESULT_SUPPORT = 1
    CUBLASLT_ALGO_CAP_CUSTOM_OPTION_MAX          = 7
    CUBLASLT_ALGO_CAP_POINTER_MODE_MASK          = 3
    CUBLASLT_ALGO_CAP_EPILOGUE_MASK              = 1023
    CUBLASLT_ALGO_CAP_TILE_IDS                   = --  (status=7 wrote=0)
    CUBLASLT_ALGO_CAP_STAGES_IDS                 = [36] (n=1, elem=4B)
    CUBLASLT_ALGO_CONFIG_CLUSTER_SHAPE_ID sz=2 → status=0 wrote=2 val=3

## rank=2  algoId=66  tile=24  stages=36  cluster=5  inner=-1  ms=2.0303
    CUBLASLT_ALGO_CAP_REDUCTION_SCHEME_MASK      = 2
    CUBLASLT_ALGO_CAP_CTA_SWIZZLING_SUPPORT      = 0
    CUBLASLT_ALGO_CAP_STRIDED_BATCH_SUPPORT      = 1
    CUBLASLT_ALGO_CAP_OUT_OF_PLACE_RESULT_SUPPORT = 1
    CUBLASLT_ALGO_CAP_CUSTOM_OPTION_MAX          = 7
    CUBLASLT_ALGO_CAP_POINTER_MODE_MASK          = 3
    CUBLASLT_ALGO_CAP_EPILOGUE_MASK              = 1023
    CUBLASLT_ALGO_CAP_TILE_IDS                   = --  (status=7 wrote=0)
    CUBLASLT_ALGO_CAP_STAGES_IDS                 = [36] (n=1, elem=4B)
    CUBLASLT_ALGO_CONFIG_CLUSTER_SHAPE_ID sz=2 → status=0 wrote=2 val=5

## rank=3  algoId=66  tile=20  stages=36  cluster=3  inner=-1  ms=2.1705
    CUBLASLT_ALGO_CAP_REDUCTION_SCHEME_MASK      = 2
    CUBLASLT_ALGO_CAP_CTA_SWIZZLING_SUPPORT      = 0
    CUBLASLT_ALGO_CAP_STRIDED_BATCH_SUPPORT      = 1
    CUBLASLT_ALGO_CAP_OUT_OF_PLACE_RESULT_SUPPORT = 1
    CUBLASLT_ALGO_CAP_CUSTOM_OPTION_MAX          = 7
    CUBLASLT_ALGO_CAP_POINTER_MODE_MASK          = 3
    CUBLASLT_ALGO_CAP_EPILOGUE_MASK              = 1023
    CUBLASLT_ALGO_CAP_TILE_IDS                   = --  (status=7 wrote=0)
    CUBLASLT_ALGO_CAP_STAGES_IDS                 = [36] (n=1, elem=4B)
    CUBLASLT_ALGO_CONFIG_CLUSTER_SHAPE_ID sz=2 → status=0 wrote=2 val=3

# Winner:  rank=1  tile=23  stages=36  cluster=3  inner=-1  splitk=1  swizzle=0  ms=1.8846  cyc=3479210  res_ok=1

@@RESULT ms=1.8846 cyc=3479210 tflops=2324.09 checksum=0.000000 valid=1 c0=0.0
=== ROUND 2 cublaslt-fc1 928256 3072 768 2 1 0 exit 0 ===

=== SELF_DIFF GATE fc1-w3 (100 pairs) ===
$ timeout -k 5 600 stdbuf -oL -eL /root/src/fc1-w3-sd
FC1 W3 kernel — 6 warps, GELU epilogue
  GEMM: [928256,768] x [3072,768]^T  5-stage pipeline  SMEM: 203776 bytes
  Tiles: 3626M × 12N = 43512 total  K_ITERS=6
  Packing tiles...
  Packing done
  Alloc + init done
  TMA descriptors + func attr done (SMEM=203776 B)
Launching warmup (2 iters)...
  Warmup done.
Timing: 10 iterations...
FC1-W3 kernel: 2.172 ms  2016.44 TFLOPS
@@CYC name=fc1_w3 cyc_avg=4012968 launches=10
Validation: 32/32 spot checks passed
Checksum (1024 strided): 3207168.000000
C[0,0..3] = 1728.0 1152.0 1728.0 1152.0
@@RESULT ms=2.172 tflops=2016.44 checksum=3207168.000000 valid=1 c0=1728.0
@@SELFDIFF_BEGIN launches=100
@@SELFDIFF iter=0 mismatches=0
@@SELFDIFF iter=1 mismatches=0
@@SELFDIFF iter=2 mismatches=0
@@SELFDIFF iter=3 mismatches=0
@@SELFDIFF iter=4 mismatches=0
@@SELFDIFF iter=5 mismatches=0
@@SELFDIFF iter=6 mismatches=0
@@SELFDIFF iter=7 mismatches=0
@@SELFDIFF iter=8 mismatches=0
@@SELFDIFF iter=9 mismatches=0
@@SELFDIFF iter=10 mismatches=0
@@SELFDIFF iter=11 mismatches=0
@@SELFDIFF iter=12 mismatches=0
@@SELFDIFF iter=13 mismatches=0
@@SELFDIFF iter=14 mismatches=0
@@SELFDIFF iter=15 mismatches=0
@@SELFDIFF iter=16 mismatches=0
@@SELFDIFF iter=17 mismatches=0
@@SELFDIFF iter=18 mismatches=0
@@SELFDIFF iter=19 mismatches=0
@@SELFDIFF iter=20 mismatches=0
@@SELFDIFF iter=21 mismatches=0
@@SELFDIFF iter=22 mismatches=0
@@SELFDIFF iter=23 mismatches=0
@@SELFDIFF iter=24 mismatches=0
@@SELFDIFF iter=25 mismatches=0
@@SELFDIFF iter=26 mismatches=0
@@SELFDIFF iter=27 mismatches=0
@@SELFDIFF iter=28 mismatches=0
@@SELFDIFF iter=29 mismatches=0
@@SELFDIFF iter=30 mismatches=0
@@SELFDIFF iter=31 mismatches=0
@@SELFDIFF iter=32 mismatches=0
@@SELFDIFF iter=33 mismatches=0
@@SELFDIFF iter=34 mismatches=0
@@SELFDIFF iter=35 mismatches=0
@@SELFDIFF iter=36 mismatches=0
@@SELFDIFF iter=37 mismatches=0
@@SELFDIFF iter=38 mismatches=0
@@SELFDIFF iter=39 mismatches=0
@@SELFDIFF iter=40 mismatches=0
@@SELFDIFF iter=41 mismatches=0
@@SELFDIFF iter=42 mismatches=0
@@SELFDIFF iter=43 mismatches=0
@@SELFDIFF iter=44 mismatches=0
@@SELFDIFF iter=45 mismatches=0
@@SELFDIFF iter=46 mismatches=0
@@SELFDIFF iter=47 mismatches=0
@@SELFDIFF iter=48 mismatches=0
@@SELFDIFF iter=49 mismatches=0
@@SELFDIFF iter=50 mismatches=0
@@SELFDIFF iter=51 mismatches=0
@@SELFDIFF iter=52 mismatches=0
@@SELFDIFF iter=53 mismatches=0
@@SELFDIFF iter=54 mismatches=0
@@SELFDIFF iter=55 mismatches=0
@@SELFDIFF iter=56 mismatches=0
@@SELFDIFF iter=57 mismatches=0
@@SELFDIFF iter=58 mismatches=0
@@SELFDIFF iter=59 mismatches=0
@@SELFDIFF iter=60 mismatches=0
@@SELFDIFF iter=61 mismatches=0
@@SELFDIFF iter=62 mismatches=0
@@SELFDIFF iter=63 mismatches=0
@@SELFDIFF iter=64 mismatches=0
@@SELFDIFF iter=65 mismatches=0
@@SELFDIFF iter=66 mismatches=0
@@SELFDIFF iter=67 mismatches=0
@@SELFDIFF iter=68 mismatches=0
@@SELFDIFF iter=69 mismatches=0
@@SELFDIFF iter=70 mismatches=0
@@SELFDIFF iter=71 mismatches=0
@@SELFDIFF iter=72 mismatches=0
@@SELFDIFF iter=73 mismatches=0
@@SELFDIFF iter=74 mismatches=0
@@SELFDIFF iter=75 mismatches=0
@@SELFDIFF iter=76 mismatches=0
@@SELFDIFF iter=77 mismatches=0
@@SELFDIFF iter=78 mismatches=0
@@SELFDIFF iter=79 mismatches=0
@@SELFDIFF iter=80 mismatches=0
@@SELFDIFF iter=81 mismatches=0
@@SELFDIFF iter=82 mismatches=0
@@SELFDIFF iter=83 mismatches=0
@@SELFDIFF iter=84 mismatches=0
@@SELFDIFF iter=85 mismatches=0
@@SELFDIFF iter=86 mismatches=0
@@SELFDIFF iter=87 mismatches=0
@@SELFDIFF iter=88 mismatches=0
@@SELFDIFF iter=89 mismatches=0
@@SELFDIFF iter=90 mismatches=0
@@SELFDIFF iter=91 mismatches=0
@@SELFDIFF iter=92 mismatches=0
@@SELFDIFF iter=93 mismatches=0
@@SELFDIFF iter=94 mismatches=0
@@SELFDIFF iter=95 mismatches=0
@@SELFDIFF iter=96 mismatches=0
@@SELFDIFF iter=97 mismatches=0
@@SELFDIFF iter=98 mismatches=0
@@SELFDIFF iter=99 mismatches=0
@@SELFDIFF_SUMMARY launches=100 dirty=0 worst=0
=== SELF_DIFF exit 0 ===
Stopping app - local entrypoint completed.
✓ App completed. View run at 
https://modal.com/apps/stephenliang/main/ap-h4ChcGwjasBdbUfMyVclcs
