Found 1 embedded cubin(s):
  [0] offset=0x9f320  size=190880 bytes
Kernel: persistent_gemmIL10EpilogueOp2EEv14CUtensorMap_stS1_S1_N16Ep (2944 insns)
Cross-referenced 2930/2944 instructions
  restall [4c40] 0 -> 4  (lat=4 from [4c20] SYNCS.PHASECHK.TRANS64.TRYWAIT via P2)
  restall [4c80] 1 -> 4  (lat=4 from [4c70] IMAD.MOV.U32 via R108)
  restall [4c90] 2 -> 3  (lat=4 from [4c70] IMAD.MOV.U32 via R108)
  restall [4ca0] 0 -> 2  (lat=4 from [4c80] IMAD via R114)
  restall [4cb0] 12 -> 1  (lat=4 from [4c70] IMAD.MOV.U32 via R108)
  restall [4f50] 0 -> 4  (lat=4 from [4f20] F2FP.BF16.F32.PACK_AB via R26)
  restall [4fe0] 0 -> 2  (lat=4 from [4fb0] F2FP.BF16.F32.PACK_AB via R22)
  restall [5030] 0 -> 4  (lat=4 from [5020] HFMA2.BF16_V2 via R102)
  restall [5050] 8 -> 4  (lat=4 from [5040] HFMA2.BF16_V2 via R4)
  restall [50a0] 6 -> 4  (lat=4 from [5090] F2FP.BF16.F32.PACK_AB via R32)
  restall [50b0] 0 -> 4  (lat=4 from [50a0] HFMA2.BF16_V2 via R5)
  restall [50f0] 5 -> 2  (lat=4 from [50c0] LOP3.LUT via R5)
  restall [5110] 12 -> 4  (lat=4 from [50f0] IMAD.IADD via R108)
  restall [5160] 11 -> 4  (lat=4 from [5150] HADD2.BF16_V2 via R34)
  STALL WARNING: [4c80] IMAD needs 4 cycles after [4c70] IMAD.MOV.U32 (via R108), has 0
  STALL WARNING: [4ca0] LDS.128 needs 4 cycles after [4c80] IMAD (via R114), has 1
  STALL WARNING: [4cf0] F2FP.BF16.F32.PACK_AB needs 20 cycles after [4c30] LDTM.x32 (via R5), has 18
  STALL WARNING: [4cf0] F2FP.BF16.F32.PACK_AB needs 20 cycles after [4c30] LDTM.x32 (via R4), has 18
  STALL WARNING: [4f30] STS.128 needs 4 cycles after [4f10] HFMA2.BF16_V2 (via R94), has 2
  STALL WARNING: [4f50] HADD2.BF16_V2 needs 4 cycles after [4f20] F2FP.BF16.F32.PACK_AB (via R26), has 3
  STALL WARNING: [4f90] HADD2.BF16_V2 needs 4 cycles after [4f70] F2FP.BF16.F32.PACK_AB (via R18), has 1
  STALL WARNING: [4fe0] HADD2.BF16_V2 needs 4 cycles after [4fb0] F2FP.BF16.F32.PACK_AB (via R22), has 2
  STALL WARNING: [4ff0] HFMA2.BF16_V2 needs 20 cycles after [4f40] LDS.128 (via R84), has 17
  STALL WARNING: [5000] HADD2.BF16_V2 needs 20 cycles after [4f40] LDS.128 (via R87), has 19
  STALL WARNING: [5030] STS.128 needs 4 cycles after [5020] HFMA2.BF16_V2 (via R102), has 0
  STALL WARNING: [5030] STS.128 needs 4 cycles after [5010] HADD2.BF16_V2 (via R101), has 2
  STALL WARNING: [5050] HFMA2.BF16_V2 needs 4 cycles after [5040] HFMA2.BF16_V2 (via R4), has 0
  STALL WARNING: [50a0] HFMA2.BF16_V2 needs 4 cycles after [5090] F2FP.BF16.F32.PACK_AB (via R32), has 0
  STALL WARNING: [50b0] HADD2.BF16_V2 needs 4 cycles after [50a0] HFMA2.BF16_V2 (via R5), has 0
  STALL WARNING: [5110] IMAD.IADD needs 4 cycles after [50f0] IMAD.IADD (via R108), has 1
  STALL WARNING: [5160] HFMA2.BF16_V2 needs 4 cycles after [5150] HADD2.BF16_V2 (via R34), has 0
  restall [51e0] 15 -> 5  (lat=20 from [51b0] LDTM.x32 via R10)
  restall [5200] 3 -> 4  (lat=4 from [51e0] F2FP.BF16.F32.PACK_AB via R126)
  restall [5210] 0 -> 1  (lat=4 from [51f0] HADD2.BF16_V2 via R80)
  restall [5220] 7 -> 4  (lat=4 from [5200] HFMA2.BF16_V2 via R126)
  restall [5270] 0 -> 3  (lat=4 from [5250] F2FP.BF16.F32.PACK_AB via R125)
  restall [5280] 5 -> 4  (lat=4 from [5260] HFMA2.BF16_V2 via R115)
  restall [52a0] 0 -> 4  (lat=4 from [5280] HFMA2.BF16_V2 via R85)
  restall [52c0] 0 -> 4  (lat=4 from [52b0] F2FP.BF16.F32.PACK_AB via R80)
  restall [5320] 11 -> 4  (lat=4 from [5310] F2FP.BF16.F32.PACK_AB via R83)
  restall [5400] 0 -> 1  (lat=4 from [53e0] F2FP.BF16.F32.PACK_AB via R82)
  restall [5560] 0 -> 4  (lat=4 from [5530] HFMA2.BF16_V2 via R111)
  restall [55a0] 0 -> 2  (lat=2 from [5590] UMOV via UR6)
  restall [55b0] 0 -> 4  (lat=4 from [5580] ISETP.NE.U32.AND via P4)
  restall [5600] 0 -> 2  (lat=2 from [55f0] @!P4 IADD3 via R82)
  restall [5610] 1 -> 5  (lat=20 from [55b0] @!P4 LDC.64 via R81)
  restall [5650] 2 -> 4  (lat=4 from [5630] PLOP3.LUT via P2)
  restall [5660] 0 -> 2  (lat=4 from [5620] PLOP3.LUT via P5)
  restall [5670] 0 -> 2  (lat=4 from [5610] @!P4 IMAD.X via R80)
  restall [5680] 15 -> 1  (lat=4 from [5600] @!P4 R2UR via UR6)
  restall [56b0] 0 -> 4  (lat=4 from [5690] IMAD.U32 via R81)
  restall [56f0] 2 -> 4  (lat=4 from [56e0] @P5 R2UR.OR via P2)
  restall [5700] 0 -> 6  (lat=10 from [56c0] @!P4 VIADD via R80)
  restall [5710] 0 -> 4  (lat=4 from [5700] @P5 R2UR.OR via P2)
  restall [5720] 0 -> 4  (lat=4 from [5700] @P5 R2UR.OR via UR8)
  restall [5730] 15 -> 4  (lat=4 from [5710] @P5 PLOP3.LUT via P5)
  restall [5780] 2 -> 4  (lat=4 from [5760] PLOP3.LUT via P2)
  restall [5790] 0 -> 2  (lat=4 from [5770] PLOP3.LUT via P5)
  restall [57a0] 2 -> 4  (lat=4 from [5790] @P5 R2UR via P2)
  restall [57c0] 2 -> 4  (lat=4 from [57b0] @P5 R2UR.OR via P2)
  restall [57d0] 0 -> 4  (lat=10 from [5740] @!P4 VIADD via R80)
  restall [57e0] 0 -> 4  (lat=4 from [57d0] @P5 R2UR.OR via P2)
  restall [57f0] 0 -> 4  (lat=4 from [57d0] @P5 R2UR.OR via UR8)
  restall [5800] 15 -> 4  (lat=4 from [57e0] @P5 PLOP3.LUT via P5)
  STALL WARNING: [51d0] F2FP.BF16.F32.PACK_AB needs 20 cycles after [51b0] LDTM.x32 (via R5), has 1
  STALL WARNING: [51d0] F2FP.BF16.F32.PACK_AB needs 20 cycles after [51b0] LDTM.x32 (via R4), has 1
  STALL WARNING: [51e0] F2FP.BF16.F32.PACK_AB needs 20 cycles after [51b0] LDTM.x32 (via R10), has 5
  STALL WARNING: [51e0] F2FP.BF16.F32.PACK_AB needs 20 cycles after [51b0] LDTM.x32 (via R11), has 5
  STALL WARNING: [51f0] HADD2.BF16_V2 needs 4 cycles after [51d0] F2FP.BF16.F32.PACK_AB (via R108), has 1
  STALL WARNING: [5200] HFMA2.BF16_V2 needs 4 cycles after [51e0] F2FP.BF16.F32.PACK_AB (via R126), has 1
  STALL WARNING: [5210] HADD2.BF16_V2 needs 20 cycles after [51c0] LDS.128 (via R84), has 7
  STALL WARNING: [5210] HADD2.BF16_V2 needs 4 cycles after [51f0] HADD2.BF16_V2 (via R80), has 1
  STALL WARNING: [5220] HFMA2.BF16_V2 needs 20 cycles after [51c0] LDS.128 (via R87), has 8
  STALL WARNING: [5220] HFMA2.BF16_V2 needs 4 cycles after [5200] HFMA2.BF16_V2 (via R126), has 1
  STALL WARNING: [5260] HFMA2.BF16_V2 needs 4 cycles after [5240] F2FP.BF16.F32.PACK_AB (via R115), has 2
  STALL WARNING: [5270] HADD2.BF16_V2 needs 4 cycles after [5250] F2FP.BF16.F32.PACK_AB (via R125), has 2
  STALL WARNING: [5280] HFMA2.BF16_V2 needs 4 cycles after [5260] HFMA2.BF16_V2 (via R115), has 2
  STALL WARNING: [5290] HADD2.BF16_V2 needs 4 cycles after [5270] HADD2.BF16_V2 (via R125), has 2
  STALL WARNING: [52a0] STS.128 needs 4 cycles after [5280] HFMA2.BF16_V2 (via R85), has 1
  STALL WARNING: [52a0] STS.128 needs 4 cycles after [5290] HADD2.BF16_V2 (via R86), has 0
  STALL WARNING: [52c0] HADD2.BF16_V2 needs 4 cycles after [52b0] F2FP.BF16.F32.PACK_AB (via R80), has 0
  STALL WARNING: [52f0] HFMA2.BF16_V2 needs 4 cycles after [52d0] F2FP.BF16.F32.PACK_AB (via R81), has 1
  STALL WARNING: [5320] HFMA2.BF16_V2 needs 4 cycles after [5310] F2FP.BF16.F32.PACK_AB (via R83), has 0
  STALL WARNING: [5390] STS.128 needs 4 cycles after [5360] HADD2.BF16_V2 (via R92), has 3
  STALL WARNING: [5390] STS.128 needs 4 cycles after [5370] HFMA2.BF16_V2 (via R95), has 1
  STALL WARNING: [53f0] HFMA2.BF16_V2 needs 4 cycles after [53d0] F2FP.BF16.F32.PACK_AB (via R88), has 3
  STALL WARNING: [5400] HADD2.BF16_V2 needs 4 cycles after [53e0] F2FP.BF16.F32.PACK_AB (via R82), has 1
  STALL WARNING: [5420] HFMA2.BF16_V2 needs 20 cycles after [53b0] LDS.128 (via R101), has 12
  STALL WARNING: [5430] HADD2.BF16_V2 needs 20 cycles after [53b0] LDS.128 (via R100), has 14
  STALL WARNING: [5430] HADD2.BF16_V2 needs 4 cycles after [5410] HADD2.BF16_V2 (via R80), has 2
  STALL WARNING: [5450] HFMA2.BF16_V2 needs 20 cycles after [53b0] LDS.128 (via R103), has 18
  STALL WARNING: [54e0] HADD2.BF16_V2 needs 20 cycles after [5440] LDS.128 (via R106), has 16
  STALL WARNING: [54e0] HADD2.BF16_V2 needs 4 cycles after [54b0] F2FP.BF16.F32.PACK_AB (via R82), has 3
  STALL WARNING: [54f0] HFMA2.BF16_V2 needs 20 cycles after [5440] LDS.128 (via R105), has 18
  STALL WARNING: [5560] STS.128 needs 4 cycles after [5530] HFMA2.BF16_V2 (via R111), has 3
  STALL WARNING: [5560] STS.128 needs 4 cycles after [5540] HADD2.BF16_V2 (via R110), has 1
  STALL WARNING: [5560] STS.128 needs 4 cycles after [5550] HADD2.BF16_V2 (via R108), has 0
  STALL WARNING: [55a0] BRA.DIV needs 2 cycles after [5590] UMOV (via UR6), has 0
  STALL WARNING: [55f0] @!P4 IADD3 needs 20 cycles after [55b0] @!P4 LDC.64 (via R80), has 6
  STALL WARNING: [5600] @!P4 R2UR needs 2 cycles after [55f0] @!P4 IADD3 (via R82), has 0
  STALL WARNING: [5610] @!P4 IMAD.X needs 20 cycles after [55b0] @!P4 LDC.64 (via R81), has 10
  STALL WARNING: [5650] PLOP3.LUT needs 4 cycles after [5630] PLOP3.LUT (via P2), has 2
  STALL WARNING: [5650] PLOP3.LUT needs 4 cycles after [5620] PLOP3.LUT (via P5), has 3
  STALL WARNING: [5690] IMAD.U32 needs 4 cycles after [5670] @!P4 R2UR (via UR7), has 3
  STALL WARNING: [56f0] PLOP3.LUT needs 4 cycles after [56e0] @P5 R2UR.OR (via P2), has 0
  STALL WARNING: [5710] @P5 PLOP3.LUT needs 4 cycles after [5700] @P5 R2UR.OR (via P2), has 0
  STALL WARNING: [5730] @P5 BRA.U.ANY needs 4 cycles after [5710] @P5 PLOP3.LUT (via P5), has 2
  STALL WARNING: [5780] PLOP3.LUT needs 4 cycles after [5760] PLOP3.LUT (via P2), has 1
  STALL WARNING: [5780] PLOP3.LUT needs 4 cycles after [5770] PLOP3.LUT (via P5), has 0
  STALL WARNING: [57a0] PLOP3.LUT needs 4 cycles after [5790] @P5 R2UR (via P2), has 0
  STALL WARNING: [57c0] PLOP3.LUT needs 4 cycles after [57b0] @P5 R2UR.OR (via P2), has 0
  STALL WARNING: [57e0] @P5 PLOP3.LUT needs 4 cycles after [57d0] @P5 R2UR.OR (via P2), has 0
  STALL WARNING: [5800] @P5 BRA.U.ANY needs 4 cycles after [57e0] @P5 PLOP3.LUT (via P5), has 2
  restall [58c0] 0 -> 4  (lat=4 from [58a0] ISETP.NE.U32.AND via P0)
  restall [5900] 0 -> 4  (lat=4 from [58e0] PLOP3.LUT via P0)
  restall [5910] 0 -> 4  (lat=4 from [5900] @P0 ELECT via P2)
  restall [5920] 0 -> 10  (lat=10 from [58d0] VIADD via R6)
  restall [5990] 0 -> 10  (lat=10 from [5980] VIADD via R4)
  restall [59b0] 0 -> 10  (lat=10 from [59a0] VIADD via R5)
  restall [59c0] 0 -> 4  (lat=4 from [59b0] @P2 R2UR.BROADCAST via UR8)
  restall [5a20] 0 -> 4  (lat=4 from [5a10] PLOP3.LUT via P0)
  restall [5a40] 0 -> 4  (lat=4 from [5a20] @P0 ELECT via P2)
  restall [5a50] 0 -> 10  (lat=10 from [5a30] VIADD via R5)
  restall [5a60] 0 -> 10  (lat=10 from [5a00] VIADD via R4)
  restall [5a70] 0 -> 4  (lat=4 from [5a20] @P0 ELECT via P2)
  restall [5a80] 0 -> 4  (lat=4 from [5a50] @P2 R2UR.BROADCAST via UR8)
  restall [5a90] 0 -> 4  (lat=4 from [5a20] @P0 ELECT via P2)
  restall [5ab0] 15 -> 4  (lat=4 from [5a70] @P2 PLOP3.LUT via P0)
  restall [5b00] 0 -> 2  (lat=2 from [5af0] UMOV via UR6)
  restall [5b80] 15 -> 4  (lat=4 from [5b50] IMAD.MOV.U32 via R81)
  STALL WARNING: [58c0] @P0 BRA needs 4 cycles after [58a0] ISETP.NE.U32.AND (via P0), has 2
  STALL WARNING: [5900] @P0 ELECT needs 4 cycles after [58e0] PLOP3.LUT (via P0), has 1
  STALL WARNING: [5910] @P2 PLOP3.LUT needs 4 cycles after [5900] @P0 ELECT (via P2), has 0
  STALL WARNING: [5920] @P2 R2UR.BROADCAST needs 4 cycles after [5900] @P0 ELECT (via P2), has 1
  STALL WARNING: [5920] @P2 R2UR.BROADCAST needs 10 cycles after [58d0] VIADD (via R6), has 5
  STALL WARNING: [5970] SYNCS.ARRIVE.TRANS64.RED needs 4 cycles after [5950] IMAD.MOV.U32 (via R5), has 2
  STALL WARNING: [5990] @P2 R2UR.BROADCAST needs 10 cycles after [5980] VIADD (via R4), has 0
  STALL WARNING: [59b0] @P2 R2UR.BROADCAST needs 10 cycles after [59a0] VIADD (via R5), has 0
  STALL WARNING: [59c0] UTMALDG.2D needs 4 cycles after [59b0] @P2 R2UR.BROADCAST (via UR8), has 0
  STALL WARNING: [5a20] @P0 ELECT needs 4 cycles after [5a10] PLOP3.LUT (via P0), has 0
  STALL WARNING: [5b00] BRA.DIV needs 2 cycles after [5af0] UMOV (via UR6), has 0
  STALL WARNING: [5b80] SHF.L.U32 needs 4 cycles after [5b50] IMAD.MOV.U32 (via R81), has 2
  restall [5c00] 9 -> 4  (lat=4 from [5bf0] IMAD.MOV.U32 via R172)
  restall [5cf0] 0 -> 15  (lat=20 from [5ca0] LDS.128 via R85 (NEEDS BARRIER: 18 > 15))
  restall [5d00] 4 -> 15  (lat=20 from [5ca0] LDS.128 via R84 (NEEDS BARRIER: 18 > 15))
  restall [5d20] 6 -> 14  (lat=20 from [5ca0] LDS.128 via R86)
  restall [5d40] 0 -> 4  (lat=20 from [5ca0] LDS.128 via R87)
  restall [5d50] 0 -> 4  (lat=4 from [5d40] HADD2.BF16_V2 via R115)
  restall [5e90] 0 -> 4  (lat=4 from [5e80] HFMA2.BF16_V2 via R120)
  restall [5ed0] 0 -> 4  (lat=4 from [5ec0] F2FP.BF16.F32.PACK_AB via R80)
  restall [5f80] 0 -> 4  (lat=4 from [5f50] F2FP.BF16.F32.PACK_AB via R81)
  restall [5f90] 0 -> 4  (lat=4 from [5f70] HADD2.BF16_V2 via R84)
  restall [5fa0] 0 -> 4  (lat=4 from [5f80] HADD2.BF16_V2 via R81)
  restall [5fb0] 0 -> 4  (lat=4 from [5f90] HADD2.BF16_V2 via R127)
  restall [5fd0] 8 -> 4  (lat=4 from [5fc0] F2FP.BF16.F32.PACK_AB via R80)
  restall [6040] 0 -> 4  (lat=4 from [6010] F2FP.BF16.F32.PACK_AB via R83)
  restall [6050] 0 -> 4  (lat=4 from [6020] HADD2.BF16_V2 via R81)
  restall [6130] 0 -> 4  (lat=4 from [6110] IMAD.IADD via R4)
  STALL WARNING: [5bd0] @!P0 BRA needs 4 cycles after [5bb0] SYNCS.PHASECHK.TRANS64.TRYWAIT (via P0), has 1
  STALL WARNING: [5c00] IMAD needs 4 cycles after [5bf0] IMAD.MOV.U32 (via R172), has 0
  STALL WARNING: [5c10] IMAD needs 4 cycles after [5bf0] IMAD.MOV.U32 (via R172), has 2
  STALL WARNING: [5c20] F2FP.BF16.F32.PACK_AB needs 20 cycles after [5ba0] LDTM.x32 (via R5), has 14
  STALL WARNING: [5c20] F2FP.BF16.F32.PACK_AB needs 20 cycles after [5ba0] LDTM.x32 (via R4), has 14
  STALL WARNING: [5ca0] LDS.128 needs 4 cycles after [5c70] IMAD.IADD (via R171), has 2
  STALL WARNING: [5cb0] HFMA2.BF16_V2 needs 20 cycles after [5c60] LDS.128 (via R80), has 4
  STALL WARNING: [5cc0] HADD2.BF16_V2 needs 20 cycles after [5c60] LDS.128 (via R81), has 5
  STALL WARNING: [5cc0] HADD2.BF16_V2 needs 4 cycles after [5c80] F2FP.BF16.F32.PACK_AB (via R112), has 3
  STALL WARNING: [5ce0] HFMA2.BF16_V2 needs 20 cycles after [5c60] LDS.128 (via R82), has 8
  STALL WARNING: [5cf0] HADD2.BF16_V2 needs 4 cycles after [5cc0] HADD2.BF16_V2 (via R81), has 2
  STALL WARNING: [5cf0] HADD2.BF16_V2 needs 20 cycles after [5ca0] LDS.128 (via R85), has 5
  STALL WARNING: [5d00] HFMA2.BF16_V2 needs 20 cycles after [5ca0] LDS.128 (via R84), has 6
  STALL WARNING: [5d10] HADD2.BF16_V2 needs 20 cycles after [5c60] LDS.128 (via R83), has 11
  STALL WARNING: [5d20] HFMA2.BF16_V2 needs 20 cycles after [5ca0] LDS.128 (via R86), has 8
  STALL WARNING: [5d20] HFMA2.BF16_V2 needs 4 cycles after [5ce0] HFMA2.BF16_V2 (via R82), has 3
  STALL WARNING: [5d40] HADD2.BF16_V2 needs 4 cycles after [5d10] HADD2.BF16_V2 (via R115), has 2
  STALL WARNING: [5d40] HADD2.BF16_V2 needs 20 cycles after [5ca0] LDS.128 (via R87), has 10
  STALL WARNING: [5d50] STS.128 needs 4 cycles after [5d20] HFMA2.BF16_V2 (via R114), has 2
  STALL WARNING: [5d50] STS.128 needs 4 cycles after [5d40] HADD2.BF16_V2 (via R115), has 0
  STALL WARNING: [5d70] LDS.128 needs 4 cycles after [5d30] IMAD.IADD (via R173), has 3
  STALL WARNING: [5db0] HFMA2.BF16_V2 needs 4 cycles after [5d90] F2FP.BF16.F32.PACK_AB (via R80), has 2
  STALL WARNING: [5e40] HADD2.BF16_V2 needs 20 cycles after [5d70] LDS.128 (via R93), has 18
  STALL WARNING: [5e90] STS.128 needs 4 cycles after [5e60] HADD2.BF16_V2 (via R123), has 3
  STALL WARNING: [5e90] STS.128 needs 4 cycles after [5e70] HFMA2.BF16_V2 (via R122), has 1
  STALL WARNING: [5e90] STS.128 needs 4 cycles after [5e80] HFMA2.BF16_V2 (via R120), has 0
  STALL WARNING: [5ed0] HFMA2.BF16_V2 needs 4 cycles after [5ec0] F2FP.BF16.F32.PACK_AB (via R80), has 0
  STALL WARNING: [5ed0] HFMA2.BF16_V2 needs 20 cycles after [5e50] LDS.128 (via R96), has 13
  STALL WARNING: [5f00] HFMA2.BF16_V2 needs 20 cycles after [5e50] LDS.128 (via R98), has 19
  STALL WARNING: [5fa0] HADD2.BF16_V2 needs 4 cycles after [5f80] HADD2.BF16_V2 (via R81), has 2
  STALL WARNING: [5fb0] STS.128 needs 4 cycles after [5f90] HADD2.BF16_V2 (via R127), has 1
  STALL WARNING: [5fb0] STS.128 needs 4 cycles after [5fa0] HADD2.BF16_V2 (via R125), has 0
  STALL WARNING: [5fd0] HFMA2.BF16_V2 needs 4 cycles after [5fc0] F2FP.BF16.F32.PACK_AB (via R80), has 0
  STALL WARNING: [6100] @P0 BRA needs 4 cycles after [60c0] ISETP.GT.U32.AND (via P0), has 3
  STALL WARNING: [6130] R2UR needs 4 cycles after [6110] IMAD.IADD (via R4), has 2
  restall [6190] 15 -> 5  (lat=20 from [6140] LDTM.x32 via R8)
  restall [61b0] 2 -> 4  (lat=4 from [6190] F2FP.BF16.F32.PACK_AB via R114)
  restall [61c0] 4 -> 2  (lat=4 from [61a0] HFMA2.BF16_V2 via R80)
  restall [6230] 0 -> 4  (lat=4 from [6210] F2FP.BF16.F32.PACK_AB via R115)
  restall [6240] 0 -> 4  (lat=4 from [6220] HADD2.BF16_V2 via R81)
  restall [6250] 0 -> 4  (lat=4 from [6230] HADD2.BF16_V2 via R83)
  restall [62f0] 0 -> 4  (lat=4 from [62d0] F2FP.BF16.F32.PACK_AB via R113)
  restall [63c0] 0 -> 4  (lat=4 from [6390] F2FP.BF16.F32.PACK_AB via R81)
  restall [64e0] 0 -> 4  (lat=4 from [64b0] HFMA2.BF16_V2 via R100)
  restall [64f0] 15 -> 6  (lat=10 from [64a0] VIADD via R80)
  restall [6510] 0 -> 4  (lat=4 from [64f0] LOP3.LUT via P0)
  restall [6540] 0 -> 2  (lat=2 from [6520] UMOV via UR6)
  restall [6550] 0 -> 4  (lat=4 from [6530] ISETP.NE.U32.AND via P2)
  restall [6590] 0 -> 4  (lat=4 from [6530] ISETP.NE.U32.AND via P2)
  restall [65a0] 0 -> 4  (lat=4 from [6530] ISETP.NE.U32.AND via P2)
  restall [65c0] 0 -> 2  (lat=2 from [65b0] @!P2 IADD3 via R82)
  restall [65d0] 1 -> 5  (lat=20 from [6550] @!P2 LDC.64 via R81)
  restall [65f0] 0 -> 4  (lat=4 from [65d0] @!P2 IMAD.X via R80)
  restall [6600] 15 -> 3  (lat=4 from [65c0] @!P2 R2UR via UR6)
  restall [6610] 0 -> 4  (lat=4 from [6600] IMAD.U32 via R80)
  restall [6640] 0 -> 4  (lat=4 from [6620] IMAD.U32 via R81)
  restall [6670] 2 -> 4  (lat=4 from [6660] @P3 R2UR via P0)
  restall [6690] 2 -> 4  (lat=4 from [6680] @P3 R2UR.OR via P0)
  restall [66a0] 0 -> 4  (lat=10 from [6630] @!P2 VIADD via R80)
  restall [66b0] 0 -> 4  (lat=4 from [66a0] @P3 R2UR.OR via P0)
  restall [66c0] 0 -> 4  (lat=4 from [66a0] @P3 R2UR.OR via UR8)
  restall [66d0] 15 -> 4  (lat=4 from [66b0] @P3 PLOP3.LUT via P3)
  restall [6720] 2 -> 4  (lat=4 from [6700] PLOP3.LUT via P3)
  restall [6730] 0 -> 2  (lat=4 from [6700] PLOP3.LUT via P3)
  restall [6740] 2 -> 4  (lat=4 from [6730] @P3 R2UR via P0)
  restall [6760] 2 -> 4  (lat=4 from [6750] @P3 R2UR.OR via P0)
  restall [6770] 0 -> 4  (lat=10 from [66e0] @!P2 VIADD via R80)
  restall [6780] 0 -> 4  (lat=4 from [6770] @P3 R2UR.OR via P0)
  restall [6790] 0 -> 4  (lat=4 from [6770] @P3 R2UR.OR via UR8)
  restall [67a0] 15 -> 4  (lat=4 from [6780] @P3 PLOP3.LUT via P3)
  restall [67e0] 0 -> 4  (lat=4 from [67d0] ISETP.GT.U32.AND via P0)
  restall [6810] 0 -> 4  (lat=4 from [67f0] IMAD.IADD via R4)
  STALL WARNING: [6170] F2FP.BF16.F32.PACK_AB needs 20 cycles after [6140] LDTM.x32 (via R5), has 5
  STALL WARNING: [6170] F2FP.BF16.F32.PACK_AB needs 20 cycles after [6140] LDTM.x32 (via R4), has 5
  STALL WARNING: [61a0] HFMA2.BF16_V2 needs 4 cycles after [6170] F2FP.BF16.F32.PACK_AB (via R108), has 2
  STALL WARNING: [61b0] HFMA2.BF16_V2 needs 4 cycles after [6190] F2FP.BF16.F32.PACK_AB (via R114), has 2
  STALL WARNING: [61c0] HFMA2.BF16_V2 needs 4 cycles after [61a0] HFMA2.BF16_V2 (via R80), has 2
  STALL WARNING: [6230] HADD2.BF16_V2 needs 4 cycles after [6210] F2FP.BF16.F32.PACK_AB (via R115), has 2
  STALL WARNING: [6240] HADD2.BF16_V2 needs 4 cycles after [6220] HADD2.BF16_V2 (via R81), has 2
  STALL WARNING: [6250] HADD2.BF16_V2 needs 4 cycles after [6230] HADD2.BF16_V2 (via R83), has 2
  STALL WARNING: [62e0] HFMA2.BF16_V2 needs 4 cycles after [62c0] F2FP.BF16.F32.PACK_AB (via R80), has 1
  STALL WARNING: [62f0] HADD2.BF16_V2 needs 4 cycles after [62d0] F2FP.BF16.F32.PACK_AB (via R113), has 1
  STALL WARNING: [6320] HFMA2.BF16_V2 needs 4 cycles after [6300] F2FP.BF16.F32.PACK_AB (via R82), has 2
  STALL WARNING: [63b0] HADD2.BF16_V2 needs 4 cycles after [6380] F2FP.BF16.F32.PACK_AB (via R83), has 3
  STALL WARNING: [63c0] HADD2.BF16_V2 needs 4 cycles after [6390] F2FP.BF16.F32.PACK_AB (via R81), has 3
  STALL WARNING: [64e0] STS.128 needs 4 cycles after [64b0] HFMA2.BF16_V2 (via R100), has 2
  STALL WARNING: [64f0] LOP3.LUT needs 10 cycles after [64a0] VIADD (via R80), has 9
  STALL WARNING: [6540] BRA.DIV needs 2 cycles after [6520] UMOV (via UR6), has 1
  STALL WARNING: [6550] @!P2 LDC.64 needs 4 cycles after [6530] ISETP.NE.U32.AND (via P2), has 2
  STALL WARNING: [65b0] @!P2 IADD3 needs 20 cycles after [6550] @!P2 LDC.64 (via R80), has 10
  STALL WARNING: [65c0] @!P2 R2UR needs 2 cycles after [65b0] @!P2 IADD3 (via R82), has 0
  STALL WARNING: [65f0] @!P2 R2UR needs 4 cycles after [65d0] @!P2 IMAD.X (via R80), has 2
  STALL WARNING: [6610] @!P2 R2UR needs 4 cycles after [6600] IMAD.U32 (via R80), has 0
  STALL WARNING: [6670] PLOP3.LUT needs 4 cycles after [6660] @P3 R2UR (via P0), has 0
  STALL WARNING: [6690] PLOP3.LUT needs 4 cycles after [6680] @P3 R2UR.OR (via P0), has 0
  STALL WARNING: [66b0] @P3 PLOP3.LUT needs 4 cycles after [66a0] @P3 R2UR.OR (via P0), has 0
  STALL WARNING: [66d0] @P3 BRA.U.ANY needs 4 cycles after [66b0] @P3 PLOP3.LUT (via P3), has 2
  STALL WARNING: [6720] PLOP3.LUT needs 4 cycles after [6700] PLOP3.LUT (via P3), has 2
  STALL WARNING: [6740] PLOP3.LUT needs 4 cycles after [6730] @P3 R2UR (via P0), has 0
  STALL WARNING: [6760] PLOP3.LUT needs 4 cycles after [6750] @P3 R2UR.OR (via P0), has 0
  STALL WARNING: [6780] @P3 PLOP3.LUT needs 4 cycles after [6770] @P3 R2UR.OR (via P0), has 0
  STALL WARNING: [67a0] @P3 BRA.U.ANY needs 4 cycles after [6780] @P3 PLOP3.LUT (via P3), has 2
  STALL WARNING: [67e0] @P0 BRA needs 4 cycles after [67d0] ISETP.GT.U32.AND (via P0), has 0
  STALL WARNING: [6810] R2UR needs 4 cycles after [67f0] IMAD.IADD (via R4), has 2
Applied 453 edit(s). Patched data/stagesc_20260331_034827/base_bs_unpatched -> base_bs_patched (cubin at 0x9f320, 190880 bytes)
