[03:48:27] ========================================
[03:48:27]   FC2 STAGES_C BENCH  20260331_034827
[03:48:27]   Output: data/stagesc_20260331_034827
[03:48:27] ========================================
NVIDIA B200, 120 MHz
[03:48:27] 
[03:48:27] ==== TEST 1: REFERENCE BASELINES ====
[03:48:27]   [wall] strip  DFLAGS='-DN_STAGES=5 -DTMA_RESIDUAL=1 -DSTRIP_EPILOGUE=1'
[03:48:30]   [strip] 1.086ms  valid=0  regs=86
[03:48:30]   [wall] base_4w  DFLAGS='-DN_STAGES=5 -DTMA_RESIDUAL=1'
[03:48:33]   [base_4w] 1.471ms  valid=1  regs=200
[03:48:33]   [wall] base_wl1  DFLAGS='-DN_STAGES=5 -DTMA_RESIDUAL=1 -DEPI_WARP_LIMIT=1'
[03:48:36]   [base_wl1] 1.161ms  valid=0  regs=200
[03:48:36]   [wall] base_wl2  DFLAGS='-DN_STAGES=5 -DTMA_RESIDUAL=1 -DEPI_WARP_LIMIT=2'
[03:48:38]   [base_wl2] 1.248ms  valid=0  regs=200
[03:48:38]   [wall] base_nepi2  DFLAGS='-DN_STAGES=5 -DTMA_RESIDUAL=1 -DNUM_EPI_WARPS=2'
[03:48:41]   [base_nepi2] 1.246ms  valid=0  regs=200
[03:48:41]   [cutlass] running...
[03:48:53]   [cutlass] 1.211ms
[03:48:53] 
[03:48:53] ==== TEST 2: SKIPPED (SC2+EPI_REUSE_SMEM broken — see kernel_common.cuh #error) ====
[03:48:53] 
[03:48:53] ==== TEST 3: SKIPPED (SC2+EPI_REUSE_SMEM broken) ====
[03:48:53] 
[03:48:53] ==== TEST 4: SC2 no-reuse (2 warps) ====
[03:48:53]   [wall] sc2nr_nepi2  DFLAGS='-DN_STAGES=5 -DTMA_RESIDUAL=1 -DSTAGES_C=2 -DNUM_EPI_WARPS=2'
[03:48:56]   [sc2nr_nepi2] 1.244ms  valid=0  regs=202
[03:48:56]   [wall] sc2nr_nepi2_bs  DFLAGS='-DN_STAGES=5 -DTMA_RESIDUAL=1 -DSTAGES_C=2 -DNUM_EPI_WARPS=2 -DBIAS_SMEM=1'
[03:48:59]   [sc2nr_nepi2_bs] 1.245ms  valid=0  regs=186
[03:48:59] 
[03:48:59] ==== TEST 5: TIMING (kloop/ph1/epi_wait breakdown) ====
[03:48:59]   [timing] t_strip  DFLAGS='-DN_STAGES=5 -DTMA_RESIDUAL=1 -DSTRIP_EPILOGUE=1'
[03:49:01]   [t_strip] timing collected
[03:49:01]   [timing] t_base  DFLAGS='-DN_STAGES=5 -DTMA_RESIDUAL=1'
[03:49:04]   [t_base] timing collected
[03:49:04]   [timing] t_base_nepi2  DFLAGS='-DN_STAGES=5 -DTMA_RESIDUAL=1 -DNUM_EPI_WARPS=2'
[03:49:07]   [t_base_nepi2] timing collected
[03:49:07]   [timing] t_sc2nr_nepi2  DFLAGS='-DN_STAGES=5 -DTMA_RESIDUAL=1 -DSTAGES_C=2 -DNUM_EPI_WARPS=2'
[03:49:10]   [t_sc2nr_nepi2] timing collected
[03:49:10] 
[03:49:10] ==== TEST 6: SASS-PATCHED BINARIES ====
[03:49:10]   [sass] base_4w: building...
[03:49:12]   [base_4w] cubin extracted (188880 bytes)
[03:49:12]   [base_4w] scheduling 5 epilogue chunks (120s limit each)...
[03:51:13]   [base_4w] CP-SAT: 5/5 chunks scheduled
[03:51:13]   [base_4w] applying 480 edits via fatbin-patch...
[03:51:13]   [base_4w] patched → base_4w_patched
[03:51:13]   [sass] base_bs: building...
[03:51:15]   [base_bs] cubin extracted (190880 bytes)
[03:51:15]   [base_bs] scheduling 5 epilogue chunks (120s limit each)...
[03:51:32]   [base_bs] CP-SAT: 5/5 chunks scheduled
[03:51:32]   [base_bs] applying 453 edits via fatbin-patch...
[03:51:32]   [base_bs] patched → base_bs_patched
[03:51:32]   --- A/B comparison (tight) ---
[03:51:32]   [run] base_4w_unp  binary=data/stagesc_20260331_034827/base_4w_unpatched
[03:51:34]   [base_4w_unp] 1.473ms  valid=1  (unpatched)
[03:51:34]   [run] base_4w_pat  binary=base_4w_patched
[03:51:35]   [base_4w_pat] RUN FAILED
FC2 GEMM — tcgen05 cta_group::2 (6 warps [4 epi], cluster of 2)
  GEMM: [928256,3072] x [768,3072]^T  5-stage pipeline  bias+residual  SMEM-staged stores  idesc: 0x10400010
  Alloc + init done
  TMA descriptors + func attr done
Launching warmup (2 iters)...
  Waiting for warmup sync...
CUDA fc2.cu:349: an illegal instruction was encountered
[03:51:35]   [run] base_bs_unp  binary=data/stagesc_20260331_034827/base_bs_unpatched
[03:51:36]   [base_bs_unp] 1.456ms  valid=1  (unpatched)
[03:51:36]   [run] base_bs_pat  binary=base_bs_patched
[03:51:37]   [base_bs_pat] RUN FAILED
FC2 GEMM — tcgen05 cta_group::2 (6 warps [4 epi], cluster of 2)
  GEMM: [928256,3072] x [768,3072]^T  5-stage pipeline  bias+residual  SMEM-staged stores  idesc: 0x10400010
  Alloc + init done
  TMA descriptors + func attr done
Launching warmup (2 iters)...
  Waiting for warmup sync...
CUDA fc2.cu:349: an illegal instruction was encountered
[03:51:37]   [cutlass_ab] running...
[03:51:49]   [cutlass_ab] 1.211ms
[03:51:49] 
[03:51:49] ==== THERMAL DRIFT CHECK ====
[03:51:49]   [wall] strip_end  DFLAGS='-DN_STAGES=5 -DTMA_RESIDUAL=1 -DSTRIP_EPILOGUE=1'
[03:51:52]   [strip_end] 1.087ms  valid=0  regs=86
[03:51:52] 
[03:51:52] ==== WALL TIME SUMMARY ====
[03:51:52] 
[03:51:52] Done in 205s. Results: data/stagesc_20260331_034827/
[03:51:52]   wall_summary.txt  — wall time comparison
[03:51:52]   *_timing.txt      — cycle breakdowns
[03:51:52]   session.log       — full log
