[23:39:46] ========================================
[23:39:46]   FC2 PREFETCH BENCH  20260330_233946
[23:39:46]   Output: data/prefetch_20260330_233946
[23:39:46] ========================================
NVIDIA B200, 120 MHz
[23:39:46] 
[23:39:46] ==== TEST 1: NCU ON CUTLASS FC2 ====
[23:39:46]   Building cutlass-bench-fc2-max...
[23:43:24]   CUTLASS build OK
[23:43:36]   CUTLASS wall time: 1.150ms
[23:43:36]   [ncu] ncu_cutlass
[23:43:36]   [ncu_cutlass] collecting ncu metrics...
[23:43:48]   [ncu_cutlass] NCU FAILED
[23:43:48]   [ncu] ncu_ours_best
[23:43:50]   [ncu_ours_best] collecting ncu metrics...
[23:43:52]   [ncu_ours_best] NCU FAILED
[23:43:52]   [ncu] ncu_strip
[23:43:53]   [ncu_strip] collecting ncu metrics...
[23:43:55]   [ncu_strip] NCU FAILED
[23:43:55] 
[23:43:55] ==== TEST 2: PREFETCH × WARP LIMIT ====
[23:43:55]   [wall] strip_best  DFLAGS='-DN_STAGES=5 -DTMA_RESIDUAL=1 -DSTRIP_EPILOGUE=1'
[23:43:58]   [strip_best] 1.087ms  valid=0  regs=86
[23:43:58]   [wall] best_4w  DFLAGS='-DN_STAGES=5 -DTMA_RESIDUAL=1'
[23:44:01]   [best_4w] 1.474ms  valid=1  regs=200
[23:44:01]   [wall] best_wl1  DFLAGS='-DN_STAGES=5 -DTMA_RESIDUAL=1 -DEPI_WARP_LIMIT=1'
[23:44:04]   [best_wl1] 1.161ms  valid=0  regs=200
[23:44:04]   [wall] best_wl2  DFLAGS='-DN_STAGES=5 -DTMA_RESIDUAL=1 -DEPI_WARP_LIMIT=2'
[23:44:07]   [best_wl2] 1.247ms  valid=0  regs=200
[23:44:07]   [wall] best_wl3  DFLAGS='-DN_STAGES=5 -DTMA_RESIDUAL=1 -DEPI_WARP_LIMIT=3'
[23:44:10]   [best_wl3] 1.355ms  valid=0  regs=200
[23:44:10]   [wall] pf_4w  DFLAGS='-DN_STAGES=5 -DTMA_RESIDUAL=1 -DW0_RES_PREFETCH=1'
[23:44:13]   [pf_4w] 1.484ms  valid=1  regs=201
[23:44:13]   [wall] pf_wl1  DFLAGS='-DN_STAGES=5 -DTMA_RESIDUAL=1 -DW0_RES_PREFETCH=1 -DEPI_WARP_LIMIT=1'
[23:44:16]   [pf_wl1] 1.199ms  valid=0  regs=201
[23:44:16]   [wall] pf_wl2  DFLAGS='-DN_STAGES=5 -DTMA_RESIDUAL=1 -DW0_RES_PREFETCH=1 -DEPI_WARP_LIMIT=2'
[23:44:19]   [pf_wl2] 1.285ms  valid=0  regs=201
[23:44:19]   [wall] pf_wl3  DFLAGS='-DN_STAGES=5 -DTMA_RESIDUAL=1 -DW0_RES_PREFETCH=1 -DEPI_WARP_LIMIT=3'
[23:44:22]   [pf_wl3] 1.382ms  valid=0  regs=201
[23:44:22] 
[23:44:22] ==== TEST 3: NUM_EPI_WARPS=2 (128 threads) ====
[23:44:22]   [wall] nepi2  DFLAGS='-DN_STAGES=5 -DTMA_RESIDUAL=1 -DNUM_EPI_WARPS=2'
[23:44:25]   [nepi2] 1.245ms  valid=0  regs=200
[23:44:25]   [wall] nepi2_pf  DFLAGS='-DN_STAGES=5 -DTMA_RESIDUAL=1 -DNUM_EPI_WARPS=2 -DW0_RES_PREFETCH=1'
[23:44:28]   [nepi2_pf] 1.250ms  valid=0  regs=201
[23:44:28]   [wall] nepi3  DFLAGS='-DN_STAGES=5 -DTMA_RESIDUAL=1 -DNUM_EPI_WARPS=3'
[23:44:31]   [nepi3] 1.354ms  valid=0  regs=200
[23:44:31]   [wall] nepi3_pf  DFLAGS='-DN_STAGES=5 -DTMA_RESIDUAL=1 -DNUM_EPI_WARPS=3 -DW0_RES_PREFETCH=1'
[23:44:34]   [nepi3_pf] 1.364ms  valid=0  regs=201
[23:44:34] 
[23:44:34] ==== THERMAL DRIFT CHECK ====
[23:44:34]   [wall] strip_end  DFLAGS='-DN_STAGES=5 -DTMA_RESIDUAL=1 -DSTRIP_EPILOGUE=1'
[23:44:37]   [strip_end] 1.086ms  valid=0  regs=86
[23:44:37] 
[23:44:37] ==== WALL TIME SUMMARY ====
[23:44:38] 
[23:44:38] Done in 292s. Results: data/prefetch_20260330_233946/
[23:44:38]   wall_summary.txt  — wall time + prefetch comparison
[23:44:38]   ncu/              — CUTLASS + ours ncu CSV
[23:44:38]   session.log       — full log
