Kernel: fc1_gelu (fc1_gelu.cu)
Per-kernel tiers for fc1_gelu: skipping SNAKE_ORDER, TMA_RESIDUAL, W0_RES_PREFETCH, NUM_PASSES_PARAM, BIAS_SMEM
Pinned at winner values: K_LOOP_UNROLL=5 MBAR_EARLY=1 N_STAGES=5 STAGGER_CYCLES=0 SUB_MMA_UNROLL=3

=== Tier 1: GELU_VARIANT, INTERLEAVE_STRATEGY ===
Sweep: 12 total, 12 valid, 0 pruned
Estimated time: ~1 min (12 configs × ~5s each)

[1/12] -DINTERLEAVE_STRATEGY=0 -DMBAR_EARLY=1 -DN_STAGES=5 -DSTAGGER_CYCLES=0 -DSUB_MMA_UNROLL=3 ... 3.144 ms / 1393 TFLOPS  (240 regs, 2.7s)
[2/12] -DINTERLEAVE_STRATEGY=1 -DMBAR_EARLY=1 -DN_STAGES=5 -DSTAGGER_CYCLES=0 -DSUB_MMA_UNROLL=3 ... 2.798 ms / 1566 TFLOPS  (240 regs, 2.7s)
[3/12] -DMBAR_EARLY=1 -DN_STAGES=5 -DSTAGGER_CYCLES=0 -DSUB_MMA_UNROLL=3 ... 2.938 ms / 1491 TFLOPS  (240 regs, 2.7s)
[4/12] -DINTERLEAVE_STRATEGY=3 -DMBAR_EARLY=1 -DN_STAGES=5 -DSTAGGER_CYCLES=0 -DSUB_MMA_UNROLL=3 ... 2.723 ms / 1608 TFLOPS  (242 regs, 2.7s)
[5/12] -DGELU_VARIANT=4 -DINTERLEAVE_STRATEGY=0 -DMBAR_EARLY=1 -DN_STAGES=5 -DSTAGGER_CYCLES=0 -DSUB_MMA_UNROLL=3 ... 3.152 ms / 1390 TFLOPS  (240 regs, 2.7s)
[6/12] -DGELU_VARIANT=4 -DINTERLEAVE_STRATEGY=1 -DMBAR_EARLY=1 -DN_STAGES=5 -DSTAGGER_CYCLES=0 -DSUB_MMA_UNROLL=3 ... 2.865 ms / 1529 TFLOPS  (240 regs, 2.7s)
[7/12] -DGELU_VARIANT=4 -DMBAR_EARLY=1 -DN_STAGES=5 -DSTAGGER_CYCLES=0 -DSUB_MMA_UNROLL=3 ... 3.028 ms / 1446 TFLOPS  (240 regs, 2.7s)
[8/12] -DGELU_VARIANT=4 -DINTERLEAVE_STRATEGY=3 -DMBAR_EARLY=1 -DN_STAGES=5 -DSTAGGER_CYCLES=0 -DSUB_MMA_UNROLL=3 ... 2.791 ms / 1570 TFLOPS  (242 regs, 2.7s)
[9/12] -DGELU_VARIANT=5 -DINTERLEAVE_STRATEGY=0 -DMBAR_EARLY=1 -DN_STAGES=5 -DSTAGGER_CYCLES=0 -DSUB_MMA_UNROLL=3 ... 3.231 ms / 1356 TFLOPS  (240 regs, 2.7s)
[10/12] -DGELU_VARIANT=5 -DINTERLEAVE_STRATEGY=1 -DMBAR_EARLY=1 -DN_STAGES=5 -DSTAGGER_CYCLES=0 -DSUB_MMA_UNROLL=3 ... 2.802 ms / 1563 TFLOPS  (240 regs, 2.7s)
[11/12] -DGELU_VARIANT=5 -DMBAR_EARLY=1 -DN_STAGES=5 -DSTAGGER_CYCLES=0 -DSUB_MMA_UNROLL=3 ... 3.030 ms / 1445 TFLOPS  (240 regs, 2.7s)
[12/12] -DGELU_VARIANT=5 -DINTERLEAVE_STRATEGY=3 -DMBAR_EARLY=1 -DN_STAGES=5 -DSTAGGER_CYCLES=0 -DSUB_MMA_UNROLL=3 ... 2.781 ms / 1575 TFLOPS  (242 regs, 2.7s)
  η²: GELU_VARIANT=0.029, INTERLEAVE_STRATEGY=0.952

  Gap: 2.13% → k_eff=2 (from 3)

Tier 1 winner (top-3): -DINTERLEAVE_STRATEGY=3 -DMBAR_EARLY=1 -DN_STAGES=5 -DSTAGGER_CYCLES=0 -DSUB_MMA_UNROLL=3 → 2.723 ms / 1608 TFLOPS
  #2: -DGELU_VARIANT=5 -DINTERLEAVE_STRATEGY=3 -DMBAR_EARLY=1 -DN_STAGES=5 -DSTAGGER_CYCLES=0 -DSUB_MMA_UNROLL=3 → 2.781 ms / 1575 TFLOPS
  #3: -DGELU_VARIANT=4 -DINTERLEAVE_STRATEGY=3 -DMBAR_EARLY=1 -DN_STAGES=5 -DSTAGGER_CYCLES=0 -DSUB_MMA_UNROLL=3 → 2.791 ms / 1570 TFLOPS

=== Tier 2: PHASE1_UNROLL, STORE_TIMING, PRELOAD_MODE, BATCH_EPILOGUE ===
  Branch 1/2: -DINTERLEAVE_STRATEGY=3 -DMBAR_EARLY=1 -DN_STAGES=5 -DSTAGGER_CYCLES=0 -DSUB_MMA_UNROLL=3
Sweep: 36 total, 36 valid, 0 pruned
Estimated time: ~3 min (36 configs × ~5s each)

[1/36] -DINTERLEAVE_STRATEGY=3 -DMBAR_EARLY=1 -DN_STAGES=5 -DPHASE1_UNROLL=1 -DPRELOAD_MODE=0 -DSTAGGER_CYCLES=0 -DSUB_MMA_UNROLL=3 ... 3.280 ms / 1335 TFLOPS  (238 regs, 2.7s)
[2/36] -DMBAR_EARLY=1 -DN_STAGES=5 -DPHASE1_UNROLL=1 -DPRELOAD_MODE=0 -DSTAGGER_CYCLES=0 -DSTORE_TIMING=1 -DSUB_MMA_UNROLL=3 ... 3.527 ms / 1242 TFLOPS  (236 regs, 2.7s)
[3/36] -DINTERLEAVE_STRATEGY=3 -DMBAR_EARLY=1 -DN_STAGES=5 -DPHASE1_UNROLL=1 -DSTAGGER_CYCLES=0 -DSUB_MMA_UNROLL=3 ... 3.239 ms / 1352 TFLOPS  (238 regs, 2.7s)
[4/36] -DMBAR_EARLY=1 -DN_STAGES=5 -DPHASE1_UNROLL=1 -DSTAGGER_CYCLES=0 -DSTORE_TIMING=1 -DSUB_MMA_UNROLL=3 ... 3.438 ms / 1274 TFLOPS  (236 regs, 2.7s)
[5/36] -DINTERLEAVE_STRATEGY=3 -DMBAR_EARLY=1 -DN_STAGES=5 -DPHASE1_UNROLL=1 -DPRELOAD_MODE=2 -DSTAGGER_CYCLES=0 -DSUB_MMA_UNROLL=3 ... 3.468 ms / 1263 TFLOPS  (238 regs, 2.7s)
[6/36] -DMBAR_EARLY=1 -DN_STAGES=5 -DPHASE1_UNROLL=1 -DPRELOAD_MODE=2 -DSTAGGER_CYCLES=0 -DSTORE_TIMING=1 -DSUB_MMA_UNROLL=3 ... 3.635 ms / 1205 TFLOPS  (236 regs, 2.7s)
[7/36] -DINTERLEAVE_STRATEGY=3 -DMBAR_EARLY=1 -DN_STAGES=5 -DPRELOAD_MODE=0 -DSTAGGER_CYCLES=0 -DSUB_MMA_UNROLL=3 ... 2.792 ms / 1569 TFLOPS  (240 regs, 2.8s)
[8/36] -DMBAR_EARLY=1 -DN_STAGES=5 -DPRELOAD_MODE=0 -DSTAGGER_CYCLES=0 -DSTORE_TIMING=1 -DSUB_MMA_UNROLL=3 ... 3.200 ms / 1369 TFLOPS  (240 regs, 2.7s)
[9/36] -DINTERLEAVE_STRATEGY=3 -DMBAR_EARLY=1 -DN_STAGES=5 -DSTAGGER_CYCLES=0 -DSUB_MMA_UNROLL=3 ... 2.726 ms / 1607 TFLOPS  (242 regs, 2.7s)
[10/36] -DMBAR_EARLY=1 -DN_STAGES=5 -DSTAGGER_CYCLES=0 -DSTORE_TIMING=1 -DSUB_MMA_UNROLL=3 ... 3.156 ms / 1388 TFLOPS  (240 regs, 2.7s)
[11/36] -DINTERLEAVE_STRATEGY=3 -DMBAR_EARLY=1 -DN_STAGES=5 -DPRELOAD_MODE=2 -DSTAGGER_CYCLES=0 -DSUB_MMA_UNROLL=3 ... 2.671 ms / 1640 TFLOPS  (247 regs, 2.7s)
[12/36] -DMBAR_EARLY=1 -DN_STAGES=5 -DPRELOAD_MODE=2 -DSTAGGER_CYCLES=0 -DSTORE_TIMING=1 -DSUB_MMA_UNROLL=3 ... 2.919 ms / 1501 TFLOPS  (249 regs, 2.7s)
[13/36] -DINTERLEAVE_STRATEGY=3 -DMBAR_EARLY=1 -DN_STAGES=5 -DPHASE1_UNROLL=4 -DPRELOAD_MODE=0 -DSTAGGER_CYCLES=0 -DSUB_MMA_UNROLL=3 ... 2.742 ms / 1597 TFLOPS  (244 regs, 2.7s)
[14/36] -DMBAR_EARLY=1 -DN_STAGES=5 -DPHASE1_UNROLL=4 -DPRELOAD_MODE=0 -DSTAGGER_CYCLES=0 -DSTORE_TIMING=1 -DSUB_MMA_UNROLL=3 ... 2.921 ms / 1500 TFLOPS  (244 regs, 2.8s)
[15/36] -DINTERLEAVE_STRATEGY=3 -DMBAR_EARLY=1 -DN_STAGES=5 -DPHASE1_UNROLL=4 -DSTAGGER_CYCLES=0 -DSUB_MMA_UNROLL=3 ... 2.675 ms / 1637 TFLOPS  (244 regs, 2.8s)
[16/36] -DMBAR_EARLY=1 -DN_STAGES=5 -DPHASE1_UNROLL=4 -DSTAGGER_CYCLES=0 -DSTORE_TIMING=1 -DSUB_MMA_UNROLL=3 ... 2.344 ms / 1869 TFLOPS  (244 regs, 2.7s)
[17/36] -DINTERLEAVE_STRATEGY=3 -DMBAR_EARLY=1 -DN_STAGES=5 -DPHASE1_UNROLL=4 -DPRELOAD_MODE=2 -DSTAGGER_CYCLES=0 -DSUB_MMA_UNROLL=3 ... 2.592 ms / 1690 TFLOPS  (249 regs, 2.7s)
[18/36] -DMBAR_EARLY=1 -DN_STAGES=5 -DPHASE1_UNROLL=4 -DPRELOAD_MODE=2 -DSTAGGER_CYCLES=0 -DSTORE_TIMING=1 -DSUB_MMA_UNROLL=3 ... 2.525 ms / 1734 TFLOPS  (246 regs, 2.8s)
[19/36] -DBATCH_EPILOGUE=1 -DINTERLEAVE_STRATEGY=3 -DMBAR_EARLY=1 -DN_STAGES=5 -DPHASE1_UNROLL=1 -DPRELOAD_MODE=0 -DSTAGGER_CYCLES=0 -DSUB_MMA_UNROLL=3 ... 3.304 ms / 1326 TFLOPS  (211 regs, 2.7s)
[20/36] -DBATCH_EPILOGUE=1 -DMBAR_EARLY=1 -DN_STAGES=5 -DPHASE1_UNROLL=1 -DPRELOAD_MODE=0 -DSTAGGER_CYCLES=0 -DSTORE_TIMING=1 -DSUB_MMA_UNROLL=3 ... 3.662 ms / 1196 TFLOPS  (211 regs, 2.8s)
[21/36] -DBATCH_EPILOGUE=1 -DINTERLEAVE_STRATEGY=3 -DMBAR_EARLY=1 -DN_STAGES=5 -DPHASE1_UNROLL=1 -DSTAGGER_CYCLES=0 -DSUB_MMA_UNROLL=3 ... 3.340 ms / 1311 TFLOPS  (211 regs, 2.7s)
[22/36] -DBATCH_EPILOGUE=1 -DMBAR_EARLY=1 -DN_STAGES=5 -DPHASE1_UNROLL=1 -DSTAGGER_CYCLES=0 -DSTORE_TIMING=1 -DSUB_MMA_UNROLL=3 ... 3.631 ms / 1206 TFLOPS  (211 regs, 2.7s)
[23/36] -DBATCH_EPILOGUE=1 -DINTERLEAVE_STRATEGY=3 -DMBAR_EARLY=1 -DN_STAGES=5 -DPHASE1_UNROLL=1 -DPRELOAD_MODE=2 -DSTAGGER_CYCLES=0 -DSUB_MMA_UNROLL=3 ... 3.468 ms / 1263 TFLOPS  (211 regs, 2.7s)
[24/36] -DBATCH_EPILOGUE=1 -DMBAR_EARLY=1 -DN_STAGES=5 -DPHASE1_UNROLL=1 -DPRELOAD_MODE=2 -DSTAGGER_CYCLES=0 -DSTORE_TIMING=1 -DSUB_MMA_UNROLL=3 ... 3.663 ms / 1196 TFLOPS  (211 regs, 2.7s)
[25/36] -DBATCH_EPILOGUE=1 -DINTERLEAVE_STRATEGY=3 -DMBAR_EARLY=1 -DN_STAGES=5 -DPRELOAD_MODE=0 -DSTAGGER_CYCLES=0 -DSUB_MMA_UNROLL=3 ... 2.849 ms / 1537 TFLOPS  (248 regs, 2.7s)
[26/36] -DBATCH_EPILOGUE=1 -DMBAR_EARLY=1 -DN_STAGES=5 -DPRELOAD_MODE=0 -DSTAGGER_CYCLES=0 -DSTORE_TIMING=1 -DSUB_MMA_UNROLL=3 ... 3.211 ms / 1364 TFLOPS  (247 regs, 2.8s)
[27/36] -DBATCH_EPILOGUE=1 -DINTERLEAVE_STRATEGY=3 -DMBAR_EARLY=1 -DN_STAGES=5 -DSTAGGER_CYCLES=0 -DSUB_MMA_UNROLL=3 ... 2.848 ms / 1538 TFLOPS  (248 regs, 2.8s)
[28/36] -DBATCH_EPILOGUE=1 -DMBAR_EARLY=1 -DN_STAGES=5 -DSTAGGER_CYCLES=0 -DSTORE_TIMING=1 -DSUB_MMA_UNROLL=3 ... 3.193 ms / 1372 TFLOPS  (247 regs, 2.7s)
[29/36] -DBATCH_EPILOGUE=1 -DINTERLEAVE_STRATEGY=3 -DMBAR_EARLY=1 -DN_STAGES=5 -DPRELOAD_MODE=2 -DSTAGGER_CYCLES=0 -DSUB_MMA_UNROLL=3 ... 2.647 ms / 1655 TFLOPS  (247 regs, 2.7s)
[30/36] -DBATCH_EPILOGUE=1 -DMBAR_EARLY=1 -DN_STAGES=5 -DPRELOAD_MODE=2 -DSTAGGER_CYCLES=0 -DSTORE_TIMING=1 -DSUB_MMA_UNROLL=3 ... 3.010 ms / 1455 TFLOPS  (248 regs, 2.7s)
[31/36] -DBATCH_EPILOGUE=1 -DINTERLEAVE_STRATEGY=3 -DMBAR_EARLY=1 -DN_STAGES=5 -DPHASE1_UNROLL=4 -DPRELOAD_MODE=0 -DSTAGGER_CYCLES=0 -DSUB_MMA_UNROLL=3 ... 2.710 ms / 1616 TFLOPS  (244 regs, 2.8s)
[32/36] -DBATCH_EPILOGUE=1 -DMBAR_EARLY=1 -DN_STAGES=5 -DPHASE1_UNROLL=4 -DPRELOAD_MODE=0 -DSTAGGER_CYCLES=0 -DSTORE_TIMING=1 -DSUB_MMA_UNROLL=3 ... 2.995 ms / 1462 TFLOPS  (247 regs, 2.8s)
[33/36] -DBATCH_EPILOGUE=1 -DINTERLEAVE_STRATEGY=3 -DMBAR_EARLY=1 -DN_STAGES=5 -DPHASE1_UNROLL=4 -DSTAGGER_CYCLES=0 -DSUB_MMA_UNROLL=3 ... 2.675 ms / 1638 TFLOPS  (244 regs, 2.8s)
[34/36] -DBATCH_EPILOGUE=1 -DMBAR_EARLY=1 -DN_STAGES=5 -DPHASE1_UNROLL=4 -DSTAGGER_CYCLES=0 -DSTORE_TIMING=1 -DSUB_MMA_UNROLL=3 ... 2.715 ms / 1613 TFLOPS  (247 regs, 2.8s)
[35/36] -DBATCH_EPILOGUE=1 -DINTERLEAVE_STRATEGY=3 -DMBAR_EARLY=1 -DN_STAGES=5 -DPHASE1_UNROLL=4 -DPRELOAD_MODE=2 -DSTAGGER_CYCLES=0 -DSUB_MMA_UNROLL=3 ... 2.612 ms / 1677 TFLOPS  (248 regs, 2.7s)
[36/36] -DBATCH_EPILOGUE=1 -DMBAR_EARLY=1 -DN_STAGES=5 -DPHASE1_UNROLL=4 -DPRELOAD_MODE=2 -DSTAGGER_CYCLES=0 -DSTORE_TIMING=1 -DSUB_MMA_UNROLL=3 ... 2.618 ms / 1673 TFLOPS  (247 regs, 2.8s)
  Branch 2/2: -DGELU_VARIANT=5 -DINTERLEAVE_STRATEGY=3 -DMBAR_EARLY=1 -DN_STAGES=5 -DSTAGGER_CYCLES=0 -DSUB_MMA_UNROLL=3
Sweep: 36 total, 18 valid, 18 pruned
Estimated time: ~2 min (18 configs × ~5s each)

[1/18] -DGELU_VARIANT=5 -DINTERLEAVE_STRATEGY=3 -DMBAR_EARLY=1 -DN_STAGES=5 -DPHASE1_UNROLL=1 -DPRELOAD_MODE=0 -DSTAGGER_CYCLES=0 -DSUB_MMA_UNROLL=3 ... 3.286 ms / 1333 TFLOPS  (238 regs, 2.7s)
[2/18] -DGELU_VARIANT=5 -DMBAR_EARLY=1 -DN_STAGES=5 -DPHASE1_UNROLL=1 -DPRELOAD_MODE=0 -DSTAGGER_CYCLES=0 -DSTORE_TIMING=1 -DSUB_MMA_UNROLL=3 ... 3.533 ms / 1240 TFLOPS  (236 regs, 2.7s)
[3/18] -DGELU_VARIANT=5 -DINTERLEAVE_STRATEGY=3 -DMBAR_EARLY=1 -DN_STAGES=5 -DPHASE1_UNROLL=1 -DSTAGGER_CYCLES=0 -DSUB_MMA_UNROLL=3 ... 3.213 ms / 1363 TFLOPS  (238 regs, 2.7s)
[4/18] -DGELU_VARIANT=5 -DMBAR_EARLY=1 -DN_STAGES=5 -DPHASE1_UNROLL=1 -DSTAGGER_CYCLES=0 -DSTORE_TIMING=1 -DSUB_MMA_UNROLL=3 ... 3.442 ms / 1272 TFLOPS  (236 regs, 2.7s)
[5/18] -DGELU_VARIANT=5 -DINTERLEAVE_STRATEGY=3 -DMBAR_EARLY=1 -DN_STAGES=5 -DPHASE1_UNROLL=1 -DPRELOAD_MODE=2 -DSTAGGER_CYCLES=0 -DSUB_MMA_UNROLL=3 ... 3.478 ms / 1259 TFLOPS  (238 regs, 2.7s)
[6/18] -DGELU_VARIANT=5 -DMBAR_EARLY=1 -DN_STAGES=5 -DPHASE1_UNROLL=1 -DPRELOAD_MODE=2 -DSTAGGER_CYCLES=0 -DSTORE_TIMING=1 -DSUB_MMA_UNROLL=3 ... 3.662 ms / 1196 TFLOPS  (236 regs, 2.7s)
[7/18] -DGELU_VARIANT=5 -DINTERLEAVE_STRATEGY=3 -DMBAR_EARLY=1 -DN_STAGES=5 -DPRELOAD_MODE=0 -DSTAGGER_CYCLES=0 -DSUB_MMA_UNROLL=3 ... 2.758 ms / 1588 TFLOPS  (240 regs, 2.7s)
[8/18] -DGELU_VARIANT=5 -DMBAR_EARLY=1 -DN_STAGES=5 -DPRELOAD_MODE=0 -DSTAGGER_CYCLES=0 -DSTORE_TIMING=1 -DSUB_MMA_UNROLL=3 ... 3.217 ms / 1361 TFLOPS  (240 regs, 2.8s)
[9/18] -DGELU_VARIANT=5 -DINTERLEAVE_STRATEGY=3 -DMBAR_EARLY=1 -DN_STAGES=5 -DSTAGGER_CYCLES=0 -DSUB_MMA_UNROLL=3 ... 2.768 ms / 1582 TFLOPS  (242 regs, 2.7s)
[10/18] -DGELU_VARIANT=5 -DMBAR_EARLY=1 -DN_STAGES=5 -DSTAGGER_CYCLES=0 -DSTORE_TIMING=1 -DSUB_MMA_UNROLL=3 ... 3.099 ms / 1414 TFLOPS  (240 regs, 2.7s)
[11/18] -DGELU_VARIANT=5 -DINTERLEAVE_STRATEGY=3 -DMBAR_EARLY=1 -DN_STAGES=5 -DPRELOAD_MODE=2 -DSTAGGER_CYCLES=0 -DSUB_MMA_UNROLL=3 ... 2.669 ms / 1641 TFLOPS  (247 regs, 2.7s)
[12/18] -DGELU_VARIANT=5 -DMBAR_EARLY=1 -DN_STAGES=5 -DPRELOAD_MODE=2 -DSTAGGER_CYCLES=0 -DSTORE_TIMING=1 -DSUB_MMA_UNROLL=3 ... 2.935 ms / 1492 TFLOPS  (249 regs, 2.8s)
[13/18] -DGELU_VARIANT=5 -DINTERLEAVE_STRATEGY=3 -DMBAR_EARLY=1 -DN_STAGES=5 -DPHASE1_UNROLL=4 -DPRELOAD_MODE=0 -DSTAGGER_CYCLES=0 -DSUB_MMA_UNROLL=3 ... 2.651 ms / 1652 TFLOPS  (244 regs, 2.8s)
[14/18] -DGELU_VARIANT=5 -DMBAR_EARLY=1 -DN_STAGES=5 -DPHASE1_UNROLL=4 -DPRELOAD_MODE=0 -DSTAGGER_CYCLES=0 -DSTORE_TIMING=1 -DSUB_MMA_UNROLL=3 ... 2.345 ms / 1868 TFLOPS  (244 regs, 2.8s)
[15/18] -DGELU_VARIANT=5 -DINTERLEAVE_STRATEGY=3 -DMBAR_EARLY=1 -DN_STAGES=5 -DPHASE1_UNROLL=4 -DSTAGGER_CYCLES=0 -DSUB_MMA_UNROLL=3 ... 2.644 ms / 1657 TFLOPS  (244 regs, 2.7s)
[16/18] -DGELU_VARIANT=5 -DMBAR_EARLY=1 -DN_STAGES=5 -DPHASE1_UNROLL=4 -DSTAGGER_CYCLES=0 -DSTORE_TIMING=1 -DSUB_MMA_UNROLL=3 ... 2.309 ms / 1897 TFLOPS  (244 regs, 2.8s)
[17/18] -DGELU_VARIANT=5 -DINTERLEAVE_STRATEGY=3 -DMBAR_EARLY=1 -DN_STAGES=5 -DPHASE1_UNROLL=4 -DPRELOAD_MODE=2 -DSTAGGER_CYCLES=0 -DSUB_MMA_UNROLL=3 ... 2.592 ms / 1690 TFLOPS  (249 regs, 2.8s)
[18/18] -DGELU_VARIANT=5 -DMBAR_EARLY=1 -DN_STAGES=5 -DPHASE1_UNROLL=4 -DPRELOAD_MODE=2 -DSTAGGER_CYCLES=0 -DSTORE_TIMING=1 -DSUB_MMA_UNROLL=3 ... 2.521 ms / 1737 TFLOPS  (246 regs, 2.8s)
  η²: PHASE1_UNROLL=0.794, STORE_TIMING=0.051, PRELOAD_MODE=0.009, BATCH_EPILOGUE=0.013
  top-lock: PHASE1_UNROLL=4(top10,33%), STORE_TIMING=1(top5,50%), BATCH_EPILOGUE=0(top5,67%)

Tier 2 winner (top-3): -DGELU_VARIANT=5 -DMBAR_EARLY=1 -DN_STAGES=5 -DPHASE1_UNROLL=4 -DSTAGGER_CYCLES=0 -DSTORE_TIMING=1 -DSUB_MMA_UNROLL=3 → 2.309 ms / 1897 TFLOPS
  #2: -DGELU_VARIANT=5 -DMBAR_EARLY=1 -DN_STAGES=5 -DPHASE1_UNROLL=4 -DPRELOAD_MODE=0 -DSTAGGER_CYCLES=0 -DSTORE_TIMING=1 -DSUB_MMA_UNROLL=3 → 2.345 ms / 1868 TFLOPS
  #3: -DGELU_VARIANT=5 -DMBAR_EARLY=1 -DN_STAGES=5 -DPHASE1_UNROLL=4 -DPRELOAD_MODE=2 -DSTAGGER_CYCLES=0 -DSTORE_TIMING=1 -DSUB_MMA_UNROLL=3 → 2.521 ms / 1737 TFLOPS

=== Tier 3: EPILOGUE_LOOP, STS_WIDTH, EPI_SYNC, GELU_VECTOR_WIDTH ===
  Branch 1/3: -DGELU_VARIANT=5 -DMBAR_EARLY=1 -DN_STAGES=5 -DPHASE1_UNROLL=4 -DSTAGGER_CYCLES=0 -DSTORE_TIMING=1 -DSUB_MMA_UNROLL=3
Sweep: 24 total, 4 valid, 20 pruned
Estimated time: ~0 min (4 configs × ~5s each)

[1/4] -DGELU_VARIANT=5 -DMBAR_EARLY=1 -DN_STAGES=5 -DPHASE1_UNROLL=4 -DSTAGGER_CYCLES=0 -DSTORE_TIMING=1 -DSUB_MMA_UNROLL=3 ... 2.360 ms / 1856 TFLOPS  (244 regs, 2.8s)
[2/4] -DEPI_SYNC=1 -DGELU_VARIANT=5 -DMBAR_EARLY=1 -DN_STAGES=5 -DPHASE1_UNROLL=4 -DSTAGGER_CYCLES=0 -DSTORE_TIMING=1 -DSUB_MMA_UNROLL=3 ... 2.728 ms / 1606 TFLOPS  (244 regs, 2.8s)
[3/4] -DEPILOGUE_LOOP=1 -DGELU_VARIANT=5 -DMBAR_EARLY=1 -DN_STAGES=5 -DSTAGGER_CYCLES=0 -DSTORE_TIMING=1 -DSUB_MMA_UNROLL=3 ... 3.457 ms / 1267 TFLOPS  (236 regs, 2.7s)
[4/4] -DEPILOGUE_LOOP=1 -DEPI_SYNC=1 -DGELU_VARIANT=5 -DMBAR_EARLY=1 -DN_STAGES=5 -DSTAGGER_CYCLES=0 -DSTORE_TIMING=1 -DSUB_MMA_UNROLL=3 ... 3.440 ms / 1273 TFLOPS  (236 regs, 2.8s)
  Branch 2/3: -DGELU_VARIANT=5 -DMBAR_EARLY=1 -DN_STAGES=5 -DPHASE1_UNROLL=4 -DPRELOAD_MODE=0 -DSTAGGER_CYCLES=0 -DSTORE_TIMING=1 -DSUB_MMA_UNROLL=3
Sweep: 24 total, 4 valid, 20 pruned
Estimated time: ~0 min (4 configs × ~5s each)

[1/4] -DGELU_VARIANT=5 -DMBAR_EARLY=1 -DN_STAGES=5 -DPHASE1_UNROLL=4 -DPRELOAD_MODE=0 -DSTAGGER_CYCLES=0 -DSTORE_TIMING=1 -DSUB_MMA_UNROLL=3 ... 2.387 ms / 1835 TFLOPS  (244 regs, 2.8s)
[2/4] -DEPI_SYNC=1 -DGELU_VARIANT=5 -DMBAR_EARLY=1 -DN_STAGES=5 -DPHASE1_UNROLL=4 -DPRELOAD_MODE=0 -DSTAGGER_CYCLES=0 -DSTORE_TIMING=1 -DSUB_MMA_UNROLL=3 ... 2.688 ms / 1629 TFLOPS  (244 regs, 2.8s)
[3/4] -DEPILOGUE_LOOP=1 -DGELU_VARIANT=5 -DMBAR_EARLY=1 -DN_STAGES=5 -DPRELOAD_MODE=0 -DSTAGGER_CYCLES=0 -DSTORE_TIMING=1 -DSUB_MMA_UNROLL=3 ... 3.526 ms / 1242 TFLOPS  (236 regs, 2.8s)
[4/4] -DEPILOGUE_LOOP=1 -DEPI_SYNC=1 -DGELU_VARIANT=5 -DMBAR_EARLY=1 -DN_STAGES=5 -DPRELOAD_MODE=0 -DSTAGGER_CYCLES=0 -DSTORE_TIMING=1 -DSUB_MMA_UNROLL=3 ... 3.475 ms / 1260 TFLOPS  (236 regs, 2.7s)
  Branch 3/3: -DGELU_VARIANT=5 -DMBAR_EARLY=1 -DN_STAGES=5 -DPHASE1_UNROLL=4 -DPRELOAD_MODE=2 -DSTAGGER_CYCLES=0 -DSTORE_TIMING=1 -DSUB_MMA_UNROLL=3
Sweep: 24 total, 2 valid, 22 pruned
Estimated time: ~0 min (2 configs × ~5s each)

[1/2] -DGELU_VARIANT=5 -DMBAR_EARLY=1 -DN_STAGES=5 -DPHASE1_UNROLL=4 -DPRELOAD_MODE=2 -DSTAGGER_CYCLES=0 -DSTORE_TIMING=1 -DSUB_MMA_UNROLL=3 ... 2.589 ms / 1692 TFLOPS  (246 regs, 2.8s)
[2/2] -DEPI_SYNC=1 -DGELU_VARIANT=5 -DMBAR_EARLY=1 -DN_STAGES=5 -DPHASE1_UNROLL=4 -DPRELOAD_MODE=2 -DSTAGGER_CYCLES=0 -DSTORE_TIMING=1 -DSUB_MMA_UNROLL=3 ... 2.791 ms / 1570 TFLOPS  (246 regs, 2.8s)
  η²: EPILOGUE_LOOP=0.918, EPI_SYNC=0.032
  top-lock: EPILOGUE_LOOP=0(top5,60%)

  Gap: 13.90% → k_eff=2 (from 3)

Tier 3 winner (top-3): -DGELU_VARIANT=5 -DMBAR_EARLY=1 -DN_STAGES=5 -DPHASE1_UNROLL=4 -DSTAGGER_CYCLES=0 -DSTORE_TIMING=1 -DSUB_MMA_UNROLL=3 → 2.360 ms / 1856 TFLOPS
  #2: -DEPI_SYNC=1 -DGELU_VARIANT=5 -DMBAR_EARLY=1 -DN_STAGES=5 -DPHASE1_UNROLL=4 -DPRELOAD_MODE=0 -DSTAGGER_CYCLES=0 -DSTORE_TIMING=1 -DSUB_MMA_UNROLL=3 → 2.688 ms / 1629 TFLOPS
  #3: -DEPILOGUE_LOOP=1 -DEPI_SYNC=1 -DGELU_VARIANT=5 -DMBAR_EARLY=1 -DN_STAGES=5 -DSTAGGER_CYCLES=0 -DSTORE_TIMING=1 -DSUB_MMA_UNROLL=3 → 3.440 ms / 1273 TFLOPS

=== Interaction: epilogue (BATCH_EPILOGUE, INTERLEAVE_STRATEGY, PRELOAD_MODE) ===
  Branch 1/2: -DGELU_VARIANT=5 -DMBAR_EARLY=1 -DN_STAGES=5 -DPHASE1_UNROLL=4 -DSTAGGER_CYCLES=0 -DSTORE_TIMING=1 -DSUB_MMA_UNROLL=3
Sweep: 24 total, 3 valid, 15 pruned, 6 deduped
Estimated time: ~0 min (3 configs × ~5s each)

[1/3] -DGELU_VARIANT=5 -DMBAR_EARLY=1 -DN_STAGES=5 -DPHASE1_UNROLL=4 -DPRELOAD_MODE=0 -DSTAGGER_CYCLES=0 -DSTORE_TIMING=1 -DSUB_MMA_UNROLL=3 ... 2.377 ms / 1843 TFLOPS  (244 regs, 2.8s)
[2/3] -DGELU_VARIANT=5 -DMBAR_EARLY=1 -DN_STAGES=5 -DPHASE1_UNROLL=4 -DSTAGGER_CYCLES=0 -DSTORE_TIMING=1 -DSUB_MMA_UNROLL=3 ... 2.310 ms / 1896 TFLOPS  (244 regs, 2.8s)
[3/3] -DGELU_VARIANT=5 -DMBAR_EARLY=1 -DN_STAGES=5 -DPHASE1_UNROLL=4 -DPRELOAD_MODE=2 -DSTAGGER_CYCLES=0 -DSTORE_TIMING=1 -DSUB_MMA_UNROLL=3 ... 2.631 ms / 1665 TFLOPS  (246 regs, 2.8s)
  Branch 2/2: -DEPI_SYNC=1 -DGELU_VARIANT=5 -DMBAR_EARLY=1 -DN_STAGES=5 -DPHASE1_UNROLL=4 -DPRELOAD_MODE=0 -DSTAGGER_CYCLES=0 -DSTORE_TIMING=1 -DSUB_MMA_UNROLL=3
Sweep: 24 total, 3 valid, 15 pruned, 6 deduped
Estimated time: ~0 min (3 configs × ~5s each)

[1/3] -DEPI_SYNC=1 -DGELU_VARIANT=5 -DMBAR_EARLY=1 -DN_STAGES=5 -DPHASE1_UNROLL=4 -DPRELOAD_MODE=0 -DSTAGGER_CYCLES=0 -DSTORE_TIMING=1 -DSUB_MMA_UNROLL=3 ... 2.695 ms / 1625 TFLOPS  (244 regs, 2.8s)
[2/3] -DEPI_SYNC=1 -DGELU_VARIANT=5 -DMBAR_EARLY=1 -DN_STAGES=5 -DPHASE1_UNROLL=4 -DSTAGGER_CYCLES=0 -DSTORE_TIMING=1 -DSUB_MMA_UNROLL=3 ... 2.720 ms / 1611 TFLOPS  (244 regs, 2.7s)
[3/3] -DEPI_SYNC=1 -DGELU_VARIANT=5 -DMBAR_EARLY=1 -DN_STAGES=5 -DPHASE1_UNROLL=4 -DPRELOAD_MODE=2 -DSTAGGER_CYCLES=0 -DSTORE_TIMING=1 -DSUB_MMA_UNROLL=3 ... 2.756 ms / 1589 TFLOPS  (246 regs, 2.8s)
  η²: PRELOAD_MODE=0.211
  Best: -DGELU_VARIANT=5 -DMBAR_EARLY=1 -DN_STAGES=5 -DPHASE1_UNROLL=4 -DSTAGGER_CYCLES=0 -DSTORE_TIMING=1 -DSUB_MMA_UNROLL=3 → 2.310 ms / 1896 TFLOPS

=== Interaction: gelu (BATCH_EPILOGUE, GELU_VARIANT) ===
  Branch 1/2: -DGELU_VARIANT=5 -DMBAR_EARLY=1 -DN_STAGES=5 -DPHASE1_UNROLL=4 -DSTAGGER_CYCLES=0 -DSTORE_TIMING=1 -DSUB_MMA_UNROLL=3
Sweep: 6 total, 4 valid, 2 pruned
Estimated time: ~0 min (4 configs × ~5s each)

[1/4] -DMBAR_EARLY=1 -DN_STAGES=5 -DPHASE1_UNROLL=4 -DSTAGGER_CYCLES=0 -DSTORE_TIMING=1 -DSUB_MMA_UNROLL=3 ... 2.321 ms / 1887 TFLOPS  (244 regs, 2.8s)
[2/4] -DGELU_VARIANT=4 -DMBAR_EARLY=1 -DN_STAGES=5 -DPHASE1_UNROLL=4 -DSTAGGER_CYCLES=0 -DSTORE_TIMING=1 -DSUB_MMA_UNROLL=3 ... 2.332 ms / 1878 TFLOPS  (244 regs, 2.8s)
[3/4] -DGELU_VARIANT=5 -DMBAR_EARLY=1 -DN_STAGES=5 -DPHASE1_UNROLL=4 -DSTAGGER_CYCLES=0 -DSTORE_TIMING=1 -DSUB_MMA_UNROLL=3 ... 2.314 ms / 1893 TFLOPS  (244 regs, 2.8s)
[4/4] -DBATCH_EPILOGUE=1 -DMBAR_EARLY=1 -DN_STAGES=5 -DPHASE1_UNROLL=4 -DSTAGGER_CYCLES=0 -DSTORE_TIMING=1 -DSUB_MMA_UNROLL=3 ... 2.783 ms / 1574 TFLOPS  (247 regs, 2.8s)
  Branch 2/2: -DEPI_SYNC=1 -DGELU_VARIANT=5 -DMBAR_EARLY=1 -DN_STAGES=5 -DPHASE1_UNROLL=4 -DPRELOAD_MODE=0 -DSTAGGER_CYCLES=0 -DSTORE_TIMING=1 -DSUB_MMA_UNROLL=3
Sweep: 6 total, 4 valid, 2 pruned
Estimated time: ~0 min (4 configs × ~5s each)

[1/4] -DEPI_SYNC=1 -DMBAR_EARLY=1 -DN_STAGES=5 -DPHASE1_UNROLL=4 -DPRELOAD_MODE=0 -DSTAGGER_CYCLES=0 -DSTORE_TIMING=1 -DSUB_MMA_UNROLL=3 ... 2.866 ms / 1528 TFLOPS  (244 regs, 2.8s)
[2/4] -DEPI_SYNC=1 -DGELU_VARIANT=4 -DMBAR_EARLY=1 -DN_STAGES=5 -DPHASE1_UNROLL=4 -DPRELOAD_MODE=0 -DSTAGGER_CYCLES=0 -DSTORE_TIMING=1 -DSUB_MMA_UNROLL=3 ... 2.762 ms / 1586 TFLOPS  (244 regs, 2.8s)
[3/4] -DEPI_SYNC=1 -DGELU_VARIANT=5 -DMBAR_EARLY=1 -DN_STAGES=5 -DPHASE1_UNROLL=4 -DPRELOAD_MODE=0 -DSTAGGER_CYCLES=0 -DSTORE_TIMING=1 -DSUB_MMA_UNROLL=3 ... 2.639 ms / 1660 TFLOPS  (244 regs, 2.8s)
[4/4] -DBATCH_EPILOGUE=1 -DEPI_SYNC=1 -DMBAR_EARLY=1 -DN_STAGES=5 -DPHASE1_UNROLL=4 -DPRELOAD_MODE=0 -DSTAGGER_CYCLES=0 -DSTORE_TIMING=1 -DSUB_MMA_UNROLL=3 ... 2.916 ms / 1502 TFLOPS  (247 regs, 2.8s)
  η²: BATCH_EPILOGUE=0.314, GELU_VARIANT=0.202
  Best: -DGELU_VARIANT=5 -DMBAR_EARLY=1 -DN_STAGES=5 -DPHASE1_UNROLL=4 -DSTAGGER_CYCLES=0 -DSTORE_TIMING=1 -DSUB_MMA_UNROLL=3 → 2.314 ms / 1893 TFLOPS

=== Interaction: reg_pressure — skipped (noise params: TMEM_LOAD_WIDTH, BIAS_SMEM) ===

=== Interaction: unroll_batch (PHASE1_UNROLL, BATCH_EPILOGUE) ===
  Branch 1/2: -DGELU_VARIANT=5 -DMBAR_EARLY=1 -DN_STAGES=5 -DPHASE1_UNROLL=4 -DSTAGGER_CYCLES=0 -DSTORE_TIMING=1 -DSUB_MMA_UNROLL=3
Sweep: 6 total, 3 valid, 3 pruned
Estimated time: ~0 min (3 configs × ~5s each)

[1/3] -DGELU_VARIANT=5 -DMBAR_EARLY=1 -DN_STAGES=5 -DPHASE1_UNROLL=1 -DSTAGGER_CYCLES=0 -DSTORE_TIMING=1 -DSUB_MMA_UNROLL=3 ... 3.450 ms / 1270 TFLOPS  (236 regs, 2.7s)
[2/3] -DGELU_VARIANT=5 -DMBAR_EARLY=1 -DN_STAGES=5 -DSTAGGER_CYCLES=0 -DSTORE_TIMING=1 -DSUB_MMA_UNROLL=3 ... 3.109 ms / 1409 TFLOPS  (240 regs, 2.8s)
[3/3] -DGELU_VARIANT=5 -DMBAR_EARLY=1 -DN_STAGES=5 -DPHASE1_UNROLL=4 -DSTAGGER_CYCLES=0 -DSTORE_TIMING=1 -DSUB_MMA_UNROLL=3 ... 2.319 ms / 1889 TFLOPS  (244 regs, 2.8s)
  Branch 2/2: -DEPI_SYNC=1 -DGELU_VARIANT=5 -DMBAR_EARLY=1 -DN_STAGES=5 -DPHASE1_UNROLL=4 -DPRELOAD_MODE=0 -DSTAGGER_CYCLES=0 -DSTORE_TIMING=1 -DSUB_MMA_UNROLL=3
Sweep: 6 total, 3 valid, 3 pruned
Estimated time: ~0 min (3 configs × ~5s each)

[1/3] -DEPI_SYNC=1 -DGELU_VARIANT=5 -DMBAR_EARLY=1 -DN_STAGES=5 -DPHASE1_UNROLL=1 -DPRELOAD_MODE=0 -DSTAGGER_CYCLES=0 -DSTORE_TIMING=1 -DSUB_MMA_UNROLL=3 ... 3.544 ms / 1236 TFLOPS  (236 regs, 2.7s)
[2/3] -DEPI_SYNC=1 -DGELU_VARIANT=5 -DMBAR_EARLY=1 -DN_STAGES=5 -DPRELOAD_MODE=0 -DSTAGGER_CYCLES=0 -DSTORE_TIMING=1 -DSUB_MMA_UNROLL=3 ... 3.129 ms / 1400 TFLOPS  (240 regs, 2.7s)
[3/3] -DEPI_SYNC=1 -DGELU_VARIANT=5 -DMBAR_EARLY=1 -DN_STAGES=5 -DPHASE1_UNROLL=4 -DPRELOAD_MODE=0 -DSTAGGER_CYCLES=0 -DSTORE_TIMING=1 -DSUB_MMA_UNROLL=3 ... 2.681 ms / 1634 TFLOPS  (244 regs, 2.7s)
  η²: PHASE1_UNROLL=0.935
  Best: -DGELU_VARIANT=5 -DMBAR_EARLY=1 -DN_STAGES=5 -DPHASE1_UNROLL=4 -DSTAGGER_CYCLES=0 -DSTORE_TIMING=1 -DSUB_MMA_UNROLL=3 → 2.319 ms / 1889 TFLOPS

=== Interaction: gelu_interleave (GELU_VARIANT, INTERLEAVE_STRATEGY) ===
  Branch 1/2: -DGELU_VARIANT=5 -DMBAR_EARLY=1 -DN_STAGES=5 -DPHASE1_UNROLL=4 -DSTAGGER_CYCLES=0 -DSTORE_TIMING=1 -DSUB_MMA_UNROLL=3
Sweep: 12 total, 3 valid, 3 pruned, 6 deduped
Estimated time: ~0 min (3 configs × ~5s each)

[1/3] -DMBAR_EARLY=1 -DN_STAGES=5 -DPHASE1_UNROLL=4 -DSTAGGER_CYCLES=0 -DSTORE_TIMING=1 -DSUB_MMA_UNROLL=3 ... 2.365 ms / 1852 TFLOPS  (244 regs, 2.8s)
[2/3] -DGELU_VARIANT=4 -DMBAR_EARLY=1 -DN_STAGES=5 -DPHASE1_UNROLL=4 -DSTAGGER_CYCLES=0 -DSTORE_TIMING=1 -DSUB_MMA_UNROLL=3 ... 2.333 ms / 1878 TFLOPS  (244 regs, 2.8s)
[3/3] -DGELU_VARIANT=5 -DMBAR_EARLY=1 -DN_STAGES=5 -DPHASE1_UNROLL=4 -DSTAGGER_CYCLES=0 -DSTORE_TIMING=1 -DSUB_MMA_UNROLL=3 ... 2.314 ms / 1893 TFLOPS  (244 regs, 2.8s)
  Branch 2/2: -DEPI_SYNC=1 -DGELU_VARIANT=5 -DMBAR_EARLY=1 -DN_STAGES=5 -DPHASE1_UNROLL=4 -DPRELOAD_MODE=0 -DSTAGGER_CYCLES=0 -DSTORE_TIMING=1 -DSUB_MMA_UNROLL=3
Sweep: 12 total, 3 valid, 3 pruned, 6 deduped
Estimated time: ~0 min (3 configs × ~5s each)

[1/3] -DEPI_SYNC=1 -DMBAR_EARLY=1 -DN_STAGES=5 -DPHASE1_UNROLL=4 -DPRELOAD_MODE=0 -DSTAGGER_CYCLES=0 -DSTORE_TIMING=1 -DSUB_MMA_UNROLL=3 ... 2.849 ms / 1537 TFLOPS  (244 regs, 2.8s)
[2/3] -DEPI_SYNC=1 -DGELU_VARIANT=4 -DMBAR_EARLY=1 -DN_STAGES=5 -DPHASE1_UNROLL=4 -DPRELOAD_MODE=0 -DSTAGGER_CYCLES=0 -DSTORE_TIMING=1 -DSUB_MMA_UNROLL=3 ... 2.769 ms / 1582 TFLOPS  (244 regs, 2.8s)
[3/3] -DEPI_SYNC=1 -DGELU_VARIANT=5 -DMBAR_EARLY=1 -DN_STAGES=5 -DPHASE1_UNROLL=4 -DPRELOAD_MODE=0 -DSTAGGER_CYCLES=0 -DSTORE_TIMING=1 -DSUB_MMA_UNROLL=3 ... 2.669 ms / 1641 TFLOPS  (244 regs, 2.8s)
  η²: GELU_VARIANT=0.046
  Best: -DGELU_VARIANT=5 -DMBAR_EARLY=1 -DN_STAGES=5 -DPHASE1_UNROLL=4 -DSTAGGER_CYCLES=0 -DSTORE_TIMING=1 -DSUB_MMA_UNROLL=3 → 2.314 ms / 1893 TFLOPS

=== Interaction: gelu_width (GELU_VECTOR_WIDTH, GELU_VARIANT, BATCH_EPILOGUE) ===
  Branch 1/2: -DGELU_VARIANT=5 -DMBAR_EARLY=1 -DN_STAGES=5 -DPHASE1_UNROLL=4 -DSTAGGER_CYCLES=0 -DSTORE_TIMING=1 -DSUB_MMA_UNROLL=3
Sweep: 18 total, 6 valid, 12 pruned
Estimated time: ~0 min (6 configs × ~5s each)

[1/6] -DMBAR_EARLY=1 -DN_STAGES=5 -DPHASE1_UNROLL=4 -DSTAGGER_CYCLES=0 -DSTORE_TIMING=1 -DSUB_MMA_UNROLL=3 ... 2.396 ms / 1828 TFLOPS  (244 regs, 2.8s)
[2/6] -DGELU_VARIANT=4 -DMBAR_EARLY=1 -DN_STAGES=5 -DPHASE1_UNROLL=4 -DSTAGGER_CYCLES=0 -DSTORE_TIMING=1 -DSUB_MMA_UNROLL=3 ... 2.304 ms / 1901 TFLOPS  (244 regs, 2.8s)
[3/6] -DGELU_VARIANT=5 -DMBAR_EARLY=1 -DN_STAGES=5 -DPHASE1_UNROLL=4 -DSTAGGER_CYCLES=0 -DSTORE_TIMING=1 -DSUB_MMA_UNROLL=3 ... 2.314 ms / 1893 TFLOPS  (244 regs, 2.8s)
[4/6] -DBATCH_EPILOGUE=1 -DGELU_VECTOR_WIDTH=8 -DMBAR_EARLY=1 -DN_STAGES=5 -DPHASE1_UNROLL=4 -DSTAGGER_CYCLES=0 -DSTORE_TIMING=1 -DSUB_MMA_UNROLL=3 ... 2.679 ms / 1635 TFLOPS  (247 regs, 2.8s)
[5/6] -DBATCH_EPILOGUE=1 -DGELU_VECTOR_WIDTH=16 -DMBAR_EARLY=1 -DN_STAGES=5 -DPHASE1_UNROLL=4 -DSTAGGER_CYCLES=0 -DSTORE_TIMING=1 -DSUB_MMA_UNROLL=3 ... 2.835 ms / 1545 TFLOPS  (247 regs, 2.7s)
[6/6] -DBATCH_EPILOGUE=1 -DMBAR_EARLY=1 -DN_STAGES=5 -DPHASE1_UNROLL=4 -DSTAGGER_CYCLES=0 -DSTORE_TIMING=1 -DSUB_MMA_UNROLL=3 ... 2.799 ms / 1565 TFLOPS  (247 regs, 2.8s)
  Branch 2/2: -DEPI_SYNC=1 -DGELU_VARIANT=5 -DMBAR_EARLY=1 -DN_STAGES=5 -DPHASE1_UNROLL=4 -DPRELOAD_MODE=0 -DSTAGGER_CYCLES=0 -DSTORE_TIMING=1 -DSUB_MMA_UNROLL=3
Sweep: 18 total, 6 valid, 12 pruned
Estimated time: ~0 min (6 configs × ~5s each)

[1/6] -DEPI_SYNC=1 -DMBAR_EARLY=1 -DN_STAGES=5 -DPHASE1_UNROLL=4 -DPRELOAD_MODE=0 -DSTAGGER_CYCLES=0 -DSTORE_TIMING=1 -DSUB_MMA_UNROLL=3 ... 2.869 ms / 1527 TFLOPS  (244 regs, 2.8s)
[2/6] -DEPI_SYNC=1 -DGELU_VARIANT=4 -DMBAR_EARLY=1 -DN_STAGES=5 -DPHASE1_UNROLL=4 -DPRELOAD_MODE=0 -DSTAGGER_CYCLES=0 -DSTORE_TIMING=1 -DSUB_MMA_UNROLL=3 ... 2.805 ms / 1562 TFLOPS  (244 regs, 2.8s)
[3/6] -DEPI_SYNC=1 -DGELU_VARIANT=5 -DMBAR_EARLY=1 -DN_STAGES=5 -DPHASE1_UNROLL=4 -DPRELOAD_MODE=0 -DSTAGGER_CYCLES=0 -DSTORE_TIMING=1 -DSUB_MMA_UNROLL=3 ... 2.698 ms / 1623 TFLOPS  (244 regs, 2.7s)
[4/6] -DBATCH_EPILOGUE=1 -DEPI_SYNC=1 -DGELU_VECTOR_WIDTH=8 -DMBAR_EARLY=1 -DN_STAGES=5 -DPHASE1_UNROLL=4 -DPRELOAD_MODE=0 -DSTAGGER_CYCLES=0 -DSTORE_TIMING=1 -DSUB_MMA_UNROLL=3 ... 2.891 ms / 1515 TFLOPS  (247 regs, 2.8s)
[5/6] -DBATCH_EPILOGUE=1 -DEPI_SYNC=1 -DGELU_VECTOR_WIDTH=16 -DMBAR_EARLY=1 -DN_STAGES=5 -DPHASE1_UNROLL=4 -DPRELOAD_MODE=0 -DSTAGGER_CYCLES=0 -DSTORE_TIMING=1 -DSUB_MMA_UNROLL=3 ... 2.913 ms / 1504 TFLOPS  (247 regs, 2.8s)
[6/6] -DBATCH_EPILOGUE=1 -DEPI_SYNC=1 -DMBAR_EARLY=1 -DN_STAGES=5 -DPHASE1_UNROLL=4 -DPRELOAD_MODE=0 -DSTAGGER_CYCLES=0 -DSTORE_TIMING=1 -DSUB_MMA_UNROLL=3 ... 2.944 ms / 1488 TFLOPS  (247 regs, 2.8s)
  η²: GELU_VECTOR_WIDTH=0.169, GELU_VARIANT=0.302, BATCH_EPILOGUE=0.385
  Best: -DGELU_VARIANT=4 -DMBAR_EARLY=1 -DN_STAGES=5 -DPHASE1_UNROLL=4 -DSTAGGER_CYCLES=0 -DSTORE_TIMING=1 -DSUB_MMA_UNROLL=3 → 2.304 ms / 1901 TFLOPS
  ** New overall best from interaction 'gelu_width' **

=== Interaction: store_batch (STORE_TIMING, BATCH_EPILOGUE) ===
  Branch 1/2: -DGELU_VARIANT=4 -DMBAR_EARLY=1 -DN_STAGES=5 -DPHASE1_UNROLL=4 -DSTAGGER_CYCLES=0 -DSTORE_TIMING=1 -DSUB_MMA_UNROLL=3
Sweep: 4 total, 2 valid, 2 pruned
Estimated time: ~0 min (2 configs × ~5s each)

[1/2] -DGELU_VARIANT=4 -DINTERLEAVE_STRATEGY=3 -DMBAR_EARLY=1 -DN_STAGES=5 -DPHASE1_UNROLL=4 -DSTAGGER_CYCLES=0 -DSUB_MMA_UNROLL=3 ... 2.724 ms / 1608 TFLOPS  (244 regs, 2.8s)
[2/2] -DGELU_VARIANT=4 -DMBAR_EARLY=1 -DN_STAGES=5 -DPHASE1_UNROLL=4 -DSTAGGER_CYCLES=0 -DSTORE_TIMING=1 -DSUB_MMA_UNROLL=3 ... 2.337 ms / 1874 TFLOPS  (244 regs, 2.8s)
  Branch 2/2: -DEPI_SYNC=1 -DGELU_VARIANT=5 -DMBAR_EARLY=1 -DN_STAGES=5 -DPHASE1_UNROLL=4 -DPRELOAD_MODE=0 -DSTAGGER_CYCLES=0 -DSTORE_TIMING=1 -DSUB_MMA_UNROLL=3
Sweep: 4 total, 2 valid, 2 pruned
Estimated time: ~0 min (2 configs × ~5s each)

[1/2] -DEPI_SYNC=1 -DGELU_VARIANT=5 -DINTERLEAVE_STRATEGY=3 -DMBAR_EARLY=1 -DN_STAGES=5 -DPHASE1_UNROLL=4 -DPRELOAD_MODE=0 -DSTAGGER_CYCLES=0 -DSUB_MMA_UNROLL=3 ... 2.688 ms / 1630 TFLOPS  (244 regs, 2.8s)
[2/2] -DEPI_SYNC=1 -DGELU_VARIANT=5 -DMBAR_EARLY=1 -DN_STAGES=5 -DPHASE1_UNROLL=4 -DPRELOAD_MODE=0 -DSTAGGER_CYCLES=0 -DSTORE_TIMING=1 -DSUB_MMA_UNROLL=3 ... 2.708 ms / 1617 TFLOPS  (244 regs, 2.9s)
  η²: STORE_TIMING=0.326
  Best: -DGELU_VARIANT=4 -DMBAR_EARLY=1 -DN_STAGES=5 -DPHASE1_UNROLL=4 -DSTAGGER_CYCLES=0 -DSTORE_TIMING=1 -DSUB_MMA_UNROLL=3 → 2.337 ms / 1874 TFLOPS

=== Interaction: prefetch_store — skipped (noise params: PREFETCH_BEFORE_STORE) ===

=== Interaction: loop_store (EPILOGUE_LOOP, STORE_TIMING) ===
  Branch 1/2: -DGELU_VARIANT=4 -DMBAR_EARLY=1 -DN_STAGES=5 -DPHASE1_UNROLL=4 -DSTAGGER_CYCLES=0 -DSTORE_TIMING=1 -DSUB_MMA_UNROLL=3
Sweep: 4 total, 3 valid, 1 pruned
Estimated time: ~0 min (3 configs × ~5s each)

[1/3] -DGELU_VARIANT=4 -DINTERLEAVE_STRATEGY=3 -DMBAR_EARLY=1 -DN_STAGES=5 -DPHASE1_UNROLL=4 -DSTAGGER_CYCLES=0 -DSUB_MMA_UNROLL=3 ... 2.692 ms / 1627 TFLOPS  (244 regs, 2.8s)
[2/3] -DGELU_VARIANT=4 -DMBAR_EARLY=1 -DN_STAGES=5 -DPHASE1_UNROLL=4 -DSTAGGER_CYCLES=0 -DSTORE_TIMING=1 -DSUB_MMA_UNROLL=3 ... 2.303 ms / 1902 TFLOPS  (244 regs, 2.8s)
[3/3] -DEPILOGUE_LOOP=1 -DGELU_VARIANT=4 -DMBAR_EARLY=1 -DN_STAGES=5 -DSTAGGER_CYCLES=0 -DSTORE_TIMING=1 -DSUB_MMA_UNROLL=3 ... 3.464 ms / 1265 TFLOPS  (236 regs, 2.7s)
  Branch 2/2: -DEPI_SYNC=1 -DGELU_VARIANT=5 -DMBAR_EARLY=1 -DN_STAGES=5 -DPHASE1_UNROLL=4 -DPRELOAD_MODE=0 -DSTAGGER_CYCLES=0 -DSTORE_TIMING=1 -DSUB_MMA_UNROLL=3
Sweep: 4 total, 3 valid, 1 pruned
Estimated time: ~0 min (3 configs × ~5s each)

[1/3] -DEPI_SYNC=1 -DGELU_VARIANT=5 -DINTERLEAVE_STRATEGY=3 -DMBAR_EARLY=1 -DN_STAGES=5 -DPHASE1_UNROLL=4 -DPRELOAD_MODE=0 -DSTAGGER_CYCLES=0 -DSUB_MMA_UNROLL=3 ... 2.770 ms / 1581 TFLOPS  (244 regs, 2.8s)
[2/3] -DEPI_SYNC=1 -DGELU_VARIANT=5 -DMBAR_EARLY=1 -DN_STAGES=5 -DPHASE1_UNROLL=4 -DPRELOAD_MODE=0 -DSTAGGER_CYCLES=0 -DSTORE_TIMING=1 -DSUB_MMA_UNROLL=3 ... 2.727 ms / 1606 TFLOPS  (244 regs, 2.8s)
[3/3] -DEPILOGUE_LOOP=1 -DEPI_SYNC=1 -DGELU_VARIANT=5 -DMBAR_EARLY=1 -DN_STAGES=5 -DPRELOAD_MODE=0 -DSTAGGER_CYCLES=0 -DSTORE_TIMING=1 -DSUB_MMA_UNROLL=3 ... 3.509 ms / 1248 TFLOPS  (236 regs, 2.8s)
  η²: EPILOGUE_LOOP=0.876, STORE_TIMING=0.085
  Best: -DGELU_VARIANT=4 -DMBAR_EARLY=1 -DN_STAGES=5 -DPHASE1_UNROLL=4 -DSTAGGER_CYCLES=0 -DSTORE_TIMING=1 -DSUB_MMA_UNROLL=3 → 2.303 ms / 1902 TFLOPS
  ** New overall best from interaction 'loop_store' **

=== Interaction: sts_batch (STS_WIDTH, BATCH_EPILOGUE) ===
  Branch 1/2: -DGELU_VARIANT=4 -DMBAR_EARLY=1 -DN_STAGES=5 -DPHASE1_UNROLL=4 -DSTAGGER_CYCLES=0 -DSTORE_TIMING=1 -DSUB_MMA_UNROLL=3
Sweep: 4 total, 1 valid, 3 pruned
Estimated time: ~0 min (1 configs × ~5s each)

[1/1] -DGELU_VARIANT=4 -DMBAR_EARLY=1 -DN_STAGES=5 -DPHASE1_UNROLL=4 -DSTAGGER_CYCLES=0 -DSTORE_TIMING=1 -DSUB_MMA_UNROLL=3 ... 2.338 ms / 1874 TFLOPS  (244 regs, 2.8s)
  Branch 2/2: -DEPI_SYNC=1 -DGELU_VARIANT=5 -DMBAR_EARLY=1 -DN_STAGES=5 -DPHASE1_UNROLL=4 -DPRELOAD_MODE=0 -DSTAGGER_CYCLES=0 -DSTORE_TIMING=1 -DSUB_MMA_UNROLL=3
Sweep: 4 total, 1 valid, 3 pruned
Estimated time: ~0 min (1 configs × ~5s each)

[1/1] -DEPI_SYNC=1 -DGELU_VARIANT=5 -DMBAR_EARLY=1 -DN_STAGES=5 -DPHASE1_UNROLL=4 -DPRELOAD_MODE=0 -DSTAGGER_CYCLES=0 -DSTORE_TIMING=1 -DSUB_MMA_UNROLL=3 ... 2.760 ms / 1587 TFLOPS  (244 regs, 2.8s)
  Best: -DGELU_VARIANT=4 -DMBAR_EARLY=1 -DN_STAGES=5 -DPHASE1_UNROLL=4 -DSTAGGER_CYCLES=0 -DSTORE_TIMING=1 -DSUB_MMA_UNROLL=3 → 2.338 ms / 1874 TFLOPS

=== Interaction: sync_stagger — skipped (noise params: STAGGER_CYCLES) ===

Top-locked params: BATCH_EPILOGUE=0, EPILOGUE_LOOP=0, PHASE1_UNROLL=4, STORE_TIMING=1

@@GRID_WINNER -DGELU_VARIANT=4 -DMBAR_EARLY=1 -DN_STAGES=5 -DPHASE1_UNROLL=4 -DSTAGGER_CYCLES=0 -DSTORE_TIMING=1 -DSUB_MMA_UNROLL=3

================================================================================
RESULTS (sorted by ms)
================================================================================
  #  STG  EPI  INTER  MBAR  TMEM  STAG  PH1U  SNAKE  FUSE  KLU  W0U  SMU  PRLD  PFBS  GELU  TMAR  BTCH  GVW  STIM  ELOP  STSW  ESYN  NPP  REGS     SMEM       MS   TFLOPS  STATUS
---------------------------------------------------------------------------------------------------------------------------------------------------------------------------------
  1    5    4      3     1    32     0     4      1     1    5    0    3     1     0     4     0     0   32     1     0    16     0    0   244   225.0K    2.303     1902  BEST
  2    5    4      3     1    32     0     4      1     1    5    0    3     1     0     4     0     0   32     1     0    16     0    0   244   225.0K    2.304     1901  OK
  3    5    4      3     1    32     0     4      1     1    5    0    3     1     0     5     0     0   32     1     0    16     0    0   244   225.0K    2.309     1897  OK
  4    5    4      1     1    32     0     4      1     1    5    0    3     1     0     5     0     0   32     1     0    16     0    0   244   225.0K    2.310     1896  OK
  5    5    4      3     1    32     0     4      1     1    5    0    3     1     0     5     0     0   32     1     0    16     0    0   244   225.0K    2.314     1893  OK
  6    5    4      1     1    32     0     4      1     1    5    0    3     1     0     5     0     0   32     1     0    16     0    0   244   225.0K    2.314     1893  OK
  7    5    4      3     1    32     0     4      1     1    5    0    3     1     0     5     0     0   32     1     0    16     0    0   244   225.0K    2.314     1893  OK
  8    5    4      3     1    32     0     4      1     1    5    0    3     1     0     5     0     0   32     1     0    16     0    0   244   225.0K    2.319     1889  OK
  9    5    4      3     1    32     0     4      1     1    5    0    3     1     0     0     0     0   32     1     0    16     0    0   244   225.0K    2.321     1887  OK
 10    5    4      3     1    32     0     4      1     1    5    0    3     1     0     4     0     0   32     1     0    16     0    0   244   225.0K    2.332     1878  OK
 11    5    4      1     1    32     0     4      1     1    5    0    3     1     0     4     0     0   32     1     0    16     0    0   244   225.0K    2.333     1878  OK
 12    5    4      3     1    32     0     4      1     1    5    0    3     1     0     4     0     0   32     1     0    16     0    0   244   225.0K    2.337     1874  OK
 13    5    4      3     1    32     0     4      1     1    5    0    3     1     0     4     0     0   32     1     0    16     0    0   244   225.0K    2.338     1874  OK
 14    5    4      3     1    32     0     4      1     1    5    0    3     1     0     0     0     0   32     1     0    16     0    0   244   225.0K    2.344     1869  OK
 15    5    4      3     1    32     0     4      1     1    5    0    3     0     0     5     0     0   32     1     0    16     0    0   244   225.0K    2.345     1868  OK
 16    5    4      3     1    32     0     4      1     1    5    0    3     1     0     5     0     0   32     1     0    16     0    0   244   225.0K    2.360     1856  OK
 17    5    4      1     1    32     0     4      1     1    5    0    3     1     0     0     0     0   32     1     0    16     0    0   244   225.0K    2.365     1852  OK
 18    5    4      1     1    32     0     4      1     1    5    0    3     0     0     5     0     0   32     1     0    16     0    0   244   225.0K    2.377     1843  OK
 19    5    4      3     1    32     0     4      1     1    5    0    3     0     0     5     0     0   32     1     0    16     0    0   244   225.0K    2.387     1835  OK
 20    5    4      3     1    32     0     4      1     1    5    0    3     1     0     0     0     0   32     1     0    16     0    0   244   225.0K    2.396     1828  OK
 21    5    4      3     1    32     0     4      1     1    5    0    3     2     0     5     0     0   32     1     0    16     0    0   246   225.0K    2.521     1737  OK
 22    5    4      3     1    32     0     4      1     1    5    0    3     2     0     0     0     0   32     1     0    16     0    0   246   225.0K    2.525     1734  OK
 23    5    4      3     1    32     0     4      1     1    5    0    3     2     0     5     0     0   32     1     0    16     0    0   246   225.0K    2.589     1692  OK
 24    5    4      3     1    32     0     4      1     1    5    0    3     2     0     0     0     0   32     0     0    16     0    0   249   225.0K    2.592     1690  OK
 25    5    4      3     1    32     0     4      1     1    5    0    3     2     0     5     0     0   32     0     0    16     0    0   249   225.0K    2.592     1690  OK
 26    5    4      3     1    32     0     4      1     1    5    0    3     2     0     0     0     1   32     0     0    16     0    0   248   225.0K    2.612     1677  OK
 27    5    4      3     1    32     0     4      1     1    5    0    3     2     0     0     0     1   32     1     0    16     0    0   247   225.0K    2.618     1673  OK
 28    5    4      1     1    32     0     4      1     1    5    0    3     2     0     5     0     0   32     1     0    16     0    0   246   225.0K    2.631     1665  OK
 29    5    4      3     1    32     0     4      1     1    5    0    3     0     0     5     0     0   32     1     0    16     1    0   244   225.0K    2.639     1660  OK
 30    5    4      3     1    32     0     4      1     1    5    0    3     1     0     5     0     0   32     0     0    16     0    0   244   225.0K    2.644     1657  OK
 31    5    4      3     1    32     0     2      1     1    5    0    3     2     0     0     0     1   32     0     0    16     0    0   247   225.0K    2.647     1655  OK
 32    5    4      3     1    32     0     4      1     1    5    0    3     0     0     5     0     0   32     0     0    16     0    0   244   225.0K    2.651     1652  OK
 33    5    4      3     1    32     0     2      1     1    5    0    3     2     0     5     0     0   32     0     0    16     0    0   247   225.0K    2.669     1641  OK
 34    5    4      1     1    32     0     4      1     1    5    0    3     0     0     5     0     0   32     1     0    16     1    0   244   225.0K    2.669     1641  OK
 35    5    4      3     1    32     0     2      1     1    5    0    3     2     0     0     0     0   32     0     0    16     0    0   247   225.0K    2.671     1640  OK
 36    5    4      3     1    32     0     4      1     1    5    0    3     1     0     0     0     0   32     0     0    16     0    0   244   225.0K    2.675     1637  OK
 37    5    4      3     1    32     0     4      1     1    5    0    3     1     0     0     0     1   32     0     0    16     0    0   244   225.0K    2.675     1638  OK
 38    5    4      3     1    32     0     4      1     1    5    0    3     1     0     0     0     1    8     1     0    16     0    0   247   225.0K    2.679     1635  OK
 39    5    4      3     1    32     0     4      1     1    5    0    3     0     0     5     0     0   32     1     0    16     1    0   244   225.0K    2.681     1634  OK
 40    5    4      3     1    32     0     4      1     1    5    0    3     0     0     5     0     0   32     1     0    16     1    0   244   225.0K    2.688     1629  OK
 41    5    4      3     1    32     0     4      1     1    5    0    3     0     0     5     0     0   32     0     0    16     1    0   244   225.0K    2.688     1630  OK
 42    5    4      3     1    32     0     4      1     1    5    0    3     1     0     4     0     0   32     0     0    16     0    0   244   225.0K    2.692     1627  OK
 43    5    4      1     1    32     0     4      1     1    5    0    3     0     0     5     0     0   32     1     0    16     1    0   244   225.0K    2.695     1625  OK
 44    5    4      3     1    32     0     4      1     1    5    0    3     0     0     5     0     0   32     1     0    16     1    0   244   225.0K    2.698     1623  OK
 45    5    4      3     1    32     0     4      1     1    5    0    3     0     0     5     0     0   32     1     0    16     1    0   244   225.0K    2.708     1617  OK
 46    5    4      3     1    32     0     4      1     1    5    0    3     0     0     0     0     1   32     0     0    16     0    0   244   225.0K    2.710     1616  OK
 47    5    4      3     1    32     0     4      1     1    5    0    3     1     0     0     0     1   32     1     0    16     0    0   247   225.0K    2.715     1613  OK
 48    5    4      1     1    32     0     4      1     1    5    0    3     1     0     5     0     0   32     1     0    16     1    0   244   225.0K    2.720     1611  OK
 49    5    4      3     1    32     0     2      1     1    5    0    3     1     0     0     0     0   32     0     0    16     0    0   242   225.0K    2.723     1608  OK
 50    5    4      3     1    32     0     4      1     1    5    0    3     1     0     4     0     0   32     0     0    16     0    0   244   225.0K    2.724     1608  OK
 51    5    4      3     1    32     0     2      1     1    5    0    3     1     0     0     0     0   32     0     0    16     0    0   242   225.0K    2.726     1607  OK
 52    5    4      3     1    32     0     4      1     1    5    0    3     0     0     5     0     0   32     1     0    16     1    0   244   225.0K    2.727     1606  OK
 53    5    4      3     1    32     0     4      1     1    5    0    3     1     0     5     0     0   32     1     0    16     1    0   244   225.0K    2.728     1606  OK
 54    5    4      3     1    32     0     4      1     1    5    0    3     0     0     0     0     0   32     0     0    16     0    0   244   225.0K    2.742     1597  OK
 55    5    4      1     1    32     0     4      1     1    5    0    3     2     0     5     0     0   32     1     0    16     1    0   246   225.0K    2.756     1589  OK
 56    5    4      3     1    32     0     2      1     1    5    0    3     0     0     5     0     0   32     0     0    16     0    0   240   225.0K    2.758     1588  OK
 57    5    4      3     1    32     0     4      1     1    5    0    3     0     0     5     0     0   32     1     0    16     1    0   244   225.0K    2.760     1587  OK
 58    5    4      3     1    32     0     4      1     1    5    0    3     0     0     4     0     0   32     1     0    16     1    0   244   225.0K    2.762     1586  OK
 59    5    4      3     1    32     0     2      1     1    5    0    3     1     0     5     0     0   32     0     0    16     0    0   242   225.0K    2.768     1582  OK
 60    5    4      1     1    32     0     4      1     1    5    0    3     0     0     4     0     0   32     1     0    16     1    0   244   225.0K    2.769     1582  OK
 61    5    4      3     1    32     0     4      1     1    5    0    3     0     0     5     0     0   32     0     0    16     1    0   244   225.0K    2.770     1581  OK
 62    5    4      3     1    32     0     2      1     1    5    0    3     1     0     5     0     0   32     0     0    16     0    0   242   225.0K    2.781     1575  OK
 63    5    4      3     1    32     0     4      1     1    5    0    3     1     0     0     0     1   32     1     0    16     0    0   247   225.0K    2.783     1574  OK
 64    5    4      3     1    32     0     2      1     1    5    0    3     1     0     4     0     0   32     0     0    16     0    0   242   225.0K    2.791     1570  OK
 65    5    4      3     1    32     0     4      1     1    5    0    3     2     0     5     0     0   32     1     0    16     1    0   246   225.0K    2.791     1570  OK
 66    5    4      3     1    32     0     2      1     1    5    0    3     0     0     0     0     0   32     0     0    16     0    0   240   225.0K    2.792     1569  OK
 67    5    4      1     1    32     0     2      1     1    5    0    3     1     0     0     0     0   32     0     0    16     0    0   240   225.0K    2.798     1566  OK
 68    5    4      3     1    32     0     4      1     1    5    0    3     1     0     0     0     1   32     1     0    16     0    0   247   225.0K    2.799     1565  OK
 69    5    4      1     1    32     0     2      1     1    5    0    3     1     0     5     0     0   32     0     0    16     0    0   240   225.0K    2.802     1563  OK
 70    5    4      3     1    32     0     4      1     1    5    0    3     0     0     4     0     0   32     1     0    16     1    0   244   225.0K    2.805     1562  OK
 71    5    4      3     1    32     0     4      1     1    5    0    3     1     0     0     0     1   16     1     0    16     0    0   247   225.0K    2.835     1545  OK
 72    5    4      3     1    32     0     2      1     1    5    0    3     1     0     0     0     1   32     0     0    16     0    0   248   225.0K    2.848     1538  OK
 73    5    4      3     1    32     0     2      1     1    5    0    3     0     0     0     0     1   32     0     0    16     0    0   248   225.0K    2.849     1537  OK
 74    5    4      1     1    32     0     4      1     1    5    0    3     0     0     0     0     0   32     1     0    16     1    0   244   225.0K    2.849     1537  OK
 75    5    4      1     1    32     0     2      1     1    5    0    3     1     0     4     0     0   32     0     0    16     0    0   240   225.0K    2.865     1529  OK
 76    5    4      3     1    32     0     4      1     1    5    0    3     0     0     0     0     0   32     1     0    16     1    0   244   225.0K    2.866     1528  OK
 77    5    4      3     1    32     0     4      1     1    5    0    3     0     0     0     0     0   32     1     0    16     1    0   244   225.0K    2.869     1527  OK
 78    5    4      3     1    32     0     4      1     1    5    0    3     0     0     0     0     1    8     1     0    16     1    0   247   225.0K    2.891     1515  OK
 79    5    4      3     1    32     0     4      1     1    5    0    3     0     0     0     0     1   16     1     0    16     1    0   247   225.0K    2.913     1504  OK
 80    5    4      3     1    32     0     4      1     1    5    0    3     0     0     0     0     1   32     1     0    16     1    0   247   225.0K    2.916     1502  OK
 81    5    4      3     1    32     0     2      1     1    5    0    3     2     0     0     0     0   32     1     0    16     0    0   249   225.0K    2.919     1501  OK
 82    5    4      3     1    32     0     4      1     1    5    0    3     0     0     0     0     0   32     1     0    16     0    0   244   225.0K    2.921     1500  OK
 83    5    4      3     1    32     0     2      1     1    5    0    3     2     0     5     0     0   32     1     0    16     0    0   249   225.0K    2.935     1492  OK
 84    5    4      2     1    32     0     2      1     1    5    0    3     1     0     0     0     0   32     0     0    16     0    0   240   225.0K    2.938     1491  OK
 85    5    4      3     1    32     0     4      1     1    5    0    3     0     0     0     0     1   32     1     0    16     1    0   247   225.0K    2.944     1488  OK
 86    5    4      3     1    32     0     4      1     1    5    0    3     0     0     0     0     1   32     1     0    16     0    0   247   225.0K    2.995     1462  OK
 87    5    4      3     1    32     0     2      1     1    5    0    3     2     0     0     0     1   32     1     0    16     0    0   248   225.0K    3.010     1455  OK
 88    5    4      2     1    32     0     2      1     1    5    0    3     1     0     4     0     0   32     0     0    16     0    0   240   225.0K    3.028     1446  OK
 89    5    4      2     1    32     0     2      1     1    5    0    3     1     0     5     0     0   32     0     0    16     0    0   240   225.0K    3.030     1445  OK
 90    5    4      3     1    32     0     2      1     1    5    0    3     1     0     5     0     0   32     1     0    16     0    0   240   225.0K    3.099     1414  OK
 91    5    4      3     1    32     0     2      1     1    5    0    3     1     0     5     0     0   32     1     0    16     0    0   240   225.0K    3.109     1409  OK
 92    5    4      3     1    32     0     2      1     1    5    0    3     0     0     5     0     0   32     1     0    16     1    0   240   225.0K    3.129     1400  OK
 93    5    4      0     1    32     0     2      1     1    5    0    3     1     0     0     0     0   32     0     0    16     0    0   240   225.0K    3.144     1393  OK
 94    5    4      0     1    32     0     2      1     1    5    0    3     1     0     4     0     0   32     0     0    16     0    0   240   225.0K    3.152     1390  OK
 95    5    4      3     1    32     0     2      1     1    5    0    3     1     0     0     0     0   32     1     0    16     0    0   240   225.0K    3.156     1388  OK
 96    5    4      3     1    32     0     2      1     1    5    0    3     1     0     0     0     1   32     1     0    16     0    0   247   225.0K    3.193     1372  OK
 97    5    4      3     1    32     0     2      1     1    5    0    3     0     0     0     0     0   32     1     0    16     0    0   240   225.0K    3.200     1369  OK
 98    5    4      3     1    32     0     2      1     1    5    0    3     0     0     0     0     1   32     1     0    16     0    0   247   225.0K    3.211     1364  OK
 99    5    4      3     1    32     0     1      1     1    5    0    3     1     0     5     0     0   32     0     0    16     0    0   238   225.0K    3.213     1363  OK
100    5    4      3     1    32     0     2      1     1    5    0    3     0     0     5     0     0   32     1     0    16     0    0   240   225.0K    3.217     1361  OK
101    5    4      0     1    32     0     2      1     1    5    0    3     1     0     5     0     0   32     0     0    16     0    0   240   225.0K    3.231     1356  OK
102    5    4      3     1    32     0     1      1     1    5    0    3     1     0     0     0     0   32     0     0    16     0    0   238   225.0K    3.239     1352  OK
103    5    4      3     1    32     0     1      1     1    5    0    3     0     0     0     0     0   32     0     0    16     0    0   238   225.0K    3.280     1335  OK
104    5    4      3     1    32     0     1      1     1    5    0    3     0     0     5     0     0   32     0     0    16     0    0   238   225.0K    3.286     1333  OK
105    5    4      3     1    32     0     1      1     1    5    0    3     0     0     0     0     1   32     0     0    16     0    0   211   225.0K    3.304     1326  OK
106    5    4      3     1    32     0     1      1     1    5    0    3     1     0     0     0     1   32     0     0    16     0    0   211   225.0K    3.340     1311  OK
107    5    4      3     1    32     0     1      1     1    5    0    3     1     0     0     0     0   32     1     0    16     0    0   236   225.0K    3.438     1274  OK
108    5    4      3     1    32     0     4      1     1    5    0    3     1     0     5     0     0   32     1     1    16     1    0   236   225.0K    3.440     1273  OK
109    5    4      3     1    32     0     1      1     1    5    0    3     1     0     5     0     0   32     1     0    16     0    0   236   225.0K    3.442     1272  OK
110    5    4      3     1    32     0     1      1     1    5    0    3     1     0     5     0     0   32     1     0    16     0    0   236   225.0K    3.450     1270  OK
111    5    4      3     1    32     0     4      1     1    5    0    3     1     0     5     0     0   32     1     1    16     0    0   236   225.0K    3.457     1267  OK
112    5    4      3     1    32     0     4      1     1    5    0    3     1     0     4     0     0   32     1     1    16     0    0   236   225.0K    3.464     1265  OK
113    5    4      3     1    32     0     1      1     1    5    0    3     2     0     0     0     0   32     0     0    16     0    0   238   225.0K    3.468     1263  OK
114    5    4      3     1    32     0     1      1     1    5    0    3     2     0     0     0     1   32     0     0    16     0    0   211   225.0K    3.468     1263  OK
115    5    4      3     1    32     0     4      1     1    5    0    3     0     0     5     0     0   32     1     1    16     1    0   236   225.0K    3.475     1260  OK
116    5    4      3     1    32     0     1      1     1    5    0    3     2     0     5     0     0   32     0     0    16     0    0   238   225.0K    3.478     1259  OK
117    5    4      3     1    32     0     4      1     1    5    0    3     0     0     5     0     0   32     1     1    16     1    0   236   225.0K    3.509     1248  OK
118    5    4      3     1    32     0     4      1     1    5    0    3     0     0     5     0     0   32     1     1    16     0    0   236   225.0K    3.526     1242  OK
119    5    4      3     1    32     0     1      1     1    5    0    3     0     0     0     0     0   32     1     0    16     0    0   236   225.0K    3.527     1242  OK
120    5    4      3     1    32     0     1      1     1    5    0    3     0     0     5     0     0   32     1     0    16     0    0   236   225.0K    3.533     1240  OK
121    5    4      3     1    32     0     1      1     1    5    0    3     0     0     5     0     0   32     1     0    16     1    0   236   225.0K    3.544     1236  OK
122    5    4      3     1    32     0     1      1     1    5    0    3     1     0     0     0     1   32     1     0    16     0    0   211   225.0K    3.631     1206  OK
123    5    4      3     1    32     0     1      1     1    5    0    3     2     0     0     0     0   32     1     0    16     0    0   236   225.0K    3.635     1205  OK
124    5    4      3     1    32     0     1      1     1    5    0    3     0     0     0     0     1   32     1     0    16     0    0   211   225.0K    3.662     1196  OK
125    5    4      3     1    32     0     1      1     1    5    0    3     2     0     5     0     0   32     1     0    16     0    0   236   225.0K    3.662     1196  OK
126    5    4      3     1    32     0     1      1     1    5    0    3     2     0     0     0     1   32     1     0    16     0    0   211   225.0K    3.663     1196  OK

CSV written to /root/siglip/data/session_20260317_001531/sweep_fc1_gelu.csv

Best: -DGELU_VARIANT=4 -DMBAR_EARLY=1 -DN_STAGES=5 -DPHASE1_UNROLL=4 -DSTAGGER_CYCLES=0 -DSTORE_TIMING=1 -DSUB_MMA_UNROLL=3 → 2.303 ms / 1902 TFLOPS (244 regs)
