Kernel: patch_embed (patch_embed.cu)
Per-kernel tiers for patch_embed: skipping SNAKE_ORDER, GELU_VARIANT, TMA_RESIDUAL, W0_RES_PREFETCH, BATCH_EPILOGUE, GELU_VECTOR_WIDTH, STS_WIDTH, NUM_PASSES_PARAM, BIAS_SMEM
Pinned at winner values: MBAR_EARLY=1 STAGGER_CYCLES=160

=== Tier 1: N_STAGES, K_LOOP_UNROLL, W0_LOOP_UNROLL ===
Sweep: 45 total, 45 valid, 0 pruned
Estimated time: ~4 min (45 configs × ~5s each)

[1/45] -DK_LOOP_UNROLL=1 -DMBAR_EARLY=1 -DN_STAGES=3 -DSTAGGER_CYCLES=160 ... 0.569 ms / 1925 TFLOPS  (157 regs, 1.7s)
[2/45] -DK_LOOP_UNROLL=1 -DMBAR_EARLY=1 -DN_STAGES=3 -DSTAGGER_CYCLES=160 -DW0_LOOP_UNROLL=1 ... 0.582 ms / 1882 TFLOPS  (143 regs, 1.6s)
[3/45] -DK_LOOP_UNROLL=1 -DMBAR_EARLY=1 -DN_STAGES=3 -DSTAGGER_CYCLES=160 -DW0_LOOP_UNROLL=4 ... 0.582 ms / 1883 TFLOPS  (143 regs, 1.6s)
[4/45] -DK_LOOP_UNROLL=1 -DMBAR_EARLY=1 -DSTAGGER_CYCLES=160 ... 0.668 ms / 1640 TFLOPS  (163 regs, 1.6s)
[5/45] -DK_LOOP_UNROLL=1 -DMBAR_EARLY=1 -DSTAGGER_CYCLES=160 -DW0_LOOP_UNROLL=1 ... 0.773 ms / 1417 TFLOPS  (145 regs, 1.6s)
[6/45] -DK_LOOP_UNROLL=1 -DMBAR_EARLY=1 -DSTAGGER_CYCLES=160 -DW0_LOOP_UNROLL=4 ... 0.668 ms / 1639 TFLOPS  (163 regs, 1.6s)
[7/45] -DK_LOOP_UNROLL=1 -DMBAR_EARLY=1 -DN_STAGES=5 -DSTAGGER_CYCLES=160 ... 0.867 ms / 1263 TFLOPS  (167 regs, 1.6s)
[8/45] -DK_LOOP_UNROLL=1 -DMBAR_EARLY=1 -DN_STAGES=5 -DSTAGGER_CYCLES=160 -DW0_LOOP_UNROLL=1 ... 0.900 ms / 1217 TFLOPS  (143 regs, 1.6s)
[9/45] -DK_LOOP_UNROLL=1 -DMBAR_EARLY=1 -DN_STAGES=5 -DSTAGGER_CYCLES=160 -DW0_LOOP_UNROLL=4 ... 0.877 ms / 1249 TFLOPS  (143 regs, 1.6s)
[10/45] -DK_LOOP_UNROLL=2 -DMBAR_EARLY=1 -DN_STAGES=3 -DSTAGGER_CYCLES=160 ... 0.569 ms / 1924 TFLOPS  (157 regs, 1.6s)
[11/45] -DK_LOOP_UNROLL=2 -DMBAR_EARLY=1 -DN_STAGES=3 -DSTAGGER_CYCLES=160 -DW0_LOOP_UNROLL=1 ... 0.583 ms / 1878 TFLOPS  (143 regs, 1.6s)
[12/45] -DK_LOOP_UNROLL=2 -DMBAR_EARLY=1 -DN_STAGES=3 -DSTAGGER_CYCLES=160 -DW0_LOOP_UNROLL=4 ... 0.582 ms / 1880 TFLOPS  (143 regs, 1.6s)
[13/45] -DK_LOOP_UNROLL=2 -DMBAR_EARLY=1 -DSTAGGER_CYCLES=160 ... 0.664 ms / 1649 TFLOPS  (163 regs, 1.6s)
[14/45] -DK_LOOP_UNROLL=2 -DMBAR_EARLY=1 -DSTAGGER_CYCLES=160 -DW0_LOOP_UNROLL=1 ... 0.758 ms / 1446 TFLOPS  (145 regs, 1.6s)
[15/45] -DK_LOOP_UNROLL=2 -DMBAR_EARLY=1 -DSTAGGER_CYCLES=160 -DW0_LOOP_UNROLL=4 ... 0.666 ms / 1645 TFLOPS  (163 regs, 1.6s)
[16/45] -DK_LOOP_UNROLL=2 -DMBAR_EARLY=1 -DN_STAGES=5 -DSTAGGER_CYCLES=160 ... 0.874 ms / 1253 TFLOPS  (167 regs, 1.6s)
[17/45] -DK_LOOP_UNROLL=2 -DMBAR_EARLY=1 -DN_STAGES=5 -DSTAGGER_CYCLES=160 -DW0_LOOP_UNROLL=1 ... 0.891 ms / 1229 TFLOPS  (143 regs, 1.6s)
[18/45] -DK_LOOP_UNROLL=2 -DMBAR_EARLY=1 -DN_STAGES=5 -DSTAGGER_CYCLES=160 -DW0_LOOP_UNROLL=4 ... 0.878 ms / 1247 TFLOPS  (143 regs, 1.6s)
[19/45] -DMBAR_EARLY=1 -DN_STAGES=3 -DSTAGGER_CYCLES=160 ... 0.569 ms / 1926 TFLOPS  (157 regs, 1.6s)
[20/45] -DMBAR_EARLY=1 -DN_STAGES=3 -DSTAGGER_CYCLES=160 -DW0_LOOP_UNROLL=1 ... 0.582 ms / 1881 TFLOPS  (143 regs, 1.6s)
[21/45] -DMBAR_EARLY=1 -DN_STAGES=3 -DSTAGGER_CYCLES=160 -DW0_LOOP_UNROLL=4 ... 0.581 ms / 1886 TFLOPS  (143 regs, 1.6s)
[22/45] -DMBAR_EARLY=1 -DSTAGGER_CYCLES=160 ... 0.528 ms / 2075 TFLOPS  (210 regs, 1.6s)
[23/45] -DMBAR_EARLY=1 -DSTAGGER_CYCLES=160 -DW0_LOOP_UNROLL=1 ... 0.675 ms / 1622 TFLOPS  (196 regs, 1.6s)
[24/45] -DMBAR_EARLY=1 -DSTAGGER_CYCLES=160 -DW0_LOOP_UNROLL=4 ... 0.529 ms / 2070 TFLOPS  (210 regs, 1.6s)
[25/45] -DMBAR_EARLY=1 -DN_STAGES=5 -DSTAGGER_CYCLES=160 ... 0.535 ms / 2048 TFLOPS  (234 regs, 1.6s)
[26/45] -DMBAR_EARLY=1 -DN_STAGES=5 -DSTAGGER_CYCLES=160 -DW0_LOOP_UNROLL=1 ... 0.860 ms / 1273 TFLOPS  (212 regs, 1.6s)
[27/45] -DMBAR_EARLY=1 -DN_STAGES=5 -DSTAGGER_CYCLES=160 -DW0_LOOP_UNROLL=4 ... 0.829 ms / 1320 TFLOPS  (212 regs, 1.6s)
[28/45] -DK_LOOP_UNROLL=6 -DMBAR_EARLY=1 -DN_STAGES=3 -DSTAGGER_CYCLES=160 ... 0.555 ms / 1974 TFLOPS  (169 regs, 1.6s)
[29/45] -DK_LOOP_UNROLL=6 -DMBAR_EARLY=1 -DN_STAGES=3 -DSTAGGER_CYCLES=160 -DW0_LOOP_UNROLL=1 ... 0.570 ms / 1920 TFLOPS  (155 regs, 1.6s)
[30/45] -DK_LOOP_UNROLL=6 -DMBAR_EARLY=1 -DN_STAGES=3 -DSTAGGER_CYCLES=160 -DW0_LOOP_UNROLL=4 ... 0.569 ms / 1924 TFLOPS  (155 regs, 1.6s)
[31/45] -DK_LOOP_UNROLL=6 -DMBAR_EARLY=1 -DSTAGGER_CYCLES=160 ... 0.524 ms / 2089 TFLOPS  (178 regs, 1.6s)
[32/45] -DK_LOOP_UNROLL=6 -DMBAR_EARLY=1 -DSTAGGER_CYCLES=160 -DW0_LOOP_UNROLL=1 ... 0.683 ms / 1604 TFLOPS  (159 regs, 1.6s)
[33/45] -DK_LOOP_UNROLL=6 -DMBAR_EARLY=1 -DSTAGGER_CYCLES=160 -DW0_LOOP_UNROLL=4 ... 0.526 ms / 2083 TFLOPS  (174 regs, 1.6s)
[34/45] -DK_LOOP_UNROLL=6 -DMBAR_EARLY=1 -DN_STAGES=5 -DSTAGGER_CYCLES=160 ... 0.536 ms / 2044 TFLOPS  (186 regs, 1.6s)
[35/45] -DK_LOOP_UNROLL=6 -DMBAR_EARLY=1 -DN_STAGES=5 -DSTAGGER_CYCLES=160 -DW0_LOOP_UNROLL=1 ... 0.860 ms / 1273 TFLOPS  (163 regs, 1.6s)
[36/45] -DK_LOOP_UNROLL=6 -DMBAR_EARLY=1 -DN_STAGES=5 -DSTAGGER_CYCLES=160 -DW0_LOOP_UNROLL=4 ... 0.824 ms / 1328 TFLOPS  (163 regs, 1.6s)
[37/45] -DK_LOOP_UNROLL=8 -DMBAR_EARLY=1 -DN_STAGES=3 -DSTAGGER_CYCLES=160 ... 0.553 ms / 1980 TFLOPS  (169 regs, 1.6s)
[38/45] -DK_LOOP_UNROLL=8 -DMBAR_EARLY=1 -DN_STAGES=3 -DSTAGGER_CYCLES=160 -DW0_LOOP_UNROLL=1 ... 0.572 ms / 1915 TFLOPS  (155 regs, 1.6s)
[39/45] -DK_LOOP_UNROLL=8 -DMBAR_EARLY=1 -DN_STAGES=3 -DSTAGGER_CYCLES=160 -DW0_LOOP_UNROLL=4 ... 0.570 ms / 1920 TFLOPS  (155 regs, 1.6s)
[40/45] -DK_LOOP_UNROLL=8 -DMBAR_EARLY=1 -DSTAGGER_CYCLES=160 ... 0.524 ms / 2088 TFLOPS  (214 regs, 1.6s)
[41/45] -DK_LOOP_UNROLL=8 -DMBAR_EARLY=1 -DSTAGGER_CYCLES=160 -DW0_LOOP_UNROLL=1 ... 0.673 ms / 1627 TFLOPS  (196 regs, 1.6s)
[42/45] -DK_LOOP_UNROLL=8 -DMBAR_EARLY=1 -DSTAGGER_CYCLES=160 -DW0_LOOP_UNROLL=4 ... 0.527 ms / 2079 TFLOPS  (210 regs, 1.6s)
[43/45] -DK_LOOP_UNROLL=8 -DMBAR_EARLY=1 -DN_STAGES=5 -DSTAGGER_CYCLES=160 ... 0.536 ms / 2041 TFLOPS  (186 regs, 1.6s)
[44/45] -DK_LOOP_UNROLL=8 -DMBAR_EARLY=1 -DN_STAGES=5 -DSTAGGER_CYCLES=160 -DW0_LOOP_UNROLL=1 ... 0.858 ms / 1276 TFLOPS  (163 regs, 1.6s)
[45/45] -DK_LOOP_UNROLL=8 -DMBAR_EARLY=1 -DN_STAGES=5 -DSTAGGER_CYCLES=160 -DW0_LOOP_UNROLL=4 ... 0.822 ms / 1332 TFLOPS  (163 regs, 1.6s)
  η²: N_STAGES=0.522, K_LOOP_UNROLL=0.182, W0_LOOP_UNROLL=0.130
  top-lock: N_STAGES=4(top5,33%)

Tier 1 winner (top-3): -DK_LOOP_UNROLL=6 -DMBAR_EARLY=1 -DSTAGGER_CYCLES=160 → 0.524 ms / 2089 TFLOPS
  #2: -DK_LOOP_UNROLL=8 -DMBAR_EARLY=1 -DSTAGGER_CYCLES=160 → 0.524 ms / 2088 TFLOPS
  #3: -DK_LOOP_UNROLL=6 -DMBAR_EARLY=1 -DSTAGGER_CYCLES=160 -DW0_LOOP_UNROLL=4 → 0.526 ms / 2083 TFLOPS

=== Tier 2: PHASE1_UNROLL ===
  Branch 1/3: -DK_LOOP_UNROLL=6 -DMBAR_EARLY=1 -DSTAGGER_CYCLES=160
Sweep: 3 total, 3 valid, 0 pruned
Estimated time: ~0 min (3 configs × ~5s each)

[1/3] -DK_LOOP_UNROLL=6 -DMBAR_EARLY=1 -DPHASE1_UNROLL=1 -DSTAGGER_CYCLES=160 ... 0.640 ms / 1712 TFLOPS  (145 regs, 1.6s)
[2/3] -DK_LOOP_UNROLL=6 -DMBAR_EARLY=1 -DSTAGGER_CYCLES=160 ... 0.523 ms / 2093 TFLOPS  (178 regs, 1.6s)
[3/3] -DK_LOOP_UNROLL=6 -DMBAR_EARLY=1 -DPHASE1_UNROLL=4 -DSTAGGER_CYCLES=160 ... 0.529 ms / 2069 TFLOPS  (222 regs, 1.6s)
  Branch 2/3: -DK_LOOP_UNROLL=8 -DMBAR_EARLY=1 -DSTAGGER_CYCLES=160
Sweep: 3 total, 3 valid, 0 pruned
Estimated time: ~0 min (3 configs × ~5s each)

[1/3] -DK_LOOP_UNROLL=8 -DMBAR_EARLY=1 -DPHASE1_UNROLL=1 -DSTAGGER_CYCLES=160 ... 0.629 ms / 1740 TFLOPS  (179 regs, 1.6s)
[2/3] -DK_LOOP_UNROLL=8 -DMBAR_EARLY=1 -DSTAGGER_CYCLES=160 ... 0.524 ms / 2092 TFLOPS  (214 regs, 1.6s)
[3/3] -DK_LOOP_UNROLL=8 -DMBAR_EARLY=1 -DPHASE1_UNROLL=4 -DSTAGGER_CYCLES=160 ... 0.528 ms / 2074 TFLOPS  (255 regs, 1.6s)
  Branch 3/3: -DK_LOOP_UNROLL=6 -DMBAR_EARLY=1 -DSTAGGER_CYCLES=160 -DW0_LOOP_UNROLL=4
Sweep: 3 total, 3 valid, 0 pruned
Estimated time: ~0 min (3 configs × ~5s each)

[1/3] -DK_LOOP_UNROLL=6 -DMBAR_EARLY=1 -DPHASE1_UNROLL=1 -DSTAGGER_CYCLES=160 -DW0_LOOP_UNROLL=4 ... 0.622 ms / 1760 TFLOPS  (142 regs, 1.6s)
[2/3] -DK_LOOP_UNROLL=6 -DMBAR_EARLY=1 -DSTAGGER_CYCLES=160 -DW0_LOOP_UNROLL=4 ... 0.527 ms / 2079 TFLOPS  (174 regs, 1.6s)
[3/3] -DK_LOOP_UNROLL=6 -DMBAR_EARLY=1 -DPHASE1_UNROLL=4 -DSTAGGER_CYCLES=160 -DW0_LOOP_UNROLL=4 ... 0.530 ms / 2066 TFLOPS  (222 regs, 1.7s)
  η²: PHASE1_UNROLL=0.992

Tier 2 winner (top-3): -DK_LOOP_UNROLL=6 -DMBAR_EARLY=1 -DSTAGGER_CYCLES=160 → 0.523 ms / 2093 TFLOPS
  #2: -DK_LOOP_UNROLL=8 -DMBAR_EARLY=1 -DPHASE1_UNROLL=4 -DSTAGGER_CYCLES=160 → 0.528 ms / 2074 TFLOPS
  #3: -DK_LOOP_UNROLL=6 -DMBAR_EARLY=1 -DPHASE1_UNROLL=1 -DSTAGGER_CYCLES=160 -DW0_LOOP_UNROLL=4 → 0.622 ms / 1760 TFLOPS

=== Tier 3: EPILOGUE_LOOP, EPI_SYNC, STORE_TIMING ===
  Branch 1/3: -DK_LOOP_UNROLL=6 -DMBAR_EARLY=1 -DSTAGGER_CYCLES=160
Sweep: 8 total, 3 valid, 5 pruned
Estimated time: ~0 min (3 configs × ~5s each)

[1/3] -DK_LOOP_UNROLL=6 -DMBAR_EARLY=1 -DSTAGGER_CYCLES=160 ... 0.524 ms / 2089 TFLOPS  (178 regs, 1.6s)
[2/3] -DK_LOOP_UNROLL=6 -DMBAR_EARLY=1 -DSTAGGER_CYCLES=160 -DSTORE_TIMING=1 ... 0.553 ms / 1980 TFLOPS  (178 regs, 1.6s)
[3/3] -DEPILOGUE_LOOP=1 -DK_LOOP_UNROLL=6 -DMBAR_EARLY=1 -DSTAGGER_CYCLES=160 -DSTORE_TIMING=1 ... 0.557 ms / 1966 TFLOPS  (146 regs, 1.6s)
  Branch 2/3: -DK_LOOP_UNROLL=8 -DMBAR_EARLY=1 -DPHASE1_UNROLL=4 -DSTAGGER_CYCLES=160
Sweep: 8 total, 3 valid, 5 pruned
Estimated time: ~0 min (3 configs × ~5s each)

[1/3] -DK_LOOP_UNROLL=8 -DMBAR_EARLY=1 -DPHASE1_UNROLL=4 -DSTAGGER_CYCLES=160 ... 0.529 ms / 2070 TFLOPS  (255 regs, 1.6s)
[2/3] -DK_LOOP_UNROLL=8 -DMBAR_EARLY=1 -DPHASE1_UNROLL=4 -DSTAGGER_CYCLES=160 -DSTORE_TIMING=1 ... 0.549 ms / 1993 TFLOPS  (255 regs, 1.6s)
[3/3] -DEPILOGUE_LOOP=1 -DK_LOOP_UNROLL=8 -DMBAR_EARLY=1 -DSTAGGER_CYCLES=160 -DSTORE_TIMING=1 ... 0.587 ms / 1867 TFLOPS  (179 regs, 1.6s)
  Branch 3/3: -DK_LOOP_UNROLL=6 -DMBAR_EARLY=1 -DPHASE1_UNROLL=1 -DSTAGGER_CYCLES=160 -DW0_LOOP_UNROLL=4
Sweep: 8 total, 3 valid, 5 pruned
Estimated time: ~0 min (3 configs × ~5s each)

[1/3] -DK_LOOP_UNROLL=6 -DMBAR_EARLY=1 -DPHASE1_UNROLL=1 -DSTAGGER_CYCLES=160 -DW0_LOOP_UNROLL=4 ... 0.627 ms / 1747 TFLOPS  (142 regs, 1.6s)
[2/3] -DK_LOOP_UNROLL=6 -DMBAR_EARLY=1 -DPHASE1_UNROLL=1 -DSTAGGER_CYCLES=160 -DSTORE_TIMING=1 -DW0_LOOP_UNROLL=4 ... 0.575 ms / 1903 TFLOPS  (142 regs, 1.6s)
[3/3] -DEPILOGUE_LOOP=1 -DK_LOOP_UNROLL=6 -DMBAR_EARLY=1 -DSTAGGER_CYCLES=160 -DSTORE_TIMING=1 -DW0_LOOP_UNROLL=4 ... 0.582 ms / 1883 TFLOPS  (142 regs, 1.6s)
  η²: EPILOGUE_LOOP=0.061, STORE_TIMING=0.013
  top-lock: W0_LOOP_UNROLL=0(top5,67%)

  Gap: 4.77% → k_eff=2 (from 3)

Tier 3 winner (top-3): -DK_LOOP_UNROLL=6 -DMBAR_EARLY=1 -DSTAGGER_CYCLES=160 → 0.524 ms / 2089 TFLOPS
  #2: -DK_LOOP_UNROLL=8 -DMBAR_EARLY=1 -DPHASE1_UNROLL=4 -DSTAGGER_CYCLES=160 -DSTORE_TIMING=1 → 0.549 ms / 1993 TFLOPS
  #3: -DEPILOGUE_LOOP=1 -DK_LOOP_UNROLL=6 -DMBAR_EARLY=1 -DSTAGGER_CYCLES=160 -DSTORE_TIMING=1 → 0.557 ms / 1966 TFLOPS

=== Interaction: loop_store (EPILOGUE_LOOP, STORE_TIMING) ===
  Branch 1/2: -DK_LOOP_UNROLL=6 -DMBAR_EARLY=1 -DSTAGGER_CYCLES=160
Sweep: 4 total, 3 valid, 1 pruned
Estimated time: ~0 min (3 configs × ~5s each)

[1/3] -DK_LOOP_UNROLL=6 -DMBAR_EARLY=1 -DSTAGGER_CYCLES=160 ... 0.525 ms / 2087 TFLOPS  (178 regs, 1.6s)
[2/3] -DK_LOOP_UNROLL=6 -DMBAR_EARLY=1 -DSTAGGER_CYCLES=160 -DSTORE_TIMING=1 ... 0.555 ms / 1974 TFLOPS  (178 regs, 1.6s)
[3/3] -DEPILOGUE_LOOP=1 -DK_LOOP_UNROLL=6 -DMBAR_EARLY=1 -DSTAGGER_CYCLES=160 -DSTORE_TIMING=1 ... 0.561 ms / 1951 TFLOPS  (146 regs, 1.6s)
  Branch 2/2: -DK_LOOP_UNROLL=8 -DMBAR_EARLY=1 -DPHASE1_UNROLL=4 -DSTAGGER_CYCLES=160 -DSTORE_TIMING=1
Sweep: 4 total, 3 valid, 1 pruned
Estimated time: ~0 min (3 configs × ~5s each)

[1/3] -DK_LOOP_UNROLL=8 -DMBAR_EARLY=1 -DPHASE1_UNROLL=4 -DSTAGGER_CYCLES=160 ... 0.528 ms / 2075 TFLOPS  (255 regs, 1.6s)
[2/3] -DK_LOOP_UNROLL=8 -DMBAR_EARLY=1 -DPHASE1_UNROLL=4 -DSTAGGER_CYCLES=160 -DSTORE_TIMING=1 ... 0.549 ms / 1995 TFLOPS  (255 regs, 1.6s)
[3/3] -DEPILOGUE_LOOP=1 -DK_LOOP_UNROLL=8 -DMBAR_EARLY=1 -DSTAGGER_CYCLES=160 -DSTORE_TIMING=1 ... 0.561 ms / 1950 TFLOPS  (179 regs, 1.6s)
  η²: EPILOGUE_LOOP=0.484, STORE_TIMING=0.921
  Best: -DK_LOOP_UNROLL=6 -DMBAR_EARLY=1 -DSTAGGER_CYCLES=160 → 0.525 ms / 2087 TFLOPS

=== Interaction: sync_stagger — skipped (noise params: STAGGER_CYCLES) ===

Top-locked params: N_STAGES=4, W0_LOOP_UNROLL=0

@@GRID_WINNER -DK_LOOP_UNROLL=6 -DMBAR_EARLY=1 -DSTAGGER_CYCLES=160

================================================================================
RESULTS (sorted by ms)
================================================================================
  #  STG  EPI  INTER  MBAR  TMEM  STAG  PH1U  SNAKE  FUSE  KLU  W0U  SMU  PRLD  PFBS  GELU  TMAR  BTCH  GVW  STIM  ELOP  STSW  ESYN  NPP  REGS     SMEM       MS   TFLOPS  STATUS
---------------------------------------------------------------------------------------------------------------------------------------------------------------------------------
  1    4    4      2     1    32   160     2      1     1    6    0    0     1     0     0     0     0   32     0     0    16     0    0   178   193.0K    0.523     2093  BEST
  2    4    4      2     1    32   160     2      1     1    6    0    0     1     0     0     0     0   32     0     0    16     0    0   178   193.0K    0.524     2089  OK
  3    4    4      2     1    32   160     2      1     1    8    0    0     1     0     0     0     0   32     0     0    16     0    0   214   193.0K    0.524     2088  OK
  4    4    4      2     1    32   160     2      1     1    8    0    0     1     0     0     0     0   32     0     0    16     0    0   214   193.0K    0.524     2092  OK
  5    4    4      2     1    32   160     2      1     1    6    0    0     1     0     0     0     0   32     0     0    16     0    0   178   193.0K    0.524     2089  OK
  6    4    4      2     1    32   160     2      1     1    6    0    0     1     0     0     0     0   32     0     0    16     0    0   178   193.0K    0.525     2087  OK
  7    4    4      2     1    32   160     2      1     1    6    4    0     1     0     0     0     0   32     0     0    16     0    0   174   193.0K    0.526     2083  OK
  8    4    4      2     1    32   160     2      1     1    8    4    0     1     0     0     0     0   32     0     0    16     0    0   210   193.0K    0.527     2079  OK
  9    4    4      2     1    32   160     2      1     1    6    4    0     1     0     0     0     0   32     0     0    16     0    0   174   193.0K    0.527     2079  OK
 10    4    4      2     1    32   160     2      1     1    4    0    0     1     0     0     0     0   32     0     0    16     0    0   210   193.0K    0.528     2075  OK
 11    4    4      2     1    32   160     4      1     1    8    0    0     1     0     0     0     0   32     0     0    16     0    0   255   193.0K    0.528     2074  OK
 12    4    4      2     1    32   160     4      1     1    8    0    0     1     0     0     0     0   32     0     0    16     0    0   255   193.0K    0.528     2075  OK
 13    4    4      2     1    32   160     2      1     1    4    4    0     1     0     0     0     0   32     0     0    16     0    0   210   193.0K    0.529     2070  OK
 14    4    4      2     1    32   160     4      1     1    6    0    0     1     0     0     0     0   32     0     0    16     0    0   222   193.0K    0.529     2069  OK
 15    4    4      2     1    32   160     4      1     1    8    0    0     1     0     0     0     0   32     0     0    16     0    0   255   193.0K    0.529     2070  OK
 16    4    4      2     1    32   160     4      1     1    6    4    0     1     0     0     0     0   32     0     0    16     0    0   222   193.0K    0.530     2066  OK
 17    5    4      2     1    32   160     2      1     1    5    0    0     1     0     0     0     0   32     0     0    16     0    0   234   225.0K    0.535     2048  OK
 18    5    4      2     1    32   160     2      1     1    6    0    0     1     0     0     0     0   32     0     0    16     0    0   186   225.0K    0.536     2044  OK
 19    5    4      2     1    32   160     2      1     1    8    0    0     1     0     0     0     0   32     0     0    16     0    0   186   225.0K    0.536     2041  OK
 20    4    4      2     1    32   160     4      1     1    8    0    0     1     0     0     0     0   32     1     0    16     0    0   255   193.0K    0.549     1993  OK
 21    4    4      2     1    32   160     4      1     1    8    0    0     1     0     0     0     0   32     1     0    16     0    0   255   193.0K    0.549     1995  OK
 22    3    4      2     1    32   160     2      1     1    8    0    0     1     0     0     0     0   32     0     0    16     0    0   169   161.0K    0.553     1980  OK
 23    4    4      2     1    32   160     2      1     1    6    0    0     1     0     0     0     0   32     1     0    16     0    0   178   193.0K    0.553     1980  OK
 24    3    4      2     1    32   160     2      1     1    6    0    0     1     0     0     0     0   32     0     0    16     0    0   169   161.0K    0.555     1974  OK
 25    4    4      2     1    32   160     2      1     1    6    0    0     1     0     0     0     0   32     1     0    16     0    0   178   193.0K    0.555     1974  OK
 26    4    4      2     1    32   160     2      1     1    6    0    0     1     0     0     0     0   32     1     1    16     0    0   146   193.0K    0.557     1966  OK
 27    4    4      2     1    32   160     2      1     1    6    0    0     1     0     0     0     0   32     1     1    16     0    0   146   193.0K    0.561     1951  OK
 28    4    4      2     1    32   160     4      1     1    8    0    0     1     0     0     0     0   32     1     1    16     0    0   179   193.0K    0.561     1950  OK
 29    3    4      2     1    32   160     2      1     1    1    0    0     1     0     0     0     0   32     0     0    16     0    0   157   161.0K    0.569     1925  OK
 30    3    4      2     1    32   160     2      1     1    2    0    0     1     0     0     0     0   32     0     0    16     0    0   157   161.0K    0.569     1924  OK
 31    3    4      2     1    32   160     2      1     1    3    0    0     1     0     0     0     0   32     0     0    16     0    0   157   161.0K    0.569     1926  OK
 32    3    4      2     1    32   160     2      1     1    6    4    0     1     0     0     0     0   32     0     0    16     0    0   155   161.0K    0.569     1924  OK
 33    3    4      2     1    32   160     2      1     1    6    1    0     1     0     0     0     0   32     0     0    16     0    0   155   161.0K    0.570     1920  OK
 34    3    4      2     1    32   160     2      1     1    8    4    0     1     0     0     0     0   32     0     0    16     0    0   155   161.0K    0.570     1920  OK
 35    3    4      2     1    32   160     2      1     1    8    1    0     1     0     0     0     0   32     0     0    16     0    0   155   161.0K    0.572     1915  OK
 36    4    4      2     1    32   160     1      1     1    6    4    0     1     0     0     0     0   32     1     0    16     0    0   142   193.0K    0.575     1903  OK
 37    3    4      2     1    32   160     2      1     1    3    4    0     1     0     0     0     0   32     0     0    16     0    0   143   161.0K    0.581     1886  OK
 38    3    4      2     1    32   160     2      1     1    1    1    0     1     0     0     0     0   32     0     0    16     0    0   143   161.0K    0.582     1882  OK
 39    3    4      2     1    32   160     2      1     1    1    4    0     1     0     0     0     0   32     0     0    16     0    0   143   161.0K    0.582     1883  OK
 40    3    4      2     1    32   160     2      1     1    2    4    0     1     0     0     0     0   32     0     0    16     0    0   143   161.0K    0.582     1880  OK
 41    3    4      2     1    32   160     2      1     1    3    1    0     1     0     0     0     0   32     0     0    16     0    0   143   161.0K    0.582     1881  OK
 42    4    4      2     1    32   160     1      1     1    6    4    0     1     0     0     0     0   32     1     1    16     0    0   142   193.0K    0.582     1883  OK
 43    3    4      2     1    32   160     2      1     1    2    1    0     1     0     0     0     0   32     0     0    16     0    0   143   161.0K    0.583     1878  OK
 44    4    4      2     1    32   160     4      1     1    8    0    0     1     0     0     0     0   32     1     1    16     0    0   179   193.0K    0.587     1867  OK
 45    4    4      2     1    32   160     1      1     1    6    4    0     1     0     0     0     0   32     0     0    16     0    0   142   193.0K    0.622     1760  OK
 46    4    4      2     1    32   160     1      1     1    6    4    0     1     0     0     0     0   32     0     0    16     0    0   142   193.0K    0.627     1747  OK
 47    4    4      2     1    32   160     1      1     1    8    0    0     1     0     0     0     0   32     0     0    16     0    0   179   193.0K    0.629     1740  OK
 48    4    4      2     1    32   160     1      1     1    6    0    0     1     0     0     0     0   32     0     0    16     0    0   145   193.0K    0.640     1712  OK
 49    4    4      2     1    32   160     2      1     1    2    0    0     1     0     0     0     0   32     0     0    16     0    0   163   193.0K    0.664     1649  OK
 50    4    4      2     1    32   160     2      1     1    2    4    0     1     0     0     0     0   32     0     0    16     0    0   163   193.0K    0.666     1645  OK
 51    4    4      2     1    32   160     2      1     1    1    0    0     1     0     0     0     0   32     0     0    16     0    0   163   193.0K    0.668     1640  OK
 52    4    4      2     1    32   160     2      1     1    1    4    0     1     0     0     0     0   32     0     0    16     0    0   163   193.0K    0.668     1639  OK
 53    4    4      2     1    32   160     2      1     1    8    1    0     1     0     0     0     0   32     0     0    16     0    0   196   193.0K    0.673     1627  OK
 54    4    4      2     1    32   160     2      1     1    4    1    0     1     0     0     0     0   32     0     0    16     0    0   196   193.0K    0.675     1622  OK
 55    4    4      2     1    32   160     2      1     1    6    1    0     1     0     0     0     0   32     0     0    16     0    0   159   193.0K    0.683     1604  OK
 56    4    4      2     1    32   160     2      1     1    2    1    0     1     0     0     0     0   32     0     0    16     0    0   145   193.0K    0.758     1446  OK
 57    4    4      2     1    32   160     2      1     1    1    1    0     1     0     0     0     0   32     0     0    16     0    0   145   193.0K    0.773     1417  OK
 58    5    4      2     1    32   160     2      1     1    8    4    0     1     0     0     0     0   32     0     0    16     0    0   163   225.0K    0.822     1332  OK
 59    5    4      2     1    32   160     2      1     1    6    4    0     1     0     0     0     0   32     0     0    16     0    0   163   225.0K    0.824     1328  OK
 60    5    4      2     1    32   160     2      1     1    5    4    0     1     0     0     0     0   32     0     0    16     0    0   212   225.0K    0.829     1320  OK
 61    5    4      2     1    32   160     2      1     1    8    1    0     1     0     0     0     0   32     0     0    16     0    0   163   225.0K    0.858     1276  OK
 62    5    4      2     1    32   160     2      1     1    5    1    0     1     0     0     0     0   32     0     0    16     0    0   212   225.0K    0.860     1273  OK
 63    5    4      2     1    32   160     2      1     1    6    1    0     1     0     0     0     0   32     0     0    16     0    0   163   225.0K    0.860     1273  OK
 64    5    4      2     1    32   160     2      1     1    1    0    0     1     0     0     0     0   32     0     0    16     0    0   167   225.0K    0.867     1263  OK
 65    5    4      2     1    32   160     2      1     1    2    0    0     1     0     0     0     0   32     0     0    16     0    0   167   225.0K    0.874     1253  OK
 66    5    4      2     1    32   160     2      1     1    1    4    0     1     0     0     0     0   32     0     0    16     0    0   143   225.0K    0.877     1249  OK
 67    5    4      2     1    32   160     2      1     1    2    4    0     1     0     0     0     0   32     0     0    16     0    0   143   225.0K    0.878     1247  OK
 68    5    4      2     1    32   160     2      1     1    2    1    0     1     0     0     0     0   32     0     0    16     0    0   143   225.0K    0.891     1229  OK
 69    5    4      2     1    32   160     2      1     1    1    1    0     1     0     0     0     0   32     0     0    16     0    0   143   225.0K    0.900     1217  OK

CSV written to /root/siglip/data/session_20260317_001531/sweep_patch_embed.csv

Best: -DK_LOOP_UNROLL=6 -DMBAR_EARLY=1 -DSTAGGER_CYCLES=160 → 0.523 ms / 2093 TFLOPS (178 regs)
