[00:15:31] ========================================
[00:15:31]   B200 SESSION 20260317_001531
[00:15:31]   Output: data/session_20260317_001531
[00:15:31]   Phase:  0
[00:15:31] ========================================
[00:15:32] Preflight OK
[00:15:32] 
[00:15:32] ==== PHASE 1/4: MACHINE SNAPSHOT ====
[00:15:32] Machine info saved to machine_info.txt
[00:15:32] 
[00:15:32] ==== PHASE 2/4: BUILD + GRID SEARCH + BENCHMARK ====
[00:15:32] Grid search: ~60-200 configs/layer (per-kernel tiered + top-lock).
[00:15:32] CUTLASS skipped (pass --cutlass to enable).
[00:15:32] Monitor: tail -f data/session_20260317_001531/compare.txt
[00:15:32] Grid search logs: tail -f data/session_20260317_001531/grid_search_*.log
[00:36:51] Phase 2 complete
[00:36:51] 
[00:36:51] ==== PHASE 3/4: NCU PROFILING ====
[00:36:51] ncu source counters: patch_embed
[00:36:52] ncu source counters: fc1-gelu
[00:36:55] ncu source counters: fc2
[00:36:56] ncu full profile: patch_embed
[00:37:48] Phase 3 complete
[00:37:48] 
[00:37:48] ==== PHASE 4/4: SASS DUMPS ====
[00:37:48] SASS dumped: patch_embed (3712 lines)
[00:37:49] SASS dumped: fc1-gelu (7499 lines)
[00:37:49] SASS dumped: fc2 (6832 lines)
[00:37:49] Phase 4 complete
[00:37:49] 
[00:37:49] ========================================
[00:37:49]   SESSION COMPLETE: 1338s (22 min)
[00:37:49]   Output: data/session_20260317_001531
[00:37:49] ========================================
total 32M
-rw-r--r-- 1 root root   821 Mar 17 00:36 compare.csv
-rw-r--r-- 1 root root  5.5K Mar 17 00:36 compare.txt
-rw-r--r-- 1 root root   54K Mar 17 00:23 grid_search_fc1_gelu.log
-rw-r--r-- 1 root root  176K Mar 17 00:36 grid_search_fc2.log
-rw-r--r-- 1 root root   25K Mar 17 00:17 grid_search_patch_embed.log
-rw-r--r-- 1 root root  4.3K Mar 17 00:15 machine_info.txt
-rw-r--r-- 1 root root 1023K Mar 17 00:37 sass_fc1-gelu.txt
-rw-r--r-- 1 root root  931K Mar 17 00:37 sass_fc2.txt
-rw-r--r-- 1 root root  511K Mar 17 00:37 sass_patch_embed.txt
-rw-r--r-- 1 root root  1.4K Mar 17 00:37 session.log
-rw-r--r-- 1 root root   29M Mar 17 00:37 siglip_full.ncu-rep
-rw-r--r-- 1 root root   864 Mar 17 00:36 source_counters_fc1-gelu.csv
-rw-r--r-- 1 root root   861 Mar 17 00:36 source_counters_fc2.csv
-rw-r--r-- 1 root root  1.3K Mar 17 00:36 source_counters_patch_embed.csv
-rw-r--r-- 1 root root   26K Mar 17 00:23 sweep_fc1_gelu.csv
-rw-r--r-- 1 root root   97K Mar 17 00:36 sweep_fc2.csv
-rw-r--r-- 1 root root   11K Mar 17 00:17 sweep_patch_embed.csv
[00:37:49] Autocommitting session data...
