Kernel: patch_embed (patch_embed.cu)
Per-kernel tiers for patch_embed: skipping SNAKE_ORDER, GELU_VARIANT, TMA_RESIDUAL, W0_RES_PREFETCH, BATCH_EPILOGUE, GELU_VECTOR_WIDTH, STS_WIDTH, NUM_PASSES_PARAM, BIAS_SMEM
Pinned at winner values: MBAR_EARLY=1 STAGGER_CYCLES=160

=== Tier 1: N_STAGES, K_LOOP_UNROLL, W0_LOOP_UNROLL ===
Sweep: 45 total, 45 valid, 0 pruned
Estimated time: ~4 min (45 configs × ~5s each)

[1/45] -DK_LOOP_UNROLL=1 -DMBAR_EARLY=1 -DN_STAGES=3 -DSTAGGER_CYCLES=160 ... 0.567 ms / 1931 TFLOPS  (157 regs, 1.7s)
[2/45] -DK_LOOP_UNROLL=1 -DMBAR_EARLY=1 -DN_STAGES=3 -DSTAGGER_CYCLES=160 -DW0_LOOP_UNROLL=1 ... 0.585 ms / 1872 TFLOPS  (143 regs, 1.7s)
[3/45] -DK_LOOP_UNROLL=1 -DMBAR_EARLY=1 -DN_STAGES=3 -DSTAGGER_CYCLES=160 -DW0_LOOP_UNROLL=4 ... 0.582 ms / 1882 TFLOPS  (143 regs, 1.6s)
[4/45] -DK_LOOP_UNROLL=1 -DMBAR_EARLY=1 -DSTAGGER_CYCLES=160 ... 0.661 ms / 1657 TFLOPS  (163 regs, 1.6s)
[5/45] -DK_LOOP_UNROLL=1 -DMBAR_EARLY=1 -DSTAGGER_CYCLES=160 -DW0_LOOP_UNROLL=1 ... 0.745 ms / 1470 TFLOPS  (145 regs, 1.6s)
[6/45] -DK_LOOP_UNROLL=1 -DMBAR_EARLY=1 -DSTAGGER_CYCLES=160 -DW0_LOOP_UNROLL=4 ... 0.662 ms / 1653 TFLOPS  (163 regs, 1.6s)
[7/45] -DK_LOOP_UNROLL=1 -DMBAR_EARLY=1 -DN_STAGES=5 -DSTAGGER_CYCLES=160 ... 0.867 ms / 1262 TFLOPS  (167 regs, 1.6s)
[8/45] -DK_LOOP_UNROLL=1 -DMBAR_EARLY=1 -DN_STAGES=5 -DSTAGGER_CYCLES=160 -DW0_LOOP_UNROLL=1 ... 0.896 ms / 1222 TFLOPS  (143 regs, 1.6s)
[9/45] -DK_LOOP_UNROLL=1 -DMBAR_EARLY=1 -DN_STAGES=5 -DSTAGGER_CYCLES=160 -DW0_LOOP_UNROLL=4 ... 0.887 ms / 1234 TFLOPS  (143 regs, 1.6s)
[10/45] -DK_LOOP_UNROLL=2 -DMBAR_EARLY=1 -DN_STAGES=3 -DSTAGGER_CYCLES=160 ... 0.569 ms / 1924 TFLOPS  (157 regs, 1.6s)
[11/45] -DK_LOOP_UNROLL=2 -DMBAR_EARLY=1 -DN_STAGES=3 -DSTAGGER_CYCLES=160 -DW0_LOOP_UNROLL=1 ... 0.585 ms / 1873 TFLOPS  (143 regs, 1.6s)
[12/45] -DK_LOOP_UNROLL=2 -DMBAR_EARLY=1 -DN_STAGES=3 -DSTAGGER_CYCLES=160 -DW0_LOOP_UNROLL=4 ... 0.579 ms / 1890 TFLOPS  (143 regs, 1.6s)
[13/45] -DK_LOOP_UNROLL=2 -DMBAR_EARLY=1 -DSTAGGER_CYCLES=160 ... 0.667 ms / 1642 TFLOPS  (163 regs, 1.6s)
[14/45] -DK_LOOP_UNROLL=2 -DMBAR_EARLY=1 -DSTAGGER_CYCLES=160 -DW0_LOOP_UNROLL=1 ... 0.750 ms / 1460 TFLOPS  (145 regs, 1.6s)
[15/45] -DK_LOOP_UNROLL=2 -DMBAR_EARLY=1 -DSTAGGER_CYCLES=160 -DW0_LOOP_UNROLL=4 ... 0.670 ms / 1634 TFLOPS  (163 regs, 1.6s)
[16/45] -DK_LOOP_UNROLL=2 -DMBAR_EARLY=1 -DN_STAGES=5 -DSTAGGER_CYCLES=160 ... 0.867 ms / 1264 TFLOPS  (167 regs, 1.6s)
[17/45] -DK_LOOP_UNROLL=2 -DMBAR_EARLY=1 -DN_STAGES=5 -DSTAGGER_CYCLES=160 -DW0_LOOP_UNROLL=1 ... 0.900 ms / 1217 TFLOPS  (143 regs, 1.6s)
[18/45] -DK_LOOP_UNROLL=2 -DMBAR_EARLY=1 -DN_STAGES=5 -DSTAGGER_CYCLES=160 -DW0_LOOP_UNROLL=4 ... 0.885 ms / 1238 TFLOPS  (143 regs, 1.6s)
[19/45] -DMBAR_EARLY=1 -DN_STAGES=3 -DSTAGGER_CYCLES=160 ... 0.567 ms / 1931 TFLOPS  (157 regs, 1.6s)
[20/45] -DMBAR_EARLY=1 -DN_STAGES=3 -DSTAGGER_CYCLES=160 -DW0_LOOP_UNROLL=1 ... 0.580 ms / 1889 TFLOPS  (143 regs, 1.6s)
[21/45] -DMBAR_EARLY=1 -DN_STAGES=3 -DSTAGGER_CYCLES=160 -DW0_LOOP_UNROLL=4 ... 0.580 ms / 1888 TFLOPS  (143 regs, 1.6s)
[22/45] -DMBAR_EARLY=1 -DSTAGGER_CYCLES=160 ... 0.528 ms / 2075 TFLOPS  (210 regs, 1.6s)
[23/45] -DMBAR_EARLY=1 -DSTAGGER_CYCLES=160 -DW0_LOOP_UNROLL=1 ... 0.686 ms / 1596 TFLOPS  (196 regs, 1.6s)
[24/45] -DMBAR_EARLY=1 -DSTAGGER_CYCLES=160 -DW0_LOOP_UNROLL=4 ... 0.526 ms / 2082 TFLOPS  (210 regs, 1.6s)
[25/45] -DMBAR_EARLY=1 -DN_STAGES=5 -DSTAGGER_CYCLES=160 ... 0.539 ms / 2033 TFLOPS  (234 regs, 1.6s)
[26/45] -DMBAR_EARLY=1 -DN_STAGES=5 -DSTAGGER_CYCLES=160 -DW0_LOOP_UNROLL=1 ... 0.857 ms / 1278 TFLOPS  (212 regs, 1.6s)
[27/45] -DMBAR_EARLY=1 -DN_STAGES=5 -DSTAGGER_CYCLES=160 -DW0_LOOP_UNROLL=4 ... 0.824 ms / 1329 TFLOPS  (212 regs, 1.6s)
[28/45] -DK_LOOP_UNROLL=6 -DMBAR_EARLY=1 -DN_STAGES=3 -DSTAGGER_CYCLES=160 ... 0.555 ms / 1972 TFLOPS  (169 regs, 1.6s)
[29/45] -DK_LOOP_UNROLL=6 -DMBAR_EARLY=1 -DN_STAGES=3 -DSTAGGER_CYCLES=160 -DW0_LOOP_UNROLL=1 ... 0.573 ms / 1910 TFLOPS  (155 regs, 1.6s)
[30/45] -DK_LOOP_UNROLL=6 -DMBAR_EARLY=1 -DN_STAGES=3 -DSTAGGER_CYCLES=160 -DW0_LOOP_UNROLL=4 ... 0.568 ms / 1927 TFLOPS  (155 regs, 1.6s)
[31/45] -DK_LOOP_UNROLL=6 -DMBAR_EARLY=1 -DSTAGGER_CYCLES=160 ... 0.528 ms / 2075 TFLOPS  (178 regs, 1.6s)
[32/45] -DK_LOOP_UNROLL=6 -DMBAR_EARLY=1 -DSTAGGER_CYCLES=160 -DW0_LOOP_UNROLL=1 ... 0.680 ms / 1610 TFLOPS  (159 regs, 1.7s)
[33/45] -DK_LOOP_UNROLL=6 -DMBAR_EARLY=1 -DSTAGGER_CYCLES=160 -DW0_LOOP_UNROLL=4 ... 0.527 ms / 2076 TFLOPS  (174 regs, 1.6s)
[34/45] -DK_LOOP_UNROLL=6 -DMBAR_EARLY=1 -DN_STAGES=5 -DSTAGGER_CYCLES=160 ... 0.536 ms / 2041 TFLOPS  (186 regs, 1.6s)
[35/45] -DK_LOOP_UNROLL=6 -DMBAR_EARLY=1 -DN_STAGES=5 -DSTAGGER_CYCLES=160 -DW0_LOOP_UNROLL=1 ... 0.868 ms / 1261 TFLOPS  (163 regs, 1.6s)
[36/45] -DK_LOOP_UNROLL=6 -DMBAR_EARLY=1 -DN_STAGES=5 -DSTAGGER_CYCLES=160 -DW0_LOOP_UNROLL=4 ... 0.830 ms / 1319 TFLOPS  (163 regs, 1.7s)
[37/45] -DK_LOOP_UNROLL=8 -DMBAR_EARLY=1 -DN_STAGES=3 -DSTAGGER_CYCLES=160 ... 0.556 ms / 1969 TFLOPS  (169 regs, 1.6s)
[38/45] -DK_LOOP_UNROLL=8 -DMBAR_EARLY=1 -DN_STAGES=3 -DSTAGGER_CYCLES=160 -DW0_LOOP_UNROLL=1 ... 0.572 ms / 1916 TFLOPS  (155 regs, 1.6s)
[39/45] -DK_LOOP_UNROLL=8 -DMBAR_EARLY=1 -DN_STAGES=3 -DSTAGGER_CYCLES=160 -DW0_LOOP_UNROLL=4 ... 0.567 ms / 1931 TFLOPS  (155 regs, 1.6s)
[40/45] -DK_LOOP_UNROLL=8 -DMBAR_EARLY=1 -DSTAGGER_CYCLES=160 ... 0.526 ms / 2081 TFLOPS  (214 regs, 1.6s)
[41/45] -DK_LOOP_UNROLL=8 -DMBAR_EARLY=1 -DSTAGGER_CYCLES=160 -DW0_LOOP_UNROLL=1 ... 0.675 ms / 1623 TFLOPS  (196 regs, 1.6s)
[42/45] -DK_LOOP_UNROLL=8 -DMBAR_EARLY=1 -DSTAGGER_CYCLES=160 -DW0_LOOP_UNROLL=4 ... 0.526 ms / 2082 TFLOPS  (210 regs, 1.6s)
[43/45] -DK_LOOP_UNROLL=8 -DMBAR_EARLY=1 -DN_STAGES=5 -DSTAGGER_CYCLES=160 ... 0.538 ms / 2036 TFLOPS  (186 regs, 1.6s)
[44/45] -DK_LOOP_UNROLL=8 -DMBAR_EARLY=1 -DN_STAGES=5 -DSTAGGER_CYCLES=160 -DW0_LOOP_UNROLL=1 ... 0.860 ms / 1273 TFLOPS  (163 regs, 1.6s)
[45/45] -DK_LOOP_UNROLL=8 -DMBAR_EARLY=1 -DN_STAGES=5 -DSTAGGER_CYCLES=160 -DW0_LOOP_UNROLL=4 ... 0.828 ms / 1322 TFLOPS  (163 regs, 1.6s)
  η²: N_STAGES=0.535, K_LOOP_UNROLL=0.173, W0_LOOP_UNROLL=0.128
  top-lock: N_STAGES=4(top5,33%)

Tier 1 winner (top-3): -DMBAR_EARLY=1 -DSTAGGER_CYCLES=160 -DW0_LOOP_UNROLL=4 → 0.526 ms / 2082 TFLOPS
  #2: -DK_LOOP_UNROLL=8 -DMBAR_EARLY=1 -DSTAGGER_CYCLES=160 → 0.526 ms / 2081 TFLOPS
  #3: -DK_LOOP_UNROLL=8 -DMBAR_EARLY=1 -DSTAGGER_CYCLES=160 -DW0_LOOP_UNROLL=4 → 0.526 ms / 2082 TFLOPS

=== Tier 2: PHASE1_UNROLL ===
  Branch 1/3: -DMBAR_EARLY=1 -DSTAGGER_CYCLES=160 -DW0_LOOP_UNROLL=4
Sweep: 3 total, 3 valid, 0 pruned
Estimated time: ~0 min (3 configs × ~5s each)

[1/3] -DMBAR_EARLY=1 -DPHASE1_UNROLL=1 -DSTAGGER_CYCLES=160 -DW0_LOOP_UNROLL=4 ... 0.622 ms / 1760 TFLOPS  (177 regs, 1.6s)
[2/3] -DMBAR_EARLY=1 -DSTAGGER_CYCLES=160 -DW0_LOOP_UNROLL=4 ... 0.528 ms / 2072 TFLOPS  (210 regs, 1.6s)
[3/3] -DMBAR_EARLY=1 -DPHASE1_UNROLL=4 -DSTAGGER_CYCLES=160 -DW0_LOOP_UNROLL=4 ... 0.530 ms / 2066 TFLOPS  (255 regs, 1.6s)
  Branch 2/3: -DK_LOOP_UNROLL=8 -DMBAR_EARLY=1 -DSTAGGER_CYCLES=160
Sweep: 3 total, 3 valid, 0 pruned
Estimated time: ~0 min (3 configs × ~5s each)

[1/3] -DK_LOOP_UNROLL=8 -DMBAR_EARLY=1 -DPHASE1_UNROLL=1 -DSTAGGER_CYCLES=160 ... 0.625 ms / 1752 TFLOPS  (179 regs, 1.6s)
[2/3] -DK_LOOP_UNROLL=8 -DMBAR_EARLY=1 -DSTAGGER_CYCLES=160 ... 0.526 ms / 2083 TFLOPS  (214 regs, 1.6s)
[3/3] -DK_LOOP_UNROLL=8 -DMBAR_EARLY=1 -DPHASE1_UNROLL=4 -DSTAGGER_CYCLES=160 ... 0.528 ms / 2072 TFLOPS  (255 regs, 1.7s)
  Branch 3/3: -DK_LOOP_UNROLL=8 -DMBAR_EARLY=1 -DSTAGGER_CYCLES=160 -DW0_LOOP_UNROLL=4
Sweep: 3 total, 3 valid, 0 pruned
Estimated time: ~0 min (3 configs × ~5s each)

[1/3] -DK_LOOP_UNROLL=8 -DMBAR_EARLY=1 -DPHASE1_UNROLL=1 -DSTAGGER_CYCLES=160 -DW0_LOOP_UNROLL=4 ... 0.626 ms / 1750 TFLOPS  (177 regs, 1.6s)
[2/3] -DK_LOOP_UNROLL=8 -DMBAR_EARLY=1 -DSTAGGER_CYCLES=160 -DW0_LOOP_UNROLL=4 ... 0.527 ms / 2078 TFLOPS  (210 regs, 1.6s)
[3/3] -DK_LOOP_UNROLL=8 -DMBAR_EARLY=1 -DPHASE1_UNROLL=4 -DSTAGGER_CYCLES=160 -DW0_LOOP_UNROLL=4 ... 0.528 ms / 2073 TFLOPS  (255 regs, 1.7s)
  η²: PHASE1_UNROLL=0.999

Tier 2 winner (top-3): -DK_LOOP_UNROLL=8 -DMBAR_EARLY=1 -DSTAGGER_CYCLES=160 → 0.526 ms / 2083 TFLOPS
  #2: -DK_LOOP_UNROLL=8 -DMBAR_EARLY=1 -DPHASE1_UNROLL=4 -DSTAGGER_CYCLES=160 → 0.528 ms / 2072 TFLOPS
  #3: -DMBAR_EARLY=1 -DPHASE1_UNROLL=1 -DSTAGGER_CYCLES=160 -DW0_LOOP_UNROLL=4 → 0.622 ms / 1760 TFLOPS

=== Tier 3: EPILOGUE_LOOP, EPI_SYNC, STORE_TIMING ===
  Branch 1/3: -DK_LOOP_UNROLL=8 -DMBAR_EARLY=1 -DSTAGGER_CYCLES=160
Sweep: 8 total, 3 valid, 5 pruned
Estimated time: ~0 min (3 configs × ~5s each)

[1/3] -DK_LOOP_UNROLL=8 -DMBAR_EARLY=1 -DSTAGGER_CYCLES=160 ... 0.525 ms / 2085 TFLOPS  (214 regs, 1.6s)
[2/3] -DK_LOOP_UNROLL=8 -DMBAR_EARLY=1 -DSTAGGER_CYCLES=160 -DSTORE_TIMING=1 ... 0.553 ms / 1981 TFLOPS  (214 regs, 1.6s)
[3/3] -DEPILOGUE_LOOP=1 -DK_LOOP_UNROLL=8 -DMBAR_EARLY=1 -DSTAGGER_CYCLES=160 -DSTORE_TIMING=1 ... 0.563 ms / 1943 TFLOPS  (179 regs, 1.6s)
  Branch 2/3: -DK_LOOP_UNROLL=8 -DMBAR_EARLY=1 -DPHASE1_UNROLL=4 -DSTAGGER_CYCLES=160
Sweep: 8 total, 2 valid, 5 pruned, 1 deduped
Estimated time: ~0 min (2 configs × ~5s each)

[1/2] -DK_LOOP_UNROLL=8 -DMBAR_EARLY=1 -DPHASE1_UNROLL=4 -DSTAGGER_CYCLES=160 ... 0.529 ms / 2071 TFLOPS  (255 regs, 1.7s)
[2/2] -DK_LOOP_UNROLL=8 -DMBAR_EARLY=1 -DPHASE1_UNROLL=4 -DSTAGGER_CYCLES=160 -DSTORE_TIMING=1 ... 0.549 ms / 1995 TFLOPS  (255 regs, 1.7s)
  Branch 3/3: -DMBAR_EARLY=1 -DPHASE1_UNROLL=1 -DSTAGGER_CYCLES=160 -DW0_LOOP_UNROLL=4
Sweep: 8 total, 3 valid, 5 pruned
Estimated time: ~0 min (3 configs × ~5s each)

[1/3] -DMBAR_EARLY=1 -DPHASE1_UNROLL=1 -DSTAGGER_CYCLES=160 -DW0_LOOP_UNROLL=4 ... 0.629 ms / 1741 TFLOPS  (177 regs, 1.6s)
[2/3] -DMBAR_EARLY=1 -DPHASE1_UNROLL=1 -DSTAGGER_CYCLES=160 -DSTORE_TIMING=1 -DW0_LOOP_UNROLL=4 ... 0.587 ms / 1866 TFLOPS  (177 regs, 1.6s)
[3/3] -DEPILOGUE_LOOP=1 -DMBAR_EARLY=1 -DSTAGGER_CYCLES=160 -DSTORE_TIMING=1 -DW0_LOOP_UNROLL=4 ... 0.585 ms / 1871 TFLOPS  (177 regs, 1.6s)
  η²: EPILOGUE_LOOP=0.026, STORE_TIMING=0.009
  top-lock: K_LOOP_UNROLL=8(top5,62%), W0_LOOP_UNROLL=0(top5,62%)

  Gap: 4.57% → k_eff=2 (from 3)

Tier 3 winner (top-3): -DK_LOOP_UNROLL=8 -DMBAR_EARLY=1 -DSTAGGER_CYCLES=160 → 0.525 ms / 2085 TFLOPS
  #2: -DK_LOOP_UNROLL=8 -DMBAR_EARLY=1 -DPHASE1_UNROLL=4 -DSTAGGER_CYCLES=160 -DSTORE_TIMING=1 → 0.549 ms / 1995 TFLOPS
  #3: -DEPILOGUE_LOOP=1 -DK_LOOP_UNROLL=8 -DMBAR_EARLY=1 -DSTAGGER_CYCLES=160 -DSTORE_TIMING=1 → 0.563 ms / 1943 TFLOPS

=== Interaction: loop_store (EPILOGUE_LOOP, STORE_TIMING) ===
  Branch 1/2: -DK_LOOP_UNROLL=8 -DMBAR_EARLY=1 -DSTAGGER_CYCLES=160
Sweep: 4 total, 3 valid, 1 pruned
Estimated time: ~0 min (3 configs × ~5s each)

[1/3] -DK_LOOP_UNROLL=8 -DMBAR_EARLY=1 -DSTAGGER_CYCLES=160 ... 0.526 ms / 2082 TFLOPS  (214 regs, 1.6s)
[2/3] -DK_LOOP_UNROLL=8 -DMBAR_EARLY=1 -DSTAGGER_CYCLES=160 -DSTORE_TIMING=1 ... 0.554 ms / 1978 TFLOPS  (214 regs, 1.6s)
[3/3] -DEPILOGUE_LOOP=1 -DK_LOOP_UNROLL=8 -DMBAR_EARLY=1 -DSTAGGER_CYCLES=160 -DSTORE_TIMING=1 ... 0.559 ms / 1958 TFLOPS  (179 regs, 1.6s)
  Branch 2/2: -DK_LOOP_UNROLL=8 -DMBAR_EARLY=1 -DPHASE1_UNROLL=4 -DSTAGGER_CYCLES=160 -DSTORE_TIMING=1
Sweep: 4 total, 2 valid, 1 pruned, 1 deduped
Estimated time: ~0 min (2 configs × ~5s each)

[1/2] -DK_LOOP_UNROLL=8 -DMBAR_EARLY=1 -DPHASE1_UNROLL=4 -DSTAGGER_CYCLES=160 ... 0.528 ms / 2075 TFLOPS  (255 regs, 1.7s)
[2/2] -DK_LOOP_UNROLL=8 -DMBAR_EARLY=1 -DPHASE1_UNROLL=4 -DSTAGGER_CYCLES=160 -DSTORE_TIMING=1 ... 0.550 ms / 1990 TFLOPS  (255 regs, 1.6s)
  η²: EPILOGUE_LOOP=0.324, STORE_TIMING=0.955
  Best: -DK_LOOP_UNROLL=8 -DMBAR_EARLY=1 -DSTAGGER_CYCLES=160 → 0.526 ms / 2082 TFLOPS

=== Interaction: sync_stagger — skipped (noise params: STAGGER_CYCLES) ===

Top-locked params: K_LOOP_UNROLL=8, N_STAGES=4, W0_LOOP_UNROLL=0

@@GRID_WINNER -DK_LOOP_UNROLL=8 -DMBAR_EARLY=1 -DSTAGGER_CYCLES=160

================================================================================
RESULTS (sorted by ms)
================================================================================
  #  STG  EPI  INTER  MBAR  TMEM  STAG  PH1U  SNAKE  FUSE  KLU  W0U  SMU  PRLD  PFBS  GELU  TMAR  BTCH  GVW  STIM  ELOP  STSW  ESYN  NPP  REGS     SMEM       MS   TFLOPS  STATUS
---------------------------------------------------------------------------------------------------------------------------------------------------------------------------------
  1    4    4      2     1    32   160     2      1     1    8    0    0     1     0     0     0     0   32     0     0    16     0    0   214   193.0K    0.525     2085  BEST
  2    4    4      2     1    32   160     2      1     1    4    4    0     1     0     0     0     0   32     0     0    16     0    0   210   193.0K    0.526     2082  OK
  3    4    4      2     1    32   160     2      1     1    8    0    0     1     0     0     0     0   32     0     0    16     0    0   214   193.0K    0.526     2081  OK
  4    4    4      2     1    32   160     2      1     1    8    4    0     1     0     0     0     0   32     0     0    16     0    0   210   193.0K    0.526     2082  OK
  5    4    4      2     1    32   160     2      1     1    8    0    0     1     0     0     0     0   32     0     0    16     0    0   214   193.0K    0.526     2083  OK
  6    4    4      2     1    32   160     2      1     1    8    0    0     1     0     0     0     0   32     0     0    16     0    0   214   193.0K    0.526     2082  OK
  7    4    4      2     1    32   160     2      1     1    6    4    0     1     0     0     0     0   32     0     0    16     0    0   174   193.0K    0.527     2076  OK
  8    4    4      2     1    32   160     2      1     1    8    4    0     1     0     0     0     0   32     0     0    16     0    0   210   193.0K    0.527     2078  OK
  9    4    4      2     1    32   160     2      1     1    4    0    0     1     0     0     0     0   32     0     0    16     0    0   210   193.0K    0.528     2075  OK
 10    4    4      2     1    32   160     2      1     1    6    0    0     1     0     0     0     0   32     0     0    16     0    0   178   193.0K    0.528     2075  OK
 11    4    4      2     1    32   160     2      1     1    4    4    0     1     0     0     0     0   32     0     0    16     0    0   210   193.0K    0.528     2072  OK
 12    4    4      2     1    32   160     4      1     1    8    0    0     1     0     0     0     0   32     0     0    16     0    0   255   193.0K    0.528     2072  OK
 13    4    4      2     1    32   160     4      1     1    8    4    0     1     0     0     0     0   32     0     0    16     0    0   255   193.0K    0.528     2073  OK
 14    4    4      2     1    32   160     4      1     1    8    0    0     1     0     0     0     0   32     0     0    16     0    0   255   193.0K    0.528     2075  OK
 15    4    4      2     1    32   160     4      1     1    8    0    0     1     0     0     0     0   32     0     0    16     0    0   255   193.0K    0.529     2071  OK
 16    4    4      2     1    32   160     4      1     1    4    4    0     1     0     0     0     0   32     0     0    16     0    0   255   193.0K    0.530     2066  OK
 17    5    4      2     1    32   160     2      1     1    6    0    0     1     0     0     0     0   32     0     0    16     0    0   186   225.0K    0.536     2041  OK
 18    5    4      2     1    32   160     2      1     1    8    0    0     1     0     0     0     0   32     0     0    16     0    0   186   225.0K    0.538     2036  OK
 19    5    4      2     1    32   160     2      1     1    5    0    0     1     0     0     0     0   32     0     0    16     0    0   234   225.0K    0.539     2033  OK
 20    4    4      2     1    32   160     4      1     1    8    0    0     1     0     0     0     0   32     1     0    16     0    0   255   193.0K    0.549     1995  OK
 21    4    4      2     1    32   160     4      1     1    8    0    0     1     0     0     0     0   32     1     0    16     0    0   255   193.0K    0.550     1990  OK
 22    4    4      2     1    32   160     2      1     1    8    0    0     1     0     0     0     0   32     1     0    16     0    0   214   193.0K    0.553     1981  OK
 23    4    4      2     1    32   160     2      1     1    8    0    0     1     0     0     0     0   32     1     0    16     0    0   214   193.0K    0.554     1978  OK
 24    3    4      2     1    32   160     2      1     1    6    0    0     1     0     0     0     0   32     0     0    16     0    0   169   161.0K    0.555     1972  OK
 25    3    4      2     1    32   160     2      1     1    8    0    0     1     0     0     0     0   32     0     0    16     0    0   169   161.0K    0.556     1969  OK
 26    4    4      2     1    32   160     2      1     1    8    0    0     1     0     0     0     0   32     1     1    16     0    0   179   193.0K    0.559     1958  OK
 27    4    4      2     1    32   160     2      1     1    8    0    0     1     0     0     0     0   32     1     1    16     0    0   179   193.0K    0.563     1943  OK
 28    3    4      2     1    32   160     2      1     1    1    0    0     1     0     0     0     0   32     0     0    16     0    0   157   161.0K    0.567     1931  OK
 29    3    4      2     1    32   160     2      1     1    3    0    0     1     0     0     0     0   32     0     0    16     0    0   157   161.0K    0.567     1931  OK
 30    3    4      2     1    32   160     2      1     1    8    4    0     1     0     0     0     0   32     0     0    16     0    0   155   161.0K    0.567     1931  OK
 31    3    4      2     1    32   160     2      1     1    6    4    0     1     0     0     0     0   32     0     0    16     0    0   155   161.0K    0.568     1927  OK
 32    3    4      2     1    32   160     2      1     1    2    0    0     1     0     0     0     0   32     0     0    16     0    0   157   161.0K    0.569     1924  OK
 33    3    4      2     1    32   160     2      1     1    8    1    0     1     0     0     0     0   32     0     0    16     0    0   155   161.0K    0.572     1916  OK
 34    3    4      2     1    32   160     2      1     1    6    1    0     1     0     0     0     0   32     0     0    16     0    0   155   161.0K    0.573     1910  OK
 35    3    4      2     1    32   160     2      1     1    2    4    0     1     0     0     0     0   32     0     0    16     0    0   143   161.0K    0.579     1890  OK
 36    3    4      2     1    32   160     2      1     1    3    1    0     1     0     0     0     0   32     0     0    16     0    0   143   161.0K    0.580     1889  OK
 37    3    4      2     1    32   160     2      1     1    3    4    0     1     0     0     0     0   32     0     0    16     0    0   143   161.0K    0.580     1888  OK
 38    3    4      2     1    32   160     2      1     1    1    4    0     1     0     0     0     0   32     0     0    16     0    0   143   161.0K    0.582     1882  OK
 39    3    4      2     1    32   160     2      1     1    1    1    0     1     0     0     0     0   32     0     0    16     0    0   143   161.0K    0.585     1872  OK
 40    3    4      2     1    32   160     2      1     1    2    1    0     1     0     0     0     0   32     0     0    16     0    0   143   161.0K    0.585     1873  OK
 41    4    4      2     1    32   160     1      1     1    4    4    0     1     0     0     0     0   32     1     1    16     0    0   177   193.0K    0.585     1871  OK
 42    4    4      2     1    32   160     1      1     1    4    4    0     1     0     0     0     0   32     1     0    16     0    0   177   193.0K    0.587     1866  OK
 43    4    4      2     1    32   160     1      1     1    4    4    0     1     0     0     0     0   32     0     0    16     0    0   177   193.0K    0.622     1760  OK
 44    4    4      2     1    32   160     1      1     1    8    0    0     1     0     0     0     0   32     0     0    16     0    0   179   193.0K    0.625     1752  OK
 45    4    4      2     1    32   160     1      1     1    8    4    0     1     0     0     0     0   32     0     0    16     0    0   177   193.0K    0.626     1750  OK
 46    4    4      2     1    32   160     1      1     1    4    4    0     1     0     0     0     0   32     0     0    16     0    0   177   193.0K    0.629     1741  OK
 47    4    4      2     1    32   160     2      1     1    1    0    0     1     0     0     0     0   32     0     0    16     0    0   163   193.0K    0.661     1657  OK
 48    4    4      2     1    32   160     2      1     1    1    4    0     1     0     0     0     0   32     0     0    16     0    0   163   193.0K    0.662     1653  OK
 49    4    4      2     1    32   160     2      1     1    2    0    0     1     0     0     0     0   32     0     0    16     0    0   163   193.0K    0.667     1642  OK
 50    4    4      2     1    32   160     2      1     1    2    4    0     1     0     0     0     0   32     0     0    16     0    0   163   193.0K    0.670     1634  OK
 51    4    4      2     1    32   160     2      1     1    8    1    0     1     0     0     0     0   32     0     0    16     0    0   196   193.0K    0.675     1623  OK
 52    4    4      2     1    32   160     2      1     1    6    1    0     1     0     0     0     0   32     0     0    16     0    0   159   193.0K    0.680     1610  OK
 53    4    4      2     1    32   160     2      1     1    4    1    0     1     0     0     0     0   32     0     0    16     0    0   196   193.0K    0.686     1596  OK
 54    4    4      2     1    32   160     2      1     1    1    1    0     1     0     0     0     0   32     0     0    16     0    0   145   193.0K    0.745     1470  OK
 55    4    4      2     1    32   160     2      1     1    2    1    0     1     0     0     0     0   32     0     0    16     0    0   145   193.0K    0.750     1460  OK
 56    5    4      2     1    32   160     2      1     1    5    4    0     1     0     0     0     0   32     0     0    16     0    0   212   225.0K    0.824     1329  OK
 57    5    4      2     1    32   160     2      1     1    8    4    0     1     0     0     0     0   32     0     0    16     0    0   163   225.0K    0.828     1322  OK
 58    5    4      2     1    32   160     2      1     1    6    4    0     1     0     0     0     0   32     0     0    16     0    0   163   225.0K    0.830     1319  OK
 59    5    4      2     1    32   160     2      1     1    5    1    0     1     0     0     0     0   32     0     0    16     0    0   212   225.0K    0.857     1278  OK
 60    5    4      2     1    32   160     2      1     1    8    1    0     1     0     0     0     0   32     0     0    16     0    0   163   225.0K    0.860     1273  OK
 61    5    4      2     1    32   160     2      1     1    1    0    0     1     0     0     0     0   32     0     0    16     0    0   167   225.0K    0.867     1262  OK
 62    5    4      2     1    32   160     2      1     1    2    0    0     1     0     0     0     0   32     0     0    16     0    0   167   225.0K    0.867     1264  OK
 63    5    4      2     1    32   160     2      1     1    6    1    0     1     0     0     0     0   32     0     0    16     0    0   163   225.0K    0.868     1261  OK
 64    5    4      2     1    32   160     2      1     1    2    4    0     1     0     0     0     0   32     0     0    16     0    0   143   225.0K    0.885     1238  OK
 65    5    4      2     1    32   160     2      1     1    1    4    0     1     0     0     0     0   32     0     0    16     0    0   143   225.0K    0.887     1234  OK
 66    5    4      2     1    32   160     2      1     1    1    1    0     1     0     0     0     0   32     0     0    16     0    0   143   225.0K    0.896     1222  OK
 67    5    4      2     1    32   160     2      1     1    2    1    0     1     0     0     0     0   32     0     0    16     0    0   143   225.0K    0.900     1217  OK

CSV written to /root/siglip/data/session_20260317_003805/sweep_patch_embed.csv

Best: -DK_LOOP_UNROLL=8 -DMBAR_EARLY=1 -DSTAGGER_CYCLES=160 → 0.525 ms / 2085 TFLOPS (214 regs)
