Kernel: fc1_gelu (fc1_gelu.cu)
Per-kernel tiers for fc1_gelu: skipping SNAKE_ORDER, TMA_RESIDUAL, W0_RES_PREFETCH, NUM_PASSES_PARAM, BIAS_SMEM
Pinned at winner values: K_LOOP_UNROLL=5 MBAR_EARLY=1 N_STAGES=5 STAGGER_CYCLES=0 SUB_MMA_UNROLL=3

=== Tier 1: GELU_VARIANT, INTERLEAVE_STRATEGY ===
Sweep: 12 total, 12 valid, 0 pruned
Estimated time: ~1 min (12 configs × ~5s each)

[1/12] -DINTERLEAVE_STRATEGY=0 -DMBAR_EARLY=1 -DN_STAGES=5 -DSTAGGER_CYCLES=0 -DSUB_MMA_UNROLL=3 ... 3.253 ms / 1347 TFLOPS  (240 regs, 2.8s)
[2/12] -DINTERLEAVE_STRATEGY=1 -DMBAR_EARLY=1 -DN_STAGES=5 -DSTAGGER_CYCLES=0 -DSUB_MMA_UNROLL=3 ... 2.792 ms / 1569 TFLOPS  (240 regs, 2.7s)
[3/12] -DMBAR_EARLY=1 -DN_STAGES=5 -DSTAGGER_CYCLES=0 -DSUB_MMA_UNROLL=3 ... 3.014 ms / 1453 TFLOPS  (240 regs, 2.7s)
[4/12] -DINTERLEAVE_STRATEGY=3 -DMBAR_EARLY=1 -DN_STAGES=5 -DSTAGGER_CYCLES=0 -DSUB_MMA_UNROLL=3 ... 2.759 ms / 1588 TFLOPS  (242 regs, 2.7s)
[5/12] -DGELU_VARIANT=4 -DINTERLEAVE_STRATEGY=0 -DMBAR_EARLY=1 -DN_STAGES=5 -DSTAGGER_CYCLES=0 -DSUB_MMA_UNROLL=3 ... 3.134 ms / 1398 TFLOPS  (240 regs, 2.8s)
[6/12] -DGELU_VARIANT=4 -DINTERLEAVE_STRATEGY=1 -DMBAR_EARLY=1 -DN_STAGES=5 -DSTAGGER_CYCLES=0 -DSUB_MMA_UNROLL=3 ... 2.872 ms / 1525 TFLOPS  (240 regs, 2.7s)
[7/12] -DGELU_VARIANT=4 -DMBAR_EARLY=1 -DN_STAGES=5 -DSTAGGER_CYCLES=0 -DSUB_MMA_UNROLL=3 ... 3.012 ms / 1454 TFLOPS  (240 regs, 2.8s)
[8/12] -DGELU_VARIANT=4 -DINTERLEAVE_STRATEGY=3 -DMBAR_EARLY=1 -DN_STAGES=5 -DSTAGGER_CYCLES=0 -DSUB_MMA_UNROLL=3 ... 2.892 ms / 1515 TFLOPS  (242 regs, 2.7s)
[9/12] -DGELU_VARIANT=5 -DINTERLEAVE_STRATEGY=0 -DMBAR_EARLY=1 -DN_STAGES=5 -DSTAGGER_CYCLES=0 -DSUB_MMA_UNROLL=3 ... 3.138 ms / 1396 TFLOPS  (240 regs, 2.7s)
[10/12] -DGELU_VARIANT=5 -DINTERLEAVE_STRATEGY=1 -DMBAR_EARLY=1 -DN_STAGES=5 -DSTAGGER_CYCLES=0 -DSUB_MMA_UNROLL=3 ... 2.760 ms / 1587 TFLOPS  (240 regs, 2.8s)
[11/12] -DGELU_VARIANT=5 -DMBAR_EARLY=1 -DN_STAGES=5 -DSTAGGER_CYCLES=0 -DSUB_MMA_UNROLL=3 ... 2.923 ms / 1498 TFLOPS  (240 regs, 2.8s)
[12/12] -DGELU_VARIANT=5 -DINTERLEAVE_STRATEGY=3 -DMBAR_EARLY=1 -DN_STAGES=5 -DSTAGGER_CYCLES=0 -DSUB_MMA_UNROLL=3 ... 2.737 ms / 1600 TFLOPS  (242 regs, 2.7s)
  η²: GELU_VARIANT=0.052, INTERLEAVE_STRATEGY=0.890

Tier 1 winner (top-3): -DGELU_VARIANT=5 -DINTERLEAVE_STRATEGY=3 -DMBAR_EARLY=1 -DN_STAGES=5 -DSTAGGER_CYCLES=0 -DSUB_MMA_UNROLL=3 → 2.737 ms / 1600 TFLOPS
  #2: -DINTERLEAVE_STRATEGY=3 -DMBAR_EARLY=1 -DN_STAGES=5 -DSTAGGER_CYCLES=0 -DSUB_MMA_UNROLL=3 → 2.759 ms / 1588 TFLOPS
  #3: -DGELU_VARIANT=5 -DINTERLEAVE_STRATEGY=1 -DMBAR_EARLY=1 -DN_STAGES=5 -DSTAGGER_CYCLES=0 -DSUB_MMA_UNROLL=3 → 2.760 ms / 1587 TFLOPS

=== Tier 2: PHASE1_UNROLL, STORE_TIMING, PRELOAD_MODE, BATCH_EPILOGUE ===
  Branch 1/3: -DGELU_VARIANT=5 -DINTERLEAVE_STRATEGY=3 -DMBAR_EARLY=1 -DN_STAGES=5 -DSTAGGER_CYCLES=0 -DSUB_MMA_UNROLL=3
Sweep: 36 total, 18 valid, 18 pruned
Estimated time: ~2 min (18 configs × ~5s each)

[1/18] -DGELU_VARIANT=5 -DINTERLEAVE_STRATEGY=3 -DMBAR_EARLY=1 -DN_STAGES=5 -DPHASE1_UNROLL=1 -DPRELOAD_MODE=0 -DSTAGGER_CYCLES=0 -DSUB_MMA_UNROLL=3 ... 3.254 ms / 1346 TFLOPS  (238 regs, 2.8s)
[2/18] -DGELU_VARIANT=5 -DMBAR_EARLY=1 -DN_STAGES=5 -DPHASE1_UNROLL=1 -DPRELOAD_MODE=0 -DSTAGGER_CYCLES=0 -DSTORE_TIMING=1 -DSUB_MMA_UNROLL=3 ... 3.503 ms / 1250 TFLOPS  (236 regs, 2.7s)
[3/18] -DGELU_VARIANT=5 -DINTERLEAVE_STRATEGY=3 -DMBAR_EARLY=1 -DN_STAGES=5 -DPHASE1_UNROLL=1 -DSTAGGER_CYCLES=0 -DSUB_MMA_UNROLL=3 ... 3.219 ms / 1361 TFLOPS  (238 regs, 2.7s)
[4/18] -DGELU_VARIANT=5 -DMBAR_EARLY=1 -DN_STAGES=5 -DPHASE1_UNROLL=1 -DSTAGGER_CYCLES=0 -DSTORE_TIMING=1 -DSUB_MMA_UNROLL=3 ... 3.465 ms / 1264 TFLOPS  (236 regs, 2.8s)
[5/18] -DGELU_VARIANT=5 -DINTERLEAVE_STRATEGY=3 -DMBAR_EARLY=1 -DN_STAGES=5 -DPHASE1_UNROLL=1 -DPRELOAD_MODE=2 -DSTAGGER_CYCLES=0 -DSUB_MMA_UNROLL=3 ... 3.456 ms / 1267 TFLOPS  (238 regs, 2.7s)
[6/18] -DGELU_VARIANT=5 -DMBAR_EARLY=1 -DN_STAGES=5 -DPHASE1_UNROLL=1 -DPRELOAD_MODE=2 -DSTAGGER_CYCLES=0 -DSTORE_TIMING=1 -DSUB_MMA_UNROLL=3 ... 3.650 ms / 1200 TFLOPS  (236 regs, 2.7s)
[7/18] -DGELU_VARIANT=5 -DINTERLEAVE_STRATEGY=3 -DMBAR_EARLY=1 -DN_STAGES=5 -DPRELOAD_MODE=0 -DSTAGGER_CYCLES=0 -DSUB_MMA_UNROLL=3 ... 2.815 ms / 1556 TFLOPS  (240 regs, 2.7s)
[8/18] -DGELU_VARIANT=5 -DMBAR_EARLY=1 -DN_STAGES=5 -DPRELOAD_MODE=0 -DSTAGGER_CYCLES=0 -DSTORE_TIMING=1 -DSUB_MMA_UNROLL=3 ... 3.288 ms / 1332 TFLOPS  (240 regs, 2.8s)
[9/18] -DGELU_VARIANT=5 -DINTERLEAVE_STRATEGY=3 -DMBAR_EARLY=1 -DN_STAGES=5 -DSTAGGER_CYCLES=0 -DSUB_MMA_UNROLL=3 ... 2.712 ms / 1615 TFLOPS  (242 regs, 2.7s)
[10/18] -DGELU_VARIANT=5 -DMBAR_EARLY=1 -DN_STAGES=5 -DSTAGGER_CYCLES=0 -DSTORE_TIMING=1 -DSUB_MMA_UNROLL=3 ... 3.171 ms / 1381 TFLOPS  (240 regs, 2.8s)
[11/18] -DGELU_VARIANT=5 -DINTERLEAVE_STRATEGY=3 -DMBAR_EARLY=1 -DN_STAGES=5 -DPRELOAD_MODE=2 -DSTAGGER_CYCLES=0 -DSUB_MMA_UNROLL=3 ... 2.652 ms / 1651 TFLOPS  (247 regs, 2.8s)
[12/18] -DGELU_VARIANT=5 -DMBAR_EARLY=1 -DN_STAGES=5 -DPRELOAD_MODE=2 -DSTAGGER_CYCLES=0 -DSTORE_TIMING=1 -DSUB_MMA_UNROLL=3 ... 2.953 ms / 1483 TFLOPS  (249 regs, 2.7s)
[13/18] -DGELU_VARIANT=5 -DINTERLEAVE_STRATEGY=3 -DMBAR_EARLY=1 -DN_STAGES=5 -DPHASE1_UNROLL=4 -DPRELOAD_MODE=0 -DSTAGGER_CYCLES=0 -DSUB_MMA_UNROLL=3 ... 2.699 ms / 1623 TFLOPS  (244 regs, 2.8s)
[14/18] -DGELU_VARIANT=5 -DMBAR_EARLY=1 -DN_STAGES=5 -DPHASE1_UNROLL=4 -DPRELOAD_MODE=0 -DSTAGGER_CYCLES=0 -DSTORE_TIMING=1 -DSUB_MMA_UNROLL=3 ... 2.364 ms / 1853 TFLOPS  (244 regs, 2.8s)
[15/18] -DGELU_VARIANT=5 -DINTERLEAVE_STRATEGY=3 -DMBAR_EARLY=1 -DN_STAGES=5 -DPHASE1_UNROLL=4 -DSTAGGER_CYCLES=0 -DSUB_MMA_UNROLL=3 ... 2.660 ms / 1646 TFLOPS  (244 regs, 2.8s)
[16/18] -DGELU_VARIANT=5 -DMBAR_EARLY=1 -DN_STAGES=5 -DPHASE1_UNROLL=4 -DSTAGGER_CYCLES=0 -DSTORE_TIMING=1 -DSUB_MMA_UNROLL=3 ... 2.318 ms / 1890 TFLOPS  (244 regs, 2.9s)
[17/18] -DGELU_VARIANT=5 -DINTERLEAVE_STRATEGY=3 -DMBAR_EARLY=1 -DN_STAGES=5 -DPHASE1_UNROLL=4 -DPRELOAD_MODE=2 -DSTAGGER_CYCLES=0 -DSUB_MMA_UNROLL=3 ... 2.608 ms / 1679 TFLOPS  (249 regs, 2.8s)
[18/18] -DGELU_VARIANT=5 -DMBAR_EARLY=1 -DN_STAGES=5 -DPHASE1_UNROLL=4 -DPRELOAD_MODE=2 -DSTAGGER_CYCLES=0 -DSTORE_TIMING=1 -DSUB_MMA_UNROLL=3 ... 2.628 ms / 1667 TFLOPS  (246 regs, 2.8s)
  Branch 2/3: -DINTERLEAVE_STRATEGY=3 -DMBAR_EARLY=1 -DN_STAGES=5 -DSTAGGER_CYCLES=0 -DSUB_MMA_UNROLL=3
Sweep: 36 total, 36 valid, 0 pruned
Estimated time: ~3 min (36 configs × ~5s each)

[1/36] -DINTERLEAVE_STRATEGY=3 -DMBAR_EARLY=1 -DN_STAGES=5 -DPHASE1_UNROLL=1 -DPRELOAD_MODE=0 -DSTAGGER_CYCLES=0 -DSUB_MMA_UNROLL=3 ... 3.282 ms / 1335 TFLOPS  (238 regs, 2.7s)
[2/36] -DMBAR_EARLY=1 -DN_STAGES=5 -DPHASE1_UNROLL=1 -DPRELOAD_MODE=0 -DSTAGGER_CYCLES=0 -DSTORE_TIMING=1 -DSUB_MMA_UNROLL=3 ... 3.508 ms / 1249 TFLOPS  (236 regs, 2.7s)
[3/36] -DINTERLEAVE_STRATEGY=3 -DMBAR_EARLY=1 -DN_STAGES=5 -DPHASE1_UNROLL=1 -DSTAGGER_CYCLES=0 -DSUB_MMA_UNROLL=3 ... 3.226 ms / 1358 TFLOPS  (238 regs, 2.7s)
[4/36] -DMBAR_EARLY=1 -DN_STAGES=5 -DPHASE1_UNROLL=1 -DSTAGGER_CYCLES=0 -DSTORE_TIMING=1 -DSUB_MMA_UNROLL=3 ... 3.449 ms / 1270 TFLOPS  (236 regs, 2.7s)
[5/36] -DINTERLEAVE_STRATEGY=3 -DMBAR_EARLY=1 -DN_STAGES=5 -DPHASE1_UNROLL=1 -DPRELOAD_MODE=2 -DSTAGGER_CYCLES=0 -DSUB_MMA_UNROLL=3 ... 3.477 ms / 1260 TFLOPS  (238 regs, 2.7s)
[6/36] -DMBAR_EARLY=1 -DN_STAGES=5 -DPHASE1_UNROLL=1 -DPRELOAD_MODE=2 -DSTAGGER_CYCLES=0 -DSTORE_TIMING=1 -DSUB_MMA_UNROLL=3 ... 3.651 ms / 1200 TFLOPS  (236 regs, 2.7s)
[7/36] -DINTERLEAVE_STRATEGY=3 -DMBAR_EARLY=1 -DN_STAGES=5 -DPRELOAD_MODE=0 -DSTAGGER_CYCLES=0 -DSUB_MMA_UNROLL=3 ... 2.798 ms / 1565 TFLOPS  (240 regs, 2.7s)
[8/36] -DMBAR_EARLY=1 -DN_STAGES=5 -DPRELOAD_MODE=0 -DSTAGGER_CYCLES=0 -DSTORE_TIMING=1 -DSUB_MMA_UNROLL=3 ... 3.206 ms / 1366 TFLOPS  (240 regs, 2.7s)
[9/36] -DINTERLEAVE_STRATEGY=3 -DMBAR_EARLY=1 -DN_STAGES=5 -DSTAGGER_CYCLES=0 -DSUB_MMA_UNROLL=3 ... 2.776 ms / 1578 TFLOPS  (242 regs, 2.7s)
[10/36] -DMBAR_EARLY=1 -DN_STAGES=5 -DSTAGGER_CYCLES=0 -DSTORE_TIMING=1 -DSUB_MMA_UNROLL=3 ... 3.147 ms / 1392 TFLOPS  (240 regs, 2.7s)
[11/36] -DINTERLEAVE_STRATEGY=3 -DMBAR_EARLY=1 -DN_STAGES=5 -DPRELOAD_MODE=2 -DSTAGGER_CYCLES=0 -DSUB_MMA_UNROLL=3 ... 2.668 ms / 1641 TFLOPS  (247 regs, 2.7s)
[12/36] -DMBAR_EARLY=1 -DN_STAGES=5 -DPRELOAD_MODE=2 -DSTAGGER_CYCLES=0 -DSTORE_TIMING=1 -DSUB_MMA_UNROLL=3 ... 2.944 ms / 1488 TFLOPS  (249 regs, 2.7s)
[13/36] -DINTERLEAVE_STRATEGY=3 -DMBAR_EARLY=1 -DN_STAGES=5 -DPHASE1_UNROLL=4 -DPRELOAD_MODE=0 -DSTAGGER_CYCLES=0 -DSUB_MMA_UNROLL=3 ... 2.666 ms / 1643 TFLOPS  (244 regs, 2.8s)
[14/36] -DMBAR_EARLY=1 -DN_STAGES=5 -DPHASE1_UNROLL=4 -DPRELOAD_MODE=0 -DSTAGGER_CYCLES=0 -DSTORE_TIMING=1 -DSUB_MMA_UNROLL=3 ... 2.930 ms / 1495 TFLOPS  (244 regs, 2.8s)
[15/36] -DINTERLEAVE_STRATEGY=3 -DMBAR_EARLY=1 -DN_STAGES=5 -DPHASE1_UNROLL=4 -DSTAGGER_CYCLES=0 -DSUB_MMA_UNROLL=3 ... 2.646 ms / 1656 TFLOPS  (244 regs, 2.8s)
[16/36] -DMBAR_EARLY=1 -DN_STAGES=5 -DPHASE1_UNROLL=4 -DSTAGGER_CYCLES=0 -DSTORE_TIMING=1 -DSUB_MMA_UNROLL=3 ... 2.324 ms / 1885 TFLOPS  (244 regs, 2.7s)
[17/36] -DINTERLEAVE_STRATEGY=3 -DMBAR_EARLY=1 -DN_STAGES=5 -DPHASE1_UNROLL=4 -DPRELOAD_MODE=2 -DSTAGGER_CYCLES=0 -DSUB_MMA_UNROLL=3 ... 2.590 ms / 1691 TFLOPS  (249 regs, 2.8s)
[18/36] -DMBAR_EARLY=1 -DN_STAGES=5 -DPHASE1_UNROLL=4 -DPRELOAD_MODE=2 -DSTAGGER_CYCLES=0 -DSTORE_TIMING=1 -DSUB_MMA_UNROLL=3 ... 2.570 ms / 1704 TFLOPS  (246 regs, 2.8s)
[19/36] -DBATCH_EPILOGUE=1 -DINTERLEAVE_STRATEGY=3 -DMBAR_EARLY=1 -DN_STAGES=5 -DPHASE1_UNROLL=1 -DPRELOAD_MODE=0 -DSTAGGER_CYCLES=0 -DSUB_MMA_UNROLL=3 ... 3.332 ms / 1315 TFLOPS  (211 regs, 2.7s)
[20/36] -DBATCH_EPILOGUE=1 -DMBAR_EARLY=1 -DN_STAGES=5 -DPHASE1_UNROLL=1 -DPRELOAD_MODE=0 -DSTAGGER_CYCLES=0 -DSTORE_TIMING=1 -DSUB_MMA_UNROLL=3 ... 3.666 ms / 1195 TFLOPS  (211 regs, 2.7s)
[21/36] -DBATCH_EPILOGUE=1 -DINTERLEAVE_STRATEGY=3 -DMBAR_EARLY=1 -DN_STAGES=5 -DPHASE1_UNROLL=1 -DSTAGGER_CYCLES=0 -DSUB_MMA_UNROLL=3 ... 3.311 ms / 1323 TFLOPS  (211 regs, 2.7s)
[22/36] -DBATCH_EPILOGUE=1 -DMBAR_EARLY=1 -DN_STAGES=5 -DPHASE1_UNROLL=1 -DSTAGGER_CYCLES=0 -DSTORE_TIMING=1 -DSUB_MMA_UNROLL=3 ... 3.586 ms / 1221 TFLOPS  (211 regs, 2.7s)
[23/36] -DBATCH_EPILOGUE=1 -DINTERLEAVE_STRATEGY=3 -DMBAR_EARLY=1 -DN_STAGES=5 -DPHASE1_UNROLL=1 -DPRELOAD_MODE=2 -DSTAGGER_CYCLES=0 -DSUB_MMA_UNROLL=3 ... 3.486 ms / 1257 TFLOPS  (211 regs, 2.7s)
[24/36] -DBATCH_EPILOGUE=1 -DMBAR_EARLY=1 -DN_STAGES=5 -DPHASE1_UNROLL=1 -DPRELOAD_MODE=2 -DSTAGGER_CYCLES=0 -DSTORE_TIMING=1 -DSUB_MMA_UNROLL=3 ... 3.646 ms / 1201 TFLOPS  (211 regs, 2.7s)
[25/36] -DBATCH_EPILOGUE=1 -DINTERLEAVE_STRATEGY=3 -DMBAR_EARLY=1 -DN_STAGES=5 -DPRELOAD_MODE=0 -DSTAGGER_CYCLES=0 -DSUB_MMA_UNROLL=3 ... 2.904 ms / 1508 TFLOPS  (248 regs, 2.7s)
[26/36] -DBATCH_EPILOGUE=1 -DMBAR_EARLY=1 -DN_STAGES=5 -DPRELOAD_MODE=0 -DSTAGGER_CYCLES=0 -DSTORE_TIMING=1 -DSUB_MMA_UNROLL=3 ... 3.285 ms / 1333 TFLOPS  (247 regs, 2.8s)
[27/36] -DBATCH_EPILOGUE=1 -DINTERLEAVE_STRATEGY=3 -DMBAR_EARLY=1 -DN_STAGES=5 -DSTAGGER_CYCLES=0 -DSUB_MMA_UNROLL=3 ... 2.861 ms / 1531 TFLOPS  (248 regs, 2.7s)
[28/36] -DBATCH_EPILOGUE=1 -DMBAR_EARLY=1 -DN_STAGES=5 -DSTAGGER_CYCLES=0 -DSTORE_TIMING=1 -DSUB_MMA_UNROLL=3 ... 3.304 ms / 1326 TFLOPS  (247 regs, 2.7s)
[29/36] -DBATCH_EPILOGUE=1 -DINTERLEAVE_STRATEGY=3 -DMBAR_EARLY=1 -DN_STAGES=5 -DPRELOAD_MODE=2 -DSTAGGER_CYCLES=0 -DSUB_MMA_UNROLL=3 ... 2.658 ms / 1648 TFLOPS  (247 regs, 2.7s)
[30/36] -DBATCH_EPILOGUE=1 -DMBAR_EARLY=1 -DN_STAGES=5 -DPRELOAD_MODE=2 -DSTAGGER_CYCLES=0 -DSTORE_TIMING=1 -DSUB_MMA_UNROLL=3 ... 3.039 ms / 1441 TFLOPS  (248 regs, 2.7s)
[31/36] -DBATCH_EPILOGUE=1 -DINTERLEAVE_STRATEGY=3 -DMBAR_EARLY=1 -DN_STAGES=5 -DPHASE1_UNROLL=4 -DPRELOAD_MODE=0 -DSTAGGER_CYCLES=0 -DSUB_MMA_UNROLL=3 ... 2.765 ms / 1584 TFLOPS  (244 regs, 2.8s)
[32/36] -DBATCH_EPILOGUE=1 -DMBAR_EARLY=1 -DN_STAGES=5 -DPHASE1_UNROLL=4 -DPRELOAD_MODE=0 -DSTAGGER_CYCLES=0 -DSTORE_TIMING=1 -DSUB_MMA_UNROLL=3 ... 2.983 ms / 1468 TFLOPS  (247 regs, 2.8s)
[33/36] -DBATCH_EPILOGUE=1 -DINTERLEAVE_STRATEGY=3 -DMBAR_EARLY=1 -DN_STAGES=5 -DPHASE1_UNROLL=4 -DSTAGGER_CYCLES=0 -DSUB_MMA_UNROLL=3 ... 2.680 ms / 1634 TFLOPS  (244 regs, 2.8s)
[34/36] -DBATCH_EPILOGUE=1 -DMBAR_EARLY=1 -DN_STAGES=5 -DPHASE1_UNROLL=4 -DSTAGGER_CYCLES=0 -DSTORE_TIMING=1 -DSUB_MMA_UNROLL=3 ... 2.819 ms / 1554 TFLOPS  (247 regs, 2.7s)
[35/36] -DBATCH_EPILOGUE=1 -DINTERLEAVE_STRATEGY=3 -DMBAR_EARLY=1 -DN_STAGES=5 -DPHASE1_UNROLL=4 -DPRELOAD_MODE=2 -DSTAGGER_CYCLES=0 -DSUB_MMA_UNROLL=3 ... 2.626 ms / 1668 TFLOPS  (248 regs, 2.8s)
[36/36] -DBATCH_EPILOGUE=1 -DMBAR_EARLY=1 -DN_STAGES=5 -DPHASE1_UNROLL=4 -DPRELOAD_MODE=2 -DSTAGGER_CYCLES=0 -DSTORE_TIMING=1 -DSUB_MMA_UNROLL=3 ... 2.571 ms / 1704 TFLOPS  (247 regs, 2.8s)
  Branch 3/3: -DGELU_VARIANT=5 -DINTERLEAVE_STRATEGY=1 -DMBAR_EARLY=1 -DN_STAGES=5 -DSTAGGER_CYCLES=0 -DSUB_MMA_UNROLL=3
Sweep: 36 total, 9 valid, 18 pruned, 9 deduped
Estimated time: ~1 min (9 configs × ~5s each)

[1/9] -DGELU_VARIANT=5 -DINTERLEAVE_STRATEGY=1 -DMBAR_EARLY=1 -DN_STAGES=5 -DPHASE1_UNROLL=1 -DPRELOAD_MODE=0 -DSTAGGER_CYCLES=0 -DSUB_MMA_UNROLL=3 ... 3.387 ms / 1293 TFLOPS  (239 regs, 2.7s)
[2/9] -DGELU_VARIANT=5 -DINTERLEAVE_STRATEGY=1 -DMBAR_EARLY=1 -DN_STAGES=5 -DPHASE1_UNROLL=1 -DSTAGGER_CYCLES=0 -DSUB_MMA_UNROLL=3 ... 3.361 ms / 1303 TFLOPS  (239 regs, 2.7s)
[3/9] -DGELU_VARIANT=5 -DINTERLEAVE_STRATEGY=1 -DMBAR_EARLY=1 -DN_STAGES=5 -DPHASE1_UNROLL=1 -DPRELOAD_MODE=2 -DSTAGGER_CYCLES=0 -DSUB_MMA_UNROLL=3 ... 3.463 ms / 1265 TFLOPS  (239 regs, 2.7s)
[4/9] -DGELU_VARIANT=5 -DINTERLEAVE_STRATEGY=1 -DMBAR_EARLY=1 -DN_STAGES=5 -DPRELOAD_MODE=0 -DSTAGGER_CYCLES=0 -DSUB_MMA_UNROLL=3 ... 2.804 ms / 1562 TFLOPS  (240 regs, 2.8s)
[5/9] -DGELU_VARIANT=5 -DINTERLEAVE_STRATEGY=1 -DMBAR_EARLY=1 -DN_STAGES=5 -DSTAGGER_CYCLES=0 -DSUB_MMA_UNROLL=3 ... 2.744 ms / 1596 TFLOPS  (240 regs, 2.8s)
[6/9] -DGELU_VARIANT=5 -DINTERLEAVE_STRATEGY=1 -DMBAR_EARLY=1 -DN_STAGES=5 -DPRELOAD_MODE=2 -DSTAGGER_CYCLES=0 -DSUB_MMA_UNROLL=3 ... 2.722 ms / 1609 TFLOPS  (249 regs, 2.8s)
[7/9] -DGELU_VARIANT=5 -DINTERLEAVE_STRATEGY=1 -DMBAR_EARLY=1 -DN_STAGES=5 -DPHASE1_UNROLL=4 -DPRELOAD_MODE=0 -DSTAGGER_CYCLES=0 -DSUB_MMA_UNROLL=3 ... 2.672 ms / 1639 TFLOPS  (244 regs, 2.8s)
[8/9] -DGELU_VARIANT=5 -DINTERLEAVE_STRATEGY=1 -DMBAR_EARLY=1 -DN_STAGES=5 -DPHASE1_UNROLL=4 -DSTAGGER_CYCLES=0 -DSUB_MMA_UNROLL=3 ... 2.665 ms / 1643 TFLOPS  (244 regs, 2.9s)
[9/9] -DGELU_VARIANT=5 -DINTERLEAVE_STRATEGY=1 -DMBAR_EARLY=1 -DN_STAGES=5 -DPHASE1_UNROLL=4 -DPRELOAD_MODE=2 -DSTAGGER_CYCLES=0 -DSUB_MMA_UNROLL=3 ... 2.660 ms / 1647 TFLOPS  (249 regs, 2.9s)
  η²: PHASE1_UNROLL=0.781, STORE_TIMING=0.059, PRELOAD_MODE=0.008, BATCH_EPILOGUE=0.018
  top-lock: PHASE1_UNROLL=4(top10,33%), STORE_TIMING=1(top5,43%)

Tier 2 winner (top-3): -DGELU_VARIANT=5 -DMBAR_EARLY=1 -DN_STAGES=5 -DPHASE1_UNROLL=4 -DSTAGGER_CYCLES=0 -DSTORE_TIMING=1 -DSUB_MMA_UNROLL=3 → 2.318 ms / 1890 TFLOPS
  #2: -DGELU_VARIANT=5 -DMBAR_EARLY=1 -DN_STAGES=5 -DPHASE1_UNROLL=4 -DPRELOAD_MODE=0 -DSTAGGER_CYCLES=0 -DSTORE_TIMING=1 -DSUB_MMA_UNROLL=3 → 2.364 ms / 1853 TFLOPS
  #3: -DMBAR_EARLY=1 -DN_STAGES=5 -DPHASE1_UNROLL=4 -DPRELOAD_MODE=2 -DSTAGGER_CYCLES=0 -DSTORE_TIMING=1 -DSUB_MMA_UNROLL=3 → 2.570 ms / 1704 TFLOPS

=== Tier 3: EPILOGUE_LOOP, STS_WIDTH, EPI_SYNC, GELU_VECTOR_WIDTH ===
  Branch 1/3: -DGELU_VARIANT=5 -DMBAR_EARLY=1 -DN_STAGES=5 -DPHASE1_UNROLL=4 -DSTAGGER_CYCLES=0 -DSTORE_TIMING=1 -DSUB_MMA_UNROLL=3
Sweep: 24 total, 4 valid, 20 pruned
Estimated time: ~0 min (4 configs × ~5s each)

[1/4] -DGELU_VARIANT=5 -DMBAR_EARLY=1 -DN_STAGES=5 -DPHASE1_UNROLL=4 -DSTAGGER_CYCLES=0 -DSTORE_TIMING=1 -DSUB_MMA_UNROLL=3 ... 2.317 ms / 1890 TFLOPS  (244 regs, 2.9s)
[2/4] -DEPI_SYNC=1 -DGELU_VARIANT=5 -DMBAR_EARLY=1 -DN_STAGES=5 -DPHASE1_UNROLL=4 -DSTAGGER_CYCLES=0 -DSTORE_TIMING=1 -DSUB_MMA_UNROLL=3 ... 2.674 ms / 1638 TFLOPS  (244 regs, 2.8s)
[3/4] -DEPILOGUE_LOOP=1 -DGELU_VARIANT=5 -DMBAR_EARLY=1 -DN_STAGES=5 -DSTAGGER_CYCLES=0 -DSTORE_TIMING=1 -DSUB_MMA_UNROLL=3 ... 3.457 ms / 1267 TFLOPS  (236 regs, 2.7s)
[4/4] -DEPILOGUE_LOOP=1 -DEPI_SYNC=1 -DGELU_VARIANT=5 -DMBAR_EARLY=1 -DN_STAGES=5 -DSTAGGER_CYCLES=0 -DSTORE_TIMING=1 -DSUB_MMA_UNROLL=3 ... 3.453 ms / 1269 TFLOPS  (236 regs, 2.7s)
  Branch 2/3: -DGELU_VARIANT=5 -DMBAR_EARLY=1 -DN_STAGES=5 -DPHASE1_UNROLL=4 -DPRELOAD_MODE=0 -DSTAGGER_CYCLES=0 -DSTORE_TIMING=1 -DSUB_MMA_UNROLL=3
Sweep: 24 total, 4 valid, 20 pruned
Estimated time: ~0 min (4 configs × ~5s each)

[1/4] -DGELU_VARIANT=5 -DMBAR_EARLY=1 -DN_STAGES=5 -DPHASE1_UNROLL=4 -DPRELOAD_MODE=0 -DSTAGGER_CYCLES=0 -DSTORE_TIMING=1 -DSUB_MMA_UNROLL=3 ... 2.373 ms / 1846 TFLOPS  (244 regs, 2.8s)
[2/4] -DEPI_SYNC=1 -DGELU_VARIANT=5 -DMBAR_EARLY=1 -DN_STAGES=5 -DPHASE1_UNROLL=4 -DPRELOAD_MODE=0 -DSTAGGER_CYCLES=0 -DSTORE_TIMING=1 -DSUB_MMA_UNROLL=3 ... 2.719 ms / 1611 TFLOPS  (244 regs, 2.8s)
[3/4] -DEPILOGUE_LOOP=1 -DGELU_VARIANT=5 -DMBAR_EARLY=1 -DN_STAGES=5 -DPRELOAD_MODE=0 -DSTAGGER_CYCLES=0 -DSTORE_TIMING=1 -DSUB_MMA_UNROLL=3 ... 3.550 ms / 1234 TFLOPS  (236 regs, 2.7s)
[4/4] -DEPILOGUE_LOOP=1 -DEPI_SYNC=1 -DGELU_VARIANT=5 -DMBAR_EARLY=1 -DN_STAGES=5 -DPRELOAD_MODE=0 -DSTAGGER_CYCLES=0 -DSTORE_TIMING=1 -DSUB_MMA_UNROLL=3 ... 3.520 ms / 1244 TFLOPS  (236 regs, 2.7s)
  Branch 3/3: -DMBAR_EARLY=1 -DN_STAGES=5 -DPHASE1_UNROLL=4 -DPRELOAD_MODE=2 -DSTAGGER_CYCLES=0 -DSTORE_TIMING=1 -DSUB_MMA_UNROLL=3
Sweep: 24 total, 2 valid, 22 pruned
Estimated time: ~0 min (2 configs × ~5s each)

[1/2] -DMBAR_EARLY=1 -DN_STAGES=5 -DPHASE1_UNROLL=4 -DPRELOAD_MODE=2 -DSTAGGER_CYCLES=0 -DSTORE_TIMING=1 -DSUB_MMA_UNROLL=3 ... 2.544 ms / 1722 TFLOPS  (246 regs, 2.8s)
[2/2] -DEPI_SYNC=1 -DMBAR_EARLY=1 -DN_STAGES=5 -DPHASE1_UNROLL=4 -DPRELOAD_MODE=2 -DSTAGGER_CYCLES=0 -DSTORE_TIMING=1 -DSUB_MMA_UNROLL=3 ... 2.776 ms / 1578 TFLOPS  (246 regs, 2.8s)
  η²: EPILOGUE_LOOP=0.918, EPI_SYNC=0.036
  top-lock: EPILOGUE_LOOP=0(top5,60%)

  Gap: 15.41% → k_eff=2 (from 3)

Tier 3 winner (top-3): -DGELU_VARIANT=5 -DMBAR_EARLY=1 -DN_STAGES=5 -DPHASE1_UNROLL=4 -DSTAGGER_CYCLES=0 -DSTORE_TIMING=1 -DSUB_MMA_UNROLL=3 → 2.317 ms / 1890 TFLOPS
  #2: -DEPI_SYNC=1 -DGELU_VARIANT=5 -DMBAR_EARLY=1 -DN_STAGES=5 -DPHASE1_UNROLL=4 -DSTAGGER_CYCLES=0 -DSTORE_TIMING=1 -DSUB_MMA_UNROLL=3 → 2.674 ms / 1638 TFLOPS
  #3: -DEPILOGUE_LOOP=1 -DEPI_SYNC=1 -DGELU_VARIANT=5 -DMBAR_EARLY=1 -DN_STAGES=5 -DSTAGGER_CYCLES=0 -DSTORE_TIMING=1 -DSUB_MMA_UNROLL=3 → 3.453 ms / 1269 TFLOPS

=== Interaction: epilogue (BATCH_EPILOGUE, INTERLEAVE_STRATEGY, PRELOAD_MODE) ===
  Branch 1/2: -DGELU_VARIANT=5 -DMBAR_EARLY=1 -DN_STAGES=5 -DPHASE1_UNROLL=4 -DSTAGGER_CYCLES=0 -DSTORE_TIMING=1 -DSUB_MMA_UNROLL=3
Sweep: 24 total, 3 valid, 15 pruned, 6 deduped
Estimated time: ~0 min (3 configs × ~5s each)

[1/3] -DGELU_VARIANT=5 -DMBAR_EARLY=1 -DN_STAGES=5 -DPHASE1_UNROLL=4 -DPRELOAD_MODE=0 -DSTAGGER_CYCLES=0 -DSTORE_TIMING=1 -DSUB_MMA_UNROLL=3 ... 2.398 ms / 1827 TFLOPS  (244 regs, 2.8s)
[2/3] -DGELU_VARIANT=5 -DMBAR_EARLY=1 -DN_STAGES=5 -DPHASE1_UNROLL=4 -DSTAGGER_CYCLES=0 -DSTORE_TIMING=1 -DSUB_MMA_UNROLL=3 ... 2.309 ms / 1897 TFLOPS  (244 regs, 2.8s)
[3/3] -DGELU_VARIANT=5 -DMBAR_EARLY=1 -DN_STAGES=5 -DPHASE1_UNROLL=4 -DPRELOAD_MODE=2 -DSTAGGER_CYCLES=0 -DSTORE_TIMING=1 -DSUB_MMA_UNROLL=3 ... 2.588 ms / 1692 TFLOPS  (246 regs, 2.8s)
  Branch 2/2: -DEPI_SYNC=1 -DGELU_VARIANT=5 -DMBAR_EARLY=1 -DN_STAGES=5 -DPHASE1_UNROLL=4 -DSTAGGER_CYCLES=0 -DSTORE_TIMING=1 -DSUB_MMA_UNROLL=3
Sweep: 24 total, 3 valid, 15 pruned, 6 deduped
Estimated time: ~0 min (3 configs × ~5s each)

[1/3] -DEPI_SYNC=1 -DGELU_VARIANT=5 -DMBAR_EARLY=1 -DN_STAGES=5 -DPHASE1_UNROLL=4 -DPRELOAD_MODE=0 -DSTAGGER_CYCLES=0 -DSTORE_TIMING=1 -DSUB_MMA_UNROLL=3 ... 2.689 ms / 1629 TFLOPS  (244 regs, 2.8s)
[2/3] -DEPI_SYNC=1 -DGELU_VARIANT=5 -DMBAR_EARLY=1 -DN_STAGES=5 -DPHASE1_UNROLL=4 -DSTAGGER_CYCLES=0 -DSTORE_TIMING=1 -DSUB_MMA_UNROLL=3 ... 2.689 ms / 1629 TFLOPS  (244 regs, 2.8s)
[3/3] -DEPI_SYNC=1 -DGELU_VARIANT=5 -DMBAR_EARLY=1 -DN_STAGES=5 -DPHASE1_UNROLL=4 -DPRELOAD_MODE=2 -DSTAGGER_CYCLES=0 -DSTORE_TIMING=1 -DSUB_MMA_UNROLL=3 ... 2.781 ms / 1575 TFLOPS  (246 regs, 2.8s)
  η²: PRELOAD_MODE=0.220
  Best: -DGELU_VARIANT=5 -DMBAR_EARLY=1 -DN_STAGES=5 -DPHASE1_UNROLL=4 -DSTAGGER_CYCLES=0 -DSTORE_TIMING=1 -DSUB_MMA_UNROLL=3 → 2.309 ms / 1897 TFLOPS
  ** New overall best from interaction 'epilogue' **

=== Interaction: gelu (BATCH_EPILOGUE, GELU_VARIANT) ===
  Branch 1/2: -DGELU_VARIANT=5 -DMBAR_EARLY=1 -DN_STAGES=5 -DPHASE1_UNROLL=4 -DSTAGGER_CYCLES=0 -DSTORE_TIMING=1 -DSUB_MMA_UNROLL=3
Sweep: 6 total, 4 valid, 2 pruned
Estimated time: ~0 min (4 configs × ~5s each)

[1/4] -DMBAR_EARLY=1 -DN_STAGES=5 -DPHASE1_UNROLL=4 -DSTAGGER_CYCLES=0 -DSTORE_TIMING=1 -DSUB_MMA_UNROLL=3 ... 2.289 ms / 1913 TFLOPS  (244 regs, 2.8s)
[2/4] -DGELU_VARIANT=4 -DMBAR_EARLY=1 -DN_STAGES=5 -DPHASE1_UNROLL=4 -DSTAGGER_CYCLES=0 -DSTORE_TIMING=1 -DSUB_MMA_UNROLL=3 ... 2.281 ms / 1920 TFLOPS  (244 regs, 2.9s)
[3/4] -DGELU_VARIANT=5 -DMBAR_EARLY=1 -DN_STAGES=5 -DPHASE1_UNROLL=4 -DSTAGGER_CYCLES=0 -DSTORE_TIMING=1 -DSUB_MMA_UNROLL=3 ... 2.318 ms / 1889 TFLOPS  (244 regs, 2.8s)
[4/4] -DBATCH_EPILOGUE=1 -DMBAR_EARLY=1 -DN_STAGES=5 -DPHASE1_UNROLL=4 -DSTAGGER_CYCLES=0 -DSTORE_TIMING=1 -DSUB_MMA_UNROLL=3 ... 2.773 ms / 1580 TFLOPS  (247 regs, 2.8s)
  Branch 2/2: -DEPI_SYNC=1 -DGELU_VARIANT=5 -DMBAR_EARLY=1 -DN_STAGES=5 -DPHASE1_UNROLL=4 -DSTAGGER_CYCLES=0 -DSTORE_TIMING=1 -DSUB_MMA_UNROLL=3
Sweep: 6 total, 4 valid, 2 pruned
Estimated time: ~0 min (4 configs × ~5s each)

[1/4] -DEPI_SYNC=1 -DMBAR_EARLY=1 -DN_STAGES=5 -DPHASE1_UNROLL=4 -DSTAGGER_CYCLES=0 -DSTORE_TIMING=1 -DSUB_MMA_UNROLL=3 ... 2.716 ms / 1612 TFLOPS  (244 regs, 2.8s)
[2/4] -DEPI_SYNC=1 -DGELU_VARIANT=4 -DMBAR_EARLY=1 -DN_STAGES=5 -DPHASE1_UNROLL=4 -DSTAGGER_CYCLES=0 -DSTORE_TIMING=1 -DSUB_MMA_UNROLL=3 ... 2.699 ms / 1623 TFLOPS  (244 regs, 2.8s)
[3/4] -DEPI_SYNC=1 -DGELU_VARIANT=5 -DMBAR_EARLY=1 -DN_STAGES=5 -DPHASE1_UNROLL=4 -DSTAGGER_CYCLES=0 -DSTORE_TIMING=1 -DSUB_MMA_UNROLL=3 ... 2.706 ms / 1619 TFLOPS  (244 regs, 2.9s)
[4/4] -DBATCH_EPILOGUE=1 -DEPI_SYNC=1 -DMBAR_EARLY=1 -DN_STAGES=5 -DPHASE1_UNROLL=4 -DSTAGGER_CYCLES=0 -DSTORE_TIMING=1 -DSUB_MMA_UNROLL=3 ... 2.866 ms / 1528 TFLOPS  (247 regs, 2.8s)
  η²: BATCH_EPILOGUE=0.370, GELU_VARIANT=0.126
  Best: -DGELU_VARIANT=4 -DMBAR_EARLY=1 -DN_STAGES=5 -DPHASE1_UNROLL=4 -DSTAGGER_CYCLES=0 -DSTORE_TIMING=1 -DSUB_MMA_UNROLL=3 → 2.281 ms / 1920 TFLOPS
  ** New overall best from interaction 'gelu' **

=== Interaction: reg_pressure — skipped (noise params: TMEM_LOAD_WIDTH, BIAS_SMEM) ===

=== Interaction: unroll_batch (PHASE1_UNROLL, BATCH_EPILOGUE) ===
  Branch 1/2: -DGELU_VARIANT=4 -DMBAR_EARLY=1 -DN_STAGES=5 -DPHASE1_UNROLL=4 -DSTAGGER_CYCLES=0 -DSTORE_TIMING=1 -DSUB_MMA_UNROLL=3
Sweep: 6 total, 3 valid, 3 pruned
Estimated time: ~0 min (3 configs × ~5s each)

[1/3] -DGELU_VARIANT=4 -DMBAR_EARLY=1 -DN_STAGES=5 -DPHASE1_UNROLL=1 -DSTAGGER_CYCLES=0 -DSTORE_TIMING=1 -DSUB_MMA_UNROLL=3 ... 3.442 ms / 1272 TFLOPS  (236 regs, 2.8s)
[2/3] -DGELU_VARIANT=4 -DMBAR_EARLY=1 -DN_STAGES=5 -DSTAGGER_CYCLES=0 -DSTORE_TIMING=1 -DSUB_MMA_UNROLL=3 ... 3.204 ms / 1367 TFLOPS  (240 regs, 2.7s)
[3/3] -DGELU_VARIANT=4 -DMBAR_EARLY=1 -DN_STAGES=5 -DPHASE1_UNROLL=4 -DSTAGGER_CYCLES=0 -DSTORE_TIMING=1 -DSUB_MMA_UNROLL=3 ... 2.266 ms / 1933 TFLOPS  (244 regs, 2.8s)
  Branch 2/2: -DEPI_SYNC=1 -DGELU_VARIANT=5 -DMBAR_EARLY=1 -DN_STAGES=5 -DPHASE1_UNROLL=4 -DSTAGGER_CYCLES=0 -DSTORE_TIMING=1 -DSUB_MMA_UNROLL=3
Sweep: 6 total, 3 valid, 3 pruned
Estimated time: ~0 min (3 configs × ~5s each)

[1/3] -DEPI_SYNC=1 -DGELU_VARIANT=5 -DMBAR_EARLY=1 -DN_STAGES=5 -DPHASE1_UNROLL=1 -DSTAGGER_CYCLES=0 -DSTORE_TIMING=1 -DSUB_MMA_UNROLL=3 ... 3.446 ms / 1271 TFLOPS  (236 regs, 2.7s)
[2/3] -DEPI_SYNC=1 -DGELU_VARIANT=5 -DMBAR_EARLY=1 -DN_STAGES=5 -DSTAGGER_CYCLES=0 -DSTORE_TIMING=1 -DSUB_MMA_UNROLL=3 ... 3.044 ms / 1439 TFLOPS  (240 regs, 2.8s)
[3/3] -DEPI_SYNC=1 -DGELU_VARIANT=5 -DMBAR_EARLY=1 -DN_STAGES=5 -DPHASE1_UNROLL=4 -DSTAGGER_CYCLES=0 -DSTORE_TIMING=1 -DSUB_MMA_UNROLL=3 ... 2.683 ms / 1632 TFLOPS  (244 regs, 2.8s)
  η²: PHASE1_UNROLL=0.907
  Best: -DGELU_VARIANT=4 -DMBAR_EARLY=1 -DN_STAGES=5 -DPHASE1_UNROLL=4 -DSTAGGER_CYCLES=0 -DSTORE_TIMING=1 -DSUB_MMA_UNROLL=3 → 2.266 ms / 1933 TFLOPS
  ** New overall best from interaction 'unroll_batch' **

=== Interaction: gelu_interleave (GELU_VARIANT, INTERLEAVE_STRATEGY) ===
  Branch 1/2: -DGELU_VARIANT=4 -DMBAR_EARLY=1 -DN_STAGES=5 -DPHASE1_UNROLL=4 -DSTAGGER_CYCLES=0 -DSTORE_TIMING=1 -DSUB_MMA_UNROLL=3
Sweep: 12 total, 3 valid, 3 pruned, 6 deduped
Estimated time: ~0 min (3 configs × ~5s each)

[1/3] -DMBAR_EARLY=1 -DN_STAGES=5 -DPHASE1_UNROLL=4 -DSTAGGER_CYCLES=0 -DSTORE_TIMING=1 -DSUB_MMA_UNROLL=3 ... 2.396 ms / 1828 TFLOPS  (244 regs, 2.8s)
[2/3] -DGELU_VARIANT=4 -DMBAR_EARLY=1 -DN_STAGES=5 -DPHASE1_UNROLL=4 -DSTAGGER_CYCLES=0 -DSTORE_TIMING=1 -DSUB_MMA_UNROLL=3 ... 2.323 ms / 1886 TFLOPS  (244 regs, 2.8s)
[3/3] -DGELU_VARIANT=5 -DMBAR_EARLY=1 -DN_STAGES=5 -DPHASE1_UNROLL=4 -DSTAGGER_CYCLES=0 -DSTORE_TIMING=1 -DSUB_MMA_UNROLL=3 ... 2.318 ms / 1889 TFLOPS  (244 regs, 2.8s)
  Branch 2/2: -DEPI_SYNC=1 -DGELU_VARIANT=5 -DMBAR_EARLY=1 -DN_STAGES=5 -DPHASE1_UNROLL=4 -DSTAGGER_CYCLES=0 -DSTORE_TIMING=1 -DSUB_MMA_UNROLL=3
Sweep: 12 total, 3 valid, 3 pruned, 6 deduped
Estimated time: ~0 min (3 configs × ~5s each)

[1/3] -DEPI_SYNC=1 -DMBAR_EARLY=1 -DN_STAGES=5 -DPHASE1_UNROLL=4 -DSTAGGER_CYCLES=0 -DSTORE_TIMING=1 -DSUB_MMA_UNROLL=3 ... 2.737 ms / 1601 TFLOPS  (244 regs, 2.8s)
[2/3] -DEPI_SYNC=1 -DGELU_VARIANT=4 -DMBAR_EARLY=1 -DN_STAGES=5 -DPHASE1_UNROLL=4 -DSTAGGER_CYCLES=0 -DSTORE_TIMING=1 -DSUB_MMA_UNROLL=3 ... 2.688 ms / 1629 TFLOPS  (244 regs, 2.8s)
[3/3] -DEPI_SYNC=1 -DGELU_VARIANT=5 -DMBAR_EARLY=1 -DN_STAGES=5 -DPHASE1_UNROLL=4 -DSTAGGER_CYCLES=0 -DSTORE_TIMING=1 -DSUB_MMA_UNROLL=3 ... 2.654 ms / 1651 TFLOPS  (244 regs, 2.8s)
  η²: GELU_VARIANT=0.037
  Best: -DGELU_VARIANT=5 -DMBAR_EARLY=1 -DN_STAGES=5 -DPHASE1_UNROLL=4 -DSTAGGER_CYCLES=0 -DSTORE_TIMING=1 -DSUB_MMA_UNROLL=3 → 2.318 ms / 1889 TFLOPS

=== Interaction: gelu_width (GELU_VECTOR_WIDTH, GELU_VARIANT, BATCH_EPILOGUE) ===
  Branch 1/2: -DGELU_VARIANT=4 -DMBAR_EARLY=1 -DN_STAGES=5 -DPHASE1_UNROLL=4 -DSTAGGER_CYCLES=0 -DSTORE_TIMING=1 -DSUB_MMA_UNROLL=3
Sweep: 18 total, 6 valid, 12 pruned
Estimated time: ~0 min (6 configs × ~5s each)

[1/6] -DMBAR_EARLY=1 -DN_STAGES=5 -DPHASE1_UNROLL=4 -DSTAGGER_CYCLES=0 -DSTORE_TIMING=1 -DSUB_MMA_UNROLL=3 ... 2.321 ms / 1887 TFLOPS  (244 regs, 2.8s)
[2/6] -DGELU_VARIANT=4 -DMBAR_EARLY=1 -DN_STAGES=5 -DPHASE1_UNROLL=4 -DSTAGGER_CYCLES=0 -DSTORE_TIMING=1 -DSUB_MMA_UNROLL=3 ... 2.377 ms / 1843 TFLOPS  (244 regs, 2.8s)
[3/6] -DGELU_VARIANT=5 -DMBAR_EARLY=1 -DN_STAGES=5 -DPHASE1_UNROLL=4 -DSTAGGER_CYCLES=0 -DSTORE_TIMING=1 -DSUB_MMA_UNROLL=3 ... 2.318 ms / 1890 TFLOPS  (244 regs, 2.8s)
[4/6] -DBATCH_EPILOGUE=1 -DGELU_VECTOR_WIDTH=8 -DMBAR_EARLY=1 -DN_STAGES=5 -DPHASE1_UNROLL=4 -DSTAGGER_CYCLES=0 -DSTORE_TIMING=1 -DSUB_MMA_UNROLL=3 ... 2.848 ms / 1538 TFLOPS  (247 regs, 2.8s)
[5/6] -DBATCH_EPILOGUE=1 -DGELU_VECTOR_WIDTH=16 -DMBAR_EARLY=1 -DN_STAGES=5 -DPHASE1_UNROLL=4 -DSTAGGER_CYCLES=0 -DSTORE_TIMING=1 -DSUB_MMA_UNROLL=3 ... 2.639 ms / 1660 TFLOPS  (247 regs, 2.8s)
[6/6] -DBATCH_EPILOGUE=1 -DMBAR_EARLY=1 -DN_STAGES=5 -DPHASE1_UNROLL=4 -DSTAGGER_CYCLES=0 -DSTORE_TIMING=1 -DSUB_MMA_UNROLL=3 ... 2.804 ms / 1562 TFLOPS  (247 regs, 2.9s)
  Branch 2/2: -DEPI_SYNC=1 -DGELU_VARIANT=5 -DMBAR_EARLY=1 -DN_STAGES=5 -DPHASE1_UNROLL=4 -DSTAGGER_CYCLES=0 -DSTORE_TIMING=1 -DSUB_MMA_UNROLL=3
Sweep: 18 total, 6 valid, 12 pruned
Estimated time: ~0 min (6 configs × ~5s each)

[1/6] -DEPI_SYNC=1 -DMBAR_EARLY=1 -DN_STAGES=5 -DPHASE1_UNROLL=4 -DSTAGGER_CYCLES=0 -DSTORE_TIMING=1 -DSUB_MMA_UNROLL=3 ... 2.703 ms / 1620 TFLOPS  (244 regs, 2.8s)
[2/6] -DEPI_SYNC=1 -DGELU_VARIANT=4 -DMBAR_EARLY=1 -DN_STAGES=5 -DPHASE1_UNROLL=4 -DSTAGGER_CYCLES=0 -DSTORE_TIMING=1 -DSUB_MMA_UNROLL=3 ... 2.729 ms / 1605 TFLOPS  (244 regs, 2.8s)
[3/6] -DEPI_SYNC=1 -DGELU_VARIANT=5 -DMBAR_EARLY=1 -DN_STAGES=5 -DPHASE1_UNROLL=4 -DSTAGGER_CYCLES=0 -DSTORE_TIMING=1 -DSUB_MMA_UNROLL=3 ... 2.680 ms / 1634 TFLOPS  (244 regs, 2.8s)
[4/6] -DBATCH_EPILOGUE=1 -DEPI_SYNC=1 -DGELU_VECTOR_WIDTH=8 -DMBAR_EARLY=1 -DN_STAGES=5 -DPHASE1_UNROLL=4 -DSTAGGER_CYCLES=0 -DSTORE_TIMING=1 -DSUB_MMA_UNROLL=3 ... 2.882 ms / 1520 TFLOPS  (247 regs, 2.8s)
[5/6] -DBATCH_EPILOGUE=1 -DEPI_SYNC=1 -DGELU_VECTOR_WIDTH=16 -DMBAR_EARLY=1 -DN_STAGES=5 -DPHASE1_UNROLL=4 -DSTAGGER_CYCLES=0 -DSTORE_TIMING=1 -DSUB_MMA_UNROLL=3 ... 2.871 ms / 1526 TFLOPS  (247 regs, 2.8s)
[6/6] -DBATCH_EPILOGUE=1 -DEPI_SYNC=1 -DMBAR_EARLY=1 -DN_STAGES=5 -DPHASE1_UNROLL=4 -DSTAGGER_CYCLES=0 -DSTORE_TIMING=1 -DSUB_MMA_UNROLL=3 ... 2.896 ms / 1513 TFLOPS  (247 regs, 2.8s)
  η²: GELU_VECTOR_WIDTH=0.240, GELU_VARIANT=0.251, BATCH_EPILOGUE=0.523
  Best: -DGELU_VARIANT=5 -DMBAR_EARLY=1 -DN_STAGES=5 -DPHASE1_UNROLL=4 -DSTAGGER_CYCLES=0 -DSTORE_TIMING=1 -DSUB_MMA_UNROLL=3 → 2.318 ms / 1890 TFLOPS

=== Interaction: store_batch (STORE_TIMING, BATCH_EPILOGUE) ===
  Branch 1/2: -DGELU_VARIANT=4 -DMBAR_EARLY=1 -DN_STAGES=5 -DPHASE1_UNROLL=4 -DSTAGGER_CYCLES=0 -DSTORE_TIMING=1 -DSUB_MMA_UNROLL=3
Sweep: 4 total, 2 valid, 2 pruned
Estimated time: ~0 min (2 configs × ~5s each)

[1/2] -DGELU_VARIANT=4 -DINTERLEAVE_STRATEGY=1 -DMBAR_EARLY=1 -DN_STAGES=5 -DPHASE1_UNROLL=4 -DSTAGGER_CYCLES=0 -DSUB_MMA_UNROLL=3 ... 2.658 ms / 1648 TFLOPS  (244 regs, 2.8s)
[2/2] -DGELU_VARIANT=4 -DMBAR_EARLY=1 -DN_STAGES=5 -DPHASE1_UNROLL=4 -DSTAGGER_CYCLES=0 -DSTORE_TIMING=1 -DSUB_MMA_UNROLL=3 ... 2.329 ms / 1881 TFLOPS  (244 regs, 2.8s)
  Branch 2/2: -DEPI_SYNC=1 -DGELU_VARIANT=5 -DMBAR_EARLY=1 -DN_STAGES=5 -DPHASE1_UNROLL=4 -DSTAGGER_CYCLES=0 -DSTORE_TIMING=1 -DSUB_MMA_UNROLL=3
Sweep: 4 total, 2 valid, 2 pruned
Estimated time: ~0 min (2 configs × ~5s each)

[1/2] -DEPI_SYNC=1 -DGELU_VARIANT=5 -DINTERLEAVE_STRATEGY=3 -DMBAR_EARLY=1 -DN_STAGES=5 -DPHASE1_UNROLL=4 -DSTAGGER_CYCLES=0 -DSUB_MMA_UNROLL=3 ... 2.701 ms / 1622 TFLOPS  (244 regs, 2.7s)
[2/2] -DEPI_SYNC=1 -DGELU_VARIANT=5 -DMBAR_EARLY=1 -DN_STAGES=5 -DPHASE1_UNROLL=4 -DSTAGGER_CYCLES=0 -DSTORE_TIMING=1 -DSUB_MMA_UNROLL=3 ... 2.705 ms / 1619 TFLOPS  (244 regs, 2.8s)
  η²: STORE_TIMING=0.269
  Best: -DGELU_VARIANT=4 -DMBAR_EARLY=1 -DN_STAGES=5 -DPHASE1_UNROLL=4 -DSTAGGER_CYCLES=0 -DSTORE_TIMING=1 -DSUB_MMA_UNROLL=3 → 2.329 ms / 1881 TFLOPS

=== Interaction: prefetch_store — skipped (noise params: PREFETCH_BEFORE_STORE) ===

=== Interaction: loop_store (EPILOGUE_LOOP, STORE_TIMING) ===
  Branch 1/2: -DGELU_VARIANT=4 -DMBAR_EARLY=1 -DN_STAGES=5 -DPHASE1_UNROLL=4 -DSTAGGER_CYCLES=0 -DSTORE_TIMING=1 -DSUB_MMA_UNROLL=3
Sweep: 4 total, 3 valid, 1 pruned
Estimated time: ~0 min (3 configs × ~5s each)

[1/3] -DGELU_VARIANT=4 -DINTERLEAVE_STRATEGY=1 -DMBAR_EARLY=1 -DN_STAGES=5 -DPHASE1_UNROLL=4 -DSTAGGER_CYCLES=0 -DSUB_MMA_UNROLL=3 ... 2.693 ms / 1627 TFLOPS  (244 regs, 2.8s)
[2/3] -DGELU_VARIANT=4 -DMBAR_EARLY=1 -DN_STAGES=5 -DPHASE1_UNROLL=4 -DSTAGGER_CYCLES=0 -DSTORE_TIMING=1 -DSUB_MMA_UNROLL=3 ... 2.329 ms / 1881 TFLOPS  (244 regs, 2.8s)
[3/3] -DEPILOGUE_LOOP=1 -DGELU_VARIANT=4 -DMBAR_EARLY=1 -DN_STAGES=5 -DSTAGGER_CYCLES=0 -DSTORE_TIMING=1 -DSUB_MMA_UNROLL=3 ... 3.445 ms / 1272 TFLOPS  (236 regs, 2.7s)
  Branch 2/2: -DEPI_SYNC=1 -DGELU_VARIANT=5 -DMBAR_EARLY=1 -DN_STAGES=5 -DPHASE1_UNROLL=4 -DSTAGGER_CYCLES=0 -DSTORE_TIMING=1 -DSUB_MMA_UNROLL=3
Sweep: 4 total, 3 valid, 1 pruned
Estimated time: ~0 min (3 configs × ~5s each)

[1/3] -DEPI_SYNC=1 -DGELU_VARIANT=5 -DINTERLEAVE_STRATEGY=3 -DMBAR_EARLY=1 -DN_STAGES=5 -DPHASE1_UNROLL=4 -DSTAGGER_CYCLES=0 -DSUB_MMA_UNROLL=3 ... 2.668 ms / 1642 TFLOPS  (244 regs, 2.8s)
[2/3] -DEPI_SYNC=1 -DGELU_VARIANT=5 -DMBAR_EARLY=1 -DN_STAGES=5 -DPHASE1_UNROLL=4 -DSTAGGER_CYCLES=0 -DSTORE_TIMING=1 -DSUB_MMA_UNROLL=3 ... 2.700 ms / 1622 TFLOPS  (244 regs, 2.7s)
[3/3] -DEPILOGUE_LOOP=1 -DEPI_SYNC=1 -DGELU_VARIANT=5 -DMBAR_EARLY=1 -DN_STAGES=5 -DSTAGGER_CYCLES=0 -DSTORE_TIMING=1 -DSUB_MMA_UNROLL=3 ... 3.455 ms / 1268 TFLOPS  (236 regs, 2.7s)
  η²: EPILOGUE_LOOP=0.909, STORE_TIMING=0.114
  Best: -DGELU_VARIANT=4 -DMBAR_EARLY=1 -DN_STAGES=5 -DPHASE1_UNROLL=4 -DSTAGGER_CYCLES=0 -DSTORE_TIMING=1 -DSUB_MMA_UNROLL=3 → 2.329 ms / 1881 TFLOPS

=== Interaction: sts_batch (STS_WIDTH, BATCH_EPILOGUE) ===
  Branch 1/2: -DGELU_VARIANT=4 -DMBAR_EARLY=1 -DN_STAGES=5 -DPHASE1_UNROLL=4 -DSTAGGER_CYCLES=0 -DSTORE_TIMING=1 -DSUB_MMA_UNROLL=3
Sweep: 4 total, 1 valid, 3 pruned
Estimated time: ~0 min (1 configs × ~5s each)

[1/1] -DGELU_VARIANT=4 -DMBAR_EARLY=1 -DN_STAGES=5 -DPHASE1_UNROLL=4 -DSTAGGER_CYCLES=0 -DSTORE_TIMING=1 -DSUB_MMA_UNROLL=3 ... 2.324 ms / 1884 TFLOPS  (244 regs, 2.8s)
  Branch 2/2: -DEPI_SYNC=1 -DGELU_VARIANT=5 -DMBAR_EARLY=1 -DN_STAGES=5 -DPHASE1_UNROLL=4 -DSTAGGER_CYCLES=0 -DSTORE_TIMING=1 -DSUB_MMA_UNROLL=3
Sweep: 4 total, 1 valid, 3 pruned
Estimated time: ~0 min (1 configs × ~5s each)

[1/1] -DEPI_SYNC=1 -DGELU_VARIANT=5 -DMBAR_EARLY=1 -DN_STAGES=5 -DPHASE1_UNROLL=4 -DSTAGGER_CYCLES=0 -DSTORE_TIMING=1 -DSUB_MMA_UNROLL=3 ... 2.729 ms / 1605 TFLOPS  (244 regs, 2.8s)
  Best: -DGELU_VARIANT=4 -DMBAR_EARLY=1 -DN_STAGES=5 -DPHASE1_UNROLL=4 -DSTAGGER_CYCLES=0 -DSTORE_TIMING=1 -DSUB_MMA_UNROLL=3 → 2.324 ms / 1884 TFLOPS

=== Interaction: sync_stagger — skipped (noise params: STAGGER_CYCLES) ===

Top-locked params: EPILOGUE_LOOP=0, PHASE1_UNROLL=4, STORE_TIMING=1

@@GRID_WINNER -DGELU_VARIANT=4 -DMBAR_EARLY=1 -DN_STAGES=5 -DPHASE1_UNROLL=4 -DSTAGGER_CYCLES=0 -DSTORE_TIMING=1 -DSUB_MMA_UNROLL=3

================================================================================
RESULTS (sorted by ms)
================================================================================
  #  STG  EPI  INTER  MBAR  TMEM  STAG  PH1U  SNAKE  FUSE  KLU  W0U  SMU  PRLD  PFBS  GELU  TMAR  BTCH  GVW  STIM  ELOP  STSW  ESYN  NPP  REGS     SMEM       MS   TFLOPS  STATUS
---------------------------------------------------------------------------------------------------------------------------------------------------------------------------------
  1    5    4      1     1    32     0     4      1     1    5    0    3     1     0     4     0     0   32     1     0    16     0    0   244   225.0K    2.266     1933  BEST
  2    5    4      1     1    32     0     4      1     1    5    0    3     1     0     4     0     0   32     1     0    16     0    0   244   225.0K    2.281     1920  OK
  3    5    4      1     1    32     0     4      1     1    5    0    3     1     0     0     0     0   32     1     0    16     0    0   244   225.0K    2.289     1913  OK
  4    5    4      1     1    32     0     4      1     1    5    0    3     1     0     5     0     0   32     1     0    16     0    0   244   225.0K    2.309     1897  OK
  5    5    4      3     1    32     0     4      1     1    5    0    3     1     0     5     0     0   32     1     0    16     0    0   244   225.0K    2.317     1890  OK
  6    5    4      3     1    32     0     4      1     1    5    0    3     1     0     5     0     0   32     1     0    16     0    0   244   225.0K    2.318     1890  OK
  7    5    4      1     1    32     0     4      1     1    5    0    3     1     0     5     0     0   32     1     0    16     0    0   244   225.0K    2.318     1889  OK
  8    5    4      1     1    32     0     4      1     1    5    0    3     1     0     5     0     0   32     1     0    16     0    0   244   225.0K    2.318     1889  OK
  9    5    4      1     1    32     0     4      1     1    5    0    3     1     0     5     0     0   32     1     0    16     0    0   244   225.0K    2.318     1890  OK
 10    5    4      1     1    32     0     4      1     1    5    0    3     1     0     0     0     0   32     1     0    16     0    0   244   225.0K    2.321     1887  OK
 11    5    4      1     1    32     0     4      1     1    5    0    3     1     0     4     0     0   32     1     0    16     0    0   244   225.0K    2.323     1886  OK
 12    5    4      3     1    32     0     4      1     1    5    0    3     1     0     0     0     0   32     1     0    16     0    0   244   225.0K    2.324     1885  OK
 13    5    4      1     1    32     0     4      1     1    5    0    3     1     0     4     0     0   32     1     0    16     0    0   244   225.0K    2.324     1884  OK
 14    5    4      1     1    32     0     4      1     1    5    0    3     1     0     4     0     0   32     1     0    16     0    0   244   225.0K    2.329     1881  OK
 15    5    4      1     1    32     0     4      1     1    5    0    3     1     0     4     0     0   32     1     0    16     0    0   244   225.0K    2.329     1881  OK
 16    5    4      3     1    32     0     4      1     1    5    0    3     0     0     5     0     0   32     1     0    16     0    0   244   225.0K    2.364     1853  OK
 17    5    4      3     1    32     0     4      1     1    5    0    3     0     0     5     0     0   32     1     0    16     0    0   244   225.0K    2.373     1846  OK
 18    5    4      1     1    32     0     4      1     1    5    0    3     1     0     4     0     0   32     1     0    16     0    0   244   225.0K    2.377     1843  OK
 19    5    4      1     1    32     0     4      1     1    5    0    3     1     0     0     0     0   32     1     0    16     0    0   244   225.0K    2.396     1828  OK
 20    5    4      1     1    32     0     4      1     1    5    0    3     0     0     5     0     0   32     1     0    16     0    0   244   225.0K    2.398     1827  OK
 21    5    4      3     1    32     0     4      1     1    5    0    3     2     0     0     0     0   32     1     0    16     0    0   246   225.0K    2.544     1722  OK
 22    5    4      3     1    32     0     4      1     1    5    0    3     2     0     0     0     0   32     1     0    16     0    0   246   225.0K    2.570     1704  OK
 23    5    4      3     1    32     0     4      1     1    5    0    3     2     0     0     0     1   32     1     0    16     0    0   247   225.0K    2.571     1704  OK
 24    5    4      1     1    32     0     4      1     1    5    0    3     2     0     5     0     0   32     1     0    16     0    0   246   225.0K    2.588     1692  OK
 25    5    4      3     1    32     0     4      1     1    5    0    3     2     0     0     0     0   32     0     0    16     0    0   249   225.0K    2.590     1691  OK
 26    5    4      3     1    32     0     4      1     1    5    0    3     2     0     5     0     0   32     0     0    16     0    0   249   225.0K    2.608     1679  OK
 27    5    4      3     1    32     0     4      1     1    5    0    3     2     0     0     0     1   32     0     0    16     0    0   248   225.0K    2.626     1668  OK
 28    5    4      3     1    32     0     4      1     1    5    0    3     2     0     5     0     0   32     1     0    16     0    0   246   225.0K    2.628     1667  OK
 29    5    4      1     1    32     0     4      1     1    5    0    3     1     0     0     0     1   16     1     0    16     0    0   247   225.0K    2.639     1660  OK
 30    5    4      3     1    32     0     4      1     1    5    0    3     1     0     0     0     0   32     0     0    16     0    0   244   225.0K    2.646     1656  OK
 31    5    4      3     1    32     0     2      1     1    5    0    3     2     0     5     0     0   32     0     0    16     0    0   247   225.0K    2.652     1651  OK
 32    5    4      1     1    32     0     4      1     1    5    0    3     1     0     5     0     0   32     1     0    16     1    0   244   225.0K    2.654     1651  OK
 33    5    4      3     1    32     0     2      1     1    5    0    3     2     0     0     0     1   32     0     0    16     0    0   247   225.0K    2.658     1648  OK
 34    5    4      1     1    32     0     4      1     1    5    0    3     1     0     4     0     0   32     0     0    16     0    0   244   225.0K    2.658     1648  OK
 35    5    4      3     1    32     0     4      1     1    5    0    3     1     0     5     0     0   32     0     0    16     0    0   244   225.0K    2.660     1646  OK
 36    5    4      1     1    32     0     4      1     1    5    0    3     2     0     5     0     0   32     0     0    16     0    0   249   225.0K    2.660     1647  OK
 37    5    4      1     1    32     0     4      1     1    5    0    3     1     0     5     0     0   32     0     0    16     0    0   244   225.0K    2.665     1643  OK
 38    5    4      3     1    32     0     4      1     1    5    0    3     0     0     0     0     0   32     0     0    16     0    0   244   225.0K    2.666     1643  OK
 39    5    4      3     1    32     0     2      1     1    5    0    3     2     0     0     0     0   32     0     0    16     0    0   247   225.0K    2.668     1641  OK
 40    5    4      3     1    32     0     4      1     1    5    0    3     1     0     5     0     0   32     0     0    16     1    0   244   225.0K    2.668     1642  OK
 41    5    4      1     1    32     0     4      1     1    5    0    3     0     0     5     0     0   32     0     0    16     0    0   244   225.0K    2.672     1639  OK
 42    5    4      3     1    32     0     4      1     1    5    0    3     1     0     5     0     0   32     1     0    16     1    0   244   225.0K    2.674     1638  OK
 43    5    4      3     1    32     0     4      1     1    5    0    3     1     0     0     0     1   32     0     0    16     0    0   244   225.0K    2.680     1634  OK
 44    5    4      3     1    32     0     4      1     1    5    0    3     1     0     5     0     0   32     1     0    16     1    0   244   225.0K    2.680     1634  OK
 45    5    4      3     1    32     0     4      1     1    5    0    3     1     0     5     0     0   32     1     0    16     1    0   244   225.0K    2.683     1632  OK
 46    5    4      1     1    32     0     4      1     1    5    0    3     1     0     4     0     0   32     1     0    16     1    0   244   225.0K    2.688     1629  OK
 47    5    4      1     1    32     0     4      1     1    5    0    3     0     0     5     0     0   32     1     0    16     1    0   244   225.0K    2.689     1629  OK
 48    5    4      1     1    32     0     4      1     1    5    0    3     1     0     5     0     0   32     1     0    16     1    0   244   225.0K    2.689     1629  OK
 49    5    4      1     1    32     0     4      1     1    5    0    3     1     0     4     0     0   32     0     0    16     0    0   244   225.0K    2.693     1627  OK
 50    5    4      3     1    32     0     4      1     1    5    0    3     0     0     5     0     0   32     0     0    16     0    0   244   225.0K    2.699     1623  OK
 51    5    4      3     1    32     0     4      1     1    5    0    3     1     0     4     0     0   32     1     0    16     1    0   244   225.0K    2.699     1623  OK
 52    5    4      3     1    32     0     4      1     1    5    0    3     1     0     5     0     0   32     1     0    16     1    0   244   225.0K    2.700     1622  OK
 53    5    4      3     1    32     0     4      1     1    5    0    3     1     0     5     0     0   32     0     0    16     1    0   244   225.0K    2.701     1622  OK
 54    5    4      3     1    32     0     4      1     1    5    0    3     1     0     0     0     0   32     1     0    16     1    0   244   225.0K    2.703     1620  OK
 55    5    4      3     1    32     0     4      1     1    5    0    3     1     0     5     0     0   32     1     0    16     1    0   244   225.0K    2.705     1619  OK
 56    5    4      3     1    32     0     4      1     1    5    0    3     1     0     5     0     0   32     1     0    16     1    0   244   225.0K    2.706     1619  OK
 57    5    4      3     1    32     0     2      1     1    5    0    3     1     0     5     0     0   32     0     0    16     0    0   242   225.0K    2.712     1615  OK
 58    5    4      3     1    32     0     4      1     1    5    0    3     1     0     0     0     0   32     1     0    16     1    0   244   225.0K    2.716     1612  OK
 59    5    4      3     1    32     0     4      1     1    5    0    3     0     0     5     0     0   32     1     0    16     1    0   244   225.0K    2.719     1611  OK
 60    5    4      1     1    32     0     2      1     1    5    0    3     2     0     5     0     0   32     0     0    16     0    0   249   225.0K    2.722     1609  OK
 61    5    4      3     1    32     0     4      1     1    5    0    3     1     0     4     0     0   32     1     0    16     1    0   244   225.0K    2.729     1605  OK
 62    5    4      3     1    32     0     4      1     1    5    0    3     1     0     5     0     0   32     1     0    16     1    0   244   225.0K    2.729     1605  OK
 63    5    4      3     1    32     0     2      1     1    5    0    3     1     0     5     0     0   32     0     0    16     0    0   242   225.0K    2.737     1600  OK
 64    5    4      1     1    32     0     4      1     1    5    0    3     1     0     0     0     0   32     1     0    16     1    0   244   225.0K    2.737     1601  OK
 65    5    4      1     1    32     0     2      1     1    5    0    3     1     0     5     0     0   32     0     0    16     0    0   240   225.0K    2.744     1596  OK
 66    5    4      3     1    32     0     2      1     1    5    0    3     1     0     0     0     0   32     0     0    16     0    0   242   225.0K    2.759     1588  OK
 67    5    4      1     1    32     0     2      1     1    5    0    3     1     0     5     0     0   32     0     0    16     0    0   240   225.0K    2.760     1587  OK
 68    5    4      3     1    32     0     4      1     1    5    0    3     0     0     0     0     1   32     0     0    16     0    0   244   225.0K    2.765     1584  OK
 69    5    4      1     1    32     0     4      1     1    5    0    3     1     0     0     0     1   32     1     0    16     0    0   247   225.0K    2.773     1580  OK
 70    5    4      3     1    32     0     2      1     1    5    0    3     1     0     0     0     0   32     0     0    16     0    0   242   225.0K    2.776     1578  OK
 71    5    4      3     1    32     0     4      1     1    5    0    3     2     0     0     0     0   32     1     0    16     1    0   246   225.0K    2.776     1578  OK
 72    5    4      1     1    32     0     4      1     1    5    0    3     2     0     5     0     0   32     1     0    16     1    0   246   225.0K    2.781     1575  OK
 73    5    4      1     1    32     0     2      1     1    5    0    3     1     0     0     0     0   32     0     0    16     0    0   240   225.0K    2.792     1569  OK
 74    5    4      3     1    32     0     2      1     1    5    0    3     0     0     0     0     0   32     0     0    16     0    0   240   225.0K    2.798     1565  OK
 75    5    4      1     1    32     0     2      1     1    5    0    3     0     0     5     0     0   32     0     0    16     0    0   240   225.0K    2.804     1562  OK
 76    5    4      1     1    32     0     4      1     1    5    0    3     1     0     0     0     1   32     1     0    16     0    0   247   225.0K    2.804     1562  OK
 77    5    4      3     1    32     0     2      1     1    5    0    3     0     0     5     0     0   32     0     0    16     0    0   240   225.0K    2.815     1556  OK
 78    5    4      3     1    32     0     4      1     1    5    0    3     1     0     0     0     1   32     1     0    16     0    0   247   225.0K    2.819     1554  OK
 79    5    4      1     1    32     0     4      1     1    5    0    3     1     0     0     0     1    8     1     0    16     0    0   247   225.0K    2.848     1538  OK
 80    5    4      3     1    32     0     2      1     1    5    0    3     1     0     0     0     1   32     0     0    16     0    0   248   225.0K    2.861     1531  OK
 81    5    4      3     1    32     0     4      1     1    5    0    3     1     0     0     0     1   32     1     0    16     1    0   247   225.0K    2.866     1528  OK
 82    5    4      3     1    32     0     4      1     1    5    0    3     1     0     0     0     1   16     1     0    16     1    0   247   225.0K    2.871     1526  OK
 83    5    4      1     1    32     0     2      1     1    5    0    3     1     0     4     0     0   32     0     0    16     0    0   240   225.0K    2.872     1525  OK
 84    5    4      3     1    32     0     4      1     1    5    0    3     1     0     0     0     1    8     1     0    16     1    0   247   225.0K    2.882     1520  OK
 85    5    4      3     1    32     0     2      1     1    5    0    3     1     0     4     0     0   32     0     0    16     0    0   242   225.0K    2.892     1515  OK
 86    5    4      3     1    32     0     4      1     1    5    0    3     1     0     0     0     1   32     1     0    16     1    0   247   225.0K    2.896     1513  OK
 87    5    4      3     1    32     0     2      1     1    5    0    3     0     0     0     0     1   32     0     0    16     0    0   248   225.0K    2.904     1508  OK
 88    5    4      2     1    32     0     2      1     1    5    0    3     1     0     5     0     0   32     0     0    16     0    0   240   225.0K    2.923     1498  OK
 89    5    4      3     1    32     0     4      1     1    5    0    3     0     0     0     0     0   32     1     0    16     0    0   244   225.0K    2.930     1495  OK
 90    5    4      3     1    32     0     2      1     1    5    0    3     2     0     0     0     0   32     1     0    16     0    0   249   225.0K    2.944     1488  OK
 91    5    4      3     1    32     0     2      1     1    5    0    3     2     0     5     0     0   32     1     0    16     0    0   249   225.0K    2.953     1483  OK
 92    5    4      3     1    32     0     4      1     1    5    0    3     0     0     0     0     1   32     1     0    16     0    0   247   225.0K    2.983     1468  OK
 93    5    4      2     1    32     0     2      1     1    5    0    3     1     0     4     0     0   32     0     0    16     0    0   240   225.0K    3.012     1454  OK
 94    5    4      2     1    32     0     2      1     1    5    0    3     1     0     0     0     0   32     0     0    16     0    0   240   225.0K    3.014     1453  OK
 95    5    4      3     1    32     0     2      1     1    5    0    3     2     0     0     0     1   32     1     0    16     0    0   248   225.0K    3.039     1441  OK
 96    5    4      3     1    32     0     2      1     1    5    0    3     1     0     5     0     0   32     1     0    16     1    0   240   225.0K    3.044     1439  OK
 97    5    4      0     1    32     0     2      1     1    5    0    3     1     0     4     0     0   32     0     0    16     0    0   240   225.0K    3.134     1398  OK
 98    5    4      0     1    32     0     2      1     1    5    0    3     1     0     5     0     0   32     0     0    16     0    0   240   225.0K    3.138     1396  OK
 99    5    4      3     1    32     0     2      1     1    5    0    3     1     0     0     0     0   32     1     0    16     0    0   240   225.0K    3.147     1392  OK
100    5    4      3     1    32     0     2      1     1    5    0    3     1     0     5     0     0   32     1     0    16     0    0   240   225.0K    3.171     1381  OK
101    5    4      1     1    32     0     2      1     1    5    0    3     1     0     4     0     0   32     1     0    16     0    0   240   225.0K    3.204     1367  OK
102    5    4      3     1    32     0     2      1     1    5    0    3     0     0     0     0     0   32     1     0    16     0    0   240   225.0K    3.206     1366  OK
103    5    4      3     1    32     0     1      1     1    5    0    3     1     0     5     0     0   32     0     0    16     0    0   238   225.0K    3.219     1361  OK
104    5    4      3     1    32     0     1      1     1    5    0    3     1     0     0     0     0   32     0     0    16     0    0   238   225.0K    3.226     1358  OK
105    5    4      0     1    32     0     2      1     1    5    0    3     1     0     0     0     0   32     0     0    16     0    0   240   225.0K    3.253     1347  OK
106    5    4      3     1    32     0     1      1     1    5    0    3     0     0     5     0     0   32     0     0    16     0    0   238   225.0K    3.254     1346  OK
107    5    4      3     1    32     0     1      1     1    5    0    3     0     0     0     0     0   32     0     0    16     0    0   238   225.0K    3.282     1335  OK
108    5    4      3     1    32     0     2      1     1    5    0    3     0     0     0     0     1   32     1     0    16     0    0   247   225.0K    3.285     1333  OK
109    5    4      3     1    32     0     2      1     1    5    0    3     0     0     5     0     0   32     1     0    16     0    0   240   225.0K    3.288     1332  OK
110    5    4      3     1    32     0     2      1     1    5    0    3     1     0     0     0     1   32     1     0    16     0    0   247   225.0K    3.304     1326  OK
111    5    4      3     1    32     0     1      1     1    5    0    3     1     0     0     0     1   32     0     0    16     0    0   211   225.0K    3.311     1323  OK
112    5    4      3     1    32     0     1      1     1    5    0    3     0     0     0     0     1   32     0     0    16     0    0   211   225.0K    3.332     1315  OK
113    5    4      1     1    32     0     1      1     1    5    0    3     1     0     5     0     0   32     0     0    16     0    0   239   225.0K    3.361     1303  OK
114    5    4      1     1    32     0     1      1     1    5    0    3     0     0     5     0     0   32     0     0    16     0    0   239   225.0K    3.387     1293  OK
115    5    4      1     1    32     0     1      1     1    5    0    3     1     0     4     0     0   32     1     0    16     0    0   236   225.0K    3.442     1272  OK
116    5    4      1     1    32     0     4      1     1    5    0    3     1     0     4     0     0   32     1     1    16     0    0   236   225.0K    3.445     1272  OK
117    5    4      3     1    32     0     1      1     1    5    0    3     1     0     5     0     0   32     1     0    16     1    0   236   225.0K    3.446     1271  OK
118    5    4      3     1    32     0     1      1     1    5    0    3     1     0     0     0     0   32     1     0    16     0    0   236   225.0K    3.449     1270  OK
119    5    4      3     1    32     0     4      1     1    5    0    3     1     0     5     0     0   32     1     1    16     1    0   236   225.0K    3.453     1269  OK
120    5    4      3     1    32     0     4      1     1    5    0    3     1     0     5     0     0   32     1     1    16     1    0   236   225.0K    3.455     1268  OK
121    5    4      3     1    32     0     1      1     1    5    0    3     2     0     5     0     0   32     0     0    16     0    0   238   225.0K    3.456     1267  OK
122    5    4      3     1    32     0     4      1     1    5    0    3     1     0     5     0     0   32     1     1    16     0    0   236   225.0K    3.457     1267  OK
123    5    4      1     1    32     0     1      1     1    5    0    3     2     0     5     0     0   32     0     0    16     0    0   239   225.0K    3.463     1265  OK
124    5    4      3     1    32     0     1      1     1    5    0    3     1     0     5     0     0   32     1     0    16     0    0   236   225.0K    3.465     1264  OK
125    5    4      3     1    32     0     1      1     1    5    0    3     2     0     0     0     0   32     0     0    16     0    0   238   225.0K    3.477     1260  OK
126    5    4      3     1    32     0     1      1     1    5    0    3     2     0     0     0     1   32     0     0    16     0    0   211   225.0K    3.486     1257  OK
127    5    4      3     1    32     0     1      1     1    5    0    3     0     0     5     0     0   32     1     0    16     0    0   236   225.0K    3.503     1250  OK
128    5    4      3     1    32     0     1      1     1    5    0    3     0     0     0     0     0   32     1     0    16     0    0   236   225.0K    3.508     1249  OK
129    5    4      3     1    32     0     4      1     1    5    0    3     0     0     5     0     0   32     1     1    16     1    0   236   225.0K    3.520     1244  OK
130    5    4      3     1    32     0     4      1     1    5    0    3     0     0     5     0     0   32     1     1    16     0    0   236   225.0K    3.550     1234  OK
131    5    4      3     1    32     0     1      1     1    5    0    3     1     0     0     0     1   32     1     0    16     0    0   211   225.0K    3.586     1221  OK
132    5    4      3     1    32     0     1      1     1    5    0    3     2     0     0     0     1   32     1     0    16     0    0   211   225.0K    3.646     1201  OK
133    5    4      3     1    32     0     1      1     1    5    0    3     2     0     5     0     0   32     1     0    16     0    0   236   225.0K    3.650     1200  OK
134    5    4      3     1    32     0     1      1     1    5    0    3     2     0     0     0     0   32     1     0    16     0    0   236   225.0K    3.651     1200  OK
135    5    4      3     1    32     0     1      1     1    5    0    3     0     0     0     0     1   32     1     0    16     0    0   211   225.0K    3.666     1195  OK

CSV written to /root/siglip/data/session_20260317_003805/sweep_fc1_gelu.csv

Best: -DGELU_VARIANT=4 -DMBAR_EARLY=1 -DN_STAGES=5 -DPHASE1_UNROLL=4 -DSTAGGER_CYCLES=0 -DSTORE_TIMING=1 -DSUB_MMA_UNROLL=3 → 2.266 ms / 1933 TFLOPS (244 regs)
