nvcc -gencode arch=compute_100a,code=sm_100a -O3 -std=c++17 -lineinfo --ptxas-options=-v --cudart=static -DPACKED_TILES -DSTRIP_EPILOGUE -DTILE_DISPATCH=4 -DLEAN_DISPATCH fc1_w3.cu -o fc1-w3-lean -lcurand_static -lculibos -lcuda
fc1_w3.cu(1271): warning #177-D: variable "last_m" was declared but never referenced
          const int last_m = ((ltm * 2 + cta_rank) * (3072 / 256) + ltn) * 128;
                    ^

Remark: The warnings can be suppressed with "-diag-suppress <warning-number>"

fc1_w3.cu(1272): warning #177-D: variable "last_n" was declared but never referenced
          const int last_n = 0;
                    ^

fc1_w3.cu(1273): warning #177-D: variable "last_n_bias" was declared but never referenced
          const int last_n_bias = ltn * 256;
                    ^

fc1_w3.cu(303): warning #177-D: function "gelu_approx" was declared but never referenced
  static __attribute__((device)) __inline__ __attribute__((always_inline)) float gelu_approx(float acc, float bias_f32) {
                                                                                 ^

ptxas info    : 4 bytes gmem
ptxas info    : Compiling entry function '_Z7pack_u8PhPKhiiii' for 'sm_100a'
ptxas info    : Function properties for _Z7pack_u8PhPKhiiii
    0 bytes stack frame, 0 bytes spill stores, 0 bytes spill loads
ptxas info    : Used 20 registers, used 0 barriers
ptxas info    : Compile time = 9.757 ms
ptxas info    : Compiling entry function '_Z13fc1_w3_kernel14CUtensorMap_stS_S_PK13__nv_bfloat16PS0_' for 'sm_100a'
ptxas info    : Function properties for _Z13fc1_w3_kernel14CUtensorMap_stS_S_PK13__nv_bfloat16PS0_
    32 bytes stack frame, 0 bytes spill stores, 0 bytes spill loads
ptxas info    : Used 80 registers, used 1 barriers, 32 bytes cumulative stack size
ptxas info    : Compile time = 39.485 ms
