nvcc -gencode arch=compute_100a,code=sm_100a -O3 -std=c++17 -lineinfo --ptxas-options=-v --cudart=static -DM_TOTAL=928256 -DN_DIM=768 -DK_DIM=3072 fc2_w3x.cu -o fc2-w3x -lcurand_static -lculibos -lcuda
fc2_w3x.cu(1511): warning #177-D: function "mbar_arrive" was declared but never referenced
  void mbar_arrive(uint32_t addr) {
       ^

Remark: The warnings can be suppressed with "-diag-suppress <warning-number>"

ptxas info    : 0 bytes gmem
ptxas info    : Compiling entry function '_Z14fc2_w3x_kernelILi54ELi8ELi64EEv14CUtensorMap_stS0_S0_PK13__nv_bfloat16PS1_PmS5_S5_S5_S5_' for 'sm_100a'
ptxas info    : Function properties for _Z14fc2_w3x_kernelILi54ELi8ELi64EEv14CUtensorMap_stS0_S0_PK13__nv_bfloat16PS1_PmS5_S5_S5_S5_
    0 bytes stack frame, 0 bytes spill stores, 0 bytes spill loads
ptxas info    : Used 70 registers, used 1 barriers
ptxas info    : Compile time = 94.240 ms
ptxas info    : Compiling entry function '_Z14fc2_w3x_kernelILi54ELi8ELi48EEv14CUtensorMap_stS0_S0_PK13__nv_bfloat16PS1_PmS5_S5_S5_S5_' for 'sm_100a'
ptxas info    : Function properties for _Z14fc2_w3x_kernelILi54ELi8ELi48EEv14CUtensorMap_stS0_S0_PK13__nv_bfloat16PS1_PmS5_S5_S5_S5_
    0 bytes stack frame, 0 bytes spill stores, 0 bytes spill loads
ptxas info    : Used 70 registers, used 1 barriers
ptxas info    : Compile time = 92.060 ms
ptxas info    : Compiling entry function '_Z14fc2_w3x_kernelILi54ELi8ELi32EEv14CUtensorMap_stS0_S0_PK13__nv_bfloat16PS1_PmS5_S5_S5_S5_' for 'sm_100a'
ptxas info    : Function properties for _Z14fc2_w3x_kernelILi54ELi8ELi32EEv14CUtensorMap_stS0_S0_PK13__nv_bfloat16PS1_PmS5_S5_S5_S5_
    0 bytes stack frame, 0 bytes spill stores, 0 bytes spill loads
ptxas info    : Used 70 registers, used 1 barriers
ptxas info    : Compile time = 92.076 ms
ptxas info    : Compiling entry function '_Z14fc2_w3x_kernelILi54ELi8ELi24EEv14CUtensorMap_stS0_S0_PK13__nv_bfloat16PS1_PmS5_S5_S5_S5_' for 'sm_100a'
ptxas info    : Function properties for _Z14fc2_w3x_kernelILi54ELi8ELi24EEv14CUtensorMap_stS0_S0_PK13__nv_bfloat16PS1_PmS5_S5_S5_S5_
    0 bytes stack frame, 0 bytes spill stores, 0 bytes spill loads
ptxas info    : Used 70 registers, used 1 barriers
ptxas info    : Compile time = 92.603 ms
ptxas info    : Compiling entry function '_Z14fc2_w3x_kernelILi54ELi8ELi16EEv14CUtensorMap_stS0_S0_PK13__nv_bfloat16PS1_PmS5_S5_S5_S5_' for 'sm_100a'
ptxas info    : Function properties for _Z14fc2_w3x_kernelILi54ELi8ELi16EEv14CUtensorMap_stS0_S0_PK13__nv_bfloat16PS1_PmS5_S5_S5_S5_
    0 bytes stack frame, 0 bytes spill stores, 0 bytes spill loads
ptxas info    : Used 70 registers, used 1 barriers
ptxas info    : Compile time = 93.107 ms
ptxas info    : Compiling entry function '_Z14fc2_w3x_kernelILi54ELi8ELi12EEv14CUtensorMap_stS0_S0_PK13__nv_bfloat16PS1_PmS5_S5_S5_S5_' for 'sm_100a'
ptxas info    : Function properties for _Z14fc2_w3x_kernelILi54ELi8ELi12EEv14CUtensorMap_stS0_S0_PK13__nv_bfloat16PS1_PmS5_S5_S5_S5_
    0 bytes stack frame, 0 bytes spill stores, 0 bytes spill loads
ptxas info    : Used 70 registers, used 1 barriers
ptxas info    : Compile time = 92.014 ms
ptxas info    : Compiling entry function '_Z14fc2_w3x_kernelILi54ELi8ELi8EEv14CUtensorMap_stS0_S0_PK13__nv_bfloat16PS1_PmS5_S5_S5_S5_' for 'sm_100a'
ptxas info    : Function properties for _Z14fc2_w3x_kernelILi54ELi8ELi8EEv14CUtensorMap_stS0_S0_PK13__nv_bfloat16PS1_PmS5_S5_S5_S5_
    0 bytes stack frame, 0 bytes spill stores, 0 bytes spill loads
ptxas info    : Used 70 registers, used 1 barriers
ptxas info    : Compile time = 93.226 ms
ptxas info    : Compiling entry function '_Z14fc2_w3x_kernelILi54ELi8ELi4EEv14CUtensorMap_stS0_S0_PK13__nv_bfloat16PS1_PmS5_S5_S5_S5_' for 'sm_100a'
ptxas info    : Function properties for _Z14fc2_w3x_kernelILi54ELi8ELi4EEv14CUtensorMap_stS0_S0_PK13__nv_bfloat16PS1_PmS5_S5_S5_S5_
    0 bytes stack frame, 0 bytes spill stores, 0 bytes spill loads
ptxas info    : Used 70 registers, used 1 barriers
ptxas info    : Compile time = 91.727 ms
ptxas info    : Compiling entry function '_Z14fc2_w3x_kernelILi54ELi8ELi0EEv14CUtensorMap_stS0_S0_PK13__nv_bfloat16PS1_PmS5_S5_S5_S5_' for 'sm_100a'
ptxas info    : Function properties for _Z14fc2_w3x_kernelILi54ELi8ELi0EEv14CUtensorMap_stS0_S0_PK13__nv_bfloat16PS1_PmS5_S5_S5_S5_
    0 bytes stack frame, 0 bytes spill stores, 0 bytes spill loads
ptxas info    : Used 70 registers, used 1 barriers
ptxas info    : Compile time = 92.041 ms
ptxas info    : Compiling entry function '_Z14fc2_w3x_kernelILi99ELi8ELi20EEv14CUtensorMap_stS0_S0_PK13__nv_bfloat16PS1_PmS5_S5_S5_S5_' for 'sm_100a'
ptxas info    : Function properties for _Z14fc2_w3x_kernelILi99ELi8ELi20EEv14CUtensorMap_stS0_S0_PK13__nv_bfloat16PS1_PmS5_S5_S5_S5_
    0 bytes stack frame, 0 bytes spill stores, 0 bytes spill loads
ptxas info    : Used 70 registers, used 1 barriers
ptxas info    : Compile time = 90.781 ms
ptxas info    : Compiling entry function '_Z14fc2_w3x_kernelILi98ELi8ELi20EEv14CUtensorMap_stS0_S0_PK13__nv_bfloat16PS1_PmS5_S5_S5_S5_' for 'sm_100a'
ptxas info    : Function properties for _Z14fc2_w3x_kernelILi98ELi8ELi20EEv14CUtensorMap_stS0_S0_PK13__nv_bfloat16PS1_PmS5_S5_S5_S5_
    0 bytes stack frame, 0 bytes spill stores, 0 bytes spill loads
ptxas info    : Used 70 registers, used 1 barriers
ptxas info    : Compile time = 90.214 ms
ptxas info    : Compiling entry function '_Z14fc2_w3x_kernelILi97ELi8ELi20EEv14CUtensorMap_stS0_S0_PK13__nv_bfloat16PS1_PmS5_S5_S5_S5_' for 'sm_100a'
ptxas info    : Function properties for _Z14fc2_w3x_kernelILi97ELi8ELi20EEv14CUtensorMap_stS0_S0_PK13__nv_bfloat16PS1_PmS5_S5_S5_S5_
    0 bytes stack frame, 0 bytes spill stores, 0 bytes spill loads
ptxas info    : Used 70 registers, used 1 barriers
ptxas info    : Compile time = 89.434 ms
ptxas info    : Compiling entry function '_Z14fc2_w3x_kernelILi96ELi8ELi20EEv14CUtensorMap_stS0_S0_PK13__nv_bfloat16PS1_PmS5_S5_S5_S5_' for 'sm_100a'
ptxas info    : Function properties for _Z14fc2_w3x_kernelILi96ELi8ELi20EEv14CUtensorMap_stS0_S0_PK13__nv_bfloat16PS1_PmS5_S5_S5_S5_
    0 bytes stack frame, 0 bytes spill stores, 0 bytes spill loads
ptxas info    : Used 70 registers, used 1 barriers
ptxas info    : Compile time = 89.694 ms
ptxas info    : Compiling entry function '_Z14fc2_w3x_kernelILi95ELi8ELi20EEv14CUtensorMap_stS0_S0_PK13__nv_bfloat16PS1_PmS5_S5_S5_S5_' for 'sm_100a'
ptxas info    : Function properties for _Z14fc2_w3x_kernelILi95ELi8ELi20EEv14CUtensorMap_stS0_S0_PK13__nv_bfloat16PS1_PmS5_S5_S5_S5_
    0 bytes stack frame, 0 bytes spill stores, 0 bytes spill loads
ptxas info    : Used 70 registers, used 1 barriers
ptxas info    : Compile time = 90.778 ms
ptxas info    : Compiling entry function '_Z14fc2_w3x_kernelILi94ELi8ELi20EEv14CUtensorMap_stS0_S0_PK13__nv_bfloat16PS1_PmS5_S5_S5_S5_' for 'sm_100a'
ptxas info    : Function properties for _Z14fc2_w3x_kernelILi94ELi8ELi20EEv14CUtensorMap_stS0_S0_PK13__nv_bfloat16PS1_PmS5_S5_S5_S5_
    0 bytes stack frame, 0 bytes spill stores, 0 bytes spill loads
ptxas info    : Used 70 registers, used 1 barriers
ptxas info    : Compile time = 88.883 ms
ptxas info    : Compiling entry function '_Z14fc2_w3x_kernelILi93ELi8ELi20EEv14CUtensorMap_stS0_S0_PK13__nv_bfloat16PS1_PmS5_S5_S5_S5_' for 'sm_100a'
ptxas info    : Function properties for _Z14fc2_w3x_kernelILi93ELi8ELi20EEv14CUtensorMap_stS0_S0_PK13__nv_bfloat16PS1_PmS5_S5_S5_S5_
    0 bytes stack frame, 0 bytes spill stores, 0 bytes spill loads
ptxas info    : Used 70 registers, used 1 barriers
ptxas info    : Compile time = 89.009 ms
ptxas info    : Compiling entry function '_Z14fc2_w3x_kernelILi92ELi8ELi20EEv14CUtensorMap_stS0_S0_PK13__nv_bfloat16PS1_PmS5_S5_S5_S5_' for 'sm_100a'
ptxas info    : Function properties for _Z14fc2_w3x_kernelILi92ELi8ELi20EEv14CUtensorMap_stS0_S0_PK13__nv_bfloat16PS1_PmS5_S5_S5_S5_
    0 bytes stack frame, 0 bytes spill stores, 0 bytes spill loads
ptxas info    : Used 70 registers, used 1 barriers
ptxas info    : Compile time = 88.868 ms
ptxas info    : Compiling entry function '_Z14fc2_w3x_kernelILi91ELi8ELi20EEv14CUtensorMap_stS0_S0_PK13__nv_bfloat16PS1_PmS5_S5_S5_S5_' for 'sm_100a'
ptxas info    : Function properties for _Z14fc2_w3x_kernelILi91ELi8ELi20EEv14CUtensorMap_stS0_S0_PK13__nv_bfloat16PS1_PmS5_S5_S5_S5_
    0 bytes stack frame, 0 bytes spill stores, 0 bytes spill loads
ptxas info    : Used 70 registers, used 1 barriers
ptxas info    : Compile time = 88.430 ms
ptxas info    : Compiling entry function '_Z14fc2_w3x_kernelILi90ELi8ELi20EEv14CUtensorMap_stS0_S0_PK13__nv_bfloat16PS1_PmS5_S5_S5_S5_' for 'sm_100a'
ptxas info    : Function properties for _Z14fc2_w3x_kernelILi90ELi8ELi20EEv14CUtensorMap_stS0_S0_PK13__nv_bfloat16PS1_PmS5_S5_S5_S5_
    0 bytes stack frame, 0 bytes spill stores, 0 bytes spill loads
ptxas info    : Used 70 registers, used 1 barriers
ptxas info    : Compile time = 89.005 ms
ptxas info    : Compiling entry function '_Z14fc2_w3x_kernelILi89ELi8ELi20EEv14CUtensorMap_stS0_S0_PK13__nv_bfloat16PS1_PmS5_S5_S5_S5_' for 'sm_100a'
ptxas info    : Function properties for _Z14fc2_w3x_kernelILi89ELi8ELi20EEv14CUtensorMap_stS0_S0_PK13__nv_bfloat16PS1_PmS5_S5_S5_S5_
    0 bytes stack frame, 0 bytes spill stores, 0 bytes spill loads
ptxas info    : Used 70 registers, used 1 barriers
ptxas info    : Compile time = 89.578 ms
ptxas info    : Compiling entry function '_Z14fc2_w3x_kernelILi88ELi8ELi20EEv14CUtensorMap_stS0_S0_PK13__nv_bfloat16PS1_PmS5_S5_S5_S5_' for 'sm_100a'
ptxas info    : Function properties for _Z14fc2_w3x_kernelILi88ELi8ELi20EEv14CUtensorMap_stS0_S0_PK13__nv_bfloat16PS1_PmS5_S5_S5_S5_
    0 bytes stack frame, 0 bytes spill stores, 0 bytes spill loads
ptxas info    : Used 70 registers, used 1 barriers
ptxas info    : Compile time = 89.199 ms
ptxas info    : Compiling entry function '_Z14fc2_w3x_kernelILi87ELi8ELi20EEv14CUtensorMap_stS0_S0_PK13__nv_bfloat16PS1_PmS5_S5_S5_S5_' for 'sm_100a'
ptxas info    : Function properties for _Z14fc2_w3x_kernelILi87ELi8ELi20EEv14CUtensorMap_stS0_S0_PK13__nv_bfloat16PS1_PmS5_S5_S5_S5_
    0 bytes stack frame, 0 bytes spill stores, 0 bytes spill loads
ptxas info    : Used 70 registers, used 1 barriers
ptxas info    : Compile time = 89.533 ms
ptxas info    : Compiling entry function '_Z14fc2_w3x_kernelILi86ELi8ELi20EEv14CUtensorMap_stS0_S0_PK13__nv_bfloat16PS1_PmS5_S5_S5_S5_' for 'sm_100a'
ptxas info    : Function properties for _Z14fc2_w3x_kernelILi86ELi8ELi20EEv14CUtensorMap_stS0_S0_PK13__nv_bfloat16PS1_PmS5_S5_S5_S5_
    0 bytes stack frame, 0 bytes spill stores, 0 bytes spill loads
ptxas info    : Used 70 registers, used 1 barriers
ptxas info    : Compile time = 89.367 ms
ptxas info    : Compiling entry function '_Z14fc2_w3x_kernelILi85ELi8ELi20EEv14CUtensorMap_stS0_S0_PK13__nv_bfloat16PS1_PmS5_S5_S5_S5_' for 'sm_100a'
ptxas info    : Function properties for _Z14fc2_w3x_kernelILi85ELi8ELi20EEv14CUtensorMap_stS0_S0_PK13__nv_bfloat16PS1_PmS5_S5_S5_S5_
    0 bytes stack frame, 0 bytes spill stores, 0 bytes spill loads
ptxas info    : Used 70 registers, used 1 barriers
ptxas info    : Compile time = 89.393 ms
ptxas info    : Compiling entry function '_Z14fc2_w3x_kernelILi84ELi8ELi20EEv14CUtensorMap_stS0_S0_PK13__nv_bfloat16PS1_PmS5_S5_S5_S5_' for 'sm_100a'
ptxas info    : Function properties for _Z14fc2_w3x_kernelILi84ELi8ELi20EEv14CUtensorMap_stS0_S0_PK13__nv_bfloat16PS1_PmS5_S5_S5_S5_
    0 bytes stack frame, 0 bytes spill stores, 0 bytes spill loads
ptxas info    : Used 70 registers, used 1 barriers
ptxas info    : Compile time = 90.649 ms
ptxas info    : Compiling entry function '_Z14fc2_w3x_kernelILi83ELi8ELi20EEv14CUtensorMap_stS0_S0_PK13__nv_bfloat16PS1_PmS5_S5_S5_S5_' for 'sm_100a'
ptxas info    : Function properties for _Z14fc2_w3x_kernelILi83ELi8ELi20EEv14CUtensorMap_stS0_S0_PK13__nv_bfloat16PS1_PmS5_S5_S5_S5_
    0 bytes stack frame, 0 bytes spill stores, 0 bytes spill loads
ptxas info    : Used 70 registers, used 1 barriers
ptxas info    : Compile time = 90.758 ms
ptxas info    : Compiling entry function '_Z14fc2_w3x_kernelILi82ELi8ELi20EEv14CUtensorMap_stS0_S0_PK13__nv_bfloat16PS1_PmS5_S5_S5_S5_' for 'sm_100a'
ptxas info    : Function properties for _Z14fc2_w3x_kernelILi82ELi8ELi20EEv14CUtensorMap_stS0_S0_PK13__nv_bfloat16PS1_PmS5_S5_S5_S5_
    0 bytes stack frame, 0 bytes spill stores, 0 bytes spill loads
ptxas info    : Used 70 registers, used 1 barriers
ptxas info    : Compile time = 90.321 ms
ptxas info    : Compiling entry function '_Z14fc2_w3x_kernelILi81ELi8ELi20EEv14CUtensorMap_stS0_S0_PK13__nv_bfloat16PS1_PmS5_S5_S5_S5_' for 'sm_100a'
ptxas info    : Function properties for _Z14fc2_w3x_kernelILi81ELi8ELi20EEv14CUtensorMap_stS0_S0_PK13__nv_bfloat16PS1_PmS5_S5_S5_S5_
    0 bytes stack frame, 0 bytes spill stores, 0 bytes spill loads
ptxas info    : Used 70 registers, used 1 barriers
ptxas info    : Compile time = 89.281 ms
ptxas info    : Compiling entry function '_Z14fc2_w3x_kernelILi80ELi8ELi20EEv14CUtensorMap_stS0_S0_PK13__nv_bfloat16PS1_PmS5_S5_S5_S5_' for 'sm_100a'
ptxas info    : Function properties for _Z14fc2_w3x_kernelILi80ELi8ELi20EEv14CUtensorMap_stS0_S0_PK13__nv_bfloat16PS1_PmS5_S5_S5_S5_
    0 bytes stack frame, 0 bytes spill stores, 0 bytes spill loads
ptxas info    : Used 70 registers, used 1 barriers
ptxas info    : Compile time = 90.406 ms
ptxas info    : Compiling entry function '_Z14fc2_w3x_kernelILi58ELi8ELi20EEv14CUtensorMap_stS0_S0_PK13__nv_bfloat16PS1_PmS5_S5_S5_S5_' for 'sm_100a'
ptxas info    : Function properties for _Z14fc2_w3x_kernelILi58ELi8ELi20EEv14CUtensorMap_stS0_S0_PK13__nv_bfloat16PS1_PmS5_S5_S5_S5_
    0 bytes stack frame, 0 bytes spill stores, 0 bytes spill loads
ptxas info    : Used 70 registers, used 1 barriers
ptxas info    : Compile time = 89.917 ms
ptxas info    : Compiling entry function '_Z14fc2_w3x_kernelILi57ELi8ELi20EEv14CUtensorMap_stS0_S0_PK13__nv_bfloat16PS1_PmS5_S5_S5_S5_' for 'sm_100a'
ptxas info    : Function properties for _Z14fc2_w3x_kernelILi57ELi8ELi20EEv14CUtensorMap_stS0_S0_PK13__nv_bfloat16PS1_PmS5_S5_S5_S5_
    0 bytes stack frame, 0 bytes spill stores, 0 bytes spill loads
ptxas info    : Used 70 registers, used 1 barriers
ptxas info    : Compile time = 89.724 ms
ptxas info    : Compiling entry function '_Z14fc2_w3x_kernelILi56ELi8ELi20EEv14CUtensorMap_stS0_S0_PK13__nv_bfloat16PS1_PmS5_S5_S5_S5_' for 'sm_100a'
ptxas info    : Function properties for _Z14fc2_w3x_kernelILi56ELi8ELi20EEv14CUtensorMap_stS0_S0_PK13__nv_bfloat16PS1_PmS5_S5_S5_S5_
    0 bytes stack frame, 0 bytes spill stores, 0 bytes spill loads
ptxas info    : Used 70 registers, used 1 barriers
ptxas info    : Compile time = 89.587 ms
ptxas info    : Compiling entry function '_Z14fc2_w3x_kernelILi55ELi8ELi20EEv14CUtensorMap_stS0_S0_PK13__nv_bfloat16PS1_PmS5_S5_S5_S5_' for 'sm_100a'
ptxas info    : Function properties for _Z14fc2_w3x_kernelILi55ELi8ELi20EEv14CUtensorMap_stS0_S0_PK13__nv_bfloat16PS1_PmS5_S5_S5_S5_
    0 bytes stack frame, 0 bytes spill stores, 0 bytes spill loads
ptxas info    : Used 70 registers, used 1 barriers
ptxas info    : Compile time = 90.490 ms
ptxas info    : Compiling entry function '_Z14fc2_w3x_kernelILi54ELi8ELi20EEv14CUtensorMap_stS0_S0_PK13__nv_bfloat16PS1_PmS5_S5_S5_S5_' for 'sm_100a'
ptxas info    : Function properties for _Z14fc2_w3x_kernelILi54ELi8ELi20EEv14CUtensorMap_stS0_S0_PK13__nv_bfloat16PS1_PmS5_S5_S5_S5_
    0 bytes stack frame, 0 bytes spill stores, 0 bytes spill loads
ptxas info    : Used 70 registers, used 1 barriers
ptxas info    : Compile time = 89.532 ms
ptxas info    : Compiling entry function '_Z14fc2_w3x_kernelILi53ELi8ELi20EEv14CUtensorMap_stS0_S0_PK13__nv_bfloat16PS1_PmS5_S5_S5_S5_' for 'sm_100a'
ptxas info    : Function properties for _Z14fc2_w3x_kernelILi53ELi8ELi20EEv14CUtensorMap_stS0_S0_PK13__nv_bfloat16PS1_PmS5_S5_S5_S5_
    0 bytes stack frame, 0 bytes spill stores, 0 bytes spill loads
ptxas info    : Used 70 registers, used 1 barriers
ptxas info    : Compile time = 89.198 ms
ptxas info    : Compiling entry function '_Z14fc2_w3x_kernelILi52ELi8ELi20EEv14CUtensorMap_stS0_S0_PK13__nv_bfloat16PS1_PmS5_S5_S5_S5_' for 'sm_100a'
ptxas info    : Function properties for _Z14fc2_w3x_kernelILi52ELi8ELi20EEv14CUtensorMap_stS0_S0_PK13__nv_bfloat16PS1_PmS5_S5_S5_S5_
    0 bytes stack frame, 0 bytes spill stores, 0 bytes spill loads
ptxas info    : Used 70 registers, used 1 barriers
ptxas info    : Compile time = 89.264 ms
ptxas info    : Compiling entry function '_Z14fc2_w3x_kernelILi51ELi8ELi20EEv14CUtensorMap_stS0_S0_PK13__nv_bfloat16PS1_PmS5_S5_S5_S5_' for 'sm_100a'
ptxas info    : Function properties for _Z14fc2_w3x_kernelILi51ELi8ELi20EEv14CUtensorMap_stS0_S0_PK13__nv_bfloat16PS1_PmS5_S5_S5_S5_
    0 bytes stack frame, 0 bytes spill stores, 0 bytes spill loads
ptxas info    : Used 70 registers, used 1 barriers
ptxas info    : Compile time = 92.023 ms
ptxas info    : Compiling entry function '_Z14fc2_w3x_kernelILi50ELi8ELi20EEv14CUtensorMap_stS0_S0_PK13__nv_bfloat16PS1_PmS5_S5_S5_S5_' for 'sm_100a'
ptxas info    : Function properties for _Z14fc2_w3x_kernelILi50ELi8ELi20EEv14CUtensorMap_stS0_S0_PK13__nv_bfloat16PS1_PmS5_S5_S5_S5_
    0 bytes stack frame, 0 bytes spill stores, 0 bytes spill loads
ptxas info    : Used 70 registers, used 1 barriers
ptxas info    : Compile time = 92.415 ms
ptxas info    : Compiling entry function '_Z14fc2_w3x_kernelILi49ELi8ELi20EEv14CUtensorMap_stS0_S0_PK13__nv_bfloat16PS1_PmS5_S5_S5_S5_' for 'sm_100a'
ptxas info    : Function properties for _Z14fc2_w3x_kernelILi49ELi8ELi20EEv14CUtensorMap_stS0_S0_PK13__nv_bfloat16PS1_PmS5_S5_S5_S5_
    0 bytes stack frame, 0 bytes spill stores, 0 bytes spill loads
ptxas info    : Used 70 registers, used 1 barriers
ptxas info    : Compile time = 91.182 ms
ptxas info    : Compiling entry function '_Z14fc2_w3x_kernelILi19ELi16ELi20EEv14CUtensorMap_stS0_S0_PK13__nv_bfloat16PS1_PmS5_S5_S5_S5_' for 'sm_100a'
ptxas info    : Function properties for _Z14fc2_w3x_kernelILi19ELi16ELi20EEv14CUtensorMap_stS0_S0_PK13__nv_bfloat16PS1_PmS5_S5_S5_S5_
    0 bytes stack frame, 0 bytes spill stores, 0 bytes spill loads
ptxas info    : Used 70 registers, used 1 barriers
ptxas info    : Compile time = 93.139 ms
ptxas info    : Compiling entry function '_Z14fc2_w3x_kernelILi19ELi4ELi20EEv14CUtensorMap_stS0_S0_PK13__nv_bfloat16PS1_PmS5_S5_S5_S5_' for 'sm_100a'
ptxas info    : Function properties for _Z14fc2_w3x_kernelILi19ELi4ELi20EEv14CUtensorMap_stS0_S0_PK13__nv_bfloat16PS1_PmS5_S5_S5_S5_
    0 bytes stack frame, 0 bytes spill stores, 0 bytes spill loads
ptxas info    : Used 70 registers, used 1 barriers
ptxas info    : Compile time = 91.779 ms
ptxas info    : Compiling entry function '_Z14fc2_w3x_kernelILi48ELi8ELi20EEv14CUtensorMap_stS0_S0_PK13__nv_bfloat16PS1_PmS5_S5_S5_S5_' for 'sm_100a'
ptxas info    : Function properties for _Z14fc2_w3x_kernelILi48ELi8ELi20EEv14CUtensorMap_stS0_S0_PK13__nv_bfloat16PS1_PmS5_S5_S5_S5_
    0 bytes stack frame, 0 bytes spill stores, 0 bytes spill loads
ptxas info    : Used 70 registers, used 1 barriers
ptxas info    : Compile time = 90.207 ms
ptxas info    : Compiling entry function '_Z14fc2_w3x_kernelILi47ELi8ELi20EEv14CUtensorMap_stS0_S0_PK13__nv_bfloat16PS1_PmS5_S5_S5_S5_' for 'sm_100a'
ptxas info    : Function properties for _Z14fc2_w3x_kernelILi47ELi8ELi20EEv14CUtensorMap_stS0_S0_PK13__nv_bfloat16PS1_PmS5_S5_S5_S5_
    0 bytes stack frame, 0 bytes spill stores, 0 bytes spill loads
ptxas info    : Used 70 registers, used 1 barriers
ptxas info    : Compile time = 91.003 ms
ptxas info    : Compiling entry function '_Z14fc2_w3x_kernelILi46ELi8ELi20EEv14CUtensorMap_stS0_S0_PK13__nv_bfloat16PS1_PmS5_S5_S5_S5_' for 'sm_100a'
ptxas info    : Function properties for _Z14fc2_w3x_kernelILi46ELi8ELi20EEv14CUtensorMap_stS0_S0_PK13__nv_bfloat16PS1_PmS5_S5_S5_S5_
    0 bytes stack frame, 0 bytes spill stores, 0 bytes spill loads
ptxas info    : Used 70 registers, used 1 barriers
ptxas info    : Compile time = 90.744 ms
ptxas info    : Compiling entry function '_Z14fc2_w3x_kernelILi45ELi8ELi20EEv14CUtensorMap_stS0_S0_PK13__nv_bfloat16PS1_PmS5_S5_S5_S5_' for 'sm_100a'
ptxas info    : Function properties for _Z14fc2_w3x_kernelILi45ELi8ELi20EEv14CUtensorMap_stS0_S0_PK13__nv_bfloat16PS1_PmS5_S5_S5_S5_
    0 bytes stack frame, 0 bytes spill stores, 0 bytes spill loads
ptxas info    : Used 70 registers, used 1 barriers
ptxas info    : Compile time = 90.350 ms
ptxas info    : Compiling entry function '_Z14fc2_w3x_kernelILi44ELi8ELi20EEv14CUtensorMap_stS0_S0_PK13__nv_bfloat16PS1_PmS5_S5_S5_S5_' for 'sm_100a'
ptxas info    : Function properties for _Z14fc2_w3x_kernelILi44ELi8ELi20EEv14CUtensorMap_stS0_S0_PK13__nv_bfloat16PS1_PmS5_S5_S5_S5_
    0 bytes stack frame, 0 bytes spill stores, 0 bytes spill loads
ptxas info    : Used 70 registers, used 1 barriers
ptxas info    : Compile time = 89.201 ms
ptxas info    : Compiling entry function '_Z14fc2_w3x_kernelILi43ELi8ELi20EEv14CUtensorMap_stS0_S0_PK13__nv_bfloat16PS1_PmS5_S5_S5_S5_' for 'sm_100a'
ptxas info    : Function properties for _Z14fc2_w3x_kernelILi43ELi8ELi20EEv14CUtensorMap_stS0_S0_PK13__nv_bfloat16PS1_PmS5_S5_S5_S5_
    0 bytes stack frame, 0 bytes spill stores, 0 bytes spill loads
ptxas info    : Used 70 registers, used 1 barriers
ptxas info    : Compile time = 89.916 ms
ptxas info    : Compiling entry function '_Z14fc2_w3x_kernelILi41ELi8ELi20EEv14CUtensorMap_stS0_S0_PK13__nv_bfloat16PS1_PmS5_S5_S5_S5_' for 'sm_100a'
ptxas info    : Function properties for _Z14fc2_w3x_kernelILi41ELi8ELi20EEv14CUtensorMap_stS0_S0_PK13__nv_bfloat16PS1_PmS5_S5_S5_S5_
    0 bytes stack frame, 0 bytes spill stores, 0 bytes spill loads
ptxas info    : Used 70 registers, used 1 barriers
ptxas info    : Compile time = 89.601 ms
ptxas info    : Compiling entry function '_Z14fc2_w3x_kernelILi40ELi8ELi20EEv14CUtensorMap_stS0_S0_PK13__nv_bfloat16PS1_PmS5_S5_S5_S5_' for 'sm_100a'
ptxas info    : Function properties for _Z14fc2_w3x_kernelILi40ELi8ELi20EEv14CUtensorMap_stS0_S0_PK13__nv_bfloat16PS1_PmS5_S5_S5_S5_
    0 bytes stack frame, 0 bytes spill stores, 0 bytes spill loads
ptxas info    : Used 70 registers, used 1 barriers
ptxas info    : Compile time = 88.535 ms
ptxas info    : Compiling entry function '_Z14fc2_w3x_kernelILi39ELi8ELi20EEv14CUtensorMap_stS0_S0_PK13__nv_bfloat16PS1_PmS5_S5_S5_S5_' for 'sm_100a'
ptxas info    : Function properties for _Z14fc2_w3x_kernelILi39ELi8ELi20EEv14CUtensorMap_stS0_S0_PK13__nv_bfloat16PS1_PmS5_S5_S5_S5_
    0 bytes stack frame, 0 bytes spill stores, 0 bytes spill loads
ptxas info    : Used 70 registers, used 1 barriers
ptxas info    : Compile time = 89.443 ms
ptxas info    : Compiling entry function '_Z14fc2_w3x_kernelILi38ELi8ELi20EEv14CUtensorMap_stS0_S0_PK13__nv_bfloat16PS1_PmS5_S5_S5_S5_' for 'sm_100a'
ptxas info    : Function properties for _Z14fc2_w3x_kernelILi38ELi8ELi20EEv14CUtensorMap_stS0_S0_PK13__nv_bfloat16PS1_PmS5_S5_S5_S5_
    0 bytes stack frame, 0 bytes spill stores, 0 bytes spill loads
ptxas info    : Used 70 registers, used 1 barriers
ptxas info    : Compile time = 90.849 ms
ptxas info    : Compiling entry function '_Z14fc2_w3x_kernelILi36ELi4ELi20EEv14CUtensorMap_stS0_S0_PK13__nv_bfloat16PS1_PmS5_S5_S5_S5_' for 'sm_100a'
ptxas info    : Function properties for _Z14fc2_w3x_kernelILi36ELi4ELi20EEv14CUtensorMap_stS0_S0_PK13__nv_bfloat16PS1_PmS5_S5_S5_S5_
    0 bytes stack frame, 0 bytes spill stores, 0 bytes spill loads
ptxas info    : Used 70 registers, used 1 barriers
ptxas info    : Compile time = 88.689 ms
ptxas info    : Compiling entry function '_Z14fc2_w3x_kernelILi35ELi4ELi20EEv14CUtensorMap_stS0_S0_PK13__nv_bfloat16PS1_PmS5_S5_S5_S5_' for 'sm_100a'
ptxas info    : Function properties for _Z14fc2_w3x_kernelILi35ELi4ELi20EEv14CUtensorMap_stS0_S0_PK13__nv_bfloat16PS1_PmS5_S5_S5_S5_
    0 bytes stack frame, 0 bytes spill stores, 0 bytes spill loads
ptxas info    : Used 70 registers, used 1 barriers
ptxas info    : Compile time = 89.731 ms
ptxas info    : Compiling entry function '_Z14fc2_w3x_kernelILi34ELi8ELi20EEv14CUtensorMap_stS0_S0_PK13__nv_bfloat16PS1_PmS5_S5_S5_S5_' for 'sm_100a'
ptxas info    : Function properties for _Z14fc2_w3x_kernelILi34ELi8ELi20EEv14CUtensorMap_stS0_S0_PK13__nv_bfloat16PS1_PmS5_S5_S5_S5_
    0 bytes stack frame, 0 bytes spill stores, 0 bytes spill loads
ptxas info    : Used 70 registers, used 1 barriers
ptxas info    : Compile time = 90.967 ms
ptxas info    : Compiling entry function '_Z14fc2_w3x_kernelILi33ELi8ELi20EEv14CUtensorMap_stS0_S0_PK13__nv_bfloat16PS1_PmS5_S5_S5_S5_' for 'sm_100a'
ptxas info    : Function properties for _Z14fc2_w3x_kernelILi33ELi8ELi20EEv14CUtensorMap_stS0_S0_PK13__nv_bfloat16PS1_PmS5_S5_S5_S5_
    0 bytes stack frame, 0 bytes spill stores, 0 bytes spill loads
ptxas info    : Used 70 registers, used 1 barriers
ptxas info    : Compile time = 89.133 ms
ptxas info    : Compiling entry function '_Z14fc2_w3x_kernelILi19ELi8ELi20EEv14CUtensorMap_stS0_S0_PK13__nv_bfloat16PS1_PmS5_S5_S5_S5_' for 'sm_100a'
ptxas info    : Function properties for _Z14fc2_w3x_kernelILi19ELi8ELi20EEv14CUtensorMap_stS0_S0_PK13__nv_bfloat16PS1_PmS5_S5_S5_S5_
    0 bytes stack frame, 0 bytes spill stores, 0 bytes spill loads
ptxas info    : Used 70 registers, used 1 barriers
ptxas info    : Compile time = 90.484 ms
ptxas info    : Compiling entry function '_Z14fc2_w3x_kernelILi18ELi8ELi20EEv14CUtensorMap_stS0_S0_PK13__nv_bfloat16PS1_PmS5_S5_S5_S5_' for 'sm_100a'
ptxas info    : Function properties for _Z14fc2_w3x_kernelILi18ELi8ELi20EEv14CUtensorMap_stS0_S0_PK13__nv_bfloat16PS1_PmS5_S5_S5_S5_
    0 bytes stack frame, 0 bytes spill stores, 0 bytes spill loads
ptxas info    : Used 70 registers, used 1 barriers
ptxas info    : Compile time = 92.128 ms
ptxas info    : Compiling entry function '_Z14fc2_w3x_kernelILi13ELi8ELi20EEv14CUtensorMap_stS0_S0_PK13__nv_bfloat16PS1_PmS5_S5_S5_S5_' for 'sm_100a'
ptxas info    : Function properties for _Z14fc2_w3x_kernelILi13ELi8ELi20EEv14CUtensorMap_stS0_S0_PK13__nv_bfloat16PS1_PmS5_S5_S5_S5_
    0 bytes stack frame, 0 bytes spill stores, 0 bytes spill loads
ptxas info    : Used 70 registers, used 1 barriers
ptxas info    : Compile time = 87.508 ms
ptxas info    : Compiling entry function '_Z14fc2_w3x_kernelILi11ELi8ELi20EEv14CUtensorMap_stS0_S0_PK13__nv_bfloat16PS1_PmS5_S5_S5_S5_' for 'sm_100a'
ptxas info    : Function properties for _Z14fc2_w3x_kernelILi11ELi8ELi20EEv14CUtensorMap_stS0_S0_PK13__nv_bfloat16PS1_PmS5_S5_S5_S5_
    0 bytes stack frame, 0 bytes spill stores, 0 bytes spill loads
ptxas info    : Used 70 registers, used 1 barriers
ptxas info    : Compile time = 88.617 ms
ptxas info    : Compiling entry function '_Z14fc2_w3x_kernelILi0ELi32ELi20EEv14CUtensorMap_stS0_S0_PK13__nv_bfloat16PS1_PmS5_S5_S5_S5_' for 'sm_100a'
ptxas info    : Function properties for _Z14fc2_w3x_kernelILi0ELi32ELi20EEv14CUtensorMap_stS0_S0_PK13__nv_bfloat16PS1_PmS5_S5_S5_S5_
    0 bytes stack frame, 0 bytes spill stores, 0 bytes spill loads
ptxas info    : Used 70 registers, used 1 barriers
ptxas info    : Compile time = 90.658 ms
ptxas info    : Compiling entry function '_Z14fc2_w3x_kernelILi0ELi16ELi20EEv14CUtensorMap_stS0_S0_PK13__nv_bfloat16PS1_PmS5_S5_S5_S5_' for 'sm_100a'
ptxas info    : Function properties for _Z14fc2_w3x_kernelILi0ELi16ELi20EEv14CUtensorMap_stS0_S0_PK13__nv_bfloat16PS1_PmS5_S5_S5_S5_
    0 bytes stack frame, 0 bytes spill stores, 0 bytes spill loads
ptxas info    : Used 70 registers, used 1 barriers
ptxas info    : Compile time = 90.666 ms
ptxas info    : Compiling entry function '_Z14fc2_w3x_kernelILi0ELi4ELi20EEv14CUtensorMap_stS0_S0_PK13__nv_bfloat16PS1_PmS5_S5_S5_S5_' for 'sm_100a'
ptxas info    : Function properties for _Z14fc2_w3x_kernelILi0ELi4ELi20EEv14CUtensorMap_stS0_S0_PK13__nv_bfloat16PS1_PmS5_S5_S5_S5_
    0 bytes stack frame, 0 bytes spill stores, 0 bytes spill loads
ptxas info    : Used 70 registers, used 1 barriers
ptxas info    : Compile time = 90.655 ms
ptxas info    : Compiling entry function '_Z14fc2_w3x_kernelILi0ELi2ELi20EEv14CUtensorMap_stS0_S0_PK13__nv_bfloat16PS1_PmS5_S5_S5_S5_' for 'sm_100a'
ptxas info    : Function properties for _Z14fc2_w3x_kernelILi0ELi2ELi20EEv14CUtensorMap_stS0_S0_PK13__nv_bfloat16PS1_PmS5_S5_S5_S5_
    0 bytes stack frame, 0 bytes spill stores, 0 bytes spill loads
ptxas info    : Used 70 registers, used 1 barriers
ptxas info    : Compile time = 89.185 ms
ptxas info    : Compiling entry function '_Z14fc2_w3x_kernelILi0ELi8ELi20EEv14CUtensorMap_stS0_S0_PK13__nv_bfloat16PS1_PmS5_S5_S5_S5_' for 'sm_100a'
ptxas info    : Function properties for _Z14fc2_w3x_kernelILi0ELi8ELi20EEv14CUtensorMap_stS0_S0_PK13__nv_bfloat16PS1_PmS5_S5_S5_S5_
    0 bytes stack frame, 0 bytes spill stores, 0 bytes spill loads
ptxas info    : Used 70 registers, used 1 barriers
ptxas info    : Compile time = 90.780 ms
