nvcc -gencode arch=compute_100a,code=sm_100a -O3 -std=c++17 -lineinfo --ptxas-options=-v --cudart=static -DM_TOTAL=928256 -DN_DIM=768 -DK_DIM=2048 fc2_w3x.cu -o fc2-w3x -lcurand_static -lculibos -lcuda
ptxas info    : 0 bytes gmem
ptxas info    : Compiling entry function '_Z14fc2_w3x_kernelILi54ELi8ELi64EEv14CUtensorMap_stS0_S0_PK13__nv_bfloat16PS1_PmS5_S5_S5_S5_' for 'sm_100a'
ptxas info    : Function properties for _Z14fc2_w3x_kernelILi54ELi8ELi64EEv14CUtensorMap_stS0_S0_PK13__nv_bfloat16PS1_PmS5_S5_S5_S5_
    0 bytes stack frame, 0 bytes spill stores, 0 bytes spill loads
ptxas info    : Used 72 registers, used 1 barriers
ptxas info    : Compile time = 65.709 ms
ptxas info    : Compiling entry function '_Z14fc2_w3x_kernelILi54ELi8ELi48EEv14CUtensorMap_stS0_S0_PK13__nv_bfloat16PS1_PmS5_S5_S5_S5_' for 'sm_100a'
ptxas info    : Function properties for _Z14fc2_w3x_kernelILi54ELi8ELi48EEv14CUtensorMap_stS0_S0_PK13__nv_bfloat16PS1_PmS5_S5_S5_S5_
    0 bytes stack frame, 0 bytes spill stores, 0 bytes spill loads
ptxas info    : Used 72 registers, used 1 barriers
ptxas info    : Compile time = 64.234 ms
ptxas info    : Compiling entry function '_Z14fc2_w3x_kernelILi54ELi8ELi32EEv14CUtensorMap_stS0_S0_PK13__nv_bfloat16PS1_PmS5_S5_S5_S5_' for 'sm_100a'
ptxas info    : Function properties for _Z14fc2_w3x_kernelILi54ELi8ELi32EEv14CUtensorMap_stS0_S0_PK13__nv_bfloat16PS1_PmS5_S5_S5_S5_
    0 bytes stack frame, 0 bytes spill stores, 0 bytes spill loads
ptxas info    : Used 72 registers, used 1 barriers
ptxas info    : Compile time = 64.620 ms
ptxas info    : Compiling entry function '_Z14fc2_w3x_kernelILi54ELi8ELi24EEv14CUtensorMap_stS0_S0_PK13__nv_bfloat16PS1_PmS5_S5_S5_S5_' for 'sm_100a'
ptxas info    : Function properties for _Z14fc2_w3x_kernelILi54ELi8ELi24EEv14CUtensorMap_stS0_S0_PK13__nv_bfloat16PS1_PmS5_S5_S5_S5_
    0 bytes stack frame, 0 bytes spill stores, 0 bytes spill loads
ptxas info    : Used 72 registers, used 1 barriers
ptxas info    : Compile time = 65.488 ms
ptxas info    : Compiling entry function '_Z14fc2_w3x_kernelILi54ELi8ELi16EEv14CUtensorMap_stS0_S0_PK13__nv_bfloat16PS1_PmS5_S5_S5_S5_' for 'sm_100a'
ptxas info    : Function properties for _Z14fc2_w3x_kernelILi54ELi8ELi16EEv14CUtensorMap_stS0_S0_PK13__nv_bfloat16PS1_PmS5_S5_S5_S5_
    0 bytes stack frame, 0 bytes spill stores, 0 bytes spill loads
ptxas info    : Used 72 registers, used 1 barriers
ptxas info    : Compile time = 64.916 ms
ptxas info    : Compiling entry function '_Z14fc2_w3x_kernelILi54ELi8ELi12EEv14CUtensorMap_stS0_S0_PK13__nv_bfloat16PS1_PmS5_S5_S5_S5_' for 'sm_100a'
ptxas info    : Function properties for _Z14fc2_w3x_kernelILi54ELi8ELi12EEv14CUtensorMap_stS0_S0_PK13__nv_bfloat16PS1_PmS5_S5_S5_S5_
    0 bytes stack frame, 0 bytes spill stores, 0 bytes spill loads
ptxas info    : Used 72 registers, used 1 barriers
ptxas info    : Compile time = 62.397 ms
ptxas info    : Compiling entry function '_Z14fc2_w3x_kernelILi54ELi8ELi8EEv14CUtensorMap_stS0_S0_PK13__nv_bfloat16PS1_PmS5_S5_S5_S5_' for 'sm_100a'
ptxas info    : Function properties for _Z14fc2_w3x_kernelILi54ELi8ELi8EEv14CUtensorMap_stS0_S0_PK13__nv_bfloat16PS1_PmS5_S5_S5_S5_
    0 bytes stack frame, 0 bytes spill stores, 0 bytes spill loads
ptxas info    : Used 72 registers, used 1 barriers
ptxas info    : Compile time = 62.878 ms
ptxas info    : Compiling entry function '_Z14fc2_w3x_kernelILi54ELi8ELi4EEv14CUtensorMap_stS0_S0_PK13__nv_bfloat16PS1_PmS5_S5_S5_S5_' for 'sm_100a'
ptxas info    : Function properties for _Z14fc2_w3x_kernelILi54ELi8ELi4EEv14CUtensorMap_stS0_S0_PK13__nv_bfloat16PS1_PmS5_S5_S5_S5_
    0 bytes stack frame, 0 bytes spill stores, 0 bytes spill loads
ptxas info    : Used 72 registers, used 1 barriers
ptxas info    : Compile time = 62.157 ms
ptxas info    : Compiling entry function '_Z14fc2_w3x_kernelILi54ELi8ELi0EEv14CUtensorMap_stS0_S0_PK13__nv_bfloat16PS1_PmS5_S5_S5_S5_' for 'sm_100a'
ptxas info    : Function properties for _Z14fc2_w3x_kernelILi54ELi8ELi0EEv14CUtensorMap_stS0_S0_PK13__nv_bfloat16PS1_PmS5_S5_S5_S5_
    0 bytes stack frame, 0 bytes spill stores, 0 bytes spill loads
ptxas info    : Used 72 registers, used 1 barriers
ptxas info    : Compile time = 61.935 ms
ptxas info    : Compiling entry function '_Z14fc2_w3x_kernelILi99ELi8ELi20EEv14CUtensorMap_stS0_S0_PK13__nv_bfloat16PS1_PmS5_S5_S5_S5_' for 'sm_100a'
ptxas info    : Function properties for _Z14fc2_w3x_kernelILi99ELi8ELi20EEv14CUtensorMap_stS0_S0_PK13__nv_bfloat16PS1_PmS5_S5_S5_S5_
    0 bytes stack frame, 0 bytes spill stores, 0 bytes spill loads
ptxas info    : Used 72 registers, used 1 barriers
ptxas info    : Compile time = 63.411 ms
ptxas info    : Compiling entry function '_Z14fc2_w3x_kernelILi98ELi8ELi20EEv14CUtensorMap_stS0_S0_PK13__nv_bfloat16PS1_PmS5_S5_S5_S5_' for 'sm_100a'
ptxas info    : Function properties for _Z14fc2_w3x_kernelILi98ELi8ELi20EEv14CUtensorMap_stS0_S0_PK13__nv_bfloat16PS1_PmS5_S5_S5_S5_
    0 bytes stack frame, 0 bytes spill stores, 0 bytes spill loads
ptxas info    : Used 72 registers, used 1 barriers
ptxas info    : Compile time = 63.605 ms
ptxas info    : Compiling entry function '_Z14fc2_w3x_kernelILi97ELi8ELi20EEv14CUtensorMap_stS0_S0_PK13__nv_bfloat16PS1_PmS5_S5_S5_S5_' for 'sm_100a'
ptxas info    : Function properties for _Z14fc2_w3x_kernelILi97ELi8ELi20EEv14CUtensorMap_stS0_S0_PK13__nv_bfloat16PS1_PmS5_S5_S5_S5_
    0 bytes stack frame, 0 bytes spill stores, 0 bytes spill loads
ptxas info    : Used 72 registers, used 1 barriers
ptxas info    : Compile time = 62.382 ms
ptxas info    : Compiling entry function '_Z14fc2_w3x_kernelILi96ELi8ELi20EEv14CUtensorMap_stS0_S0_PK13__nv_bfloat16PS1_PmS5_S5_S5_S5_' for 'sm_100a'
ptxas info    : Function properties for _Z14fc2_w3x_kernelILi96ELi8ELi20EEv14CUtensorMap_stS0_S0_PK13__nv_bfloat16PS1_PmS5_S5_S5_S5_
    0 bytes stack frame, 0 bytes spill stores, 0 bytes spill loads
ptxas info    : Used 72 registers, used 1 barriers
ptxas info    : Compile time = 62.193 ms
ptxas info    : Compiling entry function '_Z14fc2_w3x_kernelILi95ELi8ELi20EEv14CUtensorMap_stS0_S0_PK13__nv_bfloat16PS1_PmS5_S5_S5_S5_' for 'sm_100a'
ptxas info    : Function properties for _Z14fc2_w3x_kernelILi95ELi8ELi20EEv14CUtensorMap_stS0_S0_PK13__nv_bfloat16PS1_PmS5_S5_S5_S5_
    0 bytes stack frame, 0 bytes spill stores, 0 bytes spill loads
ptxas info    : Used 72 registers, used 1 barriers
ptxas info    : Compile time = 62.348 ms
ptxas info    : Compiling entry function '_Z14fc2_w3x_kernelILi94ELi8ELi20EEv14CUtensorMap_stS0_S0_PK13__nv_bfloat16PS1_PmS5_S5_S5_S5_' for 'sm_100a'
ptxas info    : Function properties for _Z14fc2_w3x_kernelILi94ELi8ELi20EEv14CUtensorMap_stS0_S0_PK13__nv_bfloat16PS1_PmS5_S5_S5_S5_
    0 bytes stack frame, 0 bytes spill stores, 0 bytes spill loads
ptxas info    : Used 72 registers, used 1 barriers
ptxas info    : Compile time = 63.371 ms
ptxas info    : Compiling entry function '_Z14fc2_w3x_kernelILi93ELi8ELi20EEv14CUtensorMap_stS0_S0_PK13__nv_bfloat16PS1_PmS5_S5_S5_S5_' for 'sm_100a'
ptxas info    : Function properties for _Z14fc2_w3x_kernelILi93ELi8ELi20EEv14CUtensorMap_stS0_S0_PK13__nv_bfloat16PS1_PmS5_S5_S5_S5_
    0 bytes stack frame, 0 bytes spill stores, 0 bytes spill loads
ptxas info    : Used 72 registers, used 1 barriers
ptxas info    : Compile time = 63.278 ms
ptxas info    : Compiling entry function '_Z14fc2_w3x_kernelILi92ELi8ELi20EEv14CUtensorMap_stS0_S0_PK13__nv_bfloat16PS1_PmS5_S5_S5_S5_' for 'sm_100a'
ptxas info    : Function properties for _Z14fc2_w3x_kernelILi92ELi8ELi20EEv14CUtensorMap_stS0_S0_PK13__nv_bfloat16PS1_PmS5_S5_S5_S5_
    0 bytes stack frame, 0 bytes spill stores, 0 bytes spill loads
ptxas info    : Used 72 registers, used 1 barriers
ptxas info    : Compile time = 62.494 ms
ptxas info    : Compiling entry function '_Z14fc2_w3x_kernelILi91ELi8ELi20EEv14CUtensorMap_stS0_S0_PK13__nv_bfloat16PS1_PmS5_S5_S5_S5_' for 'sm_100a'
ptxas info    : Function properties for _Z14fc2_w3x_kernelILi91ELi8ELi20EEv14CUtensorMap_stS0_S0_PK13__nv_bfloat16PS1_PmS5_S5_S5_S5_
    0 bytes stack frame, 0 bytes spill stores, 0 bytes spill loads
ptxas info    : Used 72 registers, used 1 barriers
ptxas info    : Compile time = 62.296 ms
ptxas info    : Compiling entry function '_Z14fc2_w3x_kernelILi90ELi8ELi20EEv14CUtensorMap_stS0_S0_PK13__nv_bfloat16PS1_PmS5_S5_S5_S5_' for 'sm_100a'
ptxas info    : Function properties for _Z14fc2_w3x_kernelILi90ELi8ELi20EEv14CUtensorMap_stS0_S0_PK13__nv_bfloat16PS1_PmS5_S5_S5_S5_
    0 bytes stack frame, 0 bytes spill stores, 0 bytes spill loads
ptxas info    : Used 72 registers, used 1 barriers
ptxas info    : Compile time = 62.774 ms
ptxas info    : Compiling entry function '_Z14fc2_w3x_kernelILi89ELi8ELi20EEv14CUtensorMap_stS0_S0_PK13__nv_bfloat16PS1_PmS5_S5_S5_S5_' for 'sm_100a'
ptxas info    : Function properties for _Z14fc2_w3x_kernelILi89ELi8ELi20EEv14CUtensorMap_stS0_S0_PK13__nv_bfloat16PS1_PmS5_S5_S5_S5_
    0 bytes stack frame, 0 bytes spill stores, 0 bytes spill loads
ptxas info    : Used 72 registers, used 1 barriers
ptxas info    : Compile time = 63.826 ms
ptxas info    : Compiling entry function '_Z14fc2_w3x_kernelILi88ELi8ELi20EEv14CUtensorMap_stS0_S0_PK13__nv_bfloat16PS1_PmS5_S5_S5_S5_' for 'sm_100a'
ptxas info    : Function properties for _Z14fc2_w3x_kernelILi88ELi8ELi20EEv14CUtensorMap_stS0_S0_PK13__nv_bfloat16PS1_PmS5_S5_S5_S5_
    0 bytes stack frame, 0 bytes spill stores, 0 bytes spill loads
ptxas info    : Used 72 registers, used 1 barriers
ptxas info    : Compile time = 64.196 ms
ptxas info    : Compiling entry function '_Z14fc2_w3x_kernelILi87ELi8ELi20EEv14CUtensorMap_stS0_S0_PK13__nv_bfloat16PS1_PmS5_S5_S5_S5_' for 'sm_100a'
ptxas info    : Function properties for _Z14fc2_w3x_kernelILi87ELi8ELi20EEv14CUtensorMap_stS0_S0_PK13__nv_bfloat16PS1_PmS5_S5_S5_S5_
    0 bytes stack frame, 0 bytes spill stores, 0 bytes spill loads
ptxas info    : Used 72 registers, used 1 barriers
ptxas info    : Compile time = 63.227 ms
ptxas info    : Compiling entry function '_Z14fc2_w3x_kernelILi86ELi8ELi20EEv14CUtensorMap_stS0_S0_PK13__nv_bfloat16PS1_PmS5_S5_S5_S5_' for 'sm_100a'
ptxas info    : Function properties for _Z14fc2_w3x_kernelILi86ELi8ELi20EEv14CUtensorMap_stS0_S0_PK13__nv_bfloat16PS1_PmS5_S5_S5_S5_
    0 bytes stack frame, 0 bytes spill stores, 0 bytes spill loads
ptxas info    : Used 72 registers, used 1 barriers
ptxas info    : Compile time = 62.508 ms
ptxas info    : Compiling entry function '_Z14fc2_w3x_kernelILi85ELi8ELi20EEv14CUtensorMap_stS0_S0_PK13__nv_bfloat16PS1_PmS5_S5_S5_S5_' for 'sm_100a'
ptxas info    : Function properties for _Z14fc2_w3x_kernelILi85ELi8ELi20EEv14CUtensorMap_stS0_S0_PK13__nv_bfloat16PS1_PmS5_S5_S5_S5_
    0 bytes stack frame, 0 bytes spill stores, 0 bytes spill loads
ptxas info    : Used 72 registers, used 1 barriers
ptxas info    : Compile time = 63.912 ms
ptxas info    : Compiling entry function '_Z14fc2_w3x_kernelILi84ELi8ELi20EEv14CUtensorMap_stS0_S0_PK13__nv_bfloat16PS1_PmS5_S5_S5_S5_' for 'sm_100a'
ptxas info    : Function properties for _Z14fc2_w3x_kernelILi84ELi8ELi20EEv14CUtensorMap_stS0_S0_PK13__nv_bfloat16PS1_PmS5_S5_S5_S5_
    0 bytes stack frame, 0 bytes spill stores, 0 bytes spill loads
ptxas info    : Used 72 registers, used 1 barriers
ptxas info    : Compile time = 63.760 ms
ptxas info    : Compiling entry function '_Z14fc2_w3x_kernelILi83ELi8ELi20EEv14CUtensorMap_stS0_S0_PK13__nv_bfloat16PS1_PmS5_S5_S5_S5_' for 'sm_100a'
ptxas info    : Function properties for _Z14fc2_w3x_kernelILi83ELi8ELi20EEv14CUtensorMap_stS0_S0_PK13__nv_bfloat16PS1_PmS5_S5_S5_S5_
    0 bytes stack frame, 0 bytes spill stores, 0 bytes spill loads
ptxas info    : Used 72 registers, used 1 barriers
ptxas info    : Compile time = 63.294 ms
ptxas info    : Compiling entry function '_Z14fc2_w3x_kernelILi82ELi8ELi20EEv14CUtensorMap_stS0_S0_PK13__nv_bfloat16PS1_PmS5_S5_S5_S5_' for 'sm_100a'
ptxas info    : Function properties for _Z14fc2_w3x_kernelILi82ELi8ELi20EEv14CUtensorMap_stS0_S0_PK13__nv_bfloat16PS1_PmS5_S5_S5_S5_
    0 bytes stack frame, 0 bytes spill stores, 0 bytes spill loads
ptxas info    : Used 72 registers, used 1 barriers
ptxas info    : Compile time = 63.203 ms
ptxas info    : Compiling entry function '_Z14fc2_w3x_kernelILi81ELi8ELi20EEv14CUtensorMap_stS0_S0_PK13__nv_bfloat16PS1_PmS5_S5_S5_S5_' for 'sm_100a'
ptxas info    : Function properties for _Z14fc2_w3x_kernelILi81ELi8ELi20EEv14CUtensorMap_stS0_S0_PK13__nv_bfloat16PS1_PmS5_S5_S5_S5_
    0 bytes stack frame, 0 bytes spill stores, 0 bytes spill loads
ptxas info    : Used 72 registers, used 1 barriers
ptxas info    : Compile time = 62.440 ms
ptxas info    : Compiling entry function '_Z14fc2_w3x_kernelILi80ELi8ELi20EEv14CUtensorMap_stS0_S0_PK13__nv_bfloat16PS1_PmS5_S5_S5_S5_' for 'sm_100a'
ptxas info    : Function properties for _Z14fc2_w3x_kernelILi80ELi8ELi20EEv14CUtensorMap_stS0_S0_PK13__nv_bfloat16PS1_PmS5_S5_S5_S5_
    0 bytes stack frame, 0 bytes spill stores, 0 bytes spill loads
ptxas info    : Used 72 registers, used 1 barriers
ptxas info    : Compile time = 62.328 ms
ptxas info    : Compiling entry function '_Z14fc2_w3x_kernelILi58ELi8ELi20EEv14CUtensorMap_stS0_S0_PK13__nv_bfloat16PS1_PmS5_S5_S5_S5_' for 'sm_100a'
ptxas info    : Function properties for _Z14fc2_w3x_kernelILi58ELi8ELi20EEv14CUtensorMap_stS0_S0_PK13__nv_bfloat16PS1_PmS5_S5_S5_S5_
    0 bytes stack frame, 0 bytes spill stores, 0 bytes spill loads
ptxas info    : Used 72 registers, used 1 barriers
ptxas info    : Compile time = 62.070 ms
ptxas info    : Compiling entry function '_Z14fc2_w3x_kernelILi57ELi8ELi20EEv14CUtensorMap_stS0_S0_PK13__nv_bfloat16PS1_PmS5_S5_S5_S5_' for 'sm_100a'
ptxas info    : Function properties for _Z14fc2_w3x_kernelILi57ELi8ELi20EEv14CUtensorMap_stS0_S0_PK13__nv_bfloat16PS1_PmS5_S5_S5_S5_
    0 bytes stack frame, 0 bytes spill stores, 0 bytes spill loads
ptxas info    : Used 72 registers, used 1 barriers
ptxas info    : Compile time = 62.583 ms
ptxas info    : Compiling entry function '_Z14fc2_w3x_kernelILi56ELi8ELi20EEv14CUtensorMap_stS0_S0_PK13__nv_bfloat16PS1_PmS5_S5_S5_S5_' for 'sm_100a'
ptxas info    : Function properties for _Z14fc2_w3x_kernelILi56ELi8ELi20EEv14CUtensorMap_stS0_S0_PK13__nv_bfloat16PS1_PmS5_S5_S5_S5_
    0 bytes stack frame, 0 bytes spill stores, 0 bytes spill loads
ptxas info    : Used 72 registers, used 1 barriers
ptxas info    : Compile time = 63.734 ms
ptxas info    : Compiling entry function '_Z14fc2_w3x_kernelILi55ELi8ELi20EEv14CUtensorMap_stS0_S0_PK13__nv_bfloat16PS1_PmS5_S5_S5_S5_' for 'sm_100a'
ptxas info    : Function properties for _Z14fc2_w3x_kernelILi55ELi8ELi20EEv14CUtensorMap_stS0_S0_PK13__nv_bfloat16PS1_PmS5_S5_S5_S5_
    0 bytes stack frame, 0 bytes spill stores, 0 bytes spill loads
ptxas info    : Used 72 registers, used 1 barriers
ptxas info    : Compile time = 64.651 ms
ptxas info    : Compiling entry function '_Z14fc2_w3x_kernelILi54ELi8ELi20EEv14CUtensorMap_stS0_S0_PK13__nv_bfloat16PS1_PmS5_S5_S5_S5_' for 'sm_100a'
ptxas info    : Function properties for _Z14fc2_w3x_kernelILi54ELi8ELi20EEv14CUtensorMap_stS0_S0_PK13__nv_bfloat16PS1_PmS5_S5_S5_S5_
    0 bytes stack frame, 0 bytes spill stores, 0 bytes spill loads
ptxas info    : Used 72 registers, used 1 barriers
ptxas info    : Compile time = 63.480 ms
ptxas info    : Compiling entry function '_Z14fc2_w3x_kernelILi53ELi8ELi20EEv14CUtensorMap_stS0_S0_PK13__nv_bfloat16PS1_PmS5_S5_S5_S5_' for 'sm_100a'
ptxas info    : Function properties for _Z14fc2_w3x_kernelILi53ELi8ELi20EEv14CUtensorMap_stS0_S0_PK13__nv_bfloat16PS1_PmS5_S5_S5_S5_
    0 bytes stack frame, 0 bytes spill stores, 0 bytes spill loads
ptxas info    : Used 72 registers, used 1 barriers
ptxas info    : Compile time = 63.715 ms
ptxas info    : Compiling entry function '_Z14fc2_w3x_kernelILi52ELi8ELi20EEv14CUtensorMap_stS0_S0_PK13__nv_bfloat16PS1_PmS5_S5_S5_S5_' for 'sm_100a'
ptxas info    : Function properties for _Z14fc2_w3x_kernelILi52ELi8ELi20EEv14CUtensorMap_stS0_S0_PK13__nv_bfloat16PS1_PmS5_S5_S5_S5_
    0 bytes stack frame, 0 bytes spill stores, 0 bytes spill loads
ptxas info    : Used 72 registers, used 1 barriers
ptxas info    : Compile time = 65.086 ms
ptxas info    : Compiling entry function '_Z14fc2_w3x_kernelILi51ELi8ELi20EEv14CUtensorMap_stS0_S0_PK13__nv_bfloat16PS1_PmS5_S5_S5_S5_' for 'sm_100a'
ptxas info    : Function properties for _Z14fc2_w3x_kernelILi51ELi8ELi20EEv14CUtensorMap_stS0_S0_PK13__nv_bfloat16PS1_PmS5_S5_S5_S5_
    0 bytes stack frame, 0 bytes spill stores, 0 bytes spill loads
ptxas info    : Used 72 registers, used 1 barriers
ptxas info    : Compile time = 65.369 ms
ptxas info    : Compiling entry function '_Z14fc2_w3x_kernelILi50ELi8ELi20EEv14CUtensorMap_stS0_S0_PK13__nv_bfloat16PS1_PmS5_S5_S5_S5_' for 'sm_100a'
ptxas info    : Function properties for _Z14fc2_w3x_kernelILi50ELi8ELi20EEv14CUtensorMap_stS0_S0_PK13__nv_bfloat16PS1_PmS5_S5_S5_S5_
    0 bytes stack frame, 0 bytes spill stores, 0 bytes spill loads
ptxas info    : Used 72 registers, used 1 barriers
ptxas info    : Compile time = 65.733 ms
ptxas info    : Compiling entry function '_Z14fc2_w3x_kernelILi49ELi8ELi20EEv14CUtensorMap_stS0_S0_PK13__nv_bfloat16PS1_PmS5_S5_S5_S5_' for 'sm_100a'
ptxas info    : Function properties for _Z14fc2_w3x_kernelILi49ELi8ELi20EEv14CUtensorMap_stS0_S0_PK13__nv_bfloat16PS1_PmS5_S5_S5_S5_
    0 bytes stack frame, 0 bytes spill stores, 0 bytes spill loads
ptxas info    : Used 72 registers, used 1 barriers
ptxas info    : Compile time = 64.410 ms
ptxas info    : Compiling entry function '_Z14fc2_w3x_kernelILi19ELi16ELi20EEv14CUtensorMap_stS0_S0_PK13__nv_bfloat16PS1_PmS5_S5_S5_S5_' for 'sm_100a'
ptxas info    : Function properties for _Z14fc2_w3x_kernelILi19ELi16ELi20EEv14CUtensorMap_stS0_S0_PK13__nv_bfloat16PS1_PmS5_S5_S5_S5_
    0 bytes stack frame, 0 bytes spill stores, 0 bytes spill loads
ptxas info    : Used 72 registers, used 1 barriers
ptxas info    : Compile time = 65.030 ms
ptxas info    : Compiling entry function '_Z14fc2_w3x_kernelILi19ELi4ELi20EEv14CUtensorMap_stS0_S0_PK13__nv_bfloat16PS1_PmS5_S5_S5_S5_' for 'sm_100a'
ptxas info    : Function properties for _Z14fc2_w3x_kernelILi19ELi4ELi20EEv14CUtensorMap_stS0_S0_PK13__nv_bfloat16PS1_PmS5_S5_S5_S5_
    0 bytes stack frame, 0 bytes spill stores, 0 bytes spill loads
ptxas info    : Used 72 registers, used 1 barriers
ptxas info    : Compile time = 66.146 ms
ptxas info    : Compiling entry function '_Z14fc2_w3x_kernelILi48ELi8ELi20EEv14CUtensorMap_stS0_S0_PK13__nv_bfloat16PS1_PmS5_S5_S5_S5_' for 'sm_100a'
ptxas info    : Function properties for _Z14fc2_w3x_kernelILi48ELi8ELi20EEv14CUtensorMap_stS0_S0_PK13__nv_bfloat16PS1_PmS5_S5_S5_S5_
    0 bytes stack frame, 0 bytes spill stores, 0 bytes spill loads
ptxas info    : Used 72 registers, used 1 barriers
ptxas info    : Compile time = 64.548 ms
ptxas info    : Compiling entry function '_Z14fc2_w3x_kernelILi47ELi8ELi20EEv14CUtensorMap_stS0_S0_PK13__nv_bfloat16PS1_PmS5_S5_S5_S5_' for 'sm_100a'
ptxas info    : Function properties for _Z14fc2_w3x_kernelILi47ELi8ELi20EEv14CUtensorMap_stS0_S0_PK13__nv_bfloat16PS1_PmS5_S5_S5_S5_
    0 bytes stack frame, 0 bytes spill stores, 0 bytes spill loads
ptxas info    : Used 72 registers, used 1 barriers
ptxas info    : Compile time = 66.013 ms
ptxas info    : Compiling entry function '_Z14fc2_w3x_kernelILi46ELi8ELi20EEv14CUtensorMap_stS0_S0_PK13__nv_bfloat16PS1_PmS5_S5_S5_S5_' for 'sm_100a'
ptxas info    : Function properties for _Z14fc2_w3x_kernelILi46ELi8ELi20EEv14CUtensorMap_stS0_S0_PK13__nv_bfloat16PS1_PmS5_S5_S5_S5_
    0 bytes stack frame, 0 bytes spill stores, 0 bytes spill loads
ptxas info    : Used 72 registers, used 1 barriers
ptxas info    : Compile time = 64.130 ms
ptxas info    : Compiling entry function '_Z14fc2_w3x_kernelILi45ELi8ELi20EEv14CUtensorMap_stS0_S0_PK13__nv_bfloat16PS1_PmS5_S5_S5_S5_' for 'sm_100a'
ptxas info    : Function properties for _Z14fc2_w3x_kernelILi45ELi8ELi20EEv14CUtensorMap_stS0_S0_PK13__nv_bfloat16PS1_PmS5_S5_S5_S5_
    0 bytes stack frame, 0 bytes spill stores, 0 bytes spill loads
ptxas info    : Used 72 registers, used 1 barriers
ptxas info    : Compile time = 63.509 ms
ptxas info    : Compiling entry function '_Z14fc2_w3x_kernelILi44ELi8ELi20EEv14CUtensorMap_stS0_S0_PK13__nv_bfloat16PS1_PmS5_S5_S5_S5_' for 'sm_100a'
ptxas info    : Function properties for _Z14fc2_w3x_kernelILi44ELi8ELi20EEv14CUtensorMap_stS0_S0_PK13__nv_bfloat16PS1_PmS5_S5_S5_S5_
    0 bytes stack frame, 0 bytes spill stores, 0 bytes spill loads
ptxas info    : Used 72 registers, used 1 barriers
ptxas info    : Compile time = 63.111 ms
ptxas info    : Compiling entry function '_Z14fc2_w3x_kernelILi43ELi8ELi20EEv14CUtensorMap_stS0_S0_PK13__nv_bfloat16PS1_PmS5_S5_S5_S5_' for 'sm_100a'
ptxas info    : Function properties for _Z14fc2_w3x_kernelILi43ELi8ELi20EEv14CUtensorMap_stS0_S0_PK13__nv_bfloat16PS1_PmS5_S5_S5_S5_
    0 bytes stack frame, 0 bytes spill stores, 0 bytes spill loads
ptxas info    : Used 72 registers, used 1 barriers
ptxas info    : Compile time = 63.080 ms
ptxas info    : Compiling entry function '_Z14fc2_w3x_kernelILi41ELi8ELi20EEv14CUtensorMap_stS0_S0_PK13__nv_bfloat16PS1_PmS5_S5_S5_S5_' for 'sm_100a'
ptxas info    : Function properties for _Z14fc2_w3x_kernelILi41ELi8ELi20EEv14CUtensorMap_stS0_S0_PK13__nv_bfloat16PS1_PmS5_S5_S5_S5_
    0 bytes stack frame, 0 bytes spill stores, 0 bytes spill loads
ptxas info    : Used 72 registers, used 1 barriers
ptxas info    : Compile time = 63.289 ms
ptxas info    : Compiling entry function '_Z14fc2_w3x_kernelILi40ELi8ELi20EEv14CUtensorMap_stS0_S0_PK13__nv_bfloat16PS1_PmS5_S5_S5_S5_' for 'sm_100a'
ptxas info    : Function properties for _Z14fc2_w3x_kernelILi40ELi8ELi20EEv14CUtensorMap_stS0_S0_PK13__nv_bfloat16PS1_PmS5_S5_S5_S5_
    0 bytes stack frame, 0 bytes spill stores, 0 bytes spill loads
ptxas info    : Used 72 registers, used 1 barriers
ptxas info    : Compile time = 61.722 ms
ptxas info    : Compiling entry function '_Z14fc2_w3x_kernelILi39ELi8ELi20EEv14CUtensorMap_stS0_S0_PK13__nv_bfloat16PS1_PmS5_S5_S5_S5_' for 'sm_100a'
ptxas info    : Function properties for _Z14fc2_w3x_kernelILi39ELi8ELi20EEv14CUtensorMap_stS0_S0_PK13__nv_bfloat16PS1_PmS5_S5_S5_S5_
    0 bytes stack frame, 0 bytes spill stores, 0 bytes spill loads
ptxas info    : Used 72 registers, used 1 barriers
ptxas info    : Compile time = 62.565 ms
ptxas info    : Compiling entry function '_Z14fc2_w3x_kernelILi38ELi8ELi20EEv14CUtensorMap_stS0_S0_PK13__nv_bfloat16PS1_PmS5_S5_S5_S5_' for 'sm_100a'
ptxas info    : Function properties for _Z14fc2_w3x_kernelILi38ELi8ELi20EEv14CUtensorMap_stS0_S0_PK13__nv_bfloat16PS1_PmS5_S5_S5_S5_
    0 bytes stack frame, 0 bytes spill stores, 0 bytes spill loads
ptxas info    : Used 72 registers, used 1 barriers
ptxas info    : Compile time = 64.718 ms
ptxas info    : Compiling entry function '_Z14fc2_w3x_kernelILi36ELi4ELi20EEv14CUtensorMap_stS0_S0_PK13__nv_bfloat16PS1_PmS5_S5_S5_S5_' for 'sm_100a'
ptxas info    : Function properties for _Z14fc2_w3x_kernelILi36ELi4ELi20EEv14CUtensorMap_stS0_S0_PK13__nv_bfloat16PS1_PmS5_S5_S5_S5_
    0 bytes stack frame, 0 bytes spill stores, 0 bytes spill loads
ptxas info    : Used 72 registers, used 1 barriers
ptxas info    : Compile time = 63.229 ms
ptxas info    : Compiling entry function '_Z14fc2_w3x_kernelILi35ELi4ELi20EEv14CUtensorMap_stS0_S0_PK13__nv_bfloat16PS1_PmS5_S5_S5_S5_' for 'sm_100a'
ptxas info    : Function properties for _Z14fc2_w3x_kernelILi35ELi4ELi20EEv14CUtensorMap_stS0_S0_PK13__nv_bfloat16PS1_PmS5_S5_S5_S5_
    0 bytes stack frame, 0 bytes spill stores, 0 bytes spill loads
ptxas info    : Used 72 registers, used 1 barriers
ptxas info    : Compile time = 62.870 ms
ptxas info    : Compiling entry function '_Z14fc2_w3x_kernelILi34ELi8ELi20EEv14CUtensorMap_stS0_S0_PK13__nv_bfloat16PS1_PmS5_S5_S5_S5_' for 'sm_100a'
ptxas info    : Function properties for _Z14fc2_w3x_kernelILi34ELi8ELi20EEv14CUtensorMap_stS0_S0_PK13__nv_bfloat16PS1_PmS5_S5_S5_S5_
    0 bytes stack frame, 0 bytes spill stores, 0 bytes spill loads
ptxas info    : Used 72 registers, used 1 barriers
ptxas info    : Compile time = 65.526 ms
ptxas info    : Compiling entry function '_Z14fc2_w3x_kernelILi33ELi8ELi20EEv14CUtensorMap_stS0_S0_PK13__nv_bfloat16PS1_PmS5_S5_S5_S5_' for 'sm_100a'
ptxas info    : Function properties for _Z14fc2_w3x_kernelILi33ELi8ELi20EEv14CUtensorMap_stS0_S0_PK13__nv_bfloat16PS1_PmS5_S5_S5_S5_
    0 bytes stack frame, 0 bytes spill stores, 0 bytes spill loads
ptxas info    : Used 72 registers, used 1 barriers
ptxas info    : Compile time = 63.881 ms
ptxas info    : Compiling entry function '_Z14fc2_w3x_kernelILi19ELi8ELi20EEv14CUtensorMap_stS0_S0_PK13__nv_bfloat16PS1_PmS5_S5_S5_S5_' for 'sm_100a'
ptxas info    : Function properties for _Z14fc2_w3x_kernelILi19ELi8ELi20EEv14CUtensorMap_stS0_S0_PK13__nv_bfloat16PS1_PmS5_S5_S5_S5_
    0 bytes stack frame, 0 bytes spill stores, 0 bytes spill loads
ptxas info    : Used 72 registers, used 1 barriers
ptxas info    : Compile time = 63.884 ms
ptxas info    : Compiling entry function '_Z14fc2_w3x_kernelILi18ELi8ELi20EEv14CUtensorMap_stS0_S0_PK13__nv_bfloat16PS1_PmS5_S5_S5_S5_' for 'sm_100a'
ptxas info    : Function properties for _Z14fc2_w3x_kernelILi18ELi8ELi20EEv14CUtensorMap_stS0_S0_PK13__nv_bfloat16PS1_PmS5_S5_S5_S5_
    0 bytes stack frame, 0 bytes spill stores, 0 bytes spill loads
ptxas info    : Used 72 registers, used 1 barriers
ptxas info    : Compile time = 65.022 ms
ptxas info    : Compiling entry function '_Z14fc2_w3x_kernelILi13ELi8ELi20EEv14CUtensorMap_stS0_S0_PK13__nv_bfloat16PS1_PmS5_S5_S5_S5_' for 'sm_100a'
ptxas info    : Function properties for _Z14fc2_w3x_kernelILi13ELi8ELi20EEv14CUtensorMap_stS0_S0_PK13__nv_bfloat16PS1_PmS5_S5_S5_S5_
    0 bytes stack frame, 0 bytes spill stores, 0 bytes spill loads
ptxas info    : Used 72 registers, used 1 barriers
ptxas info    : Compile time = 61.273 ms
ptxas info    : Compiling entry function '_Z14fc2_w3x_kernelILi11ELi8ELi20EEv14CUtensorMap_stS0_S0_PK13__nv_bfloat16PS1_PmS5_S5_S5_S5_' for 'sm_100a'
ptxas info    : Function properties for _Z14fc2_w3x_kernelILi11ELi8ELi20EEv14CUtensorMap_stS0_S0_PK13__nv_bfloat16PS1_PmS5_S5_S5_S5_
    0 bytes stack frame, 0 bytes spill stores, 0 bytes spill loads
ptxas info    : Used 72 registers, used 1 barriers
ptxas info    : Compile time = 62.257 ms
ptxas info    : Compiling entry function '_Z14fc2_w3x_kernelILi0ELi32ELi20EEv14CUtensorMap_stS0_S0_PK13__nv_bfloat16PS1_PmS5_S5_S5_S5_' for 'sm_100a'
ptxas info    : Function properties for _Z14fc2_w3x_kernelILi0ELi32ELi20EEv14CUtensorMap_stS0_S0_PK13__nv_bfloat16PS1_PmS5_S5_S5_S5_
    0 bytes stack frame, 0 bytes spill stores, 0 bytes spill loads
ptxas info    : Used 72 registers, used 1 barriers
ptxas info    : Compile time = 65.035 ms
ptxas info    : Compiling entry function '_Z14fc2_w3x_kernelILi0ELi16ELi20EEv14CUtensorMap_stS0_S0_PK13__nv_bfloat16PS1_PmS5_S5_S5_S5_' for 'sm_100a'
ptxas info    : Function properties for _Z14fc2_w3x_kernelILi0ELi16ELi20EEv14CUtensorMap_stS0_S0_PK13__nv_bfloat16PS1_PmS5_S5_S5_S5_
    0 bytes stack frame, 0 bytes spill stores, 0 bytes spill loads
ptxas info    : Used 72 registers, used 1 barriers
ptxas info    : Compile time = 64.431 ms
ptxas info    : Compiling entry function '_Z14fc2_w3x_kernelILi0ELi4ELi20EEv14CUtensorMap_stS0_S0_PK13__nv_bfloat16PS1_PmS5_S5_S5_S5_' for 'sm_100a'
ptxas info    : Function properties for _Z14fc2_w3x_kernelILi0ELi4ELi20EEv14CUtensorMap_stS0_S0_PK13__nv_bfloat16PS1_PmS5_S5_S5_S5_
    0 bytes stack frame, 0 bytes spill stores, 0 bytes spill loads
ptxas info    : Used 72 registers, used 1 barriers
ptxas info    : Compile time = 64.120 ms
ptxas info    : Compiling entry function '_Z14fc2_w3x_kernelILi0ELi2ELi20EEv14CUtensorMap_stS0_S0_PK13__nv_bfloat16PS1_PmS5_S5_S5_S5_' for 'sm_100a'
ptxas info    : Function properties for _Z14fc2_w3x_kernelILi0ELi2ELi20EEv14CUtensorMap_stS0_S0_PK13__nv_bfloat16PS1_PmS5_S5_S5_S5_
    0 bytes stack frame, 0 bytes spill stores, 0 bytes spill loads
ptxas info    : Used 72 registers, used 1 barriers
ptxas info    : Compile time = 62.703 ms
ptxas info    : Compiling entry function '_Z14fc2_w3x_kernelILi0ELi8ELi20EEv14CUtensorMap_stS0_S0_PK13__nv_bfloat16PS1_PmS5_S5_S5_S5_' for 'sm_100a'
ptxas info    : Function properties for _Z14fc2_w3x_kernelILi0ELi8ELi20EEv14CUtensorMap_stS0_S0_PK13__nv_bfloat16PS1_PmS5_S5_S5_S5_
    0 bytes stack frame, 0 bytes spill stores, 0 bytes spill loads
ptxas info    : Used 72 registers, used 1 barriers
ptxas info    : Compile time = 64.701 ms
