=== FC2 K=1024 BIAS_ONLY ===
### CUBLASLT INTROSPECT M=928256 N=768 K=1024 epi=bias_only
### Heuristics returned: 8
rank	heur	ms	cyc	algoId	tile	stages	cluster	inner	splitk	redux	swizzle	custom	waves	ws_MB
1	0	0.4554	840900	66	23	36	3	-1	1	0	0	1	147.00	0.0
# Winner:  rank=1  tile=23  stages=36  cluster=3  inner=-1  splitk=1  swizzle=0  ms=0.4554  cyc=840900

=== FC2 K=2048 BIAS_ONLY ===
### CUBLASLT INTROSPECT M=928256 N=768 K=2048 epi=bias_only
### Heuristics returned: 8
rank	heur	ms	cyc	algoId	tile	stages	cluster	inner	splitk	redux	swizzle	custom	waves	ws_MB
1	0	0.7251	1338580	66	23	36	3	-1	1	0	0	1	147.00	0.0
# Winner:  rank=1  tile=23  stages=36  cluster=3  inner=-1  splitk=1  swizzle=0  ms=0.7251  cyc=1338580

=== FC2 K=3072 BIAS_ONLY ===
### CUBLASLT INTROSPECT M=928256 N=768 K=3072 epi=bias_only
### Heuristics returned: 8
rank	heur	ms	cyc	algoId	tile	stages	cluster	inner	splitk	redux	swizzle	custom	waves	ws_MB
1	0	1.0273	1896186	66	23	36	3	-1	1	0	0	1	147.00	0.0
# Winner:  rank=1  tile=23  stages=36  cluster=3  inner=-1  splitk=1  swizzle=0  ms=1.0273  cyc=1896186

=== FC2 K=4096 BIAS_ONLY ===
### CUBLASLT INTROSPECT M=928256 N=768 K=4096 epi=bias_only
### Heuristics returned: 8
rank	heur	ms	cyc	algoId	tile	stages	cluster	inner	splitk	redux	swizzle	custom	waves	ws_MB
1	0	1.3459	2483856	66	23	36	3	-1	1	0	0	1	147.00	0.0
# Winner:  rank=1  tile=23  stages=36  cluster=3  inner=-1  splitk=1  swizzle=0  ms=1.3459  cyc=2483856

=== FC2 K=6144 BIAS_ONLY ===
### CUBLASLT INTROSPECT M=928256 N=768 K=6144 epi=bias_only
### Heuristics returned: 8
rank	heur	ms	cyc	algoId	tile	stages	cluster	inner	splitk	redux	swizzle	custom	waves	ws_MB
1	0	1.9991	3689194	66	23	36	3	-1	1	0	0	1	147.00	0.0
# Winner:  rank=1  tile=23  stages=36  cluster=3  inner=-1  splitk=1  swizzle=0  ms=1.9991  cyc=3689194

=== FC2 K=8192 BIAS_ONLY ===
### CUBLASLT INTROSPECT M=928256 N=768 K=8192 epi=bias_only
### Heuristics returned: 8
rank	heur	ms	cyc	algoId	tile	stages	cluster	inner	splitk	redux	swizzle	custom	waves	ws_MB
1	0	2.7382	5052631	66	23	36	3	-1	1	0	0	1	147.00	0.0
# Winner:  rank=1  tile=23  stages=36  cluster=3  inner=-1  splitk=1  swizzle=0  ms=2.7382  cyc=5052631

