[01:18:06] ========================================
[01:18:06]   B200 SESSION 20260314_011806
[01:18:06]   Output: data/session_20260314_011806
[01:18:06]   Phase:  0
[01:18:06] ========================================
[01:18:07] Preflight OK
[01:18:07] 
[01:18:07] ==== PHASE 1/4: MACHINE SNAPSHOT ====
[01:18:07] Machine info saved to machine_info.txt
[01:18:07] 
[01:18:07] ==== PHASE 2/4: BUILD + GRID SEARCH + BENCHMARK ====
[01:18:07] This is the long phase. Grid search: ~673 configs/layer.
[01:18:07] Monitor: tail -f data/session_20260314_011806/compare.txt
[01:18:07] Grid search logs: tail -f data/session_20260314_011806/grid_search_*.log
[03:18:37] Phase 2 complete
[03:18:37] 
[03:18:37] ==== PHASE 3/4: NCU PROFILING ====
[03:18:37] ncu source counters: patch_embed
[03:18:41] ncu source counters: fc1-gelu
[03:18:46] ncu source counters: fc2
[03:18:49] ncu full profile: patch_embed
[03:19:46] Phase 3 complete
[03:19:46] 
[03:19:46] ==== PHASE 4/4: SASS DUMPS ====
[03:19:46] SASS dumped: patch_embed (4400 lines)
[03:19:47] SASS dumped: fc1-gelu (9227 lines)
[03:19:48] SASS dumped: fc2 (6272 lines)
[03:19:48] SKIP SASS cutlass-bench: binary not found
[03:19:48] SKIP SASS cutlass-bench-fc1: binary not found
[03:19:48] SKIP SASS cutlass-bench-fc2: binary not found
[03:19:48] Phase 4 complete
[03:19:48] 
[03:19:48] ========================================
[03:19:48]   SESSION COMPLETE: 7302s (121 min)
[03:19:48]   Output: data/session_20260314_011806
[03:19:48] ========================================
total 34M
-rw-r--r-- 1 root root 2.6K Mar 14 03:18 compare.csv
-rw-r--r-- 1 root root  11K Mar 14 03:18 compare.txt
-rw-r--r-- 1 root root 125K Mar 14 02:49 grid_search_fc1_gelu.log
-rw-r--r-- 1 root root 100K Mar 14 03:10 grid_search_fc2.log
-rw-r--r-- 1 root root 182K Mar 14 02:13 grid_search_patch_embed.log
-rw-r--r-- 1 root root 4.1K Mar 14 01:18 machine_info.txt
-rw-r--r-- 1 root root 1.3M Mar 14 03:19 sass_fc1-gelu.txt
-rw-r--r-- 1 root root 854K Mar 14 03:19 sass_fc2.txt
-rw-r--r-- 1 root root 598K Mar 14 03:19 sass_patch_embed.txt
-rw-r--r-- 1 root root 1.5K Mar 14 03:19 session.log
-rw-r--r-- 1 root root  31M Mar 14 03:19 siglip_full.ncu-rep
-rw-r--r-- 1 root root  864 Mar 14 03:18 source_counters_fc1-gelu.csv
-rw-r--r-- 1 root root  861 Mar 14 03:18 source_counters_fc2.csv
-rw-r--r-- 1 root root 1.3K Mar 14 03:18 source_counters_patch_embed.csv
-rw-r--r-- 1 root root  73K Mar 14 02:49 sweep_fc1_gelu.csv
-rw-r--r-- 1 root root  49K Mar 14 03:10 sweep_fc2.csv
-rw-r--r-- 1 root root  99K Mar 14 02:13 sweep_patch_embed.csv
