[03:27:14] ========================================
[03:27:14]   FC2 NCU DIAGNOSIS v2  20260408_032714
[03:27:14]   Output: data/ncu_20260408_032714
[03:27:14] ========================================
NVIDIA B200, 120 MHz
[03:27:14] 
[03:27:14] ── Phase 1: Building binaries ──
[03:27:14]   [w3_strip] make -B fc2-w3 DFLAGS=-DSTRIP_EPILOGUE
[03:27:15]   [w3_strip] copied fc2-w3 -> fc2-w3-strip
[03:27:15]   [w3_strip] built (regs=47, bars=1)
[03:27:15]   [w3_gemm] make -B fc2-w3-gemm
[03:27:15]   [w3_gemm] built (regs=110, bars=2)
[03:27:15]   [w3_fused] make -B fc2-w3
[03:27:16]   [w3_fused] built (regs=126, bars=2)
[03:27:16]   [cutlass_strip] make fc2-cutlass-strip
[03:27:33]   [cutlass_strip] built (regs=16, bars=0)
[03:27:33]   [cutlass_fused] make fc2-cutlass
[03:27:51]   [cutlass_fused] built (regs=16, bars=0)
[03:27:51]   [w3_atomic] make -B fc2-w3-atomic
[03:27:52]   [w3_atomic] built (regs=119, bars=2)
[03:27:52]   [w3_sched] make -B fc2-w3-sched
[03:27:53]   [w3_sched] built (regs=168, bars=2)
[03:27:53]   [epi1_fused] make -B fc2-w3-epi1
[03:27:54]   [epi1_fused] built (regs=122, bars=2)
[03:27:54] 
[03:27:54] ── Phase 2: Wall time sanity checks ──
[03:27:55]   [w3_strip] 1.023ms  4282.22 TFLOPS  valid=0
[03:27:55]   [w3_gemm] 1.197ms  3657.93 TFLOPS  valid=1
[03:27:56]   [w3_fused] 1.242ms  3526.22 TFLOPS  valid=1
[03:27:57]   [cutlass_strip] 1.152ms  3803.10 TFLOPS  valid=1
[03:27:58]   [cutlass_fused] 1.222ms  3582.92 TFLOPS  valid=1
[03:27:59]   [w3_atomic] 1.360ms  3221.16 TFLOPS  valid=1
[03:27:59]   [w3_sched] 1.254ms  3493.21 TFLOPS  valid=1
[03:28:00]   [epi1_fused] 1.305ms  3357.10 TFLOPS  valid=1
[03:28:00] 
[03:28:00] ── Phase 3: Targeted ncu metric collection ──
[03:28:00]   [w3_strip] collecting ncu metrics...
[03:28:11]   [w3_strip] ncu done (495 CSV lines)
[03:28:11]   [w3_gemm] collecting ncu metrics...
[03:28:22]   [w3_gemm] ncu done (495 CSV lines)
[03:28:22]   [w3_fused] collecting ncu metrics...
[03:28:33]   [w3_fused] ncu done (495 CSV lines)
[03:28:33]   [cutlass_strip] collecting ncu metrics...
[03:28:43]   [cutlass_strip] ncu done (495 CSV lines)
[03:28:43]   [cutlass_fused] collecting ncu metrics...
[03:28:54]   [cutlass_fused] ncu done (495 CSV lines)
[03:28:54]   [w3_atomic] collecting ncu metrics...
[03:29:05]   [w3_atomic] ncu done (495 CSV lines)
[03:29:05]   [w3_sched] collecting ncu metrics...
[03:29:15]   [w3_sched] ncu done (495 CSV lines)
[03:29:15]   [epi1_fused] collecting ncu metrics...
[03:29:26]   [epi1_fused] ncu done (495 CSV lines)
[03:29:26] 
[03:29:26] ── Phase 4: Metric diffs ──
[03:29:26]   diff_q1_w3: w3_gemm.csv vs w3_fused.csv
[03:29:26]   diff_q1_cutlass: cutlass_strip.csv vs cutlass_fused.csv
[03:29:26]   diff_q2_fused: w3_fused.csv vs cutlass_fused.csv
[03:29:26]   diff_q3_gemm: w3_gemm.csv vs cutlass_strip.csv
[03:29:26]   diff_q5_epi1_vs_epi4: epi1_fused.csv vs w3_fused.csv
[03:29:26]   diff_q6_output_cost: w3_strip.csv vs w3_gemm.csv
[03:29:26]   diff_q7_atomic_vs_fused: w3_atomic.csv vs w3_fused.csv
[03:29:26]   diff_q7_atomic_vs_cutlass: w3_atomic.csv vs cutlass_fused.csv
[03:29:26]   diff_q7_sched_vs_fused: w3_sched.csv vs w3_fused.csv
[03:29:26]   diff_q7_sched_vs_cutlass: w3_sched.csv vs cutlass_fused.csv
[03:29:26]   diff_q7_sched_vs_atomic: w3_sched.csv vs w3_atomic.csv
[03:29:26] 
[03:29:26] ── Phase 5: Summary table ──
metric                          w3_strip           w3_gemm          w3_fused     cutlass_strip     cutlass_fused         w3_atomic          w3_sched        epi1_fused
----------------------------------------------------------------------------------------------------------------------------------------------------------------------
long_scoreboard                    2.54M             2.57M             2.31M             2.43M             2.72M             1.69M             2.96M             1.11M
short_scoreboard                    1.2K             26.2K            138.1K             30.5K            135.5K            121.6K            147.5K             44.4K
wait                              264.3K            338.4K            389.7K            141.0K            228.2K            382.9K            414.6K            354.7K
barrier                           227.0K            280.1K            278.1K             92.1K             31.2K             1.21M             40.0K            265.4K
sleeping                           14.1K             26.1K             24.9K              0.00              0.00             43.0K              5.0K             32.7K
not_selected                      912.37              4.2K              6.3K             25.7K             21.9K              6.9K              6.9K              0.00
mio_throttle                       16.06             15.88             15.83              2.2K              3.8K             14.88             22.85             15.90
math_throttle                     377.94              2.3K              2.0K            595.06              2.6K              2.6K              2.5K              0.00
dram_read_bytes                    4.55G             3.80G             4.85G             2.85G             4.28G             4.28G             4.28G             6.16G
dram_write_bytes                  11.14M             1.42G             1.42G             1.40G             1.40G             1.41G             1.43G             1.42G
dram_read_sectors                142.32M           118.85M           151.46M            89.19M           133.75M           133.76M           133.75M           192.61M
dram_write_sectors                348.1K            44.38M            44.45M            43.73M            43.85M            44.21M            44.62M            44.37M
dram_pct                           33.77             35.59             42.81             31.49             41.59             38.12             41.17             49.31
lts_pct                            69.65             64.95             70.02             64.95             68.24             65.38             68.17             67.18
lts_sectors                      614.65M           679.51M           739.98M           621.62M           681.59M           711.94M           691.63M           758.89M
lts_read_sectors                 613.58M           611.20M           671.28M           554.53M           614.29M           643.33M           619.07M           690.44M
lts_write_sectors                 713.9K            67.53M            67.55M            66.84M            66.84M            67.55M            68.66M            67.12M
lts_hit_rate                       61.61             60.11             56.34             63.61             57.61             57.19             56.27             50.04
l1tex_pct                          46.71             47.85             50.32             52.17             53.99             49.10             53.61             47.81
sm_pct                             93.90             87.61             87.97             95.22             94.34             85.61             93.47             84.07
shared_pct                         93.42             85.73             86.07             93.88             92.76             84.07             91.23             81.81
warps_active                        7.00              7.00              7.00              6.50              7.50              7.00              7.98              4.00
cycles_active                      1.83M             1.99M             1.98M             1.91M             1.93M             2.13M             1.97M             2.07M
inst_executed                     44.23M            71.15M           102.73M           141.73M           163.09M           101.71M           107.42M            93.23M
warps_eligible                      0.04              0.06              0.09              0.14              0.15              0.08              0.10              0.08
regs_per_thread                    47.00            110.00            126.00            186.00            252.00            119.00            168.00            122.00
occupancy                            n/a               n/a               n/a               n/a               n/a               n/a               n/a               n/a
smem_wavefronts                   102.0K            17.12M            39.88M            19.96M            60.35M            36.52M            41.02M            35.24M
smem_ld_wf                          2.0K              2.1K            24.39M            434.1K            37.88M            21.11M            25.15M            20.92M
smem_st_wf                          2.4K            15.92M            14.02M            16.41M            18.98M            13.80M            14.11M            13.50M
global_ld_wf                         n/a               n/a               n/a               n/a               n/a               n/a               n/a               n/a
tma_read_reqs                        n/a               n/a               n/a               n/a               n/a               n/a               n/a               n/a
tma_write_reqs                       n/a               n/a               n/a               n/a               n/a               n/a               n/a               n/a
tma_read_bytes                       n/a               n/a               n/a               n/a               n/a               n/a               n/a               n/a
tma_write_bytes                      n/a               n/a               n/a               n/a               n/a               n/a               n/a               n/a

================================================================================
DRAM AMPLIFICATION ANALYSIS
================================================================================
Theoretical minimum DRAM (FC2 928256x3072x768):
  Read:  4.280 GB (A:FP8 + B:FP8 + residual:BF16 + bias:BF16)
  Write: 1.426 GB (output:BF16)

  w3_strip            : read=4.550GB (1.06x)  write=0.011GB (0.01x)
  w3_gemm             : read=3.800GB (0.89x)  write=1.420GB (1.00x)
  w3_fused            : read=4.850GB (1.13x)  write=1.420GB (1.00x)
  cutlass_strip       : read=2.850GB (0.67x)  write=1.400GB (0.98x)
  cutlass_fused       : read=4.280GB (1.00x)  write=1.400GB (0.98x)
  w3_atomic           : read=4.280GB (1.00x)  write=1.410GB (0.99x)
  w3_sched            : read=4.280GB (1.00x)  write=1.430GB (1.00x)
  epi1_fused          : read=6.160GB (1.44x)  write=1.420GB (1.00x)
[03:29:26] 
[03:29:26] ════════════════════════════════════════
[03:29:26]   DONE
[03:29:26] ════════════════════════════════════════
[03:29:26] 
[03:29:26] Key outputs:
[03:29:26]   data/ncu_20260408_032714/results.txt       — wall times
[03:29:26]   data/ncu_20260408_032714/summary.txt       — all metrics side-by-side + DRAM amplification
[03:29:26]   data/ncu_20260408_032714/diff_q1*.txt      — Q1: fusion cost (fused - gemm/strip)
[03:29:26]   data/ncu_20260408_032714/diff_q2*.txt      — Q2: head-to-head fused (w3 vs CUTLASS)
[03:29:26]   data/ncu_20260408_032714/diff_q3*.txt      — Q3: GEMM comparison (w3_gemm vs cutlass_strip)
[03:29:26]   data/ncu_20260408_032714/diff_q6*.txt      — Q6: output write cost (w3_strip vs w3_gemm)
[03:29:26]   data/ncu_20260408_032714/diff_q5*.txt      — Q5: epi1 vs epi4
[03:29:26] 
[03:29:26] Analysis: python3 tools/ncu_anova.py data/ncu_20260408_032714
