[05:36:37] ========================================
[05:36:37]   FC2 NCU DIAGNOSIS v4  20260417_053637
[05:36:37]   Output: data/ncu_20260417_053637
[05:36:37] ========================================
NVIDIA B200, 120 MHz
[05:36:37] 
[05:36:37] ── Phase 1: Building binaries ──
[05:36:37]   [w3_strip] make -B fc2-w3 DFLAGS='-DPACKED_TILES -DSTRIP_EPILOGUE'
[05:36:38]   [w3_strip] copied fc2-w3 -> fc2-w3-strip
[05:36:38]   [w3_strip] built (regs=48, bars=1)
[05:36:38]   [w3_gemm] make -B fc2-w3-gemm DFLAGS=-DPACKED_TILES
[05:36:40]   [w3_gemm] built (regs=111, bars=2)
[05:36:40]   [w3_fused] make -B fc2-w3-packed
[05:36:42]   [w3_fused] built (regs=126, bars=2)
[05:36:42]   [w3_lean] make -B fc2-w3-packed-lean
[05:36:44]   [w3_lean] built (regs=164, bars=2)
[05:36:44]   [w3_sched] make -B fc2-w3-sched DFLAGS=-DPACKED_TILES
[05:36:46]   [w3_sched] built (regs=164, bars=2)
[05:36:46]   [w3_rowsteal] make -B fc2-w3-rowsteal DFLAGS=-DPACKED_TILES
[05:36:48]   [w3_rowsteal] built (regs=164, bars=2)
[05:36:48]   [w3_tail] make -B fc2-w3-tail DFLAGS=-DPACKED_TILES
[05:36:49]   [w3_tail] built (regs=165, bars=2)
[05:36:49]   [w3_tail_lean] make -B fc2-w3-tail-lean DFLAGS=-DPACKED_TILES
[05:36:51]   [w3_tail_lean] built (regs=164, bars=2)
[05:36:51]   [w3_dgswizzle] make -B fc2-w3-dgswizzle DFLAGS='-DPACKED_TILES -DNO_PREFILL'
[05:36:53]   [w3_dgswizzle] built (regs=117, bars=2)
[05:36:53]   [cutlass_strip] make fc2-cutlass-strip
[05:37:24]   [cutlass_strip] built (regs=16, bars=0)
[05:37:24]   [cutlass_fused] make fc2-cutlass
[05:37:56]   [cutlass_fused] built (regs=16, bars=0)
[05:37:56]   [cublas_gemm] make -B cublas-bench-fc2-ncu
[05:37:58]   [cublas_gemm] built (regs=12, bars=0)
[05:37:58] 
[05:37:58] ── Phase 2: Wall time sanity checks ──
[05:37:59]   [w3_strip] 1.027ms  4263.00 TFLOPS  valid=0
[05:38:01]   [w3_gemm] 1.073ms  4080.68 TFLOPS  valid=1
[05:38:02]   [w3_fused] 1.070ms  4092.33 TFLOPS  valid=1
[05:38:04]   [w3_lean] 1.108ms  3954.62 TFLOPS  valid=1
[05:38:05]   [w3_sched] 1.101ms  3977.28 TFLOPS  valid=1
[05:38:07]   [w3_rowsteal] 1.243ms  3523.05 TFLOPS  valid=1
[05:38:08]   [w3_tail] 1.102ms  3976.11 TFLOPS  valid=1
[05:38:10]   [w3_tail_lean] 1.106ms  3961.97 TFLOPS  valid=1
[05:38:11]   [w3_dgswizzle] 1.074ms  4078.55 TFLOPS  valid=1
[05:38:13]   [cutlass_strip] 1.153ms  3798.77 TFLOPS  valid=1
[05:38:14]   [cutlass_fused] 1.226ms  3574.03 TFLOPS  valid=1
[05:38:15]   [cublas_gemm] 1.100ms  3983.38 TFLOPS  valid=0
[05:38:15] 
[05:38:15] ── Phase 3: Targeted ncu metric collection ──
[05:38:15]   [w3_strip] collecting ncu metrics...
[05:38:27]   [w3_strip] ncu done (495 CSV lines)
[05:38:27]   [w3_gemm] collecting ncu metrics...
[05:38:40]   [w3_gemm] ncu done (495 CSV lines)
[05:38:40]   [w3_fused] collecting ncu metrics...
[05:38:52]   [w3_fused] ncu done (495 CSV lines)
[05:38:52]   [w3_lean] collecting ncu metrics...
[05:39:04]   [w3_lean] ncu done (495 CSV lines)
[05:39:04]   [w3_sched] collecting ncu metrics...
[05:39:16]   [w3_sched] ncu done (495 CSV lines)
[05:39:16]   [w3_rowsteal] collecting ncu metrics...
[05:39:28]   [w3_rowsteal] ncu done (495 CSV lines)
[05:39:28]   [w3_tail] collecting ncu metrics...
[05:39:41]   [w3_tail] ncu done (495 CSV lines)
[05:39:41]   [w3_tail_lean] collecting ncu metrics...
[05:39:53]   [w3_tail_lean] ncu done (495 CSV lines)
[05:39:53]   [w3_dgswizzle] collecting ncu metrics...
[05:40:05]   [w3_dgswizzle] ncu done (495 CSV lines)
[05:40:05]   [cutlass_strip] collecting ncu metrics...
[05:40:18]   [cutlass_strip] ncu done (495 CSV lines)
[05:40:18]   [cutlass_fused] collecting ncu metrics...
[05:40:30]   [cutlass_fused] ncu done (495 CSV lines)
[05:40:30]   [cublas_gemm] collecting ncu metrics...
[05:40:33]   [cublas_gemm] ncu done (39 CSV lines)
[05:40:33] 
[05:40:33] ── Phase 4: Metric diffs ──
[05:40:33]   diff_q1_w3: w3_gemm.csv vs w3_fused.csv
[05:40:33]   diff_q1_cutlass: cutlass_strip.csv vs cutlass_fused.csv
[05:40:33]   diff_q2_lean_vs_cutlass: w3_lean.csv vs cutlass_fused.csv
[05:40:33]   diff_q3_gemm: w3_gemm.csv vs cutlass_strip.csv
[05:40:33]   diff_q3_cublas: w3_gemm.csv vs cublas_gemm.csv
[05:40:33]   diff_q5_lean_vs_fused: w3_lean.csv vs w3_fused.csv
[05:40:33]   diff_q5_dgswizzle_vs_fused: w3_dgswizzle.csv vs w3_fused.csv
[05:40:33]   diff_q5_dgswizzle_vs_lean: w3_dgswizzle.csv vs w3_lean.csv
[05:40:33]   diff_q6_output_cost: w3_strip.csv vs w3_gemm.csv
[05:40:33] 
[05:40:33] ── Phase 5: Summary table ──
metric                          w3_strip           w3_gemm          w3_fused           w3_lean          w3_sched       w3_rowsteal           w3_tail      w3_tail_lean      w3_dgswizzle     cutlass_strip     cutlass_fused       cublas_gemm
----------------------------------------------------------------------------------------------------------------------------------------------------------------------------------------------------------------------------------------------
long_scoreboard                    2.51M             2.43M             2.16M             2.67M             2.67M             2.77M             2.72M             2.74M             2.04M             2.42M             2.72M             2.26M
short_scoreboard                    1.5K             26.3K            165.8K            216.3K            202.5K            201.9K            201.4K            212.1K            186.7K             30.3K            135.0K            204.4K
wait                              263.6K            332.2K            384.5K            404.1K            400.7K            395.4K            399.7K            403.2K            401.3K            141.0K            228.1K            188.3K
barrier                           224.8K            281.4K            274.1K             44.6K             45.1K             45.3K             44.8K             44.7K            267.8K             92.5K             31.3K             64.9K
sleeping                           13.9K             24.3K             21.8K              3.7K              3.9K              5.1K              5.0K              5.0K             18.6K              0.00              0.00            224.29
not_selected                      632.65              4.2K              6.7K              7.2K              7.4K              7.4K              7.3K              7.1K              7.8K             25.7K             21.9K              4.8K
mio_throttle                       17.62             17.61             17.62             23.32             24.88             24.54             24.43             23.53             17.69              2.2K              3.7K              3.5K
math_throttle                     237.10              2.4K              2.2K              2.3K              2.4K              2.3K              2.3K              2.3K              2.9K            584.63              2.6K             28.0K
dram_read_bytes                    5.34G             4.29G             6.70G             4.28G             4.28G             4.88G             5.14G             5.09G             5.55G             2.85G             4.28G             2.95G
dram_write_bytes                  12.52M             1.42G             1.43G             1.42G             1.43G             1.44G             1.44G             1.43G             1.42G             1.40G             1.40G             1.40G
dram_read_sectors                166.76M           134.14M           209.36M           133.75M           133.75M           152.50M           160.60M           158.98M           173.57M            89.20M           133.78M            92.11M
dram_write_sectors                391.2K            44.41M            44.58M            44.33M            44.61M            44.88M            45.04M            44.65M            44.37M            43.72M            43.86M            43.76M
dram_pct                           38.83             39.67             57.00             42.59             42.99             46.62             47.23             46.69             51.24             31.10             40.98             31.10
lts_pct                            57.65             65.68             71.61             71.25             71.10             74.39             72.76             73.00             67.04             64.54             67.75             63.33
lts_sectors                      555.54M           688.53M           746.60M           680.27M           678.28M           709.82M           742.56M           746.28M           675.70M           616.40M           680.31M           650.36M
lts_read_sectors                 554.54M           620.45M           678.36M           608.82M           606.16M           639.45M           670.31M           674.65M           607.59M           549.31M           613.03M           582.86M
lts_write_sectors                 666.1K            67.52M            67.51M            67.96M            68.62M            68.62M            68.62M            67.97M            67.54M            66.84M            66.85M            66.83M
lts_hit_rate                       49.58             56.72             45.73             57.29             56.13             57.39             53.98             53.98             49.27             64.16             57.13             62.36
l1tex_pct                          46.50             44.51             48.51             52.38             52.66             51.50             50.36             49.92             51.41             52.20             54.07             51.97
sm_pct                             93.01             89.87             90.49             97.38             97.76             95.99             93.87             93.10             95.18             95.28             94.48             93.37
shared_pct                         93.00             89.02             89.56             96.68             97.20             95.08             92.96             92.15             94.90             93.96             92.91             91.66
warps_active                        7.00              7.00              7.00              7.98              7.98              7.98              7.98              7.98              7.00              6.50              7.50              6.00
cycles_active                      1.81M             1.90M             1.89M             1.86M             1.85M             1.87M             1.88M             1.89M             1.83M             1.91M             1.93M             1.96M
inst_executed                     44.06M            70.34M           101.89M           107.97M           108.59M           107.93M           108.44M           107.84M           106.15M           141.73M           163.09M            89.72M
warps_eligible                      0.04              0.07              0.10              0.10              0.10              0.10              0.10              0.10              0.10              0.14              0.15              0.08
regs_per_thread                    48.00            111.00            126.00            164.00            164.00            164.00            165.00            164.00            117.00            186.00            252.00            255.00
occupancy                            n/a               n/a               n/a               n/a               n/a               n/a               n/a               n/a               n/a               n/a               n/a               n/a
smem_wavefronts                    88.2K            17.68M            47.86M            49.91M            50.07M            50.75M            50.27M            49.90M            49.86M            19.95M            60.35M            18.08M
smem_ld_wf                          2.0K              2.0K            26.81M            32.95M            32.79M            31.90M            32.10M            31.85M            29.33M            427.7K            37.71M            451.0K
smem_st_wf                          2.5K            16.47M            19.58M            15.05M            15.42M            17.08M            16.30M            16.17M            19.03M            16.42M            19.08M            16.67M
global_ld_wf                         n/a               n/a               n/a               n/a               n/a               n/a               n/a               n/a               n/a               n/a               n/a               n/a
tma_read_reqs                        n/a               n/a               n/a               n/a               n/a               n/a               n/a               n/a               n/a               n/a               n/a               n/a
tma_write_reqs                       n/a               n/a               n/a               n/a               n/a               n/a               n/a               n/a               n/a               n/a               n/a               n/a
tma_read_bytes                       n/a               n/a               n/a               n/a               n/a               n/a               n/a               n/a               n/a               n/a               n/a               n/a
tma_write_bytes                      n/a               n/a               n/a               n/a               n/a               n/a               n/a               n/a               n/a               n/a               n/a               n/a

================================================================================
DRAM AMPLIFICATION ANALYSIS
================================================================================
Theoretical minimum DRAM (FC2 928256x3072x768):
  Read:  4.280 GB (A:FP8 + B:FP8 + residual:BF16 + bias:BF16)
  Write: 1.426 GB (output:BF16)

  w3_strip            : read=5.340GB (1.25x)  write=0.013GB (0.01x)
  w3_gemm             : read=4.290GB (1.00x)  write=1.420GB (1.00x)
  w3_fused            : read=6.700GB (1.57x)  write=1.430GB (1.00x)
  w3_lean             : read=4.280GB (1.00x)  write=1.420GB (1.00x)
  w3_sched            : read=4.280GB (1.00x)  write=1.430GB (1.00x)
  w3_rowsteal         : read=4.880GB (1.14x)  write=1.440GB (1.01x)
  w3_tail             : read=5.140GB (1.20x)  write=1.440GB (1.01x)
  w3_tail_lean        : read=5.090GB (1.19x)  write=1.430GB (1.00x)
  w3_dgswizzle        : read=5.550GB (1.30x)  write=1.420GB (1.00x)
  cutlass_strip       : read=2.850GB (0.67x)  write=1.400GB (0.98x)
  cutlass_fused       : read=4.280GB (1.00x)  write=1.400GB (0.98x)
  cublas_gemm         : read=2.950GB (0.69x)  write=1.400GB (0.98x)
[05:40:33] 
[05:40:33] ════════════════════════════════════════
[05:40:33]   DONE
[05:40:33] ════════════════════════════════════════
[05:40:33] 
[05:40:33] Key outputs:
[05:40:33]   data/ncu_20260417_053637/results.txt       — wall times
[05:40:33]   data/ncu_20260417_053637/summary.txt       — all metrics side-by-side + DRAM amplification
[05:40:33]   data/ncu_20260417_053637/diff_q1*.txt      — Q1: fusion cost (fused - gemm/strip)
[05:40:33]   data/ncu_20260417_053637/diff_q2*.txt      — Q2: lean vs CUTLASS fused
[05:40:33]   data/ncu_20260417_053637/diff_q3*.txt      — Q3: GEMM comparison (w3_gemm vs cutlass_strip, cuBLAS)
[05:40:33]   data/ncu_20260417_053637/diff_q5*.txt      — Q5: dispatch comparison (lean vs striding vs dgswizzle)
[05:40:33]   data/ncu_20260417_053637/diff_q6*.txt      — Q6: output write cost (w3_strip vs w3_gemm)
[05:40:33] 
[05:40:33] Analysis: python3 tools/ncu_anova.py data/ncu_20260417_053637
