nvcc -gencode arch=compute_100a,code=sm_100a -O3 -std=c++17 -lineinfo --ptxas-options=-v --cudart=static  -DPACKED_TILES -DTILE_DISPATCH=4 -DLEAN_DISPATCH fc2_w3.cu -o fc2-w3-packed-lean -lcurand_static -lculibos -lcuda
fc2_w3.cu(2041): warning #177-D: variable "prev_n_bias" was declared but never referenced
                  const int prev_n_bias = ptn * 256;
                            ^

Remark: The warnings can be suppressed with "-diag-suppress <warning-number>"

fc2_w3.cu(1739): warning #177-D: variable "n_global" was declared but never referenced
          const int n_global = tn * 256;
                    ^

fc2_w3.cu(1181): warning #177-D: variable "sched_prod_phase" was declared but never referenced
      int sched_prod_phase[2] = {0, 0};
          ^

fc2_w3.cu(1249): warning #550-D: variable "epi_phase" was set but never used
      int epi_phase[2] = {1, 1};
          ^

fc2_w3.cu(1493): warning #177-D: variable "_pf_cons_phase" was declared but never referenced
      int _pf_cons_phase[2] = {0, 0};
          ^

fc2_w3.cu(573): warning #177-D: function "tma_load_2d" was declared but never referenced
  void tma_load_2d(uint32_t smem_dst, const void* tma_desc,
       ^

fc2_w3.cu(601): warning #177-D: function "tma_prefetch_2d" was declared but never referenced
  void tma_prefetch_2d(const void* tma_desc, int32_t c0, int32_t c1) {
       ^

ptxas info    : 4 bytes gmem
ptxas info    : Compiling entry function '_Z9pack_bf16P13__nv_bfloat16PKS_iiii' for 'sm_100a'
ptxas info    : Function properties for _Z9pack_bf16P13__nv_bfloat16PKS_iiii
    0 bytes stack frame, 0 bytes spill stores, 0 bytes spill loads
ptxas info    : Used 20 registers, used 0 barriers
ptxas info    : Compile time = 9.751 ms
ptxas info    : Compiling entry function '_Z7pack_u8PhPKhiiii' for 'sm_100a'
ptxas info    : Function properties for _Z7pack_u8PhPKhiiii
    0 bytes stack frame, 0 bytes spill stores, 0 bytes spill loads
ptxas info    : Used 20 registers, used 0 barriers
ptxas info    : Compile time = 8.741 ms
ptxas info    : Compiling entry function '_Z13init_residualP13__nv_bfloat16ix' for 'sm_100a'
ptxas info    : Function properties for _Z13init_residualP13__nv_bfloat16ix
    0 bytes stack frame, 0 bytes spill stores, 0 bytes spill loads
ptxas info    : Used 16 registers, used 0 barriers
ptxas info    : Compile time = 5.842 ms
ptxas info    : Compiling entry function '_Z13fc2_w3_kernel14CUtensorMap_stS_S_PK13__nv_bfloat16PS0_S2_S_' for 'sm_100a'
ptxas info    : Function properties for _Z13fc2_w3_kernel14CUtensorMap_stS_S_PK13__nv_bfloat16PS0_S2_S_
    32 bytes stack frame, 0 bytes spill stores, 0 bytes spill loads
ptxas info    : Used 164 registers, used 2 barriers, 32 bytes cumulative stack size
ptxas info    : Compile time = 232.163 ms
