nvcc -gencode arch=compute_100a,code=sm_100a -O3 -std=c++17 -lineinfo --ptxas-options=-v --cudart=static -DPACKED_TILES -DSTRIP_EPILOGUE -DTILE_DISPATCH=14 fc2_w3.cu -o fc2-w3-ncycle -lcurand_static -lculibos -lcuda
fc2_w3.cu(1633): warning #177-D: variable "n_global" was declared but never referenced
          const int n_global = tn * 256;
                    ^

Remark: The warnings can be suppressed with "-diag-suppress <warning-number>"

fc2_w3.cu(2607): warning #177-D: variable "last_m" was declared but never referenced
          const int last_m = ((ltm * 2 + cta_rank) * (768 / 256) + ltn) * 128;
                    ^

fc2_w3.cu(2608): warning #177-D: variable "last_n" was declared but never referenced
          const int last_n = 0;
                    ^

fc2_w3.cu(2609): warning #177-D: variable "last_n_bias" was declared but never referenced
          const int last_n_bias = ltn * 256;
                    ^

fc2_w3.cu(1140): warning #550-D: variable "epi_phase" was set but never used
      int epi_phase[2] = {1, 1};
          ^

fc2_w3.cu(1146): warning #550-D: variable "load_mbar" was set but never used
      uint32_t load_mbar[2];
               ^

fc2_w3.cu(1147): warning #550-D: variable "consumed_mbar" was set but never used
      uint32_t consumed_mbar[2];
               ^

fc2_w3.cu(1148): warning #550-D: variable "load_phase" was set but never used
      int load_phase[2];
          ^

fc2_w3.cu(1149): warning #550-D: variable "load_consumed_phase" was set but never used
      int load_consumed_phase[2];
          ^

fc2_w3.cu(1150): warning #177-D: variable "load_issue_count" was declared but never referenced
      int load_issue_count = 0;
          ^

fc2_w3.cu(431): warning #177-D: function "mbar_arrive_expect_tx" was declared but never referenced
  void mbar_arrive_expect_tx(uint32_t addr, uint32_t tx_count) {
       ^

fc2_w3.cu(444): warning #177-D: function "tma_load_2d" was declared but never referenced
  void tma_load_2d(uint32_t smem_dst, const void* tma_desc,
       ^

fc2_w3.cu(454): warning #177-D: function "tma_load_2d_cta" was declared but never referenced
  void tma_load_2d_cta(uint32_t smem_dst, const void* tma_desc,
       ^

fc2_w3.cu(472): warning #177-D: function "tma_prefetch_2d" was declared but never referenced
  void tma_prefetch_2d(const void* tma_desc, int32_t c0, int32_t c1) {
       ^

ptxas info    : 0 bytes gmem
ptxas info    : Compiling entry function '_Z9pack_bf16P13__nv_bfloat16PKS_iiii' for 'sm_100a'
ptxas info    : Function properties for _Z9pack_bf16P13__nv_bfloat16PKS_iiii
    0 bytes stack frame, 0 bytes spill stores, 0 bytes spill loads
ptxas info    : Used 20 registers, used 0 barriers
ptxas info    : Compile time = 9.310 ms
ptxas info    : Compiling entry function '_Z7pack_u8PhPKhiiii' for 'sm_100a'
ptxas info    : Function properties for _Z7pack_u8PhPKhiiii
    0 bytes stack frame, 0 bytes spill stores, 0 bytes spill loads
ptxas info    : Used 20 registers, used 0 barriers
ptxas info    : Compile time = 8.084 ms
ptxas info    : Compiling entry function '_Z13init_residualP13__nv_bfloat16ix' for 'sm_100a'
ptxas info    : Function properties for _Z13init_residualP13__nv_bfloat16ix
    0 bytes stack frame, 0 bytes spill stores, 0 bytes spill loads
ptxas info    : Used 16 registers, used 0 barriers
ptxas info    : Compile time = 5.245 ms
ptxas info    : Compiling entry function '_Z13fc2_w3_kernel14CUtensorMap_stS_S_PK13__nv_bfloat16PS0_S2_S_' for 'sm_100a'
ptxas info    : Function properties for _Z13fc2_w3_kernel14CUtensorMap_stS_S_PK13__nv_bfloat16PS0_S2_S_
    8 bytes stack frame, 0 bytes spill stores, 0 bytes spill loads
ptxas info    : Used 96 registers, used 0 barriers, 8 bytes cumulative stack size
ptxas info    : Compile time = 49.780 ms
