Kernel: fc1_gelu (fc1_gelu.cu)
Per-kernel tiers for fc1_gelu: skipping SNAKE_ORDER, TMA_RESIDUAL, NUM_PASSES_PARAM
Pinned at winner values: K_LOOP_UNROLL=5 MBAR_EARLY=1 N_STAGES=5 STAGGER_CYCLES=0 SUB_MMA_UNROLL=3

=== Tier 1: GELU_VARIANT, STORE_TIMING, INTERLEAVE_STRATEGY ===
Sweep: 24 total, 15 valid, 3 pruned, 6 deduped
Estimated time: ~1 min (15 configs × ~5s each)

[1/15] -DINTERLEAVE_STRATEGY=0 -DMBAR_EARLY=1 -DN_STAGES=5 -DSTAGGER_CYCLES=0 -DSUB_MMA_UNROLL=3 ... 3.174 ms / 1380 TFLOPS  (240 regs, 2.6s)
[2/15] -DINTERLEAVE_STRATEGY=1 -DMBAR_EARLY=1 -DN_STAGES=5 -DSTAGGER_CYCLES=0 -DSUB_MMA_UNROLL=3 ... 2.784 ms / 1573 TFLOPS  (240 regs, 2.6s)
[3/15] -DMBAR_EARLY=1 -DN_STAGES=5 -DSTAGGER_CYCLES=0 -DSTORE_TIMING=1 -DSUB_MMA_UNROLL=3 ... 3.169 ms / 1382 TFLOPS  (240 regs, 2.7s)
[4/15] -DMBAR_EARLY=1 -DN_STAGES=5 -DSTAGGER_CYCLES=0 -DSUB_MMA_UNROLL=3 ... 2.985 ms / 1467 TFLOPS  (240 regs, 2.6s)
[5/15] -DINTERLEAVE_STRATEGY=3 -DMBAR_EARLY=1 -DN_STAGES=5 -DSTAGGER_CYCLES=0 -DSUB_MMA_UNROLL=3 ... 2.778 ms / 1577 TFLOPS  (242 regs, 2.7s)
[6/15] -DGELU_VARIANT=4 -DINTERLEAVE_STRATEGY=0 -DMBAR_EARLY=1 -DN_STAGES=5 -DSTAGGER_CYCLES=0 -DSUB_MMA_UNROLL=3 ... 3.144 ms / 1393 TFLOPS  (240 regs, 2.6s)
[7/15] -DGELU_VARIANT=4 -DINTERLEAVE_STRATEGY=1 -DMBAR_EARLY=1 -DN_STAGES=5 -DSTAGGER_CYCLES=0 -DSUB_MMA_UNROLL=3 ... 2.871 ms / 1526 TFLOPS  (240 regs, 2.6s)
[8/15] -DGELU_VARIANT=4 -DMBAR_EARLY=1 -DN_STAGES=5 -DSTAGGER_CYCLES=0 -DSTORE_TIMING=1 -DSUB_MMA_UNROLL=3 ... 3.176 ms / 1379 TFLOPS  (240 regs, 2.7s)
[9/15] -DGELU_VARIANT=4 -DMBAR_EARLY=1 -DN_STAGES=5 -DSTAGGER_CYCLES=0 -DSUB_MMA_UNROLL=3 ... 2.991 ms / 1464 TFLOPS  (240 regs, 2.7s)
[10/15] -DGELU_VARIANT=4 -DINTERLEAVE_STRATEGY=3 -DMBAR_EARLY=1 -DN_STAGES=5 -DSTAGGER_CYCLES=0 -DSUB_MMA_UNROLL=3 ... 2.753 ms / 1591 TFLOPS  (242 regs, 2.7s)
[11/15] -DGELU_VARIANT=5 -DINTERLEAVE_STRATEGY=0 -DMBAR_EARLY=1 -DN_STAGES=5 -DSTAGGER_CYCLES=0 -DSUB_MMA_UNROLL=3 ... 3.172 ms / 1381 TFLOPS  (240 regs, 2.7s)
[12/15] -DGELU_VARIANT=5 -DINTERLEAVE_STRATEGY=1 -DMBAR_EARLY=1 -DN_STAGES=5 -DSTAGGER_CYCLES=0 -DSUB_MMA_UNROLL=3 ... 2.789 ms / 1570 TFLOPS  (240 regs, 2.7s)
[13/15] -DGELU_VARIANT=5 -DMBAR_EARLY=1 -DN_STAGES=5 -DSTAGGER_CYCLES=0 -DSTORE_TIMING=1 -DSUB_MMA_UNROLL=3 ... 3.147 ms / 1392 TFLOPS  (240 regs, 2.7s)
[14/15] -DGELU_VARIANT=5 -DMBAR_EARLY=1 -DN_STAGES=5 -DSTAGGER_CYCLES=0 -DSUB_MMA_UNROLL=3 ... 3.088 ms / 1419 TFLOPS  (240 regs, 2.7s)
[15/15] -DGELU_VARIANT=5 -DINTERLEAVE_STRATEGY=3 -DMBAR_EARLY=1 -DN_STAGES=5 -DSTAGGER_CYCLES=0 -DSUB_MMA_UNROLL=3 ... 2.749 ms / 1594 TFLOPS  (242 regs, 2.7s)
  η²: GELU_VARIANT=0.001, STORE_TIMING=0.270, INTERLEAVE_STRATEGY=0.562

Tier 1 winner (top-3): -DGELU_VARIANT=5 -DINTERLEAVE_STRATEGY=3 -DMBAR_EARLY=1 -DN_STAGES=5 -DSTAGGER_CYCLES=0 -DSUB_MMA_UNROLL=3 → 2.749 ms / 1594 TFLOPS
  #2: -DGELU_VARIANT=4 -DINTERLEAVE_STRATEGY=3 -DMBAR_EARLY=1 -DN_STAGES=5 -DSTAGGER_CYCLES=0 -DSUB_MMA_UNROLL=3 → 2.753 ms / 1591 TFLOPS
  #3: -DINTERLEAVE_STRATEGY=3 -DMBAR_EARLY=1 -DN_STAGES=5 -DSTAGGER_CYCLES=0 -DSUB_MMA_UNROLL=3 → 2.778 ms / 1577 TFLOPS

=== Tier 2: PHASE1_UNROLL, PRELOAD_MODE, BATCH_EPILOGUE ===
  Branch 1/3: -DGELU_VARIANT=5 -DINTERLEAVE_STRATEGY=3 -DMBAR_EARLY=1 -DN_STAGES=5 -DSTAGGER_CYCLES=0 -DSUB_MMA_UNROLL=3
Sweep: 18 total, 9 valid, 9 pruned
Estimated time: ~1 min (9 configs × ~5s each)

[1/9] -DGELU_VARIANT=5 -DINTERLEAVE_STRATEGY=3 -DMBAR_EARLY=1 -DN_STAGES=5 -DPHASE1_UNROLL=1 -DPRELOAD_MODE=0 -DSTAGGER_CYCLES=0 -DSUB_MMA_UNROLL=3 ... 3.295 ms / 1329 TFLOPS  (238 regs, 2.7s)
[2/9] -DGELU_VARIANT=5 -DINTERLEAVE_STRATEGY=3 -DMBAR_EARLY=1 -DN_STAGES=5 -DPHASE1_UNROLL=1 -DSTAGGER_CYCLES=0 -DSUB_MMA_UNROLL=3 ... 3.220 ms / 1360 TFLOPS  (238 regs, 2.7s)
[3/9] -DGELU_VARIANT=5 -DINTERLEAVE_STRATEGY=3 -DMBAR_EARLY=1 -DN_STAGES=5 -DPHASE1_UNROLL=1 -DPRELOAD_MODE=2 -DSTAGGER_CYCLES=0 -DSUB_MMA_UNROLL=3 ... 3.476 ms / 1260 TFLOPS  (238 regs, 2.7s)
[4/9] -DGELU_VARIANT=5 -DINTERLEAVE_STRATEGY=3 -DMBAR_EARLY=1 -DN_STAGES=5 -DPRELOAD_MODE=0 -DSTAGGER_CYCLES=0 -DSUB_MMA_UNROLL=3 ... 2.709 ms / 1617 TFLOPS  (240 regs, 2.7s)
[5/9] -DGELU_VARIANT=5 -DINTERLEAVE_STRATEGY=3 -DMBAR_EARLY=1 -DN_STAGES=5 -DSTAGGER_CYCLES=0 -DSUB_MMA_UNROLL=3 ... 2.821 ms / 1553 TFLOPS  (242 regs, 2.7s)
[6/9] -DGELU_VARIANT=5 -DINTERLEAVE_STRATEGY=3 -DMBAR_EARLY=1 -DN_STAGES=5 -DPRELOAD_MODE=2 -DSTAGGER_CYCLES=0 -DSUB_MMA_UNROLL=3 ... 2.655 ms / 1650 TFLOPS  (247 regs, 2.6s)
[7/9] -DGELU_VARIANT=5 -DINTERLEAVE_STRATEGY=3 -DMBAR_EARLY=1 -DN_STAGES=5 -DPHASE1_UNROLL=4 -DPRELOAD_MODE=0 -DSTAGGER_CYCLES=0 -DSUB_MMA_UNROLL=3 ... 2.672 ms / 1640 TFLOPS  (244 regs, 2.7s)
[8/9] -DGELU_VARIANT=5 -DINTERLEAVE_STRATEGY=3 -DMBAR_EARLY=1 -DN_STAGES=5 -DPHASE1_UNROLL=4 -DSTAGGER_CYCLES=0 -DSUB_MMA_UNROLL=3 ... 2.644 ms / 1657 TFLOPS  (244 regs, 2.7s)
[9/9] -DGELU_VARIANT=5 -DINTERLEAVE_STRATEGY=3 -DMBAR_EARLY=1 -DN_STAGES=5 -DPHASE1_UNROLL=4 -DPRELOAD_MODE=2 -DSTAGGER_CYCLES=0 -DSUB_MMA_UNROLL=3 ... 2.599 ms / 1686 TFLOPS  (249 regs, 2.7s)
  Branch 2/3: -DGELU_VARIANT=4 -DINTERLEAVE_STRATEGY=3 -DMBAR_EARLY=1 -DN_STAGES=5 -DSTAGGER_CYCLES=0 -DSUB_MMA_UNROLL=3
Sweep: 18 total, 9 valid, 9 pruned
Estimated time: ~1 min (9 configs × ~5s each)

[1/9] -DGELU_VARIANT=4 -DINTERLEAVE_STRATEGY=3 -DMBAR_EARLY=1 -DN_STAGES=5 -DPHASE1_UNROLL=1 -DPRELOAD_MODE=0 -DSTAGGER_CYCLES=0 -DSUB_MMA_UNROLL=3 ... 3.257 ms / 1345 TFLOPS  (238 regs, 2.7s)
[2/9] -DGELU_VARIANT=4 -DINTERLEAVE_STRATEGY=3 -DMBAR_EARLY=1 -DN_STAGES=5 -DPHASE1_UNROLL=1 -DSTAGGER_CYCLES=0 -DSUB_MMA_UNROLL=3 ... 3.247 ms / 1349 TFLOPS  (238 regs, 2.6s)
[3/9] -DGELU_VARIANT=4 -DINTERLEAVE_STRATEGY=3 -DMBAR_EARLY=1 -DN_STAGES=5 -DPHASE1_UNROLL=1 -DPRELOAD_MODE=2 -DSTAGGER_CYCLES=0 -DSUB_MMA_UNROLL=3 ... 3.454 ms / 1268 TFLOPS  (238 regs, 2.6s)
[4/9] -DGELU_VARIANT=4 -DINTERLEAVE_STRATEGY=3 -DMBAR_EARLY=1 -DN_STAGES=5 -DPRELOAD_MODE=0 -DSTAGGER_CYCLES=0 -DSUB_MMA_UNROLL=3 ... 2.849 ms / 1537 TFLOPS  (240 regs, 2.7s)
[5/9] -DGELU_VARIANT=4 -DINTERLEAVE_STRATEGY=3 -DMBAR_EARLY=1 -DN_STAGES=5 -DSTAGGER_CYCLES=0 -DSUB_MMA_UNROLL=3 ... 2.749 ms / 1593 TFLOPS  (242 regs, 2.7s)
[6/9] -DGELU_VARIANT=4 -DINTERLEAVE_STRATEGY=3 -DMBAR_EARLY=1 -DN_STAGES=5 -DPRELOAD_MODE=2 -DSTAGGER_CYCLES=0 -DSUB_MMA_UNROLL=3 ... 2.655 ms / 1650 TFLOPS  (247 regs, 2.7s)
[7/9] -DGELU_VARIANT=4 -DINTERLEAVE_STRATEGY=3 -DMBAR_EARLY=1 -DN_STAGES=5 -DPHASE1_UNROLL=4 -DPRELOAD_MODE=0 -DSTAGGER_CYCLES=0 -DSUB_MMA_UNROLL=3 ... 2.696 ms / 1625 TFLOPS  (244 regs, 2.7s)
[8/9] -DGELU_VARIANT=4 -DINTERLEAVE_STRATEGY=3 -DMBAR_EARLY=1 -DN_STAGES=5 -DPHASE1_UNROLL=4 -DSTAGGER_CYCLES=0 -DSUB_MMA_UNROLL=3 ... 2.658 ms / 1648 TFLOPS  (244 regs, 2.7s)
[9/9] -DGELU_VARIANT=4 -DINTERLEAVE_STRATEGY=3 -DMBAR_EARLY=1 -DN_STAGES=5 -DPHASE1_UNROLL=4 -DPRELOAD_MODE=2 -DSTAGGER_CYCLES=0 -DSUB_MMA_UNROLL=3 ... 2.615 ms / 1675 TFLOPS  (249 regs, 2.7s)
  Branch 3/3: -DINTERLEAVE_STRATEGY=3 -DMBAR_EARLY=1 -DN_STAGES=5 -DSTAGGER_CYCLES=0 -DSUB_MMA_UNROLL=3
Sweep: 18 total, 18 valid, 0 pruned
Estimated time: ~2 min (18 configs × ~5s each)

[1/18] -DINTERLEAVE_STRATEGY=3 -DMBAR_EARLY=1 -DN_STAGES=5 -DPHASE1_UNROLL=1 -DPRELOAD_MODE=0 -DSTAGGER_CYCLES=0 -DSUB_MMA_UNROLL=3 ... 3.288 ms / 1332 TFLOPS  (238 regs, 2.6s)
[2/18] -DINTERLEAVE_STRATEGY=3 -DMBAR_EARLY=1 -DN_STAGES=5 -DPHASE1_UNROLL=1 -DSTAGGER_CYCLES=0 -DSUB_MMA_UNROLL=3 ... 3.230 ms / 1356 TFLOPS  (238 regs, 2.7s)
[3/18] -DINTERLEAVE_STRATEGY=3 -DMBAR_EARLY=1 -DN_STAGES=5 -DPHASE1_UNROLL=1 -DPRELOAD_MODE=2 -DSTAGGER_CYCLES=0 -DSUB_MMA_UNROLL=3 ... 3.512 ms / 1247 TFLOPS  (238 regs, 2.7s)
[4/18] -DINTERLEAVE_STRATEGY=3 -DMBAR_EARLY=1 -DN_STAGES=5 -DPRELOAD_MODE=0 -DSTAGGER_CYCLES=0 -DSUB_MMA_UNROLL=3 ... 2.759 ms / 1587 TFLOPS  (240 regs, 2.7s)
[5/18] -DINTERLEAVE_STRATEGY=3 -DMBAR_EARLY=1 -DN_STAGES=5 -DSTAGGER_CYCLES=0 -DSUB_MMA_UNROLL=3 ... 2.733 ms / 1603 TFLOPS  (242 regs, 2.7s)
[6/18] -DINTERLEAVE_STRATEGY=3 -DMBAR_EARLY=1 -DN_STAGES=5 -DPRELOAD_MODE=2 -DSTAGGER_CYCLES=0 -DSUB_MMA_UNROLL=3 ... 2.662 ms / 1645 TFLOPS  (247 regs, 2.7s)
[7/18] -DINTERLEAVE_STRATEGY=3 -DMBAR_EARLY=1 -DN_STAGES=5 -DPHASE1_UNROLL=4 -DPRELOAD_MODE=0 -DSTAGGER_CYCLES=0 -DSUB_MMA_UNROLL=3 ... 2.681 ms / 1634 TFLOPS  (244 regs, 2.7s)
[8/18] -DINTERLEAVE_STRATEGY=3 -DMBAR_EARLY=1 -DN_STAGES=5 -DPHASE1_UNROLL=4 -DSTAGGER_CYCLES=0 -DSUB_MMA_UNROLL=3 ... 2.724 ms / 1608 TFLOPS  (244 regs, 2.8s)
[9/18] -DINTERLEAVE_STRATEGY=3 -DMBAR_EARLY=1 -DN_STAGES=5 -DPHASE1_UNROLL=4 -DPRELOAD_MODE=2 -DSTAGGER_CYCLES=0 -DSUB_MMA_UNROLL=3 ... 2.592 ms / 1690 TFLOPS  (249 regs, 2.8s)
[10/18] -DBATCH_EPILOGUE=1 -DINTERLEAVE_STRATEGY=3 -DMBAR_EARLY=1 -DN_STAGES=5 -DPHASE1_UNROLL=1 -DPRELOAD_MODE=0 -DSTAGGER_CYCLES=0 -DSUB_MMA_UNROLL=3 ... 3.306 ms / 1325 TFLOPS  (211 regs, 2.7s)
[11/18] -DBATCH_EPILOGUE=1 -DINTERLEAVE_STRATEGY=3 -DMBAR_EARLY=1 -DN_STAGES=5 -DPHASE1_UNROLL=1 -DSTAGGER_CYCLES=0 -DSUB_MMA_UNROLL=3 ... 3.299 ms / 1328 TFLOPS  (211 regs, 2.6s)
[12/18] -DBATCH_EPILOGUE=1 -DINTERLEAVE_STRATEGY=3 -DMBAR_EARLY=1 -DN_STAGES=5 -DPHASE1_UNROLL=1 -DPRELOAD_MODE=2 -DSTAGGER_CYCLES=0 -DSUB_MMA_UNROLL=3 ... 3.531 ms / 1241 TFLOPS  (211 regs, 2.6s)
[13/18] -DBATCH_EPILOGUE=1 -DINTERLEAVE_STRATEGY=3 -DMBAR_EARLY=1 -DN_STAGES=5 -DPRELOAD_MODE=0 -DSTAGGER_CYCLES=0 -DSUB_MMA_UNROLL=3 ... 2.855 ms / 1534 TFLOPS  (248 regs, 2.7s)
[14/18] -DBATCH_EPILOGUE=1 -DINTERLEAVE_STRATEGY=3 -DMBAR_EARLY=1 -DN_STAGES=5 -DSTAGGER_CYCLES=0 -DSUB_MMA_UNROLL=3 ... 2.939 ms / 1490 TFLOPS  (248 regs, 2.7s)
[15/18] -DBATCH_EPILOGUE=1 -DINTERLEAVE_STRATEGY=3 -DMBAR_EARLY=1 -DN_STAGES=5 -DPRELOAD_MODE=2 -DSTAGGER_CYCLES=0 -DSUB_MMA_UNROLL=3 ... 2.640 ms / 1659 TFLOPS  (247 regs, 2.7s)
[16/18] -DBATCH_EPILOGUE=1 -DINTERLEAVE_STRATEGY=3 -DMBAR_EARLY=1 -DN_STAGES=5 -DPHASE1_UNROLL=4 -DPRELOAD_MODE=0 -DSTAGGER_CYCLES=0 -DSUB_MMA_UNROLL=3 ... 2.730 ms / 1604 TFLOPS  (244 regs, 2.7s)
[17/18] -DBATCH_EPILOGUE=1 -DINTERLEAVE_STRATEGY=3 -DMBAR_EARLY=1 -DN_STAGES=5 -DPHASE1_UNROLL=4 -DSTAGGER_CYCLES=0 -DSUB_MMA_UNROLL=3 ... 2.710 ms / 1616 TFLOPS  (244 regs, 2.7s)
[18/18] -DBATCH_EPILOGUE=1 -DINTERLEAVE_STRATEGY=3 -DMBAR_EARLY=1 -DN_STAGES=5 -DPHASE1_UNROLL=4 -DPRELOAD_MODE=2 -DSTAGGER_CYCLES=0 -DSUB_MMA_UNROLL=3 ... 2.624 ms / 1669 TFLOPS  (248 regs, 2.7s)
  η²: PHASE1_UNROLL=0.923, PRELOAD_MODE=0.000, BATCH_EPILOGUE=0.005
  top-lock: PRELOAD_MODE=2(top5,33%)

  Gap: 1.23% → k_eff=2 (from 3)

Tier 2 winner (top-3): -DINTERLEAVE_STRATEGY=3 -DMBAR_EARLY=1 -DN_STAGES=5 -DPHASE1_UNROLL=4 -DPRELOAD_MODE=2 -DSTAGGER_CYCLES=0 -DSUB_MMA_UNROLL=3 → 2.592 ms / 1690 TFLOPS
  #2: -DBATCH_EPILOGUE=1 -DINTERLEAVE_STRATEGY=3 -DMBAR_EARLY=1 -DN_STAGES=5 -DPHASE1_UNROLL=4 -DPRELOAD_MODE=2 -DSTAGGER_CYCLES=0 -DSUB_MMA_UNROLL=3 → 2.624 ms / 1669 TFLOPS
  #3: -DBATCH_EPILOGUE=1 -DINTERLEAVE_STRATEGY=3 -DMBAR_EARLY=1 -DN_STAGES=5 -DPRELOAD_MODE=2 -DSTAGGER_CYCLES=0 -DSUB_MMA_UNROLL=3 → 2.640 ms / 1659 TFLOPS

=== Tier 3: EPILOGUE_LOOP, STS_WIDTH, EPI_SYNC, GELU_VECTOR_WIDTH ===
  Branch 1/2: -DINTERLEAVE_STRATEGY=3 -DMBAR_EARLY=1 -DN_STAGES=5 -DPHASE1_UNROLL=4 -DPRELOAD_MODE=2 -DSTAGGER_CYCLES=0 -DSUB_MMA_UNROLL=3
Sweep: 24 total, 2 valid, 22 pruned
Estimated time: ~0 min (2 configs × ~5s each)

[1/2] -DINTERLEAVE_STRATEGY=3 -DMBAR_EARLY=1 -DN_STAGES=5 -DPHASE1_UNROLL=4 -DPRELOAD_MODE=2 -DSTAGGER_CYCLES=0 -DSUB_MMA_UNROLL=3 ... 2.585 ms / 1694 TFLOPS  (249 regs, 2.8s)
[2/2] -DEPI_SYNC=1 -DINTERLEAVE_STRATEGY=3 -DMBAR_EARLY=1 -DN_STAGES=5 -DPHASE1_UNROLL=4 -DPRELOAD_MODE=2 -DSTAGGER_CYCLES=0 -DSUB_MMA_UNROLL=3 ... 2.604 ms / 1682 TFLOPS  (249 regs, 2.8s)
  Branch 2/2: -DBATCH_EPILOGUE=1 -DINTERLEAVE_STRATEGY=3 -DMBAR_EARLY=1 -DN_STAGES=5 -DPHASE1_UNROLL=4 -DPRELOAD_MODE=2 -DSTAGGER_CYCLES=0 -DSUB_MMA_UNROLL=3
Sweep: 24 total, 10 valid, 14 pruned
Estimated time: ~1 min (10 configs × ~5s each)

[1/10] -DBATCH_EPILOGUE=1 -DGELU_VECTOR_WIDTH=8 -DINTERLEAVE_STRATEGY=3 -DMBAR_EARLY=1 -DN_STAGES=5 -DPHASE1_UNROLL=4 -DPRELOAD_MODE=2 -DSTAGGER_CYCLES=0 -DSUB_MMA_UNROLL=3 ... 2.638 ms / 1660 TFLOPS  (248 regs, 2.8s)
[2/10] -DBATCH_EPILOGUE=1 -DGELU_VECTOR_WIDTH=16 -DINTERLEAVE_STRATEGY=3 -DMBAR_EARLY=1 -DN_STAGES=5 -DPHASE1_UNROLL=4 -DPRELOAD_MODE=2 -DSTAGGER_CYCLES=0 -DSUB_MMA_UNROLL=3 ... 2.623 ms / 1670 TFLOPS  (248 regs, 2.7s)
[3/10] -DBATCH_EPILOGUE=1 -DGELU_VECTOR_WIDTH=16 -DINTERLEAVE_STRATEGY=3 -DMBAR_EARLY=1 -DN_STAGES=5 -DPHASE1_UNROLL=4 -DPRELOAD_MODE=2 -DSTAGGER_CYCLES=0 -DSTS_WIDTH=32 -DSUB_MMA_UNROLL=3 ... 2.623 ms / 1670 TFLOPS  (248 regs, 2.8s)
[4/10] -DBATCH_EPILOGUE=1 -DINTERLEAVE_STRATEGY=3 -DMBAR_EARLY=1 -DN_STAGES=5 -DPHASE1_UNROLL=4 -DPRELOAD_MODE=2 -DSTAGGER_CYCLES=0 -DSUB_MMA_UNROLL=3 ... 2.606 ms / 1681 TFLOPS  (248 regs, 2.8s)
[5/10] -DBATCH_EPILOGUE=1 -DINTERLEAVE_STRATEGY=3 -DMBAR_EARLY=1 -DN_STAGES=5 -DPHASE1_UNROLL=4 -DPRELOAD_MODE=2 -DSTAGGER_CYCLES=0 -DSTS_WIDTH=32 -DSUB_MMA_UNROLL=3 ... 2.623 ms / 1670 TFLOPS  (248 regs, 2.7s)
[6/10] -DBATCH_EPILOGUE=1 -DEPI_SYNC=1 -DGELU_VECTOR_WIDTH=8 -DINTERLEAVE_STRATEGY=3 -DMBAR_EARLY=1 -DN_STAGES=5 -DPHASE1_UNROLL=4 -DPRELOAD_MODE=2 -DSTAGGER_CYCLES=0 -DSUB_MMA_UNROLL=3 ... 2.625 ms / 1669 TFLOPS  (248 regs, 2.8s)
[7/10] -DBATCH_EPILOGUE=1 -DEPI_SYNC=1 -DGELU_VECTOR_WIDTH=16 -DINTERLEAVE_STRATEGY=3 -DMBAR_EARLY=1 -DN_STAGES=5 -DPHASE1_UNROLL=4 -DPRELOAD_MODE=2 -DSTAGGER_CYCLES=0 -DSUB_MMA_UNROLL=3 ... 2.647 ms / 1655 TFLOPS  (248 regs, 2.8s)
[8/10] -DBATCH_EPILOGUE=1 -DEPI_SYNC=1 -DGELU_VECTOR_WIDTH=16 -DINTERLEAVE_STRATEGY=3 -DMBAR_EARLY=1 -DN_STAGES=5 -DPHASE1_UNROLL=4 -DPRELOAD_MODE=2 -DSTAGGER_CYCLES=0 -DSTS_WIDTH=32 -DSUB_MMA_UNROLL=3 ... 2.637 ms / 1661 TFLOPS  (248 regs, 2.7s)
[9/10] -DBATCH_EPILOGUE=1 -DEPI_SYNC=1 -DINTERLEAVE_STRATEGY=3 -DMBAR_EARLY=1 -DN_STAGES=5 -DPHASE1_UNROLL=4 -DPRELOAD_MODE=2 -DSTAGGER_CYCLES=0 -DSUB_MMA_UNROLL=3 ... 2.650 ms / 1653 TFLOPS  (248 regs, 2.7s)
[10/10] -DBATCH_EPILOGUE=1 -DEPI_SYNC=1 -DINTERLEAVE_STRATEGY=3 -DMBAR_EARLY=1 -DN_STAGES=5 -DPHASE1_UNROLL=4 -DPRELOAD_MODE=2 -DSTAGGER_CYCLES=0 -DSTS_WIDTH=32 -DSUB_MMA_UNROLL=3 ... 2.662 ms / 1646 TFLOPS  (248 regs, 2.7s)
  η²: STS_WIDTH=0.101, EPI_SYNC=0.260, GELU_VECTOR_WIDTH=0.064

  Gap: 0.74% → k_eff=2 (from 3)

Tier 3 winner (top-3): -DINTERLEAVE_STRATEGY=3 -DMBAR_EARLY=1 -DN_STAGES=5 -DPHASE1_UNROLL=4 -DPRELOAD_MODE=2 -DSTAGGER_CYCLES=0 -DSUB_MMA_UNROLL=3 → 2.585 ms / 1694 TFLOPS
  #2: -DEPI_SYNC=1 -DINTERLEAVE_STRATEGY=3 -DMBAR_EARLY=1 -DN_STAGES=5 -DPHASE1_UNROLL=4 -DPRELOAD_MODE=2 -DSTAGGER_CYCLES=0 -DSUB_MMA_UNROLL=3 → 2.604 ms / 1682 TFLOPS
  #3: -DBATCH_EPILOGUE=1 -DGELU_VECTOR_WIDTH=16 -DINTERLEAVE_STRATEGY=3 -DMBAR_EARLY=1 -DN_STAGES=5 -DPHASE1_UNROLL=4 -DPRELOAD_MODE=2 -DSTAGGER_CYCLES=0 -DSUB_MMA_UNROLL=3 → 2.623 ms / 1670 TFLOPS

=== Interaction: epilogue (BATCH_EPILOGUE, INTERLEAVE_STRATEGY, PRELOAD_MODE) ===
  Branch 1/2: -DINTERLEAVE_STRATEGY=3 -DMBAR_EARLY=1 -DN_STAGES=5 -DPHASE1_UNROLL=4 -DPRELOAD_MODE=2 -DSTAGGER_CYCLES=0 -DSUB_MMA_UNROLL=3
Sweep: 24 total, 24 valid, 0 pruned
Estimated time: ~2 min (24 configs × ~5s each)

[1/24] -DINTERLEAVE_STRATEGY=0 -DMBAR_EARLY=1 -DN_STAGES=5 -DPHASE1_UNROLL=4 -DPRELOAD_MODE=0 -DSTAGGER_CYCLES=0 -DSUB_MMA_UNROLL=3 ... 2.885 ms / 1518 TFLOPS  (244 regs, 2.7s)
[2/24] -DINTERLEAVE_STRATEGY=0 -DMBAR_EARLY=1 -DN_STAGES=5 -DPHASE1_UNROLL=4 -DSTAGGER_CYCLES=0 -DSUB_MMA_UNROLL=3 ... 2.380 ms / 1840 TFLOPS  (244 regs, 2.8s)
[3/24] -DINTERLEAVE_STRATEGY=0 -DMBAR_EARLY=1 -DN_STAGES=5 -DPHASE1_UNROLL=4 -DPRELOAD_MODE=2 -DSTAGGER_CYCLES=0 -DSUB_MMA_UNROLL=3 ... 2.560 ms / 1711 TFLOPS  (246 regs, 2.7s)
[4/24] -DINTERLEAVE_STRATEGY=1 -DMBAR_EARLY=1 -DN_STAGES=5 -DPHASE1_UNROLL=4 -DPRELOAD_MODE=0 -DSTAGGER_CYCLES=0 -DSUB_MMA_UNROLL=3 ... 2.691 ms / 1628 TFLOPS  (244 regs, 2.7s)
[5/24] -DINTERLEAVE_STRATEGY=1 -DMBAR_EARLY=1 -DN_STAGES=5 -DPHASE1_UNROLL=4 -DSTAGGER_CYCLES=0 -DSUB_MMA_UNROLL=3 ... 2.664 ms / 1644 TFLOPS  (244 regs, 2.7s)
[6/24] -DINTERLEAVE_STRATEGY=1 -DMBAR_EARLY=1 -DN_STAGES=5 -DPHASE1_UNROLL=4 -DPRELOAD_MODE=2 -DSTAGGER_CYCLES=0 -DSUB_MMA_UNROLL=3 ... 2.665 ms / 1643 TFLOPS  (249 regs, 2.7s)
[7/24] -DMBAR_EARLY=1 -DN_STAGES=5 -DPHASE1_UNROLL=4 -DPRELOAD_MODE=0 -DSTAGGER_CYCLES=0 -DSUB_MMA_UNROLL=3 ... 2.679 ms / 1635 TFLOPS  (244 regs, 2.7s)
[8/24] -DMBAR_EARLY=1 -DN_STAGES=5 -DPHASE1_UNROLL=4 -DSTAGGER_CYCLES=0 -DSUB_MMA_UNROLL=3 ... 2.524 ms / 1735 TFLOPS  (244 regs, 2.8s)
[9/24] -DMBAR_EARLY=1 -DN_STAGES=5 -DPHASE1_UNROLL=4 -DPRELOAD_MODE=2 -DSTAGGER_CYCLES=0 -DSUB_MMA_UNROLL=3 ... 2.553 ms / 1716 TFLOPS  (246 regs, 2.7s)
[10/24] -DINTERLEAVE_STRATEGY=3 -DMBAR_EARLY=1 -DN_STAGES=5 -DPHASE1_UNROLL=4 -DPRELOAD_MODE=0 -DSTAGGER_CYCLES=0 -DSUB_MMA_UNROLL=3 ... 2.656 ms / 1649 TFLOPS  (244 regs, 2.7s)
[11/24] -DINTERLEAVE_STRATEGY=3 -DMBAR_EARLY=1 -DN_STAGES=5 -DPHASE1_UNROLL=4 -DSTAGGER_CYCLES=0 -DSUB_MMA_UNROLL=3 ... 2.637 ms / 1661 TFLOPS  (244 regs, 2.7s)
[12/24] -DINTERLEAVE_STRATEGY=3 -DMBAR_EARLY=1 -DN_STAGES=5 -DPHASE1_UNROLL=4 -DPRELOAD_MODE=2 -DSTAGGER_CYCLES=0 -DSUB_MMA_UNROLL=3 ... 2.595 ms / 1688 TFLOPS  (249 regs, 2.8s)
[13/24] -DBATCH_EPILOGUE=1 -DINTERLEAVE_STRATEGY=0 -DMBAR_EARLY=1 -DN_STAGES=5 -DPHASE1_UNROLL=4 -DPRELOAD_MODE=0 -DSTAGGER_CYCLES=0 -DSUB_MMA_UNROLL=3 ... 2.908 ms / 1506 TFLOPS  (247 regs, 2.7s)
[14/24] -DBATCH_EPILOGUE=1 -DINTERLEAVE_STRATEGY=0 -DMBAR_EARLY=1 -DN_STAGES=5 -DPHASE1_UNROLL=4 -DSTAGGER_CYCLES=0 -DSUB_MMA_UNROLL=3 ... 2.838 ms / 1544 TFLOPS  (247 regs, 2.8s)
[15/24] -DBATCH_EPILOGUE=1 -DINTERLEAVE_STRATEGY=0 -DMBAR_EARLY=1 -DN_STAGES=5 -DPHASE1_UNROLL=4 -DPRELOAD_MODE=2 -DSTAGGER_CYCLES=0 -DSUB_MMA_UNROLL=3 ... 2.644 ms / 1657 TFLOPS  (247 regs, 2.8s)
[16/24] -DBATCH_EPILOGUE=1 -DINTERLEAVE_STRATEGY=1 -DMBAR_EARLY=1 -DN_STAGES=5 -DPHASE1_UNROLL=4 -DPRELOAD_MODE=0 -DSTAGGER_CYCLES=0 -DSUB_MMA_UNROLL=3 ... 2.705 ms / 1619 TFLOPS  (247 regs, 2.8s)
[17/24] -DBATCH_EPILOGUE=1 -DINTERLEAVE_STRATEGY=1 -DMBAR_EARLY=1 -DN_STAGES=5 -DPHASE1_UNROLL=4 -DSTAGGER_CYCLES=0 -DSUB_MMA_UNROLL=3 ... 2.720 ms / 1610 TFLOPS  (247 regs, 2.8s)
[18/24] -DBATCH_EPILOGUE=1 -DINTERLEAVE_STRATEGY=1 -DMBAR_EARLY=1 -DN_STAGES=5 -DPHASE1_UNROLL=4 -DPRELOAD_MODE=2 -DSTAGGER_CYCLES=0 -DSUB_MMA_UNROLL=3 ... 2.632 ms / 1664 TFLOPS  (247 regs, 2.7s)
[19/24] -DBATCH_EPILOGUE=1 -DMBAR_EARLY=1 -DN_STAGES=5 -DPHASE1_UNROLL=4 -DPRELOAD_MODE=0 -DSTAGGER_CYCLES=0 -DSUB_MMA_UNROLL=3 ... 2.830 ms / 1548 TFLOPS  (247 regs, 2.7s)
[20/24] -DBATCH_EPILOGUE=1 -DMBAR_EARLY=1 -DN_STAGES=5 -DPHASE1_UNROLL=4 -DSTAGGER_CYCLES=0 -DSUB_MMA_UNROLL=3 ... 2.841 ms / 1542 TFLOPS  (247 regs, 2.7s)
[21/24] -DBATCH_EPILOGUE=1 -DMBAR_EARLY=1 -DN_STAGES=5 -DPHASE1_UNROLL=4 -DPRELOAD_MODE=2 -DSTAGGER_CYCLES=0 -DSUB_MMA_UNROLL=3 ... 2.626 ms / 1668 TFLOPS  (247 regs, 2.7s)
[22/24] -DBATCH_EPILOGUE=1 -DINTERLEAVE_STRATEGY=3 -DMBAR_EARLY=1 -DN_STAGES=5 -DPHASE1_UNROLL=4 -DPRELOAD_MODE=0 -DSTAGGER_CYCLES=0 -DSUB_MMA_UNROLL=3 ... 2.725 ms / 1607 TFLOPS  (244 regs, 2.8s)
[23/24] -DBATCH_EPILOGUE=1 -DINTERLEAVE_STRATEGY=3 -DMBAR_EARLY=1 -DN_STAGES=5 -DPHASE1_UNROLL=4 -DSTAGGER_CYCLES=0 -DSUB_MMA_UNROLL=3 ... 2.736 ms / 1601 TFLOPS  (244 regs, 2.7s)
[24/24] -DBATCH_EPILOGUE=1 -DINTERLEAVE_STRATEGY=3 -DMBAR_EARLY=1 -DN_STAGES=5 -DPHASE1_UNROLL=4 -DPRELOAD_MODE=2 -DSTAGGER_CYCLES=0 -DSUB_MMA_UNROLL=3 ... 2.620 ms / 1672 TFLOPS  (248 regs, 2.7s)
  Branch 2/2: -DEPI_SYNC=1 -DINTERLEAVE_STRATEGY=3 -DMBAR_EARLY=1 -DN_STAGES=5 -DPHASE1_UNROLL=4 -DPRELOAD_MODE=2 -DSTAGGER_CYCLES=0 -DSUB_MMA_UNROLL=3
Sweep: 24 total, 24 valid, 0 pruned
Estimated time: ~2 min (24 configs × ~5s each)

[1/24] -DEPI_SYNC=1 -DINTERLEAVE_STRATEGY=0 -DMBAR_EARLY=1 -DN_STAGES=5 -DPHASE1_UNROLL=4 -DPRELOAD_MODE=0 -DSTAGGER_CYCLES=0 -DSUB_MMA_UNROLL=3 ... 2.885 ms / 1518 TFLOPS  (244 regs, 2.7s)
[2/24] -DEPI_SYNC=1 -DINTERLEAVE_STRATEGY=0 -DMBAR_EARLY=1 -DN_STAGES=5 -DPHASE1_UNROLL=4 -DSTAGGER_CYCLES=0 -DSUB_MMA_UNROLL=3 ... 2.702 ms / 1621 TFLOPS  (244 regs, 2.7s)
[3/24] -DEPI_SYNC=1 -DINTERLEAVE_STRATEGY=0 -DMBAR_EARLY=1 -DN_STAGES=5 -DPHASE1_UNROLL=4 -DPRELOAD_MODE=2 -DSTAGGER_CYCLES=0 -DSUB_MMA_UNROLL=3 ... 2.775 ms / 1578 TFLOPS  (246 regs, 2.8s)
[4/24] -DEPI_SYNC=1 -DINTERLEAVE_STRATEGY=1 -DMBAR_EARLY=1 -DN_STAGES=5 -DPHASE1_UNROLL=4 -DPRELOAD_MODE=0 -DSTAGGER_CYCLES=0 -DSUB_MMA_UNROLL=3 ... 2.734 ms / 1602 TFLOPS  (244 regs, 2.8s)
[5/24] -DEPI_SYNC=1 -DINTERLEAVE_STRATEGY=1 -DMBAR_EARLY=1 -DN_STAGES=5 -DPHASE1_UNROLL=4 -DSTAGGER_CYCLES=0 -DSUB_MMA_UNROLL=3 ... 2.710 ms / 1616 TFLOPS  (244 regs, 2.7s)
[6/24] -DEPI_SYNC=1 -DINTERLEAVE_STRATEGY=1 -DMBAR_EARLY=1 -DN_STAGES=5 -DPHASE1_UNROLL=4 -DPRELOAD_MODE=2 -DSTAGGER_CYCLES=0 -DSUB_MMA_UNROLL=3 ... 2.725 ms / 1607 TFLOPS  (249 regs, 2.7s)
[7/24] -DEPI_SYNC=1 -DMBAR_EARLY=1 -DN_STAGES=5 -DPHASE1_UNROLL=4 -DPRELOAD_MODE=0 -DSTAGGER_CYCLES=0 -DSUB_MMA_UNROLL=3 ... 2.697 ms / 1624 TFLOPS  (244 regs, 2.8s)
[8/24] -DEPI_SYNC=1 -DMBAR_EARLY=1 -DN_STAGES=5 -DPHASE1_UNROLL=4 -DSTAGGER_CYCLES=0 -DSUB_MMA_UNROLL=3 ... 2.524 ms / 1736 TFLOPS  (244 regs, 2.7s)
[9/24] -DEPI_SYNC=1 -DMBAR_EARLY=1 -DN_STAGES=5 -DPHASE1_UNROLL=4 -DPRELOAD_MODE=2 -DSTAGGER_CYCLES=0 -DSUB_MMA_UNROLL=3 ... 2.529 ms / 1732 TFLOPS  (246 regs, 2.7s)
[10/24] -DEPI_SYNC=1 -DINTERLEAVE_STRATEGY=3 -DMBAR_EARLY=1 -DN_STAGES=5 -DPHASE1_UNROLL=4 -DPRELOAD_MODE=0 -DSTAGGER_CYCLES=0 -DSUB_MMA_UNROLL=3 ... 2.734 ms / 1602 TFLOPS  (244 regs, 2.7s)
[11/24] -DEPI_SYNC=1 -DINTERLEAVE_STRATEGY=3 -DMBAR_EARLY=1 -DN_STAGES=5 -DPHASE1_UNROLL=4 -DSTAGGER_CYCLES=0 -DSUB_MMA_UNROLL=3 ... 2.748 ms / 1594 TFLOPS  (244 regs, 2.7s)
[12/24] -DEPI_SYNC=1 -DINTERLEAVE_STRATEGY=3 -DMBAR_EARLY=1 -DN_STAGES=5 -DPHASE1_UNROLL=4 -DPRELOAD_MODE=2 -DSTAGGER_CYCLES=0 -DSUB_MMA_UNROLL=3 ... 2.584 ms / 1695 TFLOPS  (249 regs, 2.7s)
[13/24] -DBATCH_EPILOGUE=1 -DEPI_SYNC=1 -DINTERLEAVE_STRATEGY=0 -DMBAR_EARLY=1 -DN_STAGES=5 -DPHASE1_UNROLL=4 -DPRELOAD_MODE=0 -DSTAGGER_CYCLES=0 -DSUB_MMA_UNROLL=3 ... 2.927 ms / 1496 TFLOPS  (247 regs, 2.8s)
[14/24] -DBATCH_EPILOGUE=1 -DEPI_SYNC=1 -DINTERLEAVE_STRATEGY=0 -DMBAR_EARLY=1 -DN_STAGES=5 -DPHASE1_UNROLL=4 -DSTAGGER_CYCLES=0 -DSUB_MMA_UNROLL=3 ... 2.898 ms / 1511 TFLOPS  (247 regs, 2.7s)
[15/24] -DBATCH_EPILOGUE=1 -DEPI_SYNC=1 -DINTERLEAVE_STRATEGY=0 -DMBAR_EARLY=1 -DN_STAGES=5 -DPHASE1_UNROLL=4 -DPRELOAD_MODE=2 -DSTAGGER_CYCLES=0 -DSUB_MMA_UNROLL=3 ... 2.819 ms / 1554 TFLOPS  (247 regs, 2.7s)
[16/24] -DBATCH_EPILOGUE=1 -DEPI_SYNC=1 -DINTERLEAVE_STRATEGY=1 -DMBAR_EARLY=1 -DN_STAGES=5 -DPHASE1_UNROLL=4 -DPRELOAD_MODE=0 -DSTAGGER_CYCLES=0 -DSUB_MMA_UNROLL=3 ... 2.752 ms / 1592 TFLOPS  (247 regs, 2.7s)
[17/24] -DBATCH_EPILOGUE=1 -DEPI_SYNC=1 -DINTERLEAVE_STRATEGY=1 -DMBAR_EARLY=1 -DN_STAGES=5 -DPHASE1_UNROLL=4 -DSTAGGER_CYCLES=0 -DSUB_MMA_UNROLL=3 ... 2.747 ms / 1594 TFLOPS  (247 regs, 2.7s)
[18/24] -DBATCH_EPILOGUE=1 -DEPI_SYNC=1 -DINTERLEAVE_STRATEGY=1 -DMBAR_EARLY=1 -DN_STAGES=5 -DPHASE1_UNROLL=4 -DPRELOAD_MODE=2 -DSTAGGER_CYCLES=0 -DSUB_MMA_UNROLL=3 ... 2.684 ms / 1632 TFLOPS  (247 regs, 2.7s)
[19/24] -DBATCH_EPILOGUE=1 -DEPI_SYNC=1 -DMBAR_EARLY=1 -DN_STAGES=5 -DPHASE1_UNROLL=4 -DPRELOAD_MODE=0 -DSTAGGER_CYCLES=0 -DSUB_MMA_UNROLL=3 ... 2.760 ms / 1587 TFLOPS  (247 regs, 2.7s)
[20/24] -DBATCH_EPILOGUE=1 -DEPI_SYNC=1 -DMBAR_EARLY=1 -DN_STAGES=5 -DPHASE1_UNROLL=4 -DSTAGGER_CYCLES=0 -DSUB_MMA_UNROLL=3 ... 2.919 ms / 1500 TFLOPS  (247 regs, 2.7s)
[21/24] -DBATCH_EPILOGUE=1 -DEPI_SYNC=1 -DMBAR_EARLY=1 -DN_STAGES=5 -DPHASE1_UNROLL=4 -DPRELOAD_MODE=2 -DSTAGGER_CYCLES=0 -DSUB_MMA_UNROLL=3 ... 2.610 ms / 1678 TFLOPS  (247 regs, 2.7s)
[22/24] -DBATCH_EPILOGUE=1 -DEPI_SYNC=1 -DINTERLEAVE_STRATEGY=3 -DMBAR_EARLY=1 -DN_STAGES=5 -DPHASE1_UNROLL=4 -DPRELOAD_MODE=0 -DSTAGGER_CYCLES=0 -DSUB_MMA_UNROLL=3 ... 2.733 ms / 1602 TFLOPS  (244 regs, 2.7s)
[23/24] -DBATCH_EPILOGUE=1 -DEPI_SYNC=1 -DINTERLEAVE_STRATEGY=3 -DMBAR_EARLY=1 -DN_STAGES=5 -DPHASE1_UNROLL=4 -DSTAGGER_CYCLES=0 -DSUB_MMA_UNROLL=3 ... 2.712 ms / 1615 TFLOPS  (244 regs, 2.8s)
[24/24] -DBATCH_EPILOGUE=1 -DEPI_SYNC=1 -DINTERLEAVE_STRATEGY=3 -DMBAR_EARLY=1 -DN_STAGES=5 -DPHASE1_UNROLL=4 -DPRELOAD_MODE=2 -DSTAGGER_CYCLES=0 -DSUB_MMA_UNROLL=3 ... 2.637 ms / 1661 TFLOPS  (248 regs, 2.8s)
  η²: BATCH_EPILOGUE=0.155, INTERLEAVE_STRATEGY=0.108, PRELOAD_MODE=0.203
  Best: -DINTERLEAVE_STRATEGY=0 -DMBAR_EARLY=1 -DN_STAGES=5 -DPHASE1_UNROLL=4 -DSTAGGER_CYCLES=0 -DSUB_MMA_UNROLL=3 → 2.380 ms / 1840 TFLOPS
  ** New overall best from interaction 'epilogue' **

=== Interaction: gelu (BATCH_EPILOGUE, GELU_VARIANT) ===
  Branch 1/2: -DINTERLEAVE_STRATEGY=0 -DMBAR_EARLY=1 -DN_STAGES=5 -DPHASE1_UNROLL=4 -DSTAGGER_CYCLES=0 -DSUB_MMA_UNROLL=3
Sweep: 6 total, 4 valid, 2 pruned
Estimated time: ~0 min (4 configs × ~5s each)

[1/4] -DINTERLEAVE_STRATEGY=0 -DMBAR_EARLY=1 -DN_STAGES=5 -DPHASE1_UNROLL=4 -DSTAGGER_CYCLES=0 -DSUB_MMA_UNROLL=3 ... 2.416 ms / 1813 TFLOPS  (244 regs, 2.7s)
[2/4] -DGELU_VARIANT=4 -DINTERLEAVE_STRATEGY=0 -DMBAR_EARLY=1 -DN_STAGES=5 -DPHASE1_UNROLL=4 -DSTAGGER_CYCLES=0 -DSUB_MMA_UNROLL=3 ... 2.325 ms / 1884 TFLOPS  (244 regs, 2.7s)
[3/4] -DGELU_VARIANT=5 -DINTERLEAVE_STRATEGY=0 -DMBAR_EARLY=1 -DN_STAGES=5 -DPHASE1_UNROLL=4 -DSTAGGER_CYCLES=0 -DSUB_MMA_UNROLL=3 ... 2.325 ms / 1884 TFLOPS  (244 regs, 2.7s)
[4/4] -DBATCH_EPILOGUE=1 -DINTERLEAVE_STRATEGY=0 -DMBAR_EARLY=1 -DN_STAGES=5 -DPHASE1_UNROLL=4 -DSTAGGER_CYCLES=0 -DSUB_MMA_UNROLL=3 ... 2.863 ms / 1530 TFLOPS  (247 regs, 2.8s)
  Branch 2/2: -DEPI_SYNC=1 -DINTERLEAVE_STRATEGY=3 -DMBAR_EARLY=1 -DN_STAGES=5 -DPHASE1_UNROLL=4 -DPRELOAD_MODE=2 -DSTAGGER_CYCLES=0 -DSUB_MMA_UNROLL=3
Sweep: 6 total, 4 valid, 2 pruned
Estimated time: ~0 min (4 configs × ~5s each)

[1/4] -DEPI_SYNC=1 -DINTERLEAVE_STRATEGY=3 -DMBAR_EARLY=1 -DN_STAGES=5 -DPHASE1_UNROLL=4 -DPRELOAD_MODE=2 -DSTAGGER_CYCLES=0 -DSUB_MMA_UNROLL=3 ... 2.586 ms / 1694 TFLOPS  (249 regs, 2.8s)
[2/4] -DEPI_SYNC=1 -DGELU_VARIANT=4 -DINTERLEAVE_STRATEGY=3 -DMBAR_EARLY=1 -DN_STAGES=5 -DPHASE1_UNROLL=4 -DPRELOAD_MODE=2 -DSTAGGER_CYCLES=0 -DSUB_MMA_UNROLL=3 ... 2.619 ms / 1673 TFLOPS  (249 regs, 2.7s)
[3/4] -DEPI_SYNC=1 -DGELU_VARIANT=5 -DINTERLEAVE_STRATEGY=3 -DMBAR_EARLY=1 -DN_STAGES=5 -DPHASE1_UNROLL=4 -DPRELOAD_MODE=2 -DSTAGGER_CYCLES=0 -DSUB_MMA_UNROLL=3 ... 2.604 ms / 1682 TFLOPS  (249 regs, 2.8s)
[4/4] -DBATCH_EPILOGUE=1 -DEPI_SYNC=1 -DINTERLEAVE_STRATEGY=3 -DMBAR_EARLY=1 -DN_STAGES=5 -DPHASE1_UNROLL=4 -DPRELOAD_MODE=2 -DSTAGGER_CYCLES=0 -DSUB_MMA_UNROLL=3 ... 2.636 ms / 1662 TFLOPS  (248 regs, 2.8s)
  η²: BATCH_EPILOGUE=0.470, GELU_VARIANT=0.211
  Best: -DGELU_VARIANT=4 -DINTERLEAVE_STRATEGY=0 -DMBAR_EARLY=1 -DN_STAGES=5 -DPHASE1_UNROLL=4 -DSTAGGER_CYCLES=0 -DSUB_MMA_UNROLL=3 → 2.325 ms / 1884 TFLOPS
  ** New overall best from interaction 'gelu' **

=== Interaction: reg_pressure — skipped (noise params: TMEM_LOAD_WIDTH) ===

=== Interaction: unroll_batch (PHASE1_UNROLL, BATCH_EPILOGUE) ===
  Branch 1/2: -DGELU_VARIANT=4 -DINTERLEAVE_STRATEGY=0 -DMBAR_EARLY=1 -DN_STAGES=5 -DPHASE1_UNROLL=4 -DSTAGGER_CYCLES=0 -DSUB_MMA_UNROLL=3
Sweep: 6 total, 3 valid, 3 pruned
Estimated time: ~0 min (3 configs × ~5s each)

[1/3] -DGELU_VARIANT=4 -DINTERLEAVE_STRATEGY=0 -DMBAR_EARLY=1 -DN_STAGES=5 -DPHASE1_UNROLL=1 -DSTAGGER_CYCLES=0 -DSUB_MMA_UNROLL=3 ... 3.467 ms / 1263 TFLOPS  (236 regs, 2.7s)
[2/3] -DGELU_VARIANT=4 -DINTERLEAVE_STRATEGY=0 -DMBAR_EARLY=1 -DN_STAGES=5 -DSTAGGER_CYCLES=0 -DSUB_MMA_UNROLL=3 ... 3.212 ms / 1364 TFLOPS  (240 regs, 2.7s)
[3/3] -DGELU_VARIANT=4 -DINTERLEAVE_STRATEGY=0 -DMBAR_EARLY=1 -DN_STAGES=5 -DPHASE1_UNROLL=4 -DSTAGGER_CYCLES=0 -DSUB_MMA_UNROLL=3 ... 2.283 ms / 1918 TFLOPS  (244 regs, 2.7s)
  Branch 2/2: -DEPI_SYNC=1 -DINTERLEAVE_STRATEGY=3 -DMBAR_EARLY=1 -DN_STAGES=5 -DPHASE1_UNROLL=4 -DPRELOAD_MODE=2 -DSTAGGER_CYCLES=0 -DSUB_MMA_UNROLL=3
Sweep: 6 total, 6 valid, 0 pruned
Estimated time: ~0 min (6 configs × ~5s each)

[1/6] -DEPI_SYNC=1 -DINTERLEAVE_STRATEGY=3 -DMBAR_EARLY=1 -DN_STAGES=5 -DPHASE1_UNROLL=1 -DPRELOAD_MODE=2 -DSTAGGER_CYCLES=0 -DSUB_MMA_UNROLL=3 ... 3.490 ms / 1255 TFLOPS  (238 regs, 2.7s)
[2/6] -DEPI_SYNC=1 -DINTERLEAVE_STRATEGY=3 -DMBAR_EARLY=1 -DN_STAGES=5 -DPRELOAD_MODE=2 -DSTAGGER_CYCLES=0 -DSUB_MMA_UNROLL=3 ... 2.695 ms / 1625 TFLOPS  (247 regs, 2.7s)
[3/6] -DEPI_SYNC=1 -DINTERLEAVE_STRATEGY=3 -DMBAR_EARLY=1 -DN_STAGES=5 -DPHASE1_UNROLL=4 -DPRELOAD_MODE=2 -DSTAGGER_CYCLES=0 -DSUB_MMA_UNROLL=3 ... 2.590 ms / 1691 TFLOPS  (249 regs, 2.8s)
[4/6] -DBATCH_EPILOGUE=1 -DEPI_SYNC=1 -DINTERLEAVE_STRATEGY=3 -DMBAR_EARLY=1 -DN_STAGES=5 -DPHASE1_UNROLL=1 -DPRELOAD_MODE=2 -DSTAGGER_CYCLES=0 -DSUB_MMA_UNROLL=3 ... 3.487 ms / 1256 TFLOPS  (211 regs, 2.7s)
[5/6] -DBATCH_EPILOGUE=1 -DEPI_SYNC=1 -DINTERLEAVE_STRATEGY=3 -DMBAR_EARLY=1 -DN_STAGES=5 -DPRELOAD_MODE=2 -DSTAGGER_CYCLES=0 -DSUB_MMA_UNROLL=3 ... 2.635 ms / 1662 TFLOPS  (247 regs, 2.7s)
[6/6] -DBATCH_EPILOGUE=1 -DEPI_SYNC=1 -DINTERLEAVE_STRATEGY=3 -DMBAR_EARLY=1 -DN_STAGES=5 -DPHASE1_UNROLL=4 -DPRELOAD_MODE=2 -DSTAGGER_CYCLES=0 -DSUB_MMA_UNROLL=3 ... 2.639 ms / 1660 TFLOPS  (248 regs, 2.7s)
  η²: PHASE1_UNROLL=0.842, BATCH_EPILOGUE=0.001
  Best: -DGELU_VARIANT=4 -DINTERLEAVE_STRATEGY=0 -DMBAR_EARLY=1 -DN_STAGES=5 -DPHASE1_UNROLL=4 -DSTAGGER_CYCLES=0 -DSUB_MMA_UNROLL=3 → 2.283 ms / 1918 TFLOPS
  ** New overall best from interaction 'unroll_batch' **

=== Interaction: gelu_interleave (GELU_VARIANT, INTERLEAVE_STRATEGY) ===
  Branch 1/2: -DGELU_VARIANT=4 -DINTERLEAVE_STRATEGY=0 -DMBAR_EARLY=1 -DN_STAGES=5 -DPHASE1_UNROLL=4 -DSTAGGER_CYCLES=0 -DSUB_MMA_UNROLL=3
Sweep: 12 total, 12 valid, 0 pruned
Estimated time: ~1 min (12 configs × ~5s each)

[1/12] -DINTERLEAVE_STRATEGY=0 -DMBAR_EARLY=1 -DN_STAGES=5 -DPHASE1_UNROLL=4 -DSTAGGER_CYCLES=0 -DSUB_MMA_UNROLL=3 ... 2.291 ms / 1912 TFLOPS  (244 regs, 2.8s)
[2/12] -DINTERLEAVE_STRATEGY=1 -DMBAR_EARLY=1 -DN_STAGES=5 -DPHASE1_UNROLL=4 -DSTAGGER_CYCLES=0 -DSUB_MMA_UNROLL=3 ... 2.657 ms / 1648 TFLOPS  (244 regs, 2.7s)
[3/12] -DMBAR_EARLY=1 -DN_STAGES=5 -DPHASE1_UNROLL=4 -DSTAGGER_CYCLES=0 -DSUB_MMA_UNROLL=3 ... 2.566 ms / 1707 TFLOPS  (244 regs, 2.7s)
[4/12] -DINTERLEAVE_STRATEGY=3 -DMBAR_EARLY=1 -DN_STAGES=5 -DPHASE1_UNROLL=4 -DSTAGGER_CYCLES=0 -DSUB_MMA_UNROLL=3 ... 2.651 ms / 1652 TFLOPS  (244 regs, 2.7s)
[5/12] -DGELU_VARIANT=4 -DINTERLEAVE_STRATEGY=0 -DMBAR_EARLY=1 -DN_STAGES=5 -DPHASE1_UNROLL=4 -DSTAGGER_CYCLES=0 -DSUB_MMA_UNROLL=3 ... 2.278 ms / 1923 TFLOPS  (244 regs, 2.7s)
[6/12] -DGELU_VARIANT=4 -DINTERLEAVE_STRATEGY=1 -DMBAR_EARLY=1 -DN_STAGES=5 -DPHASE1_UNROLL=4 -DSTAGGER_CYCLES=0 -DSUB_MMA_UNROLL=3 ... 2.662 ms / 1646 TFLOPS  (244 regs, 2.8s)
[7/12] -DGELU_VARIANT=4 -DMBAR_EARLY=1 -DN_STAGES=5 -DPHASE1_UNROLL=4 -DSTAGGER_CYCLES=0 -DSUB_MMA_UNROLL=3 ... 2.542 ms / 1723 TFLOPS  (244 regs, 2.7s)
[8/12] -DGELU_VARIANT=4 -DINTERLEAVE_STRATEGY=3 -DMBAR_EARLY=1 -DN_STAGES=5 -DPHASE1_UNROLL=4 -DSTAGGER_CYCLES=0 -DSUB_MMA_UNROLL=3 ... 2.658 ms / 1648 TFLOPS  (244 regs, 2.8s)
[9/12] -DGELU_VARIANT=5 -DINTERLEAVE_STRATEGY=0 -DMBAR_EARLY=1 -DN_STAGES=5 -DPHASE1_UNROLL=4 -DSTAGGER_CYCLES=0 -DSUB_MMA_UNROLL=3 ... 2.320 ms / 1888 TFLOPS  (244 regs, 2.8s)
[10/12] -DGELU_VARIANT=5 -DINTERLEAVE_STRATEGY=1 -DMBAR_EARLY=1 -DN_STAGES=5 -DPHASE1_UNROLL=4 -DSTAGGER_CYCLES=0 -DSUB_MMA_UNROLL=3 ... 2.679 ms / 1635 TFLOPS  (244 regs, 2.7s)
[11/12] -DGELU_VARIANT=5 -DMBAR_EARLY=1 -DN_STAGES=5 -DPHASE1_UNROLL=4 -DSTAGGER_CYCLES=0 -DSUB_MMA_UNROLL=3 ... 2.525 ms / 1734 TFLOPS  (244 regs, 2.8s)
[12/12] -DGELU_VARIANT=5 -DINTERLEAVE_STRATEGY=3 -DMBAR_EARLY=1 -DN_STAGES=5 -DPHASE1_UNROLL=4 -DSTAGGER_CYCLES=0 -DSUB_MMA_UNROLL=3 ... 2.638 ms / 1660 TFLOPS  (244 regs, 2.8s)
  Branch 2/2: -DEPI_SYNC=1 -DINTERLEAVE_STRATEGY=3 -DMBAR_EARLY=1 -DN_STAGES=5 -DPHASE1_UNROLL=4 -DPRELOAD_MODE=2 -DSTAGGER_CYCLES=0 -DSUB_MMA_UNROLL=3
Sweep: 12 total, 12 valid, 0 pruned
Estimated time: ~1 min (12 configs × ~5s each)

[1/12] -DEPI_SYNC=1 -DINTERLEAVE_STRATEGY=0 -DMBAR_EARLY=1 -DN_STAGES=5 -DPHASE1_UNROLL=4 -DPRELOAD_MODE=2 -DSTAGGER_CYCLES=0 -DSUB_MMA_UNROLL=3 ... 2.772 ms / 1580 TFLOPS  (246 regs, 2.8s)
[2/12] -DEPI_SYNC=1 -DINTERLEAVE_STRATEGY=1 -DMBAR_EARLY=1 -DN_STAGES=5 -DPHASE1_UNROLL=4 -DPRELOAD_MODE=2 -DSTAGGER_CYCLES=0 -DSUB_MMA_UNROLL=3 ... 2.727 ms / 1606 TFLOPS  (249 regs, 2.7s)
[3/12] -DEPI_SYNC=1 -DMBAR_EARLY=1 -DN_STAGES=5 -DPHASE1_UNROLL=4 -DPRELOAD_MODE=2 -DSTAGGER_CYCLES=0 -DSUB_MMA_UNROLL=3 ... 2.548 ms / 1719 TFLOPS  (246 regs, 2.8s)
[4/12] -DEPI_SYNC=1 -DINTERLEAVE_STRATEGY=3 -DMBAR_EARLY=1 -DN_STAGES=5 -DPHASE1_UNROLL=4 -DPRELOAD_MODE=2 -DSTAGGER_CYCLES=0 -DSUB_MMA_UNROLL=3 ... 2.603 ms / 1683 TFLOPS  (249 regs, 2.7s)
[5/12] -DEPI_SYNC=1 -DGELU_VARIANT=4 -DINTERLEAVE_STRATEGY=0 -DMBAR_EARLY=1 -DN_STAGES=5 -DPHASE1_UNROLL=4 -DPRELOAD_MODE=2 -DSTAGGER_CYCLES=0 -DSUB_MMA_UNROLL=3 ... 2.779 ms / 1576 TFLOPS  (246 regs, 2.8s)
[6/12] -DEPI_SYNC=1 -DGELU_VARIANT=4 -DINTERLEAVE_STRATEGY=1 -DMBAR_EARLY=1 -DN_STAGES=5 -DPHASE1_UNROLL=4 -DPRELOAD_MODE=2 -DSTAGGER_CYCLES=0 -DSUB_MMA_UNROLL=3 ... 2.719 ms / 1611 TFLOPS  (249 regs, 2.7s)
[7/12] -DEPI_SYNC=1 -DGELU_VARIANT=4 -DMBAR_EARLY=1 -DN_STAGES=5 -DPHASE1_UNROLL=4 -DPRELOAD_MODE=2 -DSTAGGER_CYCLES=0 -DSUB_MMA_UNROLL=3 ... 2.566 ms / 1707 TFLOPS  (246 regs, 2.8s)
[8/12] -DEPI_SYNC=1 -DGELU_VARIANT=4 -DINTERLEAVE_STRATEGY=3 -DMBAR_EARLY=1 -DN_STAGES=5 -DPHASE1_UNROLL=4 -DPRELOAD_MODE=2 -DSTAGGER_CYCLES=0 -DSUB_MMA_UNROLL=3 ... 2.615 ms / 1675 TFLOPS  (249 regs, 2.8s)
[9/12] -DEPI_SYNC=1 -DGELU_VARIANT=5 -DINTERLEAVE_STRATEGY=0 -DMBAR_EARLY=1 -DN_STAGES=5 -DPHASE1_UNROLL=4 -DPRELOAD_MODE=2 -DSTAGGER_CYCLES=0 -DSUB_MMA_UNROLL=3 ... 2.783 ms / 1574 TFLOPS  (246 regs, 2.8s)
[10/12] -DEPI_SYNC=1 -DGELU_VARIANT=5 -DINTERLEAVE_STRATEGY=1 -DMBAR_EARLY=1 -DN_STAGES=5 -DPHASE1_UNROLL=4 -DPRELOAD_MODE=2 -DSTAGGER_CYCLES=0 -DSUB_MMA_UNROLL=3 ... 2.702 ms / 1621 TFLOPS  (249 regs, 2.7s)
[11/12] -DEPI_SYNC=1 -DGELU_VARIANT=5 -DMBAR_EARLY=1 -DN_STAGES=5 -DPHASE1_UNROLL=4 -DPRELOAD_MODE=2 -DSTAGGER_CYCLES=0 -DSUB_MMA_UNROLL=3 ... 2.577 ms / 1700 TFLOPS  (246 regs, 2.8s)
[12/12] -DEPI_SYNC=1 -DGELU_VARIANT=5 -DINTERLEAVE_STRATEGY=3 -DMBAR_EARLY=1 -DN_STAGES=5 -DPHASE1_UNROLL=4 -DPRELOAD_MODE=2 -DSTAGGER_CYCLES=0 -DSUB_MMA_UNROLL=3 ... 2.590 ms / 1691 TFLOPS  (249 regs, 2.7s)
  η²: GELU_VARIANT=0.000, INTERLEAVE_STRATEGY=0.200
  Best: -DGELU_VARIANT=4 -DINTERLEAVE_STRATEGY=0 -DMBAR_EARLY=1 -DN_STAGES=5 -DPHASE1_UNROLL=4 -DSTAGGER_CYCLES=0 -DSUB_MMA_UNROLL=3 → 2.278 ms / 1923 TFLOPS
  ** New overall best from interaction 'gelu_interleave' **

=== Interaction: gelu_width (GELU_VECTOR_WIDTH, GELU_VARIANT, BATCH_EPILOGUE) ===
  Branch 1/2: -DGELU_VARIANT=4 -DINTERLEAVE_STRATEGY=0 -DMBAR_EARLY=1 -DN_STAGES=5 -DPHASE1_UNROLL=4 -DSTAGGER_CYCLES=0 -DSUB_MMA_UNROLL=3
Sweep: 18 total, 6 valid, 12 pruned
Estimated time: ~0 min (6 configs × ~5s each)

[1/6] -DINTERLEAVE_STRATEGY=0 -DMBAR_EARLY=1 -DN_STAGES=5 -DPHASE1_UNROLL=4 -DSTAGGER_CYCLES=0 -DSUB_MMA_UNROLL=3 ... 2.301 ms / 1903 TFLOPS  (244 regs, 2.8s)
[2/6] -DGELU_VARIANT=4 -DINTERLEAVE_STRATEGY=0 -DMBAR_EARLY=1 -DN_STAGES=5 -DPHASE1_UNROLL=4 -DSTAGGER_CYCLES=0 -DSUB_MMA_UNROLL=3 ... 2.361 ms / 1855 TFLOPS  (244 regs, 2.7s)
[3/6] -DGELU_VARIANT=5 -DINTERLEAVE_STRATEGY=0 -DMBAR_EARLY=1 -DN_STAGES=5 -DPHASE1_UNROLL=4 -DSTAGGER_CYCLES=0 -DSUB_MMA_UNROLL=3 ... 2.312 ms / 1894 TFLOPS  (244 regs, 2.7s)
[4/6] -DBATCH_EPILOGUE=1 -DGELU_VECTOR_WIDTH=8 -DINTERLEAVE_STRATEGY=0 -DMBAR_EARLY=1 -DN_STAGES=5 -DPHASE1_UNROLL=4 -DSTAGGER_CYCLES=0 -DSUB_MMA_UNROLL=3 ... 2.794 ms / 1568 TFLOPS  (247 regs, 2.8s)
[5/6] -DBATCH_EPILOGUE=1 -DGELU_VECTOR_WIDTH=16 -DINTERLEAVE_STRATEGY=0 -DMBAR_EARLY=1 -DN_STAGES=5 -DPHASE1_UNROLL=4 -DSTAGGER_CYCLES=0 -DSUB_MMA_UNROLL=3 ... 2.727 ms / 1606 TFLOPS  (247 regs, 2.8s)
[6/6] -DBATCH_EPILOGUE=1 -DINTERLEAVE_STRATEGY=0 -DMBAR_EARLY=1 -DN_STAGES=5 -DPHASE1_UNROLL=4 -DSTAGGER_CYCLES=0 -DSUB_MMA_UNROLL=3 ... 2.835 ms / 1545 TFLOPS  (247 regs, 2.8s)
  Branch 2/2: -DEPI_SYNC=1 -DINTERLEAVE_STRATEGY=3 -DMBAR_EARLY=1 -DN_STAGES=5 -DPHASE1_UNROLL=4 -DPRELOAD_MODE=2 -DSTAGGER_CYCLES=0 -DSUB_MMA_UNROLL=3
Sweep: 18 total, 6 valid, 12 pruned
Estimated time: ~0 min (6 configs × ~5s each)

[1/6] -DEPI_SYNC=1 -DINTERLEAVE_STRATEGY=3 -DMBAR_EARLY=1 -DN_STAGES=5 -DPHASE1_UNROLL=4 -DPRELOAD_MODE=2 -DSTAGGER_CYCLES=0 -DSUB_MMA_UNROLL=3 ... 2.610 ms / 1678 TFLOPS  (249 regs, 2.8s)
[2/6] -DEPI_SYNC=1 -DGELU_VARIANT=4 -DINTERLEAVE_STRATEGY=3 -DMBAR_EARLY=1 -DN_STAGES=5 -DPHASE1_UNROLL=4 -DPRELOAD_MODE=2 -DSTAGGER_CYCLES=0 -DSUB_MMA_UNROLL=3 ... 2.613 ms / 1677 TFLOPS  (249 regs, 2.8s)
[3/6] -DEPI_SYNC=1 -DGELU_VARIANT=5 -DINTERLEAVE_STRATEGY=3 -DMBAR_EARLY=1 -DN_STAGES=5 -DPHASE1_UNROLL=4 -DPRELOAD_MODE=2 -DSTAGGER_CYCLES=0 -DSUB_MMA_UNROLL=3 ... 2.600 ms / 1685 TFLOPS  (249 regs, 2.8s)
[4/6] -DBATCH_EPILOGUE=1 -DEPI_SYNC=1 -DGELU_VECTOR_WIDTH=8 -DINTERLEAVE_STRATEGY=3 -DMBAR_EARLY=1 -DN_STAGES=5 -DPHASE1_UNROLL=4 -DPRELOAD_MODE=2 -DSTAGGER_CYCLES=0 -DSUB_MMA_UNROLL=3 ... 2.623 ms / 1670 TFLOPS  (248 regs, 2.7s)
[5/6] -DBATCH_EPILOGUE=1 -DEPI_SYNC=1 -DGELU_VECTOR_WIDTH=16 -DINTERLEAVE_STRATEGY=3 -DMBAR_EARLY=1 -DN_STAGES=5 -DPHASE1_UNROLL=4 -DPRELOAD_MODE=2 -DSTAGGER_CYCLES=0 -DSUB_MMA_UNROLL=3 ... 2.646 ms / 1656 TFLOPS  (248 regs, 2.8s)
[6/6] -DBATCH_EPILOGUE=1 -DEPI_SYNC=1 -DINTERLEAVE_STRATEGY=3 -DMBAR_EARLY=1 -DN_STAGES=5 -DPHASE1_UNROLL=4 -DPRELOAD_MODE=2 -DSTAGGER_CYCLES=0 -DSUB_MMA_UNROLL=3 ... 2.651 ms / 1652 TFLOPS  (248 regs, 2.8s)
  η²: GELU_VECTOR_WIDTH=0.206, GELU_VARIANT=0.246, BATCH_EPILOGUE=0.532
  Best: -DINTERLEAVE_STRATEGY=0 -DMBAR_EARLY=1 -DN_STAGES=5 -DPHASE1_UNROLL=4 -DSTAGGER_CYCLES=0 -DSUB_MMA_UNROLL=3 → 2.301 ms / 1903 TFLOPS

=== Interaction: store_batch (STORE_TIMING, BATCH_EPILOGUE) ===
  Branch 1/2: -DGELU_VARIANT=4 -DINTERLEAVE_STRATEGY=0 -DMBAR_EARLY=1 -DN_STAGES=5 -DPHASE1_UNROLL=4 -DSTAGGER_CYCLES=0 -DSUB_MMA_UNROLL=3
Sweep: 4 total, 1 valid, 3 pruned
Estimated time: ~0 min (1 configs × ~5s each)

[1/1] -DGELU_VARIANT=4 -DINTERLEAVE_STRATEGY=0 -DMBAR_EARLY=1 -DN_STAGES=5 -DPHASE1_UNROLL=4 -DSTAGGER_CYCLES=0 -DSUB_MMA_UNROLL=3 ... 2.342 ms / 1871 TFLOPS  (244 regs, 2.8s)
  Branch 2/2: -DEPI_SYNC=1 -DINTERLEAVE_STRATEGY=3 -DMBAR_EARLY=1 -DN_STAGES=5 -DPHASE1_UNROLL=4 -DPRELOAD_MODE=2 -DSTAGGER_CYCLES=0 -DSUB_MMA_UNROLL=3
Sweep: 4 total, 4 valid, 0 pruned
Estimated time: ~0 min (4 configs × ~5s each)

[1/4] -DEPI_SYNC=1 -DINTERLEAVE_STRATEGY=3 -DMBAR_EARLY=1 -DN_STAGES=5 -DPHASE1_UNROLL=4 -DPRELOAD_MODE=2 -DSTAGGER_CYCLES=0 -DSUB_MMA_UNROLL=3 ... 2.595 ms / 1688 TFLOPS  (249 regs, 2.8s)
[2/4] -DEPI_SYNC=1 -DMBAR_EARLY=1 -DN_STAGES=5 -DPHASE1_UNROLL=4 -DPRELOAD_MODE=2 -DSTAGGER_CYCLES=0 -DSTORE_TIMING=1 -DSUB_MMA_UNROLL=3 ... 2.764 ms / 1585 TFLOPS  (246 regs, 2.7s)
[3/4] -DBATCH_EPILOGUE=1 -DEPI_SYNC=1 -DINTERLEAVE_STRATEGY=3 -DMBAR_EARLY=1 -DN_STAGES=5 -DPHASE1_UNROLL=4 -DPRELOAD_MODE=2 -DSTAGGER_CYCLES=0 -DSUB_MMA_UNROLL=3 ... 2.645 ms / 1656 TFLOPS  (248 regs, 2.7s)
[4/4] -DBATCH_EPILOGUE=1 -DEPI_SYNC=1 -DMBAR_EARLY=1 -DN_STAGES=5 -DPHASE1_UNROLL=4 -DPRELOAD_MODE=2 -DSTAGGER_CYCLES=0 -DSTORE_TIMING=1 -DSUB_MMA_UNROLL=3 ... 2.824 ms / 1551 TFLOPS  (247 regs, 2.8s)
  η²: STORE_TIMING=0.610, BATCH_EPILOGUE=0.241
  Best: -DGELU_VARIANT=4 -DINTERLEAVE_STRATEGY=0 -DMBAR_EARLY=1 -DN_STAGES=5 -DPHASE1_UNROLL=4 -DSTAGGER_CYCLES=0 -DSUB_MMA_UNROLL=3 → 2.342 ms / 1871 TFLOPS

=== Interaction: prefetch_store — skipped (noise params: PREFETCH_BEFORE_STORE) ===

=== Interaction: loop_store (EPILOGUE_LOOP, STORE_TIMING) ===
  Branch 1/2: -DGELU_VARIANT=4 -DINTERLEAVE_STRATEGY=0 -DMBAR_EARLY=1 -DN_STAGES=5 -DPHASE1_UNROLL=4 -DSTAGGER_CYCLES=0 -DSUB_MMA_UNROLL=3
Sweep: 4 total, 1 valid, 3 pruned
Estimated time: ~0 min (1 configs × ~5s each)

[1/1] -DGELU_VARIANT=4 -DINTERLEAVE_STRATEGY=0 -DMBAR_EARLY=1 -DN_STAGES=5 -DPHASE1_UNROLL=4 -DSTAGGER_CYCLES=0 -DSUB_MMA_UNROLL=3 ... 2.324 ms / 1884 TFLOPS  (244 regs, 2.8s)
  Branch 2/2: -DEPI_SYNC=1 -DINTERLEAVE_STRATEGY=3 -DMBAR_EARLY=1 -DN_STAGES=5 -DPHASE1_UNROLL=4 -DPRELOAD_MODE=2 -DSTAGGER_CYCLES=0 -DSUB_MMA_UNROLL=3
Sweep: 4 total, 2 valid, 2 pruned
Estimated time: ~0 min (2 configs × ~5s each)

[1/2] -DEPI_SYNC=1 -DINTERLEAVE_STRATEGY=3 -DMBAR_EARLY=1 -DN_STAGES=5 -DPHASE1_UNROLL=4 -DPRELOAD_MODE=2 -DSTAGGER_CYCLES=0 -DSUB_MMA_UNROLL=3 ... 2.592 ms / 1690 TFLOPS  (249 regs, 2.8s)
[2/2] -DEPI_SYNC=1 -DMBAR_EARLY=1 -DN_STAGES=5 -DPHASE1_UNROLL=4 -DPRELOAD_MODE=2 -DSTAGGER_CYCLES=0 -DSTORE_TIMING=1 -DSUB_MMA_UNROLL=3 ... 2.779 ms / 1576 TFLOPS  (246 regs, 2.8s)
  η²: STORE_TIMING=0.657
  Best: -DGELU_VARIANT=4 -DINTERLEAVE_STRATEGY=0 -DMBAR_EARLY=1 -DN_STAGES=5 -DPHASE1_UNROLL=4 -DSTAGGER_CYCLES=0 -DSUB_MMA_UNROLL=3 → 2.324 ms / 1884 TFLOPS

=== Interaction: sts_batch (STS_WIDTH, BATCH_EPILOGUE) ===
  Branch 1/2: -DGELU_VARIANT=4 -DINTERLEAVE_STRATEGY=0 -DMBAR_EARLY=1 -DN_STAGES=5 -DPHASE1_UNROLL=4 -DSTAGGER_CYCLES=0 -DSUB_MMA_UNROLL=3
Sweep: 4 total, 1 valid, 3 pruned
Estimated time: ~0 min (1 configs × ~5s each)

[1/1] -DGELU_VARIANT=4 -DINTERLEAVE_STRATEGY=0 -DMBAR_EARLY=1 -DN_STAGES=5 -DPHASE1_UNROLL=4 -DSTAGGER_CYCLES=0 -DSUB_MMA_UNROLL=3 ... 2.281 ms / 1920 TFLOPS  (244 regs, 2.8s)
  Branch 2/2: -DEPI_SYNC=1 -DINTERLEAVE_STRATEGY=3 -DMBAR_EARLY=1 -DN_STAGES=5 -DPHASE1_UNROLL=4 -DPRELOAD_MODE=2 -DSTAGGER_CYCLES=0 -DSUB_MMA_UNROLL=3
Sweep: 4 total, 3 valid, 1 pruned
Estimated time: ~0 min (3 configs × ~5s each)

[1/3] -DEPI_SYNC=1 -DINTERLEAVE_STRATEGY=3 -DMBAR_EARLY=1 -DN_STAGES=5 -DPHASE1_UNROLL=4 -DPRELOAD_MODE=2 -DSTAGGER_CYCLES=0 -DSUB_MMA_UNROLL=3 ... 2.598 ms / 1686 TFLOPS  (249 regs, 2.8s)
[2/3] -DBATCH_EPILOGUE=1 -DEPI_SYNC=1 -DINTERLEAVE_STRATEGY=3 -DMBAR_EARLY=1 -DN_STAGES=5 -DPHASE1_UNROLL=4 -DPRELOAD_MODE=2 -DSTAGGER_CYCLES=0 -DSUB_MMA_UNROLL=3 ... 2.640 ms / 1659 TFLOPS  (248 regs, 2.8s)
[3/3] -DBATCH_EPILOGUE=1 -DEPI_SYNC=1 -DINTERLEAVE_STRATEGY=3 -DMBAR_EARLY=1 -DN_STAGES=5 -DPHASE1_UNROLL=4 -DPRELOAD_MODE=2 -DSTAGGER_CYCLES=0 -DSTS_WIDTH=32 -DSUB_MMA_UNROLL=3 ... 2.660 ms / 1647 TFLOPS  (248 regs, 2.8s)
  η²: STS_WIDTH=0.187, BATCH_EPILOGUE=0.468
  Best: -DGELU_VARIANT=4 -DINTERLEAVE_STRATEGY=0 -DMBAR_EARLY=1 -DN_STAGES=5 -DPHASE1_UNROLL=4 -DSTAGGER_CYCLES=0 -DSUB_MMA_UNROLL=3 → 2.281 ms / 1920 TFLOPS

=== Interaction: sync_stagger — skipped (noise params: STAGGER_CYCLES) ===

Top-locked params: PRELOAD_MODE=2

@@GRID_WINNER -DGELU_VARIANT=4 -DINTERLEAVE_STRATEGY=0 -DMBAR_EARLY=1 -DN_STAGES=5 -DPHASE1_UNROLL=4 -DSTAGGER_CYCLES=0 -DSUB_MMA_UNROLL=3

================================================================================
RESULTS (sorted by ms)
================================================================================
  #  STG  EPI  INTER  MBAR  TMEM  STAG  PH1U  SNAKE  FUSE  KLU  W0U  SMU  PRLD  PFBS  GELU  TMAR  BTCH  GVW  STIM  ELOP  STSW  ESYN  NPP  REGS     SMEM       MS   TFLOPS  STATUS
---------------------------------------------------------------------------------------------------------------------------------------------------------------------------------
  1    5    4      0     1    32     0     4      1     1    5    0    3     1     0     4     0     0   32     0     0    16     0    0   244   225.0K    2.278     1923  BEST
  2    5    4      0     1    32     0     4      1     1    5    0    3     1     0     4     0     0   32     0     0    16     0    0   244   225.0K    2.281     1920  OK
  3    5    4      0     1    32     0     4      1     1    5    0    3     1     0     4     0     0   32     0     0    16     0    0   244   225.0K    2.283     1918  OK
  4    5    4      0     1    32     0     4      1     1    5    0    3     1     0     0     0     0   32     0     0    16     0    0   244   225.0K    2.291     1912  OK
  5    5    4      0     1    32     0     4      1     1    5    0    3     1     0     0     0     0   32     0     0    16     0    0   244   225.0K    2.301     1903  OK
  6    5    4      0     1    32     0     4      1     1    5    0    3     1     0     5     0     0   32     0     0    16     0    0   244   225.0K    2.312     1894  OK
  7    5    4      0     1    32     0     4      1     1    5    0    3     1     0     5     0     0   32     0     0    16     0    0   244   225.0K    2.320     1888  OK
  8    5    4      0     1    32     0     4      1     1    5    0    3     1     0     4     0     0   32     0     0    16     0    0   244   225.0K    2.324     1884  OK
  9    5    4      0     1    32     0     4      1     1    5    0    3     1     0     4     0     0   32     0     0    16     0    0   244   225.0K    2.325     1884  OK
 10    5    4      0     1    32     0     4      1     1    5    0    3     1     0     5     0     0   32     0     0    16     0    0   244   225.0K    2.325     1884  OK
 11    5    4      0     1    32     0     4      1     1    5    0    3     1     0     4     0     0   32     0     0    16     0    0   244   225.0K    2.342     1871  OK
 12    5    4      0     1    32     0     4      1     1    5    0    3     1     0     4     0     0   32     0     0    16     0    0   244   225.0K    2.361     1855  OK
 13    5    4      0     1    32     0     4      1     1    5    0    3     1     0     0     0     0   32     0     0    16     0    0   244   225.0K    2.380     1840  OK
 14    5    4      0     1    32     0     4      1     1    5    0    3     1     0     0     0     0   32     0     0    16     0    0   244   225.0K    2.416     1813  OK
 15    5    4      2     1    32     0     4      1     1    5    0    3     1     0     0     0     0   32     0     0    16     0    0   244   225.0K    2.524     1735  OK
 16    5    4      2     1    32     0     4      1     1    5    0    3     1     0     0     0     0   32     0     0    16     1    0   244   225.0K    2.524     1736  OK
 17    5    4      2     1    32     0     4      1     1    5    0    3     1     0     5     0     0   32     0     0    16     0    0   244   225.0K    2.525     1734  OK
 18    5    4      2     1    32     0     4      1     1    5    0    3     2     0     0     0     0   32     0     0    16     1    0   246   225.0K    2.529     1732  OK
 19    5    4      2     1    32     0     4      1     1    5    0    3     1     0     4     0     0   32     0     0    16     0    0   244   225.0K    2.542     1723  OK
 20    5    4      2     1    32     0     4      1     1    5    0    3     2     0     0     0     0   32     0     0    16     1    0   246   225.0K    2.548     1719  OK
 21    5    4      2     1    32     0     4      1     1    5    0    3     2     0     0     0     0   32     0     0    16     0    0   246   225.0K    2.553     1716  OK
 22    5    4      0     1    32     0     4      1     1    5    0    3     2     0     0     0     0   32     0     0    16     0    0   246   225.0K    2.560     1711  OK
 23    5    4      2     1    32     0     4      1     1    5    0    3     1     0     0     0     0   32     0     0    16     0    0   244   225.0K    2.566     1707  OK
 24    5    4      2     1    32     0     4      1     1    5    0    3     2     0     4     0     0   32     0     0    16     1    0   246   225.0K    2.566     1707  OK
 25    5    4      2     1    32     0     4      1     1    5    0    3     2     0     5     0     0   32     0     0    16     1    0   246   225.0K    2.577     1700  OK
 26    5    4      3     1    32     0     4      1     1    5    0    3     2     0     0     0     0   32     0     0    16     1    0   249   225.0K    2.584     1695  OK
 27    5    4      3     1    32     0     4      1     1    5    0    3     2     0     0     0     0   32     0     0    16     0    0   249   225.0K    2.585     1694  OK
 28    5    4      3     1    32     0     4      1     1    5    0    3     2     0     0     0     0   32     0     0    16     1    0   249   225.0K    2.586     1694  OK
 29    5    4      3     1    32     0     4      1     1    5    0    3     2     0     0     0     0   32     0     0    16     1    0   249   225.0K    2.590     1691  OK
 30    5    4      3     1    32     0     4      1     1    5    0    3     2     0     5     0     0   32     0     0    16     1    0   249   225.0K    2.590     1691  OK
 31    5    4      3     1    32     0     4      1     1    5    0    3     2     0     0     0     0   32     0     0    16     0    0   249   225.0K    2.592     1690  OK
 32    5    4      3     1    32     0     4      1     1    5    0    3     2     0     0     0     0   32     0     0    16     1    0   249   225.0K    2.592     1690  OK
 33    5    4      3     1    32     0     4      1     1    5    0    3     2     0     0     0     0   32     0     0    16     0    0   249   225.0K    2.595     1688  OK
 34    5    4      3     1    32     0     4      1     1    5    0    3     2     0     0     0     0   32     0     0    16     1    0   249   225.0K    2.595     1688  OK
 35    5    4      3     1    32     0     4      1     1    5    0    3     2     0     0     0     0   32     0     0    16     1    0   249   225.0K    2.598     1686  OK
 36    5    4      3     1    32     0     4      1     1    5    0    3     2     0     5     0     0   32     0     0    16     0    0   249   225.0K    2.599     1686  OK
 37    5    4      3     1    32     0     4      1     1    5    0    3     2     0     5     0     0   32     0     0    16     1    0   249   225.0K    2.600     1685  OK
 38    5    4      3     1    32     0     4      1     1    5    0    3     2     0     0     0     0   32     0     0    16     1    0   249   225.0K    2.603     1683  OK
 39    5    4      3     1    32     0     4      1     1    5    0    3     2     0     0     0     0   32     0     0    16     1    0   249   225.0K    2.604     1682  OK
 40    5    4      3     1    32     0     4      1     1    5    0    3     2     0     5     0     0   32     0     0    16     1    0   249   225.0K    2.604     1682  OK
 41    5    4      3     1    32     0     4      1     1    5    0    3     2     0     0     0     1   32     0     0    16     0    0   248   225.0K    2.606     1681  OK
 42    5    4      2     1    32     0     4      1     1    5    0    3     2     0     0     0     1   32     0     0    16     1    0   247   225.0K    2.610     1678  OK
 43    5    4      3     1    32     0     4      1     1    5    0    3     2     0     0     0     0   32     0     0    16     1    0   249   225.0K    2.610     1678  OK
 44    5    4      3     1    32     0     4      1     1    5    0    3     2     0     4     0     0   32     0     0    16     1    0   249   225.0K    2.613     1677  OK
 45    5    4      3     1    32     0     4      1     1    5    0    3     2     0     4     0     0   32     0     0    16     0    0   249   225.0K    2.615     1675  OK
 46    5    4      3     1    32     0     4      1     1    5    0    3     2     0     4     0     0   32     0     0    16     1    0   249   225.0K    2.615     1675  OK
 47    5    4      3     1    32     0     4      1     1    5    0    3     2     0     4     0     0   32     0     0    16     1    0   249   225.0K    2.619     1673  OK
 48    5    4      3     1    32     0     4      1     1    5    0    3     2     0     0     0     1   32     0     0    16     0    0   248   225.0K    2.620     1672  OK
 49    5    4      3     1    32     0     4      1     1    5    0    3     2     0     0     0     1   16     0     0    16     0    0   248   225.0K    2.623     1670  OK
 50    5    4      3     1    32     0     4      1     1    5    0    3     2     0     0     0     1   16     0     0    32     0    0   248   225.0K    2.623     1670  OK
 51    5    4      3     1    32     0     4      1     1    5    0    3     2     0     0     0     1   32     0     0    32     0    0   248   225.0K    2.623     1670  OK
 52    5    4      3     1    32     0     4      1     1    5    0    3     2     0     0     0     1    8     0     0    16     1    0   248   225.0K    2.623     1670  OK
 53    5    4      3     1    32     0     4      1     1    5    0    3     2     0     0     0     1   32     0     0    16     0    0   248   225.0K    2.624     1669  OK
 54    5    4      3     1    32     0     4      1     1    5    0    3     2     0     0     0     1    8     0     0    16     1    0   248   225.0K    2.625     1669  OK
 55    5    4      2     1    32     0     4      1     1    5    0    3     2     0     0     0     1   32     0     0    16     0    0   247   225.0K    2.626     1668  OK
 56    5    4      1     1    32     0     4      1     1    5    0    3     2     0     0     0     1   32     0     0    16     0    0   247   225.0K    2.632     1664  OK
 57    5    4      3     1    32     0     2      1     1    5    0    3     2     0     0     0     1   32     0     0    16     1    0   247   225.0K    2.635     1662  OK
 58    5    4      3     1    32     0     4      1     1    5    0    3     2     0     0     0     1   32     0     0    16     1    0   248   225.0K    2.636     1662  OK
 59    5    4      3     1    32     0     4      1     1    5    0    3     2     0     0     0     1   16     0     0    32     1    0   248   225.0K    2.637     1661  OK
 60    5    4      3     1    32     0     4      1     1    5    0    3     1     0     0     0     0   32     0     0    16     0    0   244   225.0K    2.637     1661  OK
 61    5    4      3     1    32     0     4      1     1    5    0    3     2     0     0     0     1   32     0     0    16     1    0   248   225.0K    2.637     1661  OK
 62    5    4      3     1    32     0     4      1     1    5    0    3     2     0     0     0     1    8     0     0    16     0    0   248   225.0K    2.638     1660  OK
 63    5    4      3     1    32     0     4      1     1    5    0    3     1     0     5     0     0   32     0     0    16     0    0   244   225.0K    2.638     1660  OK
 64    5    4      3     1    32     0     4      1     1    5    0    3     2     0     0     0     1   32     0     0    16     1    0   248   225.0K    2.639     1660  OK
 65    5    4      3     1    32     0     2      1     1    5    0    3     2     0     0     0     1   32     0     0    16     0    0   247   225.0K    2.640     1659  OK
 66    5    4      3     1    32     0     4      1     1    5    0    3     2     0     0     0     1   32     0     0    16     1    0   248   225.0K    2.640     1659  OK
 67    5    4      3     1    32     0     4      1     1    5    0    3     1     0     5     0     0   32     0     0    16     0    0   244   225.0K    2.644     1657  OK
 68    5    4      0     1    32     0     4      1     1    5    0    3     2     0     0     0     1   32     0     0    16     0    0   247   225.0K    2.644     1657  OK
 69    5    4      3     1    32     0     4      1     1    5    0    3     2     0     0     0     1   32     0     0    16     1    0   248   225.0K    2.645     1656  OK
 70    5    4      3     1    32     0     4      1     1    5    0    3     2     0     0     0     1   16     0     0    16     1    0   248   225.0K    2.646     1656  OK
 71    5    4      3     1    32     0     4      1     1    5    0    3     2     0     0     0     1   16     0     0    16     1    0   248   225.0K    2.647     1655  OK
 72    5    4      3     1    32     0     4      1     1    5    0    3     2     0     0     0     1   32     0     0    16     1    0   248   225.0K    2.650     1653  OK
 73    5    4      3     1    32     0     4      1     1    5    0    3     1     0     0     0     0   32     0     0    16     0    0   244   225.0K    2.651     1652  OK
 74    5    4      3     1    32     0     4      1     1    5    0    3     2     0     0     0     1   32     0     0    16     1    0   248   225.0K    2.651     1652  OK
 75    5    4      3     1    32     0     2      1     1    5    0    3     2     0     5     0     0   32     0     0    16     0    0   247   225.0K    2.655     1650  OK
 76    5    4      3     1    32     0     2      1     1    5    0    3     2     0     4     0     0   32     0     0    16     0    0   247   225.0K    2.655     1650  OK
 77    5    4      3     1    32     0     4      1     1    5    0    3     0     0     0     0     0   32     0     0    16     0    0   244   225.0K    2.656     1649  OK
 78    5    4      1     1    32     0     4      1     1    5    0    3     1     0     0     0     0   32     0     0    16     0    0   244   225.0K    2.657     1648  OK
 79    5    4      3     1    32     0     4      1     1    5    0    3     1     0     4     0     0   32     0     0    16     0    0   244   225.0K    2.658     1648  OK
 80    5    4      3     1    32     0     4      1     1    5    0    3     1     0     4     0     0   32     0     0    16     0    0   244   225.0K    2.658     1648  OK
 81    5    4      3     1    32     0     4      1     1    5    0    3     2     0     0     0     1   32     0     0    32     1    0   248   225.0K    2.660     1647  OK
 82    5    4      3     1    32     0     2      1     1    5    0    3     2     0     0     0     0   32     0     0    16     0    0   247   225.0K    2.662     1645  OK
 83    5    4      3     1    32     0     4      1     1    5    0    3     2     0     0     0     1   32     0     0    32     1    0   248   225.0K    2.662     1646  OK
 84    5    4      1     1    32     0     4      1     1    5    0    3     1     0     4     0     0   32     0     0    16     0    0   244   225.0K    2.662     1646  OK
 85    5    4      1     1    32     0     4      1     1    5    0    3     1     0     0     0     0   32     0     0    16     0    0   244   225.0K    2.664     1644  OK
 86    5    4      1     1    32     0     4      1     1    5    0    3     2     0     0     0     0   32     0     0    16     0    0   249   225.0K    2.665     1643  OK
 87    5    4      3     1    32     0     4      1     1    5    0    3     0     0     5     0     0   32     0     0    16     0    0   244   225.0K    2.672     1640  OK
 88    5    4      2     1    32     0     4      1     1    5    0    3     0     0     0     0     0   32     0     0    16     0    0   244   225.0K    2.679     1635  OK
 89    5    4      1     1    32     0     4      1     1    5    0    3     1     0     5     0     0   32     0     0    16     0    0   244   225.0K    2.679     1635  OK
 90    5    4      3     1    32     0     4      1     1    5    0    3     0     0     0     0     0   32     0     0    16     0    0   244   225.0K    2.681     1634  OK
 91    5    4      1     1    32     0     4      1     1    5    0    3     2     0     0     0     1   32     0     0    16     1    0   247   225.0K    2.684     1632  OK
 92    5    4      1     1    32     0     4      1     1    5    0    3     0     0     0     0     0   32     0     0    16     0    0   244   225.0K    2.691     1628  OK
 93    5    4      3     1    32     0     2      1     1    5    0    3     2     0     0     0     0   32     0     0    16     1    0   247   225.0K    2.695     1625  OK
 94    5    4      3     1    32     0     4      1     1    5    0    3     0     0     4     0     0   32     0     0    16     0    0   244   225.0K    2.696     1625  OK
 95    5    4      2     1    32     0     4      1     1    5    0    3     0     0     0     0     0   32     0     0    16     1    0   244   225.0K    2.697     1624  OK
 96    5    4      0     1    32     0     4      1     1    5    0    3     1     0     0     0     0   32     0     0    16     1    0   244   225.0K    2.702     1621  OK
 97    5    4      1     1    32     0     4      1     1    5    0    3     2     0     5     0     0   32     0     0    16     1    0   249   225.0K    2.702     1621  OK
 98    5    4      1     1    32     0     4      1     1    5    0    3     0     0     0     0     1   32     0     0    16     0    0   247   225.0K    2.705     1619  OK
 99    5    4      3     1    32     0     2      1     1    5    0    3     0     0     5     0     0   32     0     0    16     0    0   240   225.0K    2.709     1617  OK
100    5    4      3     1    32     0     4      1     1    5    0    3     1     0     0     0     1   32     0     0    16     0    0   244   225.0K    2.710     1616  OK
101    5    4      1     1    32     0     4      1     1    5    0    3     1     0     0     0     0   32     0     0    16     1    0   244   225.0K    2.710     1616  OK
102    5    4      3     1    32     0     4      1     1    5    0    3     1     0     0     0     1   32     0     0    16     1    0   244   225.0K    2.712     1615  OK
103    5    4      1     1    32     0     4      1     1    5    0    3     2     0     4     0     0   32     0     0    16     1    0   249   225.0K    2.719     1611  OK
104    5    4      1     1    32     0     4      1     1    5    0    3     1     0     0     0     1   32     0     0    16     0    0   247   225.0K    2.720     1610  OK
105    5    4      3     1    32     0     4      1     1    5    0    3     1     0     0     0     0   32     0     0    16     0    0   244   225.0K    2.724     1608  OK
106    5    4      3     1    32     0     4      1     1    5    0    3     0     0     0     0     1   32     0     0    16     0    0   244   225.0K    2.725     1607  OK
107    5    4      1     1    32     0     4      1     1    5    0    3     2     0     0     0     0   32     0     0    16     1    0   249   225.0K    2.725     1607  OK
108    5    4      1     1    32     0     4      1     1    5    0    3     2     0     0     0     0   32     0     0    16     1    0   249   225.0K    2.727     1606  OK
109    5    4      0     1    32     0     4      1     1    5    0    3     1     0     0     0     1   16     0     0    16     0    0   247   225.0K    2.727     1606  OK
110    5    4      3     1    32     0     4      1     1    5    0    3     0     0     0     0     1   32     0     0    16     0    0   244   225.0K    2.730     1604  OK
111    5    4      3     1    32     0     2      1     1    5    0    3     1     0     0     0     0   32     0     0    16     0    0   242   225.0K    2.733     1603  OK
112    5    4      3     1    32     0     4      1     1    5    0    3     0     0     0     0     1   32     0     0    16     1    0   244   225.0K    2.733     1602  OK
113    5    4      1     1    32     0     4      1     1    5    0    3     0     0     0     0     0   32     0     0    16     1    0   244   225.0K    2.734     1602  OK
114    5    4      3     1    32     0     4      1     1    5    0    3     0     0     0     0     0   32     0     0    16     1    0   244   225.0K    2.734     1602  OK
115    5    4      3     1    32     0     4      1     1    5    0    3     1     0     0     0     1   32     0     0    16     0    0   244   225.0K    2.736     1601  OK
116    5    4      1     1    32     0     4      1     1    5    0    3     1     0     0     0     1   32     0     0    16     1    0   247   225.0K    2.747     1594  OK
117    5    4      3     1    32     0     4      1     1    5    0    3     1     0     0     0     0   32     0     0    16     1    0   244   225.0K    2.748     1594  OK
118    5    4      3     1    32     0     2      1     1    5    0    3     1     0     5     0     0   32     0     0    16     0    0   242   225.0K    2.749     1594  OK
119    5    4      3     1    32     0     2      1     1    5    0    3     1     0     4     0     0   32     0     0    16     0    0   242   225.0K    2.749     1593  OK
120    5    4      1     1    32     0     4      1     1    5    0    3     0     0     0     0     1   32     0     0    16     1    0   247   225.0K    2.752     1592  OK
121    5    4      3     1    32     0     2      1     1    5    0    3     1     0     4     0     0   32     0     0    16     0    0   242   225.0K    2.753     1591  OK
122    5    4      3     1    32     0     2      1     1    5    0    3     0     0     0     0     0   32     0     0    16     0    0   240   225.0K    2.759     1587  OK
123    5    4      2     1    32     0     4      1     1    5    0    3     0     0     0     0     1   32     0     0    16     1    0   247   225.0K    2.760     1587  OK
124    5    4      3     1    32     0     4      1     1    5    0    3     2     0     0     0     0   32     1     0    16     1    0   246   225.0K    2.764     1585  OK
125    5    4      0     1    32     0     4      1     1    5    0    3     2     0     0     0     0   32     0     0    16     1    0   246   225.0K    2.772     1580  OK
126    5    4      0     1    32     0     4      1     1    5    0    3     2     0     0     0     0   32     0     0    16     1    0   246   225.0K    2.775     1578  OK
127    5    4      3     1    32     0     2      1     1    5    0    3     1     0     0     0     0   32     0     0    16     0    0   242   225.0K    2.778     1577  OK
128    5    4      0     1    32     0     4      1     1    5    0    3     2     0     4     0     0   32     0     0    16     1    0   246   225.0K    2.779     1576  OK
129    5    4      3     1    32     0     4      1     1    5    0    3     2     0     0     0     0   32     1     0    16     1    0   246   225.0K    2.779     1576  OK
130    5    4      0     1    32     0     4      1     1    5    0    3     2     0     5     0     0   32     0     0    16     1    0   246   225.0K    2.783     1574  OK
131    5    4      1     1    32     0     2      1     1    5    0    3     1     0     0     0     0   32     0     0    16     0    0   240   225.0K    2.784     1573  OK
132    5    4      1     1    32     0     2      1     1    5    0    3     1     0     5     0     0   32     0     0    16     0    0   240   225.0K    2.789     1570  OK
133    5    4      0     1    32     0     4      1     1    5    0    3     1     0     0     0     1    8     0     0    16     0    0   247   225.0K    2.794     1568  OK
134    5    4      0     1    32     0     4      1     1    5    0    3     2     0     0     0     1   32     0     0    16     1    0   247   225.0K    2.819     1554  OK
135    5    4      3     1    32     0     2      1     1    5    0    3     1     0     5     0     0   32     0     0    16     0    0   242   225.0K    2.821     1553  OK
136    5    4      3     1    32     0     4      1     1    5    0    3     2     0     0     0     1   32     1     0    16     1    0   247   225.0K    2.824     1551  OK
137    5    4      2     1    32     0     4      1     1    5    0    3     0     0     0     0     1   32     0     0    16     0    0   247   225.0K    2.830     1548  OK
138    5    4      0     1    32     0     4      1     1    5    0    3     1     0     0     0     1   32     0     0    16     0    0   247   225.0K    2.835     1545  OK
139    5    4      0     1    32     0     4      1     1    5    0    3     1     0     0     0     1   32     0     0    16     0    0   247   225.0K    2.838     1544  OK
140    5    4      2     1    32     0     4      1     1    5    0    3     1     0     0     0     1   32     0     0    16     0    0   247   225.0K    2.841     1542  OK
141    5    4      3     1    32     0     2      1     1    5    0    3     0     0     4     0     0   32     0     0    16     0    0   240   225.0K    2.849     1537  OK
142    5    4      3     1    32     0     2      1     1    5    0    3     0     0     0     0     1   32     0     0    16     0    0   248   225.0K    2.855     1534  OK
143    5    4      0     1    32     0     4      1     1    5    0    3     1     0     0     0     1   32     0     0    16     0    0   247   225.0K    2.863     1530  OK
144    5    4      1     1    32     0     2      1     1    5    0    3     1     0     4     0     0   32     0     0    16     0    0   240   225.0K    2.871     1526  OK
145    5    4      0     1    32     0     4      1     1    5    0    3     0     0     0     0     0   32     0     0    16     0    0   244   225.0K    2.885     1518  OK
146    5    4      0     1    32     0     4      1     1    5    0    3     0     0     0     0     0   32     0     0    16     1    0   244   225.0K    2.885     1518  OK
147    5    4      0     1    32     0     4      1     1    5    0    3     1     0     0     0     1   32     0     0    16     1    0   247   225.0K    2.898     1511  OK
148    5    4      0     1    32     0     4      1     1    5    0    3     0     0     0     0     1   32     0     0    16     0    0   247   225.0K    2.908     1506  OK
149    5    4      2     1    32     0     4      1     1    5    0    3     1     0     0     0     1   32     0     0    16     1    0   247   225.0K    2.919     1500  OK
150    5    4      0     1    32     0     4      1     1    5    0    3     0     0     0     0     1   32     0     0    16     1    0   247   225.0K    2.927     1496  OK
151    5    4      3     1    32     0     2      1     1    5    0    3     1     0     0     0     1   32     0     0    16     0    0   248   225.0K    2.939     1490  OK
152    5    4      2     1    32     0     2      1     1    5    0    3     1     0     0     0     0   32     0     0    16     0    0   240   225.0K    2.985     1467  OK
153    5    4      2     1    32     0     2      1     1    5    0    3     1     0     4     0     0   32     0     0    16     0    0   240   225.0K    2.991     1464  OK
154    5    4      2     1    32     0     2      1     1    5    0    3     1     0     5     0     0   32     0     0    16     0    0   240   225.0K    3.088     1419  OK
155    5    4      0     1    32     0     2      1     1    5    0    3     1     0     4     0     0   32     0     0    16     0    0   240   225.0K    3.144     1393  OK
156    5    4      1     1    32     0     2      1     1    5    0    3     1     0     5     0     0   32     1     0    16     0    0   240   225.0K    3.147     1392  OK
157    5    4      1     1    32     0     2      1     1    5    0    3     1     0     0     0     0   32     1     0    16     0    0   240   225.0K    3.169     1382  OK
158    5    4      0     1    32     0     2      1     1    5    0    3     1     0     5     0     0   32     0     0    16     0    0   240   225.0K    3.172     1381  OK
159    5    4      0     1    32     0     2      1     1    5    0    3     1     0     0     0     0   32     0     0    16     0    0   240   225.0K    3.174     1380  OK
160    5    4      1     1    32     0     2      1     1    5    0    3     1     0     4     0     0   32     1     0    16     0    0   240   225.0K    3.176     1379  OK
161    5    4      0     1    32     0     2      1     1    5    0    3     1     0     4     0     0   32     0     0    16     0    0   240   225.0K    3.212     1364  OK
162    5    4      3     1    32     0     1      1     1    5    0    3     1     0     5     0     0   32     0     0    16     0    0   238   225.0K    3.220     1360  OK
163    5    4      3     1    32     0     1      1     1    5    0    3     1     0     0     0     0   32     0     0    16     0    0   238   225.0K    3.230     1356  OK
164    5    4      3     1    32     0     1      1     1    5    0    3     1     0     4     0     0   32     0     0    16     0    0   238   225.0K    3.247     1349  OK
165    5    4      3     1    32     0     1      1     1    5    0    3     0     0     4     0     0   32     0     0    16     0    0   238   225.0K    3.257     1345  OK
166    5    4      3     1    32     0     1      1     1    5    0    3     0     0     0     0     0   32     0     0    16     0    0   238   225.0K    3.288     1332  OK
167    5    4      3     1    32     0     1      1     1    5    0    3     0     0     5     0     0   32     0     0    16     0    0   238   225.0K    3.295     1329  OK
168    5    4      3     1    32     0     1      1     1    5    0    3     1     0     0     0     1   32     0     0    16     0    0   211   225.0K    3.299     1328  OK
169    5    4      3     1    32     0     1      1     1    5    0    3     0     0     0     0     1   32     0     0    16     0    0   211   225.0K    3.306     1325  OK
170    5    4      3     1    32     0     1      1     1    5    0    3     2     0     4     0     0   32     0     0    16     0    0   238   225.0K    3.454     1268  OK
171    5    4      0     1    32     0     1      1     1    5    0    3     1     0     4     0     0   32     0     0    16     0    0   236   225.0K    3.467     1263  OK
172    5    4      3     1    32     0     1      1     1    5    0    3     2     0     5     0     0   32     0     0    16     0    0   238   225.0K    3.476     1260  OK
173    5    4      3     1    32     0     1      1     1    5    0    3     2     0     0     0     1   32     0     0    16     1    0   211   225.0K    3.487     1256  OK
174    5    4      3     1    32     0     1      1     1    5    0    3     2     0     0     0     0   32     0     0    16     1    0   238   225.0K    3.490     1255  OK
175    5    4      3     1    32     0     1      1     1    5    0    3     2     0     0     0     0   32     0     0    16     0    0   238   225.0K    3.512     1247  OK
176    5    4      3     1    32     0     1      1     1    5    0    3     2     0     0     0     1   32     0     0    16     0    0   211   225.0K    3.531     1241  OK

CSV written to /root/siglip/data/session_20260316_215523/sweep_fc1_gelu.csv

Best: -DGELU_VARIANT=4 -DINTERLEAVE_STRATEGY=0 -DMBAR_EARLY=1 -DN_STAGES=5 -DPHASE1_UNROLL=4 -DSTAGGER_CYCLES=0 -DSUB_MMA_UNROLL=3 → 2.278 ms / 1923 TFLOPS (244 regs)
