Kernel: fc2 (fc2.cu)
Per-kernel tiers for fc2: skipping SNAKE_ORDER, GELU_VARIANT, GELU_VECTOR_WIDTH
Pinned at winner values: STAGGER_CYCLES=100

=== Tier 1: N_STAGES, K_LOOP_UNROLL, TMA_RESIDUAL ===
Sweep: 45 total, 45 valid, 0 pruned
Estimated time: ~4 min (45 configs × ~5s each)

[1/45] -DK_LOOP_UNROLL=1 -DN_STAGES=3 -DSTAGGER_CYCLES=100 ... 2.051 ms / 2136 TFLOPS  (206 regs, 1.6s)
[2/45] -DK_LOOP_UNROLL=1 -DN_STAGES=3 -DSTAGGER_CYCLES=100 -DTMA_RESIDUAL=1 ... 1.989 ms / 2202 TFLOPS  (202 regs, 1.7s)
[3/45] -DK_LOOP_UNROLL=1 -DN_STAGES=3 -DSTAGGER_CYCLES=100 -DTMA_RESIDUAL=2 ... 2.001 ms / 2189 TFLOPS  (201 regs, 1.7s)
[4/45] -DK_LOOP_UNROLL=1 -DSTAGGER_CYCLES=100 ... 2.074 ms / 2111 TFLOPS  (212 regs, 1.6s)
[5/45] -DK_LOOP_UNROLL=1 -DSTAGGER_CYCLES=100 -DTMA_RESIDUAL=1 ... 1.656 ms / 2645 TFLOPS  (207 regs, 1.7s)
[6/45] -DK_LOOP_UNROLL=1 -DSTAGGER_CYCLES=100 -DTMA_RESIDUAL=2 ... 1.664 ms / 2632 TFLOPS  (208 regs, 1.7s)
[7/45] -DK_LOOP_UNROLL=1 -DN_STAGES=5 -DSTAGGER_CYCLES=100 ... 2.431 ms / 1802 TFLOPS  (216 regs, 1.7s)
[8/45] -DK_LOOP_UNROLL=1 -DN_STAGES=5 -DSTAGGER_CYCLES=100 -DTMA_RESIDUAL=1 ... 1.527 ms / 2868 TFLOPS  (212 regs, 1.7s)
[9/45] -DK_LOOP_UNROLL=1 -DN_STAGES=5 -DSTAGGER_CYCLES=100 -DTMA_RESIDUAL=2 ... 1.545 ms / 2835 TFLOPS  (213 regs, 1.7s)
[10/45] -DK_LOOP_UNROLL=2 -DN_STAGES=3 -DSTAGGER_CYCLES=100 ... 2.042 ms / 2145 TFLOPS  (206 regs, 1.6s)
[11/45] -DK_LOOP_UNROLL=2 -DN_STAGES=3 -DSTAGGER_CYCLES=100 -DTMA_RESIDUAL=1 ... 1.987 ms / 2204 TFLOPS  (202 regs, 1.7s)
[12/45] -DK_LOOP_UNROLL=2 -DN_STAGES=3 -DSTAGGER_CYCLES=100 -DTMA_RESIDUAL=2 ... 2.001 ms / 2189 TFLOPS  (201 regs, 1.7s)
[13/45] -DK_LOOP_UNROLL=2 -DSTAGGER_CYCLES=100 ... 2.073 ms / 2113 TFLOPS  (212 regs, 1.6s)
[14/45] -DK_LOOP_UNROLL=2 -DSTAGGER_CYCLES=100 -DTMA_RESIDUAL=1 ... 1.657 ms / 2643 TFLOPS  (207 regs, 1.7s)
[15/45] -DK_LOOP_UNROLL=2 -DSTAGGER_CYCLES=100 -DTMA_RESIDUAL=2 ... 1.661 ms / 2636 TFLOPS  (208 regs, 1.7s)
[16/45] -DK_LOOP_UNROLL=2 -DN_STAGES=5 -DSTAGGER_CYCLES=100 ... 2.408 ms / 1819 TFLOPS  (216 regs, 1.7s)
[17/45] -DK_LOOP_UNROLL=2 -DN_STAGES=5 -DSTAGGER_CYCLES=100 -DTMA_RESIDUAL=1 ... 1.526 ms / 2870 TFLOPS  (212 regs, 1.7s)
[18/45] -DK_LOOP_UNROLL=2 -DN_STAGES=5 -DSTAGGER_CYCLES=100 -DTMA_RESIDUAL=2 ... 1.536 ms / 2851 TFLOPS  (213 regs, 1.7s)
[19/45] -DN_STAGES=3 -DSTAGGER_CYCLES=100 ... 1.977 ms / 2216 TFLOPS  (238 regs, 1.6s)
[20/45] -DN_STAGES=3 -DSTAGGER_CYCLES=100 -DTMA_RESIDUAL=1 ... 1.969 ms / 2225 TFLOPS  (232 regs, 1.7s)
[21/45] -DN_STAGES=3 -DSTAGGER_CYCLES=100 -DTMA_RESIDUAL=2 ... 1.980 ms / 2212 TFLOPS  (232 regs, 1.7s)
[22/45] -DSTAGGER_CYCLES=100 ... 1.659 ms / 2640 TFLOPS  (255 regs, 1.6s)
[23/45] -DSTAGGER_CYCLES=100 -DTMA_RESIDUAL=1 ... 1.640 ms / 2670 TFLOPS  (250 regs, 1.7s)
[24/45] -DSTAGGER_CYCLES=100 -DTMA_RESIDUAL=2 ... 1.647 ms / 2659 TFLOPS  (250 regs, 1.7s)
[25/45] -DN_STAGES=5 -DSTAGGER_CYCLES=100 ... 1.520 ms / 2882 TFLOPS  (255 regs, 1.7s)
[26/45] -DN_STAGES=5 -DSTAGGER_CYCLES=100 -DTMA_RESIDUAL=1 ... 1.494 ms / 2932 TFLOPS  (255 regs, 1.7s)
[27/45] -DN_STAGES=5 -DSTAGGER_CYCLES=100 -DTMA_RESIDUAL=2 ... 1.511 ms / 2899 TFLOPS  (255 regs, 1.7s)
[28/45] -DK_LOOP_UNROLL=6 -DN_STAGES=3 -DSTAGGER_CYCLES=100 ... 1.977 ms / 2216 TFLOPS  (240 regs, 1.6s)
[29/45] -DK_LOOP_UNROLL=6 -DN_STAGES=3 -DSTAGGER_CYCLES=100 -DTMA_RESIDUAL=1 ... 1.964 ms / 2230 TFLOPS  (232 regs, 1.7s)
[30/45] -DK_LOOP_UNROLL=6 -DN_STAGES=3 -DSTAGGER_CYCLES=100 -DTMA_RESIDUAL=2 ... 1.978 ms / 2214 TFLOPS  (234 regs, 1.7s)
[31/45] -DK_LOOP_UNROLL=6 -DSTAGGER_CYCLES=100 ... 2.030 ms / 2158 TFLOPS  (212 regs, 1.6s)
[32/45] -DK_LOOP_UNROLL=6 -DSTAGGER_CYCLES=100 -DTMA_RESIDUAL=1 ... 1.646 ms / 2662 TFLOPS  (207 regs, 1.7s)
[33/45] -DK_LOOP_UNROLL=6 -DSTAGGER_CYCLES=100 -DTMA_RESIDUAL=2 ... 1.653 ms / 2649 TFLOPS  (208 regs, 1.7s)
[34/45] -DK_LOOP_UNROLL=6 -DN_STAGES=5 -DSTAGGER_CYCLES=100 ... 2.385 ms / 1836 TFLOPS  (216 regs, 1.7s)
[35/45] -DK_LOOP_UNROLL=6 -DN_STAGES=5 -DSTAGGER_CYCLES=100 -DTMA_RESIDUAL=1 ... 1.514 ms / 2893 TFLOPS  (212 regs, 1.7s)
[36/45] -DK_LOOP_UNROLL=6 -DN_STAGES=5 -DSTAGGER_CYCLES=100 -DTMA_RESIDUAL=2 ... 1.525 ms / 2872 TFLOPS  (213 regs, 1.7s)
[37/45] -DK_LOOP_UNROLL=8 -DN_STAGES=3 -DSTAGGER_CYCLES=100 ... 2.048 ms / 2138 TFLOPS  (206 regs, 1.7s)
[38/45] -DK_LOOP_UNROLL=8 -DN_STAGES=3 -DSTAGGER_CYCLES=100 -DTMA_RESIDUAL=1 ... 1.986 ms / 2205 TFLOPS  (202 regs, 1.7s)
[39/45] -DK_LOOP_UNROLL=8 -DN_STAGES=3 -DSTAGGER_CYCLES=100 -DTMA_RESIDUAL=2 ... 1.993 ms / 2198 TFLOPS  (201 regs, 1.7s)
[40/45] -DK_LOOP_UNROLL=8 -DSTAGGER_CYCLES=100 ... 1.655 ms / 2646 TFLOPS  (254 regs, 1.7s)
[41/45] -DK_LOOP_UNROLL=8 -DSTAGGER_CYCLES=100 -DTMA_RESIDUAL=1 ... 1.639 ms / 2673 TFLOPS  (251 regs, 1.7s)
[42/45] -DK_LOOP_UNROLL=8 -DSTAGGER_CYCLES=100 -DTMA_RESIDUAL=2 ... 1.643 ms / 2665 TFLOPS  (252 regs, 1.7s)
[43/45] -DK_LOOP_UNROLL=8 -DN_STAGES=5 -DSTAGGER_CYCLES=100 ... 2.398 ms / 1827 TFLOPS  (216 regs, 1.7s)
[44/45] -DK_LOOP_UNROLL=8 -DN_STAGES=5 -DSTAGGER_CYCLES=100 -DTMA_RESIDUAL=1 ... 1.511 ms / 2899 TFLOPS  (212 regs, 1.7s)
[45/45] -DK_LOOP_UNROLL=8 -DN_STAGES=5 -DSTAGGER_CYCLES=100 -DTMA_RESIDUAL=2 ... 1.532 ms / 2858 TFLOPS  (213 regs, 1.7s)
  η²: N_STAGES=0.190, K_LOOP_UNROLL=0.156, TMA_RESIDUAL=0.325
  top-lock: N_STAGES=5(top10,33%)

Tier 1 winner (top-3): -DN_STAGES=5 -DSTAGGER_CYCLES=100 -DTMA_RESIDUAL=1 → 1.494 ms / 2932 TFLOPS
  #2: -DN_STAGES=5 -DSTAGGER_CYCLES=100 -DTMA_RESIDUAL=2 → 1.511 ms / 2899 TFLOPS
  #3: -DK_LOOP_UNROLL=8 -DN_STAGES=5 -DSTAGGER_CYCLES=100 -DTMA_RESIDUAL=1 → 1.511 ms / 2899 TFLOPS

=== Tier 2: INTERLEAVE_STRATEGY, PHASE1_UNROLL ===
  Branch 1/2: -DN_STAGES=5 -DSTAGGER_CYCLES=100 -DTMA_RESIDUAL=1
Sweep: 12 total, 12 valid, 0 pruned
Estimated time: ~1 min (12 configs × ~5s each)

[1/12] -DINTERLEAVE_STRATEGY=0 -DN_STAGES=5 -DPHASE1_UNROLL=1 -DSTAGGER_CYCLES=100 -DTMA_RESIDUAL=1 ... 1.496 ms / 2928 TFLOPS  (224 regs, 1.7s)
[2/12] -DINTERLEAVE_STRATEGY=0 -DN_STAGES=5 -DSTAGGER_CYCLES=100 -DTMA_RESIDUAL=1 ... 1.494 ms / 2931 TFLOPS  (255 regs, 1.7s)
[3/12] -DINTERLEAVE_STRATEGY=0 -DN_STAGES=5 -DPHASE1_UNROLL=4 -DSTAGGER_CYCLES=100 -DTMA_RESIDUAL=1 ... 1.493 ms / 2934 TFLOPS  (249 regs, 1.7s)
[4/12] -DINTERLEAVE_STRATEGY=1 -DN_STAGES=5 -DPHASE1_UNROLL=1 -DSTAGGER_CYCLES=100 -DTMA_RESIDUAL=1 ... 1.479 ms / 2962 TFLOPS  (226 regs, 1.7s)
[5/12] -DINTERLEAVE_STRATEGY=1 -DN_STAGES=5 -DSTAGGER_CYCLES=100 -DTMA_RESIDUAL=1 ... 1.473 ms / 2973 TFLOPS  (255 regs, 1.7s)
[6/12] -DINTERLEAVE_STRATEGY=1 -DN_STAGES=5 -DPHASE1_UNROLL=4 -DSTAGGER_CYCLES=100 -DTMA_RESIDUAL=1 ... 1.474 ms / 2971 TFLOPS  (243 regs, 1.7s)
[7/12] -DN_STAGES=5 -DPHASE1_UNROLL=1 -DSTAGGER_CYCLES=100 -DTMA_RESIDUAL=1 ... 1.496 ms / 2928 TFLOPS  (226 regs, 1.6s)
[8/12] -DN_STAGES=5 -DSTAGGER_CYCLES=100 -DTMA_RESIDUAL=1 ... 1.498 ms / 2924 TFLOPS  (255 regs, 1.7s)
[9/12] -DN_STAGES=5 -DPHASE1_UNROLL=4 -DSTAGGER_CYCLES=100 -DTMA_RESIDUAL=1 ... 1.493 ms / 2933 TFLOPS  (249 regs, 1.7s)
[10/12] -DINTERLEAVE_STRATEGY=3 -DN_STAGES=5 -DPHASE1_UNROLL=1 -DSTAGGER_CYCLES=100 -DTMA_RESIDUAL=1 ... 1.495 ms / 2929 TFLOPS  (226 regs, 1.6s)
[11/12] -DINTERLEAVE_STRATEGY=3 -DN_STAGES=5 -DSTAGGER_CYCLES=100 -DTMA_RESIDUAL=1 ... 1.497 ms / 2926 TFLOPS  (255 regs, 1.7s)
[12/12] -DINTERLEAVE_STRATEGY=3 -DN_STAGES=5 -DPHASE1_UNROLL=4 -DSTAGGER_CYCLES=100 -DTMA_RESIDUAL=1 ... 1.494 ms / 2932 TFLOPS  (249 regs, 1.7s)
  Branch 2/2: -DN_STAGES=5 -DSTAGGER_CYCLES=100 -DTMA_RESIDUAL=2
Sweep: 12 total, 12 valid, 0 pruned
Estimated time: ~1 min (12 configs × ~5s each)

[1/12] -DINTERLEAVE_STRATEGY=0 -DN_STAGES=5 -DPHASE1_UNROLL=1 -DSTAGGER_CYCLES=100 -DTMA_RESIDUAL=2 ... 1.512 ms / 2897 TFLOPS  (226 regs, 1.7s)
[2/12] -DINTERLEAVE_STRATEGY=0 -DN_STAGES=5 -DSTAGGER_CYCLES=100 -DTMA_RESIDUAL=2 ... 1.512 ms / 2896 TFLOPS  (255 regs, 1.7s)
[3/12] -DINTERLEAVE_STRATEGY=0 -DN_STAGES=5 -DPHASE1_UNROLL=4 -DSTAGGER_CYCLES=100 -DTMA_RESIDUAL=2 ... 1.516 ms / 2890 TFLOPS  (248 regs, 1.8s)
[4/12] -DINTERLEAVE_STRATEGY=1 -DN_STAGES=5 -DPHASE1_UNROLL=1 -DSTAGGER_CYCLES=100 -DTMA_RESIDUAL=2 ... 1.484 ms / 2952 TFLOPS  (227 regs, 1.7s)
[5/12] -DINTERLEAVE_STRATEGY=1 -DN_STAGES=5 -DSTAGGER_CYCLES=100 -DTMA_RESIDUAL=2 ... 1.481 ms / 2957 TFLOPS  (255 regs, 1.7s)
[6/12] -DINTERLEAVE_STRATEGY=1 -DN_STAGES=5 -DPHASE1_UNROLL=4 -DSTAGGER_CYCLES=100 -DTMA_RESIDUAL=2 ... 1.483 ms / 2954 TFLOPS  (244 regs, 1.7s)
[7/12] -DN_STAGES=5 -DPHASE1_UNROLL=1 -DSTAGGER_CYCLES=100 -DTMA_RESIDUAL=2 ... 1.508 ms / 2904 TFLOPS  (227 regs, 1.7s)
[8/12] -DN_STAGES=5 -DSTAGGER_CYCLES=100 -DTMA_RESIDUAL=2 ... 1.509 ms / 2903 TFLOPS  (255 regs, 1.7s)
[9/12] -DN_STAGES=5 -DPHASE1_UNROLL=4 -DSTAGGER_CYCLES=100 -DTMA_RESIDUAL=2 ... 1.515 ms / 2892 TFLOPS  (248 regs, 1.7s)
[10/12] -DINTERLEAVE_STRATEGY=3 -DN_STAGES=5 -DPHASE1_UNROLL=1 -DSTAGGER_CYCLES=100 -DTMA_RESIDUAL=2 ... 1.510 ms / 2900 TFLOPS  (227 regs, 1.7s)
[11/12] -DINTERLEAVE_STRATEGY=3 -DN_STAGES=5 -DSTAGGER_CYCLES=100 -DTMA_RESIDUAL=2 ... 1.512 ms / 2898 TFLOPS  (255 regs, 1.7s)
[12/12] -DINTERLEAVE_STRATEGY=3 -DN_STAGES=5 -DPHASE1_UNROLL=4 -DSTAGGER_CYCLES=100 -DTMA_RESIDUAL=2 ... 1.515 ms / 2891 TFLOPS  (248 regs, 1.8s)
  η²: INTERLEAVE_STRATEGY=0.646, PHASE1_UNROLL=0.001
  top-lock: INTERLEAVE_STRATEGY=1(top5,25%)

Tier 2 winner (top-3): -DINTERLEAVE_STRATEGY=1 -DN_STAGES=5 -DSTAGGER_CYCLES=100 -DTMA_RESIDUAL=1 → 1.473 ms / 2973 TFLOPS
  #2: -DINTERLEAVE_STRATEGY=1 -DN_STAGES=5 -DPHASE1_UNROLL=4 -DSTAGGER_CYCLES=100 -DTMA_RESIDUAL=1 → 1.474 ms / 2971 TFLOPS
  #3: -DINTERLEAVE_STRATEGY=1 -DN_STAGES=5 -DPHASE1_UNROLL=1 -DSTAGGER_CYCLES=100 -DTMA_RESIDUAL=1 → 1.479 ms / 2962 TFLOPS

=== Tier 3: BATCH_EPILOGUE, STORE_TIMING, STS_WIDTH, PRELOAD_MODE ===
  Branch 1/3: -DINTERLEAVE_STRATEGY=1 -DN_STAGES=5 -DSTAGGER_CYCLES=100 -DTMA_RESIDUAL=1
Sweep: 24 total, 18 valid, 6 pruned
Estimated time: ~2 min (18 configs × ~5s each)

[1/18] -DINTERLEAVE_STRATEGY=1 -DN_STAGES=5 -DPRELOAD_MODE=0 -DSTAGGER_CYCLES=100 -DTMA_RESIDUAL=1 ... 1.475 ms / 2970 TFLOPS  (255 regs, 1.7s)
[2/18] -DN_STAGES=5 -DPRELOAD_MODE=0 -DSTAGGER_CYCLES=100 -DSTORE_TIMING=1 -DTMA_RESIDUAL=1 ... 1.495 ms / 2931 TFLOPS  (255 regs, 1.7s)
[3/18] -DINTERLEAVE_STRATEGY=1 -DN_STAGES=5 -DSTAGGER_CYCLES=100 -DTMA_RESIDUAL=1 ... 1.474 ms / 2971 TFLOPS  (255 regs, 1.7s)
[4/18] -DN_STAGES=5 -DSTAGGER_CYCLES=100 -DSTORE_TIMING=1 -DTMA_RESIDUAL=1 ... 1.493 ms / 2935 TFLOPS  (255 regs, 1.7s)
[5/18] -DINTERLEAVE_STRATEGY=1 -DN_STAGES=5 -DPRELOAD_MODE=2 -DSTAGGER_CYCLES=100 -DTMA_RESIDUAL=1 ... 1.473 ms / 2974 TFLOPS  (255 regs, 1.7s)
[6/18] -DN_STAGES=5 -DPRELOAD_MODE=2 -DSTAGGER_CYCLES=100 -DSTORE_TIMING=1 -DTMA_RESIDUAL=1 ... 1.495 ms / 2929 TFLOPS  (255 regs, 1.7s)
[7/18] -DBATCH_EPILOGUE=1 -DINTERLEAVE_STRATEGY=1 -DN_STAGES=5 -DPRELOAD_MODE=0 -DSTAGGER_CYCLES=100 -DTMA_RESIDUAL=1 ... 1.474 ms / 2972 TFLOPS  (255 regs, 1.7s)
[8/18] -DBATCH_EPILOGUE=1 -DINTERLEAVE_STRATEGY=1 -DN_STAGES=5 -DPRELOAD_MODE=0 -DSTAGGER_CYCLES=100 -DSTS_WIDTH=32 -DTMA_RESIDUAL=1 ... 1.473 ms / 2973 TFLOPS  (255 regs, 1.7s)
[9/18] -DBATCH_EPILOGUE=1 -DN_STAGES=5 -DPRELOAD_MODE=0 -DSTAGGER_CYCLES=100 -DSTORE_TIMING=1 -DTMA_RESIDUAL=1 ... 1.494 ms / 2932 TFLOPS  (255 regs, 1.7s)
[10/18] -DBATCH_EPILOGUE=1 -DN_STAGES=5 -DPRELOAD_MODE=0 -DSTAGGER_CYCLES=100 -DSTORE_TIMING=1 -DSTS_WIDTH=32 -DTMA_RESIDUAL=1 ... 1.496 ms / 2929 TFLOPS  (255 regs, 1.7s)
[11/18] -DBATCH_EPILOGUE=1 -DINTERLEAVE_STRATEGY=1 -DN_STAGES=5 -DSTAGGER_CYCLES=100 -DTMA_RESIDUAL=1 ... 1.473 ms / 2973 TFLOPS  (255 regs, 1.7s)
[12/18] -DBATCH_EPILOGUE=1 -DINTERLEAVE_STRATEGY=1 -DN_STAGES=5 -DSTAGGER_CYCLES=100 -DSTS_WIDTH=32 -DTMA_RESIDUAL=1 ... 1.473 ms / 2974 TFLOPS  (255 regs, 1.7s)
[13/18] -DBATCH_EPILOGUE=1 -DN_STAGES=5 -DSTAGGER_CYCLES=100 -DSTORE_TIMING=1 -DTMA_RESIDUAL=1 ... 1.494 ms / 2932 TFLOPS  (255 regs, 1.7s)
[14/18] -DBATCH_EPILOGUE=1 -DN_STAGES=5 -DSTAGGER_CYCLES=100 -DSTORE_TIMING=1 -DSTS_WIDTH=32 -DTMA_RESIDUAL=1 ... 1.495 ms / 2929 TFLOPS  (255 regs, 1.7s)
[15/18] -DBATCH_EPILOGUE=1 -DINTERLEAVE_STRATEGY=1 -DN_STAGES=5 -DPRELOAD_MODE=2 -DSTAGGER_CYCLES=100 -DTMA_RESIDUAL=1 ... 1.475 ms / 2970 TFLOPS  (255 regs, 1.7s)
[16/18] -DBATCH_EPILOGUE=1 -DINTERLEAVE_STRATEGY=1 -DN_STAGES=5 -DPRELOAD_MODE=2 -DSTAGGER_CYCLES=100 -DSTS_WIDTH=32 -DTMA_RESIDUAL=1 ... 1.474 ms / 2972 TFLOPS  (255 regs, 1.7s)
[17/18] -DBATCH_EPILOGUE=1 -DN_STAGES=5 -DPRELOAD_MODE=2 -DSTAGGER_CYCLES=100 -DSTORE_TIMING=1 -DTMA_RESIDUAL=1 ... 1.495 ms / 2930 TFLOPS  (255 regs, 1.7s)
[18/18] -DBATCH_EPILOGUE=1 -DN_STAGES=5 -DPRELOAD_MODE=2 -DSTAGGER_CYCLES=100 -DSTORE_TIMING=1 -DSTS_WIDTH=32 -DTMA_RESIDUAL=1 ... 1.497 ms / 2926 TFLOPS  (255 regs, 1.7s)
  Branch 2/3: -DINTERLEAVE_STRATEGY=1 -DN_STAGES=5 -DPHASE1_UNROLL=4 -DSTAGGER_CYCLES=100 -DTMA_RESIDUAL=1
Sweep: 24 total, 18 valid, 6 pruned
Estimated time: ~2 min (18 configs × ~5s each)

[1/18] -DINTERLEAVE_STRATEGY=1 -DN_STAGES=5 -DPHASE1_UNROLL=4 -DPRELOAD_MODE=0 -DSTAGGER_CYCLES=100 -DTMA_RESIDUAL=1 ... 1.474 ms / 2971 TFLOPS  (243 regs, 1.7s)
[2/18] -DN_STAGES=5 -DPHASE1_UNROLL=4 -DPRELOAD_MODE=0 -DSTAGGER_CYCLES=100 -DSTORE_TIMING=1 -DTMA_RESIDUAL=1 ... 1.494 ms / 2932 TFLOPS  (249 regs, 1.7s)
[3/18] -DINTERLEAVE_STRATEGY=1 -DN_STAGES=5 -DPHASE1_UNROLL=4 -DSTAGGER_CYCLES=100 -DTMA_RESIDUAL=1 ... 1.473 ms / 2973 TFLOPS  (243 regs, 1.7s)
[4/18] -DN_STAGES=5 -DPHASE1_UNROLL=4 -DSTAGGER_CYCLES=100 -DSTORE_TIMING=1 -DTMA_RESIDUAL=1 ... 1.492 ms / 2935 TFLOPS  (249 regs, 1.8s)
[5/18] -DINTERLEAVE_STRATEGY=1 -DN_STAGES=5 -DPHASE1_UNROLL=4 -DPRELOAD_MODE=2 -DSTAGGER_CYCLES=100 -DTMA_RESIDUAL=1 ... 1.473 ms / 2973 TFLOPS  (243 regs, 1.8s)
[6/18] -DN_STAGES=5 -DPHASE1_UNROLL=4 -DPRELOAD_MODE=2 -DSTAGGER_CYCLES=100 -DSTORE_TIMING=1 -DTMA_RESIDUAL=1 ... 1.493 ms / 2934 TFLOPS  (249 regs, 1.8s)
[7/18] -DBATCH_EPILOGUE=1 -DINTERLEAVE_STRATEGY=1 -DN_STAGES=5 -DPHASE1_UNROLL=4 -DPRELOAD_MODE=0 -DSTAGGER_CYCLES=100 -DTMA_RESIDUAL=1 ... 1.473 ms / 2974 TFLOPS  (243 regs, 1.7s)
[8/18] -DBATCH_EPILOGUE=1 -DINTERLEAVE_STRATEGY=1 -DN_STAGES=5 -DPHASE1_UNROLL=4 -DPRELOAD_MODE=0 -DSTAGGER_CYCLES=100 -DSTS_WIDTH=32 -DTMA_RESIDUAL=1 ... 1.475 ms / 2970 TFLOPS  (243 regs, 1.8s)
[9/18] -DBATCH_EPILOGUE=1 -DN_STAGES=5 -DPHASE1_UNROLL=4 -DPRELOAD_MODE=0 -DSTAGGER_CYCLES=100 -DSTORE_TIMING=1 -DTMA_RESIDUAL=1 ... 1.492 ms / 2935 TFLOPS  (249 regs, 1.8s)
[10/18] -DBATCH_EPILOGUE=1 -DN_STAGES=5 -DPHASE1_UNROLL=4 -DPRELOAD_MODE=0 -DSTAGGER_CYCLES=100 -DSTORE_TIMING=1 -DSTS_WIDTH=32 -DTMA_RESIDUAL=1 ... 1.493 ms / 2933 TFLOPS  (249 regs, 1.8s)
[11/18] -DBATCH_EPILOGUE=1 -DINTERLEAVE_STRATEGY=1 -DN_STAGES=5 -DPHASE1_UNROLL=4 -DSTAGGER_CYCLES=100 -DTMA_RESIDUAL=1 ... 1.474 ms / 2971 TFLOPS  (243 regs, 1.8s)
[12/18] -DBATCH_EPILOGUE=1 -DINTERLEAVE_STRATEGY=1 -DN_STAGES=5 -DPHASE1_UNROLL=4 -DSTAGGER_CYCLES=100 -DSTS_WIDTH=32 -DTMA_RESIDUAL=1 ... 1.474 ms / 2972 TFLOPS  (243 regs, 1.8s)
[13/18] -DBATCH_EPILOGUE=1 -DN_STAGES=5 -DPHASE1_UNROLL=4 -DSTAGGER_CYCLES=100 -DSTORE_TIMING=1 -DTMA_RESIDUAL=1 ... 1.496 ms / 2927 TFLOPS  (249 regs, 1.7s)
[14/18] -DBATCH_EPILOGUE=1 -DN_STAGES=5 -DPHASE1_UNROLL=4 -DSTAGGER_CYCLES=100 -DSTORE_TIMING=1 -DSTS_WIDTH=32 -DTMA_RESIDUAL=1 ... 1.492 ms / 2935 TFLOPS  (249 regs, 1.7s)
[15/18] -DBATCH_EPILOGUE=1 -DINTERLEAVE_STRATEGY=1 -DN_STAGES=5 -DPHASE1_UNROLL=4 -DPRELOAD_MODE=2 -DSTAGGER_CYCLES=100 -DTMA_RESIDUAL=1 ... 1.474 ms / 2973 TFLOPS  (243 regs, 1.7s)
[16/18] -DBATCH_EPILOGUE=1 -DINTERLEAVE_STRATEGY=1 -DN_STAGES=5 -DPHASE1_UNROLL=4 -DPRELOAD_MODE=2 -DSTAGGER_CYCLES=100 -DSTS_WIDTH=32 -DTMA_RESIDUAL=1 ... 1.471 ms / 2978 TFLOPS  (243 regs, 1.7s)
[17/18] -DBATCH_EPILOGUE=1 -DN_STAGES=5 -DPHASE1_UNROLL=4 -DPRELOAD_MODE=2 -DSTAGGER_CYCLES=100 -DSTORE_TIMING=1 -DTMA_RESIDUAL=1 ... 1.496 ms / 2927 TFLOPS  (249 regs, 1.8s)
[18/18] -DBATCH_EPILOGUE=1 -DN_STAGES=5 -DPHASE1_UNROLL=4 -DPRELOAD_MODE=2 -DSTAGGER_CYCLES=100 -DSTORE_TIMING=1 -DSTS_WIDTH=32 -DTMA_RESIDUAL=1 ... 1.496 ms / 2928 TFLOPS  (249 regs, 1.8s)
  Branch 3/3: -DINTERLEAVE_STRATEGY=1 -DN_STAGES=5 -DPHASE1_UNROLL=1 -DSTAGGER_CYCLES=100 -DTMA_RESIDUAL=1
Sweep: 24 total, 18 valid, 6 pruned
Estimated time: ~2 min (18 configs × ~5s each)

[1/18] -DINTERLEAVE_STRATEGY=1 -DN_STAGES=5 -DPHASE1_UNROLL=1 -DPRELOAD_MODE=0 -DSTAGGER_CYCLES=100 -DTMA_RESIDUAL=1 ... 1.479 ms / 2962 TFLOPS  (226 regs, 1.7s)
[2/18] -DN_STAGES=5 -DPHASE1_UNROLL=1 -DPRELOAD_MODE=0 -DSTAGGER_CYCLES=100 -DSTORE_TIMING=1 -DTMA_RESIDUAL=1 ... 1.498 ms / 2923 TFLOPS  (224 regs, 1.7s)
[3/18] -DINTERLEAVE_STRATEGY=1 -DN_STAGES=5 -DPHASE1_UNROLL=1 -DSTAGGER_CYCLES=100 -DTMA_RESIDUAL=1 ... 1.476 ms / 2967 TFLOPS  (226 regs, 1.7s)
[4/18] -DN_STAGES=5 -DPHASE1_UNROLL=1 -DSTAGGER_CYCLES=100 -DSTORE_TIMING=1 -DTMA_RESIDUAL=1 ... 1.496 ms / 2928 TFLOPS  (224 regs, 1.7s)
[5/18] -DINTERLEAVE_STRATEGY=1 -DN_STAGES=5 -DPHASE1_UNROLL=1 -DPRELOAD_MODE=2 -DSTAGGER_CYCLES=100 -DTMA_RESIDUAL=1 ... 1.478 ms / 2964 TFLOPS  (226 regs, 1.7s)
[6/18] -DN_STAGES=5 -DPHASE1_UNROLL=1 -DPRELOAD_MODE=2 -DSTAGGER_CYCLES=100 -DSTORE_TIMING=1 -DTMA_RESIDUAL=1 ... 1.497 ms / 2926 TFLOPS  (224 regs, 1.7s)
[7/18] -DBATCH_EPILOGUE=1 -DINTERLEAVE_STRATEGY=1 -DN_STAGES=5 -DPHASE1_UNROLL=1 -DPRELOAD_MODE=0 -DSTAGGER_CYCLES=100 -DTMA_RESIDUAL=1 ... 1.478 ms / 2963 TFLOPS  (226 regs, 1.7s)
[8/18] -DBATCH_EPILOGUE=1 -DINTERLEAVE_STRATEGY=1 -DN_STAGES=5 -DPHASE1_UNROLL=1 -DPRELOAD_MODE=0 -DSTAGGER_CYCLES=100 -DSTS_WIDTH=32 -DTMA_RESIDUAL=1 ... 1.478 ms / 2963 TFLOPS  (226 regs, 1.6s)
[9/18] -DBATCH_EPILOGUE=1 -DN_STAGES=5 -DPHASE1_UNROLL=1 -DPRELOAD_MODE=0 -DSTAGGER_CYCLES=100 -DSTORE_TIMING=1 -DTMA_RESIDUAL=1 ... 1.503 ms / 2914 TFLOPS  (224 regs, 1.7s)
[10/18] -DBATCH_EPILOGUE=1 -DN_STAGES=5 -DPHASE1_UNROLL=1 -DPRELOAD_MODE=0 -DSTAGGER_CYCLES=100 -DSTORE_TIMING=1 -DSTS_WIDTH=32 -DTMA_RESIDUAL=1 ... 1.498 ms / 2924 TFLOPS  (224 regs, 1.6s)
[11/18] -DBATCH_EPILOGUE=1 -DINTERLEAVE_STRATEGY=1 -DN_STAGES=5 -DPHASE1_UNROLL=1 -DSTAGGER_CYCLES=100 -DTMA_RESIDUAL=1 ... 1.482 ms / 2955 TFLOPS  (226 regs, 1.7s)
[12/18] -DBATCH_EPILOGUE=1 -DINTERLEAVE_STRATEGY=1 -DN_STAGES=5 -DPHASE1_UNROLL=1 -DSTAGGER_CYCLES=100 -DSTS_WIDTH=32 -DTMA_RESIDUAL=1 ... 1.478 ms / 2963 TFLOPS  (226 regs, 1.7s)
[13/18] -DBATCH_EPILOGUE=1 -DN_STAGES=5 -DPHASE1_UNROLL=1 -DSTAGGER_CYCLES=100 -DSTORE_TIMING=1 -DTMA_RESIDUAL=1 ... 1.498 ms / 2924 TFLOPS  (224 regs, 1.7s)
[14/18] -DBATCH_EPILOGUE=1 -DN_STAGES=5 -DPHASE1_UNROLL=1 -DSTAGGER_CYCLES=100 -DSTORE_TIMING=1 -DSTS_WIDTH=32 -DTMA_RESIDUAL=1 ... 1.500 ms / 2919 TFLOPS  (224 regs, 1.7s)
[15/18] -DBATCH_EPILOGUE=1 -DINTERLEAVE_STRATEGY=1 -DN_STAGES=5 -DPHASE1_UNROLL=1 -DPRELOAD_MODE=2 -DSTAGGER_CYCLES=100 -DTMA_RESIDUAL=1 ... 1.478 ms / 2963 TFLOPS  (226 regs, 1.6s)
[16/18] -DBATCH_EPILOGUE=1 -DINTERLEAVE_STRATEGY=1 -DN_STAGES=5 -DPHASE1_UNROLL=1 -DPRELOAD_MODE=2 -DSTAGGER_CYCLES=100 -DSTS_WIDTH=32 -DTMA_RESIDUAL=1 ... 1.479 ms / 2962 TFLOPS  (226 regs, 1.7s)
[17/18] -DBATCH_EPILOGUE=1 -DN_STAGES=5 -DPHASE1_UNROLL=1 -DPRELOAD_MODE=2 -DSTAGGER_CYCLES=100 -DSTORE_TIMING=1 -DTMA_RESIDUAL=1 ... 1.499 ms / 2921 TFLOPS  (224 regs, 1.6s)
[18/18] -DBATCH_EPILOGUE=1 -DN_STAGES=5 -DPHASE1_UNROLL=1 -DPRELOAD_MODE=2 -DSTAGGER_CYCLES=100 -DSTORE_TIMING=1 -DSTS_WIDTH=32 -DTMA_RESIDUAL=1 ... 1.497 ms / 2926 TFLOPS  (224 regs, 1.7s)
  η²: BATCH_EPILOGUE=0.001, STORE_TIMING=0.941, STS_WIDTH=0.000, PRELOAD_MODE=0.000
  top-lock: STORE_TIMING=0(top20,50%)

Tier 3 winner (top-3): -DBATCH_EPILOGUE=1 -DINTERLEAVE_STRATEGY=1 -DN_STAGES=5 -DPHASE1_UNROLL=4 -DPRELOAD_MODE=2 -DSTAGGER_CYCLES=100 -DSTS_WIDTH=32 -DTMA_RESIDUAL=1 → 1.471 ms / 2978 TFLOPS
  #2: -DINTERLEAVE_STRATEGY=1 -DN_STAGES=5 -DPRELOAD_MODE=2 -DSTAGGER_CYCLES=100 -DTMA_RESIDUAL=1 → 1.473 ms / 2974 TFLOPS
  #3: -DBATCH_EPILOGUE=1 -DINTERLEAVE_STRATEGY=1 -DN_STAGES=5 -DPRELOAD_MODE=0 -DSTAGGER_CYCLES=100 -DSTS_WIDTH=32 -DTMA_RESIDUAL=1 → 1.473 ms / 2973 TFLOPS

=== Tier 4: EPILOGUE_LOOP, EPI_SYNC, NUM_PASSES_PARAM ===
  Branch 1/3: -DBATCH_EPILOGUE=1 -DINTERLEAVE_STRATEGY=1 -DN_STAGES=5 -DPHASE1_UNROLL=4 -DPRELOAD_MODE=2 -DSTAGGER_CYCLES=100 -DSTS_WIDTH=32 -DTMA_RESIDUAL=1
Sweep: 8 total, 2 valid, 6 pruned
Estimated time: ~0 min (2 configs × ~5s each)

[1/2] -DBATCH_EPILOGUE=1 -DINTERLEAVE_STRATEGY=1 -DN_STAGES=5 -DPHASE1_UNROLL=4 -DPRELOAD_MODE=2 -DSTAGGER_CYCLES=100 -DSTS_WIDTH=32 -DTMA_RESIDUAL=1 ... 1.473 ms / 2973 TFLOPS  (243 regs, 1.7s)
[2/2] -DBATCH_EPILOGUE=1 -DINTERLEAVE_STRATEGY=1 -DNUM_PASSES_PARAM=4 -DN_STAGES=5 -DPHASE1_UNROLL=4 -DPRELOAD_MODE=2 -DSTAGGER_CYCLES=100 -DSTS_WIDTH=32 -DTMA_RESIDUAL=1 ... 1.509 ms / 2904 TFLOPS  (250 regs, 1.6s)
  Branch 2/3: -DINTERLEAVE_STRATEGY=1 -DN_STAGES=5 -DPRELOAD_MODE=2 -DSTAGGER_CYCLES=100 -DTMA_RESIDUAL=1
Sweep: 8 total, 2 valid, 6 pruned
Estimated time: ~0 min (2 configs × ~5s each)

[1/2] -DINTERLEAVE_STRATEGY=1 -DN_STAGES=5 -DPRELOAD_MODE=2 -DSTAGGER_CYCLES=100 -DTMA_RESIDUAL=1 ... 1.475 ms / 2969 TFLOPS  (255 regs, 1.7s)
[2/2] -DINTERLEAVE_STRATEGY=1 -DNUM_PASSES_PARAM=4 -DN_STAGES=5 -DPRELOAD_MODE=2 -DSTAGGER_CYCLES=100 -DTMA_RESIDUAL=1 ... 1.509 ms / 2903 TFLOPS  (255 regs, 1.7s)
  Branch 3/3: -DBATCH_EPILOGUE=1 -DINTERLEAVE_STRATEGY=1 -DN_STAGES=5 -DPRELOAD_MODE=0 -DSTAGGER_CYCLES=100 -DSTS_WIDTH=32 -DTMA_RESIDUAL=1
Sweep: 8 total, 2 valid, 6 pruned
Estimated time: ~0 min (2 configs × ~5s each)

[1/2] -DBATCH_EPILOGUE=1 -DINTERLEAVE_STRATEGY=1 -DN_STAGES=5 -DPRELOAD_MODE=0 -DSTAGGER_CYCLES=100 -DSTS_WIDTH=32 -DTMA_RESIDUAL=1 ... 1.474 ms / 2971 TFLOPS  (255 regs, 1.7s)
[2/2] -DBATCH_EPILOGUE=1 -DINTERLEAVE_STRATEGY=1 -DNUM_PASSES_PARAM=4 -DN_STAGES=5 -DPRELOAD_MODE=0 -DSTAGGER_CYCLES=100 -DSTS_WIDTH=32 -DTMA_RESIDUAL=1 ... 1.509 ms / 2904 TFLOPS  (255 regs, 1.7s)
  η²: NUM_PASSES_PARAM=0.999

  Gap: 2.44% → k_eff=1 (from 2)

Tier 4 winner (top-2): -DBATCH_EPILOGUE=1 -DINTERLEAVE_STRATEGY=1 -DN_STAGES=5 -DPHASE1_UNROLL=4 -DPRELOAD_MODE=2 -DSTAGGER_CYCLES=100 -DSTS_WIDTH=32 -DTMA_RESIDUAL=1 → 1.473 ms / 2973 TFLOPS
  #2: -DBATCH_EPILOGUE=1 -DINTERLEAVE_STRATEGY=1 -DNUM_PASSES_PARAM=4 -DN_STAGES=5 -DPHASE1_UNROLL=4 -DPRELOAD_MODE=2 -DSTAGGER_CYCLES=100 -DSTS_WIDTH=32 -DTMA_RESIDUAL=1 → 1.509 ms / 2904 TFLOPS

=== Interaction: epilogue (BATCH_EPILOGUE, INTERLEAVE_STRATEGY, PRELOAD_MODE) ===
Sweep: 24 total, 12 valid, 12 pruned
Estimated time: ~1 min (12 configs × ~5s each)

[1/12] -DBATCH_EPILOGUE=1 -DINTERLEAVE_STRATEGY=0 -DN_STAGES=5 -DPHASE1_UNROLL=4 -DPRELOAD_MODE=0 -DSTAGGER_CYCLES=100 -DSTS_WIDTH=32 -DTMA_RESIDUAL=1 ... 1.494 ms / 2931 TFLOPS  (249 regs, 1.8s)
[2/12] -DBATCH_EPILOGUE=1 -DINTERLEAVE_STRATEGY=0 -DN_STAGES=5 -DPHASE1_UNROLL=4 -DSTAGGER_CYCLES=100 -DSTS_WIDTH=32 -DTMA_RESIDUAL=1 ... 1.494 ms / 2933 TFLOPS  (249 regs, 1.7s)
[3/12] -DBATCH_EPILOGUE=1 -DINTERLEAVE_STRATEGY=0 -DN_STAGES=5 -DPHASE1_UNROLL=4 -DPRELOAD_MODE=2 -DSTAGGER_CYCLES=100 -DSTS_WIDTH=32 -DTMA_RESIDUAL=1 ... 1.492 ms / 2935 TFLOPS  (249 regs, 1.8s)
[4/12] -DBATCH_EPILOGUE=1 -DINTERLEAVE_STRATEGY=1 -DN_STAGES=5 -DPHASE1_UNROLL=4 -DPRELOAD_MODE=0 -DSTAGGER_CYCLES=100 -DSTS_WIDTH=32 -DTMA_RESIDUAL=1 ... 1.472 ms / 2975 TFLOPS  (243 regs, 1.8s)
[5/12] -DBATCH_EPILOGUE=1 -DINTERLEAVE_STRATEGY=1 -DN_STAGES=5 -DPHASE1_UNROLL=4 -DSTAGGER_CYCLES=100 -DSTS_WIDTH=32 -DTMA_RESIDUAL=1 ... 1.473 ms / 2974 TFLOPS  (243 regs, 1.7s)
[6/12] -DBATCH_EPILOGUE=1 -DINTERLEAVE_STRATEGY=1 -DN_STAGES=5 -DPHASE1_UNROLL=4 -DPRELOAD_MODE=2 -DSTAGGER_CYCLES=100 -DSTS_WIDTH=32 -DTMA_RESIDUAL=1 ... 1.474 ms / 2972 TFLOPS  (243 regs, 1.7s)
[7/12] -DBATCH_EPILOGUE=1 -DN_STAGES=5 -DPHASE1_UNROLL=4 -DPRELOAD_MODE=0 -DSTAGGER_CYCLES=100 -DSTS_WIDTH=32 -DTMA_RESIDUAL=1 ... 1.495 ms / 2930 TFLOPS  (249 regs, 1.7s)
[8/12] -DBATCH_EPILOGUE=1 -DN_STAGES=5 -DPHASE1_UNROLL=4 -DSTAGGER_CYCLES=100 -DSTS_WIDTH=32 -DTMA_RESIDUAL=1 ... 1.493 ms / 2933 TFLOPS  (249 regs, 1.7s)
[9/12] -DBATCH_EPILOGUE=1 -DN_STAGES=5 -DPHASE1_UNROLL=4 -DPRELOAD_MODE=2 -DSTAGGER_CYCLES=100 -DSTS_WIDTH=32 -DTMA_RESIDUAL=1 ... 1.493 ms / 2934 TFLOPS  (249 regs, 1.8s)
[10/12] -DBATCH_EPILOGUE=1 -DINTERLEAVE_STRATEGY=3 -DN_STAGES=5 -DPHASE1_UNROLL=4 -DPRELOAD_MODE=0 -DSTAGGER_CYCLES=100 -DSTS_WIDTH=32 -DTMA_RESIDUAL=1 ... 1.493 ms / 2933 TFLOPS  (249 regs, 1.7s)
[11/12] -DBATCH_EPILOGUE=1 -DINTERLEAVE_STRATEGY=3 -DN_STAGES=5 -DPHASE1_UNROLL=4 -DSTAGGER_CYCLES=100 -DSTS_WIDTH=32 -DTMA_RESIDUAL=1 ... 1.494 ms / 2932 TFLOPS  (249 regs, 1.8s)
[12/12] -DBATCH_EPILOGUE=1 -DINTERLEAVE_STRATEGY=3 -DN_STAGES=5 -DPHASE1_UNROLL=4 -DPRELOAD_MODE=2 -DSTAGGER_CYCLES=100 -DSTS_WIDTH=32 -DTMA_RESIDUAL=1 ... 1.496 ms / 2928 TFLOPS  (249 regs, 1.8s)
  η²: INTERLEAVE_STRATEGY=0.988, PRELOAD_MODE=0.000
  Best: -DBATCH_EPILOGUE=1 -DINTERLEAVE_STRATEGY=1 -DN_STAGES=5 -DPHASE1_UNROLL=4 -DPRELOAD_MODE=0 -DSTAGGER_CYCLES=100 -DSTS_WIDTH=32 -DTMA_RESIDUAL=1 → 1.472 ms / 2975 TFLOPS

=== Interaction: residual (TMA_RESIDUAL, PRELOAD_MODE, INTERLEAVE_STRATEGY) ===
Sweep: 36 total, 36 valid, 0 pruned
Estimated time: ~3 min (36 configs × ~5s each)

[1/36] -DBATCH_EPILOGUE=1 -DINTERLEAVE_STRATEGY=0 -DN_STAGES=5 -DPHASE1_UNROLL=4 -DPRELOAD_MODE=0 -DSTAGGER_CYCLES=100 -DSTS_WIDTH=32 ... 1.547 ms / 2830 TFLOPS  (255 regs, 1.7s)
[2/36] -DBATCH_EPILOGUE=1 -DINTERLEAVE_STRATEGY=0 -DN_STAGES=5 -DPHASE1_UNROLL=4 -DPRELOAD_MODE=0 -DSTAGGER_CYCLES=100 -DSTS_WIDTH=32 -DTMA_RESIDUAL=1 ... 1.493 ms / 2934 TFLOPS  (249 regs, 1.8s)
[3/36] -DBATCH_EPILOGUE=1 -DINTERLEAVE_STRATEGY=0 -DN_STAGES=5 -DPHASE1_UNROLL=4 -DPRELOAD_MODE=0 -DSTAGGER_CYCLES=100 -DSTS_WIDTH=32 -DTMA_RESIDUAL=2 ... 1.516 ms / 2890 TFLOPS  (248 regs, 1.7s)
[4/36] -DBATCH_EPILOGUE=1 -DINTERLEAVE_STRATEGY=0 -DN_STAGES=5 -DPHASE1_UNROLL=4 -DSTAGGER_CYCLES=100 -DSTS_WIDTH=32 ... 1.548 ms / 2829 TFLOPS  (255 regs, 1.7s)
[5/36] -DBATCH_EPILOGUE=1 -DINTERLEAVE_STRATEGY=0 -DN_STAGES=5 -DPHASE1_UNROLL=4 -DSTAGGER_CYCLES=100 -DSTS_WIDTH=32 -DTMA_RESIDUAL=1 ... 1.493 ms / 2933 TFLOPS  (249 regs, 1.8s)
[6/36] -DBATCH_EPILOGUE=1 -DINTERLEAVE_STRATEGY=0 -DN_STAGES=5 -DPHASE1_UNROLL=4 -DSTAGGER_CYCLES=100 -DSTS_WIDTH=32 -DTMA_RESIDUAL=2 ... 1.516 ms / 2889 TFLOPS  (248 regs, 1.7s)
[7/36] -DBATCH_EPILOGUE=1 -DINTERLEAVE_STRATEGY=0 -DN_STAGES=5 -DPHASE1_UNROLL=4 -DPRELOAD_MODE=2 -DSTAGGER_CYCLES=100 -DSTS_WIDTH=32 ... 1.527 ms / 2869 TFLOPS  (255 regs, 1.7s)
[8/36] -DBATCH_EPILOGUE=1 -DINTERLEAVE_STRATEGY=0 -DN_STAGES=5 -DPHASE1_UNROLL=4 -DPRELOAD_MODE=2 -DSTAGGER_CYCLES=100 -DSTS_WIDTH=32 -DTMA_RESIDUAL=1 ... 1.494 ms / 2932 TFLOPS  (249 regs, 1.7s)
[9/36] -DBATCH_EPILOGUE=1 -DINTERLEAVE_STRATEGY=0 -DN_STAGES=5 -DPHASE1_UNROLL=4 -DPRELOAD_MODE=2 -DSTAGGER_CYCLES=100 -DSTS_WIDTH=32 -DTMA_RESIDUAL=2 ... 1.514 ms / 2893 TFLOPS  (248 regs, 1.8s)
[10/36] -DBATCH_EPILOGUE=1 -DINTERLEAVE_STRATEGY=1 -DN_STAGES=5 -DPHASE1_UNROLL=4 -DPRELOAD_MODE=0 -DSTAGGER_CYCLES=100 -DSTS_WIDTH=32 ... 1.528 ms / 2867 TFLOPS  (255 regs, 1.7s)
[11/36] -DBATCH_EPILOGUE=1 -DINTERLEAVE_STRATEGY=1 -DN_STAGES=5 -DPHASE1_UNROLL=4 -DPRELOAD_MODE=0 -DSTAGGER_CYCLES=100 -DSTS_WIDTH=32 -DTMA_RESIDUAL=1 ... 1.473 ms / 2974 TFLOPS  (243 regs, 1.7s)
[12/36] -DBATCH_EPILOGUE=1 -DINTERLEAVE_STRATEGY=1 -DN_STAGES=5 -DPHASE1_UNROLL=4 -DPRELOAD_MODE=0 -DSTAGGER_CYCLES=100 -DSTS_WIDTH=32 -DTMA_RESIDUAL=2 ... 1.484 ms / 2952 TFLOPS  (244 regs, 1.8s)
[13/36] -DBATCH_EPILOGUE=1 -DINTERLEAVE_STRATEGY=1 -DN_STAGES=5 -DPHASE1_UNROLL=4 -DSTAGGER_CYCLES=100 -DSTS_WIDTH=32 ... 1.536 ms / 2852 TFLOPS  (255 regs, 1.7s)
[14/36] -DBATCH_EPILOGUE=1 -DINTERLEAVE_STRATEGY=1 -DN_STAGES=5 -DPHASE1_UNROLL=4 -DSTAGGER_CYCLES=100 -DSTS_WIDTH=32 -DTMA_RESIDUAL=1 ... 1.474 ms / 2971 TFLOPS  (243 regs, 1.8s)
[15/36] -DBATCH_EPILOGUE=1 -DINTERLEAVE_STRATEGY=1 -DN_STAGES=5 -DPHASE1_UNROLL=4 -DSTAGGER_CYCLES=100 -DSTS_WIDTH=32 -DTMA_RESIDUAL=2 ... 1.482 ms / 2955 TFLOPS  (244 regs, 1.8s)
[16/36] -DBATCH_EPILOGUE=1 -DINTERLEAVE_STRATEGY=1 -DN_STAGES=5 -DPHASE1_UNROLL=4 -DPRELOAD_MODE=2 -DSTAGGER_CYCLES=100 -DSTS_WIDTH=32 ... 1.528 ms / 2866 TFLOPS  (255 regs, 1.7s)
[17/36] -DBATCH_EPILOGUE=1 -DINTERLEAVE_STRATEGY=1 -DN_STAGES=5 -DPHASE1_UNROLL=4 -DPRELOAD_MODE=2 -DSTAGGER_CYCLES=100 -DSTS_WIDTH=32 -DTMA_RESIDUAL=1 ... 1.472 ms / 2975 TFLOPS  (243 regs, 1.8s)
[18/36] -DBATCH_EPILOGUE=1 -DINTERLEAVE_STRATEGY=1 -DN_STAGES=5 -DPHASE1_UNROLL=4 -DPRELOAD_MODE=2 -DSTAGGER_CYCLES=100 -DSTS_WIDTH=32 -DTMA_RESIDUAL=2 ... 1.483 ms / 2953 TFLOPS  (244 regs, 1.7s)
[19/36] -DBATCH_EPILOGUE=1 -DN_STAGES=5 -DPHASE1_UNROLL=4 -DPRELOAD_MODE=0 -DSTAGGER_CYCLES=100 -DSTS_WIDTH=32 ... 1.533 ms / 2857 TFLOPS  (255 regs, 1.7s)
[20/36] -DBATCH_EPILOGUE=1 -DN_STAGES=5 -DPHASE1_UNROLL=4 -DPRELOAD_MODE=0 -DSTAGGER_CYCLES=100 -DSTS_WIDTH=32 -DTMA_RESIDUAL=1 ... 1.493 ms / 2934 TFLOPS  (249 regs, 1.8s)
[21/36] -DBATCH_EPILOGUE=1 -DN_STAGES=5 -DPHASE1_UNROLL=4 -DPRELOAD_MODE=0 -DSTAGGER_CYCLES=100 -DSTS_WIDTH=32 -DTMA_RESIDUAL=2 ... 1.515 ms / 2890 TFLOPS  (248 regs, 1.7s)
[22/36] -DBATCH_EPILOGUE=1 -DN_STAGES=5 -DPHASE1_UNROLL=4 -DSTAGGER_CYCLES=100 -DSTS_WIDTH=32 ... 1.528 ms / 2867 TFLOPS  (255 regs, 1.7s)
[23/36] -DBATCH_EPILOGUE=1 -DN_STAGES=5 -DPHASE1_UNROLL=4 -DSTAGGER_CYCLES=100 -DSTS_WIDTH=32 -DTMA_RESIDUAL=1 ... 1.494 ms / 2932 TFLOPS  (249 regs, 1.8s)
[24/36] -DBATCH_EPILOGUE=1 -DN_STAGES=5 -DPHASE1_UNROLL=4 -DSTAGGER_CYCLES=100 -DSTS_WIDTH=32 -DTMA_RESIDUAL=2 ... 1.515 ms / 2891 TFLOPS  (248 regs, 1.8s)
[25/36] -DBATCH_EPILOGUE=1 -DN_STAGES=5 -DPHASE1_UNROLL=4 -DPRELOAD_MODE=2 -DSTAGGER_CYCLES=100 -DSTS_WIDTH=32 ... 1.518 ms / 2886 TFLOPS  (255 regs, 1.7s)
[26/36] -DBATCH_EPILOGUE=1 -DN_STAGES=5 -DPHASE1_UNROLL=4 -DPRELOAD_MODE=2 -DSTAGGER_CYCLES=100 -DSTS_WIDTH=32 -DTMA_RESIDUAL=1 ... 1.496 ms / 2927 TFLOPS  (249 regs, 1.8s)
[27/36] -DBATCH_EPILOGUE=1 -DN_STAGES=5 -DPHASE1_UNROLL=4 -DPRELOAD_MODE=2 -DSTAGGER_CYCLES=100 -DSTS_WIDTH=32 -DTMA_RESIDUAL=2 ... 1.514 ms / 2892 TFLOPS  (248 regs, 1.7s)
[28/36] -DBATCH_EPILOGUE=1 -DINTERLEAVE_STRATEGY=3 -DN_STAGES=5 -DPHASE1_UNROLL=4 -DPRELOAD_MODE=0 -DSTAGGER_CYCLES=100 -DSTS_WIDTH=32 ... 1.539 ms / 2846 TFLOPS  (255 regs, 1.7s)
[29/36] -DBATCH_EPILOGUE=1 -DINTERLEAVE_STRATEGY=3 -DN_STAGES=5 -DPHASE1_UNROLL=4 -DPRELOAD_MODE=0 -DSTAGGER_CYCLES=100 -DSTS_WIDTH=32 -DTMA_RESIDUAL=1 ... 1.494 ms / 2932 TFLOPS  (249 regs, 1.7s)
[30/36] -DBATCH_EPILOGUE=1 -DINTERLEAVE_STRATEGY=3 -DN_STAGES=5 -DPHASE1_UNROLL=4 -DPRELOAD_MODE=0 -DSTAGGER_CYCLES=100 -DSTS_WIDTH=32 -DTMA_RESIDUAL=2 ... 1.515 ms / 2891 TFLOPS  (248 regs, 1.7s)
[31/36] -DBATCH_EPILOGUE=1 -DINTERLEAVE_STRATEGY=3 -DN_STAGES=5 -DPHASE1_UNROLL=4 -DSTAGGER_CYCLES=100 -DSTS_WIDTH=32 ... 1.539 ms / 2846 TFLOPS  (255 regs, 1.7s)
[32/36] -DBATCH_EPILOGUE=1 -DINTERLEAVE_STRATEGY=3 -DN_STAGES=5 -DPHASE1_UNROLL=4 -DSTAGGER_CYCLES=100 -DSTS_WIDTH=32 -DTMA_RESIDUAL=1 ... 1.495 ms / 2931 TFLOPS  (249 regs, 1.7s)
[33/36] -DBATCH_EPILOGUE=1 -DINTERLEAVE_STRATEGY=3 -DN_STAGES=5 -DPHASE1_UNROLL=4 -DSTAGGER_CYCLES=100 -DSTS_WIDTH=32 -DTMA_RESIDUAL=2 ... 1.517 ms / 2887 TFLOPS  (248 regs, 1.7s)
[34/36] -DBATCH_EPILOGUE=1 -DINTERLEAVE_STRATEGY=3 -DN_STAGES=5 -DPHASE1_UNROLL=4 -DPRELOAD_MODE=2 -DSTAGGER_CYCLES=100 -DSTS_WIDTH=32 ... 1.532 ms / 2859 TFLOPS  (255 regs, 1.7s)
[35/36] -DBATCH_EPILOGUE=1 -DINTERLEAVE_STRATEGY=3 -DN_STAGES=5 -DPHASE1_UNROLL=4 -DPRELOAD_MODE=2 -DSTAGGER_CYCLES=100 -DSTS_WIDTH=32 -DTMA_RESIDUAL=1 ... 1.495 ms / 2930 TFLOPS  (249 regs, 1.8s)
[36/36] -DBATCH_EPILOGUE=1 -DINTERLEAVE_STRATEGY=3 -DN_STAGES=5 -DPHASE1_UNROLL=4 -DPRELOAD_MODE=2 -DSTAGGER_CYCLES=100 -DSTS_WIDTH=32 -DTMA_RESIDUAL=2 ... 1.514 ms / 2892 TFLOPS  (248 regs, 1.8s)
  η²: TMA_RESIDUAL=0.744, PRELOAD_MODE=0.007, INTERLEAVE_STRATEGY=0.157
  Best: -DBATCH_EPILOGUE=1 -DINTERLEAVE_STRATEGY=1 -DN_STAGES=5 -DPHASE1_UNROLL=4 -DPRELOAD_MODE=2 -DSTAGGER_CYCLES=100 -DSTS_WIDTH=32 -DTMA_RESIDUAL=1 → 1.472 ms / 2975 TFLOPS

=== Interaction: reg_pressure — skipped (noise params: TMEM_LOAD_WIDTH) ===

=== Interaction: unroll_batch (PHASE1_UNROLL, BATCH_EPILOGUE) ===
Sweep: 6 total, 3 valid, 3 pruned
Estimated time: ~0 min (3 configs × ~5s each)

[1/3] -DBATCH_EPILOGUE=1 -DINTERLEAVE_STRATEGY=1 -DN_STAGES=5 -DPHASE1_UNROLL=1 -DPRELOAD_MODE=2 -DSTAGGER_CYCLES=100 -DSTS_WIDTH=32 -DTMA_RESIDUAL=1 ... 1.480 ms / 2960 TFLOPS  (226 regs, 1.7s)
[2/3] -DBATCH_EPILOGUE=1 -DINTERLEAVE_STRATEGY=1 -DN_STAGES=5 -DPRELOAD_MODE=2 -DSTAGGER_CYCLES=100 -DSTS_WIDTH=32 -DTMA_RESIDUAL=1 ... 1.474 ms / 2971 TFLOPS  (255 regs, 1.7s)
[3/3] -DBATCH_EPILOGUE=1 -DINTERLEAVE_STRATEGY=1 -DN_STAGES=5 -DPHASE1_UNROLL=4 -DPRELOAD_MODE=2 -DSTAGGER_CYCLES=100 -DSTS_WIDTH=32 -DTMA_RESIDUAL=1 ... 1.475 ms / 2969 TFLOPS  (243 regs, 1.7s)
  η²: PHASE1_UNROLL=1.000
  Best: -DBATCH_EPILOGUE=1 -DINTERLEAVE_STRATEGY=1 -DN_STAGES=5 -DPRELOAD_MODE=2 -DSTAGGER_CYCLES=100 -DSTS_WIDTH=32 -DTMA_RESIDUAL=1 → 1.474 ms / 2971 TFLOPS

=== Interaction: store_batch (STORE_TIMING, BATCH_EPILOGUE) ===
Sweep: 4 total, 2 valid, 2 pruned
Estimated time: ~0 min (2 configs × ~5s each)

[1/2] -DBATCH_EPILOGUE=1 -DINTERLEAVE_STRATEGY=1 -DN_STAGES=5 -DPHASE1_UNROLL=4 -DPRELOAD_MODE=2 -DSTAGGER_CYCLES=100 -DSTS_WIDTH=32 -DTMA_RESIDUAL=1 ... 1.473 ms / 2973 TFLOPS  (243 regs, 1.8s)
[2/2] -DBATCH_EPILOGUE=1 -DN_STAGES=5 -DPHASE1_UNROLL=4 -DPRELOAD_MODE=2 -DSTAGGER_CYCLES=100 -DSTORE_TIMING=1 -DSTS_WIDTH=32 -DTMA_RESIDUAL=1 ... 1.495 ms / 2930 TFLOPS  (249 regs, 1.7s)
  Best: -DBATCH_EPILOGUE=1 -DINTERLEAVE_STRATEGY=1 -DN_STAGES=5 -DPHASE1_UNROLL=4 -DPRELOAD_MODE=2 -DSTAGGER_CYCLES=100 -DSTS_WIDTH=32 -DTMA_RESIDUAL=1 → 1.473 ms / 2973 TFLOPS

=== Interaction: prefetch_store — skipped (noise params: PREFETCH_BEFORE_STORE) ===

=== Interaction: loop_store (EPILOGUE_LOOP, STORE_TIMING) ===
Sweep: 4 total, 2 valid, 2 pruned
Estimated time: ~0 min (2 configs × ~5s each)

[1/2] -DBATCH_EPILOGUE=1 -DINTERLEAVE_STRATEGY=1 -DN_STAGES=5 -DPHASE1_UNROLL=4 -DPRELOAD_MODE=2 -DSTAGGER_CYCLES=100 -DSTS_WIDTH=32 -DTMA_RESIDUAL=1 ... 1.474 ms / 2972 TFLOPS  (243 regs, 1.7s)
[2/2] -DBATCH_EPILOGUE=1 -DN_STAGES=5 -DPHASE1_UNROLL=4 -DPRELOAD_MODE=2 -DSTAGGER_CYCLES=100 -DSTORE_TIMING=1 -DSTS_WIDTH=32 -DTMA_RESIDUAL=1 ... 1.494 ms / 2932 TFLOPS  (249 regs, 1.8s)
  Best: -DBATCH_EPILOGUE=1 -DINTERLEAVE_STRATEGY=1 -DN_STAGES=5 -DPHASE1_UNROLL=4 -DPRELOAD_MODE=2 -DSTAGGER_CYCLES=100 -DSTS_WIDTH=32 -DTMA_RESIDUAL=1 → 1.474 ms / 2972 TFLOPS

=== Interaction: sts_batch (STS_WIDTH, BATCH_EPILOGUE) ===
Sweep: 4 total, 3 valid, 1 pruned
Estimated time: ~0 min (3 configs × ~5s each)

[1/3] -DINTERLEAVE_STRATEGY=1 -DN_STAGES=5 -DPHASE1_UNROLL=4 -DPRELOAD_MODE=2 -DSTAGGER_CYCLES=100 -DTMA_RESIDUAL=1 ... 1.473 ms / 2974 TFLOPS  (243 regs, 1.8s)
[2/3] -DBATCH_EPILOGUE=1 -DINTERLEAVE_STRATEGY=1 -DN_STAGES=5 -DPHASE1_UNROLL=4 -DPRELOAD_MODE=2 -DSTAGGER_CYCLES=100 -DTMA_RESIDUAL=1 ... 1.475 ms / 2970 TFLOPS  (243 regs, 1.8s)
[3/3] -DBATCH_EPILOGUE=1 -DINTERLEAVE_STRATEGY=1 -DN_STAGES=5 -DPHASE1_UNROLL=4 -DPRELOAD_MODE=2 -DSTAGGER_CYCLES=100 -DSTS_WIDTH=32 -DTMA_RESIDUAL=1 ... 1.472 ms / 2976 TFLOPS  (243 regs, 1.8s)
  η²: STS_WIDTH=0.571, BATCH_EPILOGUE=0.036
  Best: -DBATCH_EPILOGUE=1 -DINTERLEAVE_STRATEGY=1 -DN_STAGES=5 -DPHASE1_UNROLL=4 -DPRELOAD_MODE=2 -DSTAGGER_CYCLES=100 -DSTS_WIDTH=32 -DTMA_RESIDUAL=1 → 1.472 ms / 2976 TFLOPS

=== Interaction: sync_stagger — skipped (noise params: STAGGER_CYCLES) ===

=== Interaction: passes_residual (NUM_PASSES_PARAM, TMA_RESIDUAL) ===
Sweep: 6 total, 5 valid, 1 pruned
Estimated time: ~0 min (5 configs × ~5s each)

[1/5] -DBATCH_EPILOGUE=1 -DINTERLEAVE_STRATEGY=1 -DN_STAGES=5 -DPHASE1_UNROLL=4 -DPRELOAD_MODE=2 -DSTAGGER_CYCLES=100 -DSTS_WIDTH=32 ... 1.531 ms / 2861 TFLOPS  (255 regs, 1.7s)
[2/5] -DBATCH_EPILOGUE=1 -DINTERLEAVE_STRATEGY=1 -DN_STAGES=5 -DPHASE1_UNROLL=4 -DPRELOAD_MODE=2 -DSTAGGER_CYCLES=100 -DSTS_WIDTH=32 -DTMA_RESIDUAL=1 ... 1.474 ms / 2972 TFLOPS  (243 regs, 1.7s)
[3/5] -DBATCH_EPILOGUE=1 -DINTERLEAVE_STRATEGY=1 -DN_STAGES=5 -DPHASE1_UNROLL=4 -DPRELOAD_MODE=2 -DSTAGGER_CYCLES=100 -DSTS_WIDTH=32 -DTMA_RESIDUAL=2 ... 1.482 ms / 2955 TFLOPS  (244 regs, 1.8s)
[4/5] -DBATCH_EPILOGUE=1 -DINTERLEAVE_STRATEGY=1 -DNUM_PASSES_PARAM=4 -DN_STAGES=5 -DPHASE1_UNROLL=4 -DPRELOAD_MODE=2 -DSTAGGER_CYCLES=100 -DSTS_WIDTH=32 -DTMA_RESIDUAL=1 ... 1.506 ms / 2907 TFLOPS  (250 regs, 1.7s)
[5/5] -DBATCH_EPILOGUE=1 -DINTERLEAVE_STRATEGY=1 -DNUM_PASSES_PARAM=4 -DN_STAGES=5 -DPHASE1_UNROLL=4 -DPRELOAD_MODE=2 -DSTAGGER_CYCLES=100 -DSTS_WIDTH=32 -DTMA_RESIDUAL=2 ... 1.504 ms / 2913 TFLOPS  (254 regs, 1.6s)
  η²: NUM_PASSES_PARAM=0.052, TMA_RESIDUAL=0.625
  Best: -DBATCH_EPILOGUE=1 -DINTERLEAVE_STRATEGY=1 -DN_STAGES=5 -DPHASE1_UNROLL=4 -DPRELOAD_MODE=2 -DSTAGGER_CYCLES=100 -DSTS_WIDTH=32 -DTMA_RESIDUAL=1 → 1.474 ms / 2972 TFLOPS

Top-locked params: INTERLEAVE_STRATEGY=1, N_STAGES=5, STORE_TIMING=0

@@GRID_WINNER -DBATCH_EPILOGUE=1 -DINTERLEAVE_STRATEGY=1 -DN_STAGES=5 -DPHASE1_UNROLL=4 -DPRELOAD_MODE=2 -DSTAGGER_CYCLES=100 -DSTS_WIDTH=32 -DTMA_RESIDUAL=1

================================================================================
RESULTS (sorted by ms)
================================================================================
  #  STG  EPI  INTER  MBAR  TMEM  STAG  PH1U  SNAKE  FUSE  KLU  W0U  SMU  PRLD  PFBS  GELU  TMAR  BTCH  GVW  STIM  ELOP  STSW  ESYN  NPP  REGS     SMEM       MS   TFLOPS  STATUS
---------------------------------------------------------------------------------------------------------------------------------------------------------------------------------
  1    5    4      1     0    32   100     4      1     1    5    0    0     2     0     0     1     1   32     0     0    32     0    0   243   225.0K    1.471     2978  BEST
  2    5    4      1     0    32   100     4      1     1    5    0    0     0     0     0     1     1   32     0     0    32     0    0   243   225.0K    1.472     2975  OK
  3    5    4      1     0    32   100     4      1     1    5    0    0     2     0     0     1     1   32     0     0    32     0    0   243   225.0K    1.472     2975  OK
  4    5    4      1     0    32   100     4      1     1    5    0    0     2     0     0     1     1   32     0     0    32     0    0   243   225.0K    1.472     2976  OK
  5    5    4      1     0    32   100     2      1     1    5    0    0     1     0     0     1     0   32     0     0    16     0    0   255   225.0K    1.473     2973  OK
  6    5    4      1     0    32   100     2      1     1    5    0    0     2     0     0     1     0   32     0     0    16     0    0   255   225.0K    1.473     2974  OK
  7    5    4      1     0    32   100     2      1     1    5    0    0     0     0     0     1     1   32     0     0    32     0    0   255   225.0K    1.473     2973  OK
  8    5    4      1     0    32   100     2      1     1    5    0    0     1     0     0     1     1   32     0     0    16     0    0   255   225.0K    1.473     2973  OK
  9    5    4      1     0    32   100     2      1     1    5    0    0     1     0     0     1     1   32     0     0    32     0    0   255   225.0K    1.473     2974  OK
 10    5    4      1     0    32   100     4      1     1    5    0    0     1     0     0     1     0   32     0     0    16     0    0   243   225.0K    1.473     2973  OK
 11    5    4      1     0    32   100     4      1     1    5    0    0     2     0     0     1     0   32     0     0    16     0    0   243   225.0K    1.473     2973  OK
 12    5    4      1     0    32   100     4      1     1    5    0    0     0     0     0     1     1   32     0     0    16     0    0   243   225.0K    1.473     2974  OK
 13    5    4      1     0    32   100     4      1     1    5    0    0     2     0     0     1     1   32     0     0    32     0    0   243   225.0K    1.473     2973  OK
 14    5    4      1     0    32   100     4      1     1    5    0    0     1     0     0     1     1   32     0     0    32     0    0   243   225.0K    1.473     2974  OK
 15    5    4      1     0    32   100     4      1     1    5    0    0     0     0     0     1     1   32     0     0    32     0    0   243   225.0K    1.473     2974  OK
 16    5    4      1     0    32   100     4      1     1    5    0    0     2     0     0     1     1   32     0     0    32     0    0   243   225.0K    1.473     2973  OK
 17    5    4      1     0    32   100     4      1     1    5    0    0     2     0     0     1     0   32     0     0    16     0    0   243   225.0K    1.473     2974  OK
 18    5    4      1     0    32   100     4      1     1    5    0    0     1     0     0     1     0   32     0     0    16     0    0   243   225.0K    1.474     2971  OK
 19    5    4      1     0    32   100     2      1     1    5    0    0     1     0     0     1     0   32     0     0    16     0    0   255   225.0K    1.474     2971  OK
 20    5    4      1     0    32   100     2      1     1    5    0    0     0     0     0     1     1   32     0     0    16     0    0   255   225.0K    1.474     2972  OK
 21    5    4      1     0    32   100     2      1     1    5    0    0     2     0     0     1     1   32     0     0    32     0    0   255   225.0K    1.474     2972  OK
 22    5    4      1     0    32   100     4      1     1    5    0    0     0     0     0     1     0   32     0     0    16     0    0   243   225.0K    1.474     2971  OK
 23    5    4      1     0    32   100     4      1     1    5    0    0     1     0     0     1     1   32     0     0    16     0    0   243   225.0K    1.474     2971  OK
 24    5    4      1     0    32   100     4      1     1    5    0    0     1     0     0     1     1   32     0     0    32     0    0   243   225.0K    1.474     2972  OK
 25    5    4      1     0    32   100     4      1     1    5    0    0     2     0     0     1     1   32     0     0    16     0    0   243   225.0K    1.474     2973  OK
 26    5    4      1     0    32   100     2      1     1    5    0    0     0     0     0     1     1   32     0     0    32     0    0   255   225.0K    1.474     2971  OK
 27    5    4      1     0    32   100     4      1     1    5    0    0     2     0     0     1     1   32     0     0    32     0    0   243   225.0K    1.474     2972  OK
 28    5    4      1     0    32   100     4      1     1    5    0    0     1     0     0     1     1   32     0     0    32     0    0   243   225.0K    1.474     2971  OK
 29    5    4      1     0    32   100     2      1     1    5    0    0     2     0     0     1     1   32     0     0    32     0    0   255   225.0K    1.474     2971  OK
 30    5    4      1     0    32   100     4      1     1    5    0    0     2     0     0     1     1   32     0     0    32     0    0   243   225.0K    1.474     2972  OK
 31    5    4      1     0    32   100     4      1     1    5    0    0     2     0     0     1     1   32     0     0    32     0    0   243   225.0K    1.474     2972  OK
 32    5    4      1     0    32   100     2      1     1    5    0    0     0     0     0     1     0   32     0     0    16     0    0   255   225.0K    1.475     2970  OK
 33    5    4      1     0    32   100     2      1     1    5    0    0     2     0     0     1     1   32     0     0    16     0    0   255   225.0K    1.475     2970  OK
 34    5    4      1     0    32   100     4      1     1    5    0    0     0     0     0     1     1   32     0     0    32     0    0   243   225.0K    1.475     2970  OK
 35    5    4      1     0    32   100     2      1     1    5    0    0     2     0     0     1     0   32     0     0    16     0    0   255   225.0K    1.475     2969  OK
 36    5    4      1     0    32   100     4      1     1    5    0    0     2     0     0     1     1   32     0     0    32     0    0   243   225.0K    1.475     2969  OK
 37    5    4      1     0    32   100     4      1     1    5    0    0     2     0     0     1     1   32     0     0    16     0    0   243   225.0K    1.475     2970  OK
 38    5    4      1     0    32   100     1      1     1    5    0    0     1     0     0     1     0   32     0     0    16     0    0   226   225.0K    1.476     2967  OK
 39    5    4      1     0    32   100     1      1     1    5    0    0     2     0     0     1     0   32     0     0    16     0    0   226   225.0K    1.478     2964  OK
 40    5    4      1     0    32   100     1      1     1    5    0    0     0     0     0     1     1   32     0     0    16     0    0   226   225.0K    1.478     2963  OK
 41    5    4      1     0    32   100     1      1     1    5    0    0     0     0     0     1     1   32     0     0    32     0    0   226   225.0K    1.478     2963  OK
 42    5    4      1     0    32   100     1      1     1    5    0    0     1     0     0     1     1   32     0     0    32     0    0   226   225.0K    1.478     2963  OK
 43    5    4      1     0    32   100     1      1     1    5    0    0     2     0     0     1     1   32     0     0    16     0    0   226   225.0K    1.478     2963  OK
 44    5    4      1     0    32   100     1      1     1    5    0    0     1     0     0     1     0   32     0     0    16     0    0   226   225.0K    1.479     2962  OK
 45    5    4      1     0    32   100     1      1     1    5    0    0     0     0     0     1     0   32     0     0    16     0    0   226   225.0K    1.479     2962  OK
 46    5    4      1     0    32   100     1      1     1    5    0    0     2     0     0     1     1   32     0     0    32     0    0   226   225.0K    1.479     2962  OK
 47    5    4      1     0    32   100     1      1     1    5    0    0     2     0     0     1     1   32     0     0    32     0    0   226   225.0K    1.480     2960  OK
 48    5    4      1     0    32   100     2      1     1    5    0    0     1     0     0     2     0   32     0     0    16     0    0   255   225.0K    1.481     2957  OK
 49    5    4      1     0    32   100     1      1     1    5    0    0     1     0     0     1     1   32     0     0    16     0    0   226   225.0K    1.482     2955  OK
 50    5    4      1     0    32   100     4      1     1    5    0    0     1     0     0     2     1   32     0     0    32     0    0   244   225.0K    1.482     2955  OK
 51    5    4      1     0    32   100     4      1     1    5    0    0     2     0     0     2     1   32     0     0    32     0    0   244   225.0K    1.482     2955  OK
 52    5    4      1     0    32   100     4      1     1    5    0    0     1     0     0     2     0   32     0     0    16     0    0   244   225.0K    1.483     2954  OK
 53    5    4      1     0    32   100     4      1     1    5    0    0     2     0     0     2     1   32     0     0    32     0    0   244   225.0K    1.483     2953  OK
 54    5    4      1     0    32   100     1      1     1    5    0    0     1     0     0     2     0   32     0     0    16     0    0   227   225.0K    1.484     2952  OK
 55    5    4      1     0    32   100     4      1     1    5    0    0     0     0     0     2     1   32     0     0    32     0    0   244   225.0K    1.484     2952  OK
 56    5    4      1     0    32   100     4      1     1    5    0    0     1     0     0     1     0   32     1     0    16     0    0   249   225.0K    1.492     2935  OK
 57    5    4      1     0    32   100     4      1     1    5    0    0     0     0     0     1     1   32     1     0    16     0    0   249   225.0K    1.492     2935  OK
 58    5    4      1     0    32   100     4      1     1    5    0    0     1     0     0     1     1   32     1     0    32     0    0   249   225.0K    1.492     2935  OK
 59    5    4      0     0    32   100     4      1     1    5    0    0     2     0     0     1     1   32     0     0    32     0    0   249   225.0K    1.492     2935  OK
 60    5    4      0     0    32   100     4      1     1    5    0    0     1     0     0     1     0   32     0     0    16     0    0   249   225.0K    1.493     2934  OK
 61    5    4      2     0    32   100     4      1     1    5    0    0     1     0     0     1     0   32     0     0    16     0    0   249   225.0K    1.493     2933  OK
 62    5    4      1     0    32   100     2      1     1    5    0    0     1     0     0     1     0   32     1     0    16     0    0   255   225.0K    1.493     2935  OK
 63    5    4      1     0    32   100     4      1     1    5    0    0     2     0     0     1     0   32     1     0    16     0    0   249   225.0K    1.493     2934  OK
 64    5    4      1     0    32   100     4      1     1    5    0    0     0     0     0     1     1   32     1     0    32     0    0   249   225.0K    1.493     2933  OK
 65    5    4      2     0    32   100     4      1     1    5    0    0     1     0     0     1     1   32     0     0    32     0    0   249   225.0K    1.493     2933  OK
 66    5    4      2     0    32   100     4      1     1    5    0    0     2     0     0     1     1   32     0     0    32     0    0   249   225.0K    1.493     2934  OK
 67    5    4      3     0    32   100     4      1     1    5    0    0     0     0     0     1     1   32     0     0    32     0    0   249   225.0K    1.493     2933  OK
 68    5    4      0     0    32   100     4      1     1    5    0    0     0     0     0     1     1   32     0     0    32     0    0   249   225.0K    1.493     2934  OK
 69    5    4      0     0    32   100     4      1     1    5    0    0     1     0     0     1     1   32     0     0    32     0    0   249   225.0K    1.493     2933  OK
 70    5    4      2     0    32   100     4      1     1    5    0    0     0     0     0     1     1   32     0     0    32     0    0   249   225.0K    1.493     2934  OK
 71    5    4      2     0    32   100     2      1     1    5    0    0     1     0     0     1     0   32     0     0    16     0    0   255   225.0K    1.494     2932  OK
 72    5    4      0     0    32   100     2      1     1    5    0    0     1     0     0     1     0   32     0     0    16     0    0   255   225.0K    1.494     2931  OK
 73    5    4      3     0    32   100     4      1     1    5    0    0     1     0     0     1     0   32     0     0    16     0    0   249   225.0K    1.494     2932  OK
 74    5    4      1     0    32   100     2      1     1    5    0    0     0     0     0     1     1   32     1     0    16     0    0   255   225.0K    1.494     2932  OK
 75    5    4      1     0    32   100     2      1     1    5    0    0     1     0     0     1     1   32     1     0    16     0    0   255   225.0K    1.494     2932  OK
 76    5    4      1     0    32   100     4      1     1    5    0    0     0     0     0     1     0   32     1     0    16     0    0   249   225.0K    1.494     2932  OK
 77    5    4      0     0    32   100     4      1     1    5    0    0     0     0     0     1     1   32     0     0    32     0    0   249   225.0K    1.494     2931  OK
 78    5    4      0     0    32   100     4      1     1    5    0    0     1     0     0     1     1   32     0     0    32     0    0   249   225.0K    1.494     2933  OK
 79    5    4      3     0    32   100     4      1     1    5    0    0     1     0     0     1     1   32     0     0    32     0    0   249   225.0K    1.494     2932  OK
 80    5    4      0     0    32   100     4      1     1    5    0    0     2     0     0     1     1   32     0     0    32     0    0   249   225.0K    1.494     2932  OK
 81    5    4      2     0    32   100     4      1     1    5    0    0     1     0     0     1     1   32     0     0    32     0    0   249   225.0K    1.494     2932  OK
 82    5    4      3     0    32   100     4      1     1    5    0    0     0     0     0     1     1   32     0     0    32     0    0   249   225.0K    1.494     2932  OK
 83    5    4      1     0    32   100     4      1     1    5    0    0     2     0     0     1     1   32     1     0    32     0    0   249   225.0K    1.494     2932  OK
 84    5    4      3     0    32   100     1      1     1    5    0    0     1     0     0     1     0   32     0     0    16     0    0   226   225.0K    1.495     2929  OK
 85    5    4      1     0    32   100     2      1     1    5    0    0     0     0     0     1     0   32     1     0    16     0    0   255   225.0K    1.495     2931  OK
 86    5    4      1     0    32   100     2      1     1    5    0    0     2     0     0     1     0   32     1     0    16     0    0   255   225.0K    1.495     2929  OK
 87    5    4      1     0    32   100     2      1     1    5    0    0     1     0     0     1     1   32     1     0    32     0    0   255   225.0K    1.495     2929  OK
 88    5    4      1     0    32   100     2      1     1    5    0    0     2     0     0     1     1   32     1     0    16     0    0   255   225.0K    1.495     2930  OK
 89    5    4      2     0    32   100     4      1     1    5    0    0     0     0     0     1     1   32     0     0    32     0    0   249   225.0K    1.495     2930  OK
 90    5    4      3     0    32   100     4      1     1    5    0    0     1     0     0     1     1   32     0     0    32     0    0   249   225.0K    1.495     2931  OK
 91    5    4      3     0    32   100     4      1     1    5    0    0     2     0     0     1     1   32     0     0    32     0    0   249   225.0K    1.495     2930  OK
 92    5    4      1     0    32   100     4      1     1    5    0    0     2     0     0     1     1   32     1     0    32     0    0   249   225.0K    1.495     2930  OK
 93    5    4      0     0    32   100     1      1     1    5    0    0     1     0     0     1     0   32     0     0    16     0    0   224   225.0K    1.496     2928  OK
 94    5    4      2     0    32   100     1      1     1    5    0    0     1     0     0     1     0   32     0     0    16     0    0   226   225.0K    1.496     2928  OK
 95    5    4      1     0    32   100     2      1     1    5    0    0     0     0     0     1     1   32     1     0    32     0    0   255   225.0K    1.496     2929  OK
 96    5    4      1     0    32   100     4      1     1    5    0    0     1     0     0     1     1   32     1     0    16     0    0   249   225.0K    1.496     2927  OK
 97    5    4      1     0    32   100     4      1     1    5    0    0     2     0     0     1     1   32     1     0    16     0    0   249   225.0K    1.496     2927  OK
 98    5    4      1     0    32   100     4      1     1    5    0    0     2     0     0     1     1   32     1     0    32     0    0   249   225.0K    1.496     2928  OK
 99    5    4      1     0    32   100     1      1     1    5    0    0     1     0     0     1     0   32     1     0    16     0    0   224   225.0K    1.496     2928  OK
100    5    4      3     0    32   100     4      1     1    5    0    0     2     0     0     1     1   32     0     0    32     0    0   249   225.0K    1.496     2928  OK
101    5    4      2     0    32   100     4      1     1    5    0    0     2     0     0     1     1   32     0     0    32     0    0   249   225.0K    1.496     2927  OK
102    5    4      3     0    32   100     2      1     1    5    0    0     1     0     0     1     0   32     0     0    16     0    0   255   225.0K    1.497     2926  OK
103    5    4      1     0    32   100     2      1     1    5    0    0     2     0     0     1     1   32     1     0    32     0    0   255   225.0K    1.497     2926  OK
104    5    4      1     0    32   100     1      1     1    5    0    0     2     0     0     1     0   32     1     0    16     0    0   224   225.0K    1.497     2926  OK
105    5    4      1     0    32   100     1      1     1    5    0    0     2     0     0     1     1   32     1     0    32     0    0   224   225.0K    1.497     2926  OK
106    5    4      2     0    32   100     2      1     1    5    0    0     1     0     0     1     0   32     0     0    16     0    0   255   225.0K    1.498     2924  OK
107    5    4      1     0    32   100     1      1     1    5    0    0     0     0     0     1     0   32     1     0    16     0    0   224   225.0K    1.498     2923  OK
108    5    4      1     0    32   100     1      1     1    5    0    0     0     0     0     1     1   32     1     0    32     0    0   224   225.0K    1.498     2924  OK
109    5    4      1     0    32   100     1      1     1    5    0    0     1     0     0     1     1   32     1     0    16     0    0   224   225.0K    1.498     2924  OK
110    5    4      1     0    32   100     1      1     1    5    0    0     2     0     0     1     1   32     1     0    16     0    0   224   225.0K    1.499     2921  OK
111    5    4      1     0    32   100     1      1     1    5    0    0     1     0     0     1     1   32     1     0    32     0    0   224   225.0K    1.500     2919  OK
112    5    4      1     0    32   100     1      1     1    5    0    0     0     0     0     1     1   32     1     0    16     0    0   224   225.0K    1.503     2914  OK
113    5    4      1     0    32   100     4      1     1    5    0    0     2     0     0     2     1   32     0     0    32     0    4   254   225.0K    1.504     2913  OK
114    5    4      1     0    32   100     4      1     1    5    0    0     2     0     0     1     1   32     0     0    32     0    4   250   225.0K    1.506     2907  OK
115    5    4      2     0    32   100     1      1     1    5    0    0     1     0     0     2     0   32     0     0    16     0    0   227   225.0K    1.508     2904  OK
116    5    4      2     0    32   100     2      1     1    5    0    0     1     0     0     2     0   32     0     0    16     0    0   255   225.0K    1.509     2903  OK
117    5    4      1     0    32   100     4      1     1    5    0    0     2     0     0     1     1   32     0     0    32     0    4   250   225.0K    1.509     2904  OK
118    5    4      1     0    32   100     2      1     1    5    0    0     2     0     0     1     0   32     0     0    16     0    4   255   225.0K    1.509     2903  OK
119    5    4      1     0    32   100     2      1     1    5    0    0     0     0     0     1     1   32     0     0    32     0    4   255   225.0K    1.509     2904  OK
120    5    4      3     0    32   100     1      1     1    5    0    0     1     0     0     2     0   32     0     0    16     0    0   227   225.0K    1.510     2900  OK
121    5    4      2     0    32   100     2      1     1    5    0    0     1     0     0     2     0   32     0     0    16     0    0   255   225.0K    1.511     2899  OK
122    5    4      2     0    32   100     2      1     1    8    0    0     1     0     0     1     0   32     0     0    16     0    0   212   225.0K    1.511     2899  OK
123    5    4      0     0    32   100     1      1     1    5    0    0     1     0     0     2     0   32     0     0    16     0    0   226   225.0K    1.512     2897  OK
124    5    4      0     0    32   100     2      1     1    5    0    0     1     0     0     2     0   32     0     0    16     0    0   255   225.0K    1.512     2896  OK
125    5    4      3     0    32   100     2      1     1    5    0    0     1     0     0     2     0   32     0     0    16     0    0   255   225.0K    1.512     2898  OK
126    5    4      2     0    32   100     2      1     1    6    0    0     1     0     0     1     0   32     0     0    16     0    0   212   225.0K    1.514     2893  OK
127    5    4      0     0    32   100     4      1     1    5    0    0     2     0     0     2     1   32     0     0    32     0    0   248   225.0K    1.514     2893  OK
128    5    4      2     0    32   100     4      1     1    5    0    0     2     0     0     2     1   32     0     0    32     0    0   248   225.0K    1.514     2892  OK
129    5    4      3     0    32   100     4      1     1    5    0    0     2     0     0     2     1   32     0     0    32     0    0   248   225.0K    1.514     2892  OK
130    5    4      2     0    32   100     4      1     1    5    0    0     1     0     0     2     0   32     0     0    16     0    0   248   225.0K    1.515     2892  OK
131    5    4      3     0    32   100     4      1     1    5    0    0     1     0     0     2     0   32     0     0    16     0    0   248   225.0K    1.515     2891  OK
132    5    4      2     0    32   100     4      1     1    5    0    0     0     0     0     2     1   32     0     0    32     0    0   248   225.0K    1.515     2890  OK
133    5    4      2     0    32   100     4      1     1    5    0    0     1     0     0     2     1   32     0     0    32     0    0   248   225.0K    1.515     2891  OK
134    5    4      3     0    32   100     4      1     1    5    0    0     0     0     0     2     1   32     0     0    32     0    0   248   225.0K    1.515     2891  OK
135    5    4      0     0    32   100     4      1     1    5    0    0     1     0     0     2     0   32     0     0    16     0    0   248   225.0K    1.516     2890  OK
136    5    4      0     0    32   100     4      1     1    5    0    0     0     0     0     2     1   32     0     0    32     0    0   248   225.0K    1.516     2890  OK
137    5    4      0     0    32   100     4      1     1    5    0    0     1     0     0     2     1   32     0     0    32     0    0   248   225.0K    1.516     2889  OK
138    5    4      3     0    32   100     4      1     1    5    0    0     1     0     0     2     1   32     0     0    32     0    0   248   225.0K    1.517     2887  OK
139    5    4      2     0    32   100     4      1     1    5    0    0     2     0     0     0     1   32     0     0    32     0    0   255   225.0K    1.518     2886  OK
140    5    4      2     0    32   100     2      1     1    5    0    0     1     0     0     0     0   32     0     0    16     0    0   255   225.0K    1.520     2882  OK
141    5    4      2     0    32   100     2      1     1    6    0    0     1     0     0     2     0   32     0     0    16     0    0   213   225.0K    1.525     2872  OK
142    5    4      2     0    32   100     2      1     1    2    0    0     1     0     0     1     0   32     0     0    16     0    0   212   225.0K    1.526     2870  OK
143    5    4      2     0    32   100     2      1     1    1    0    0     1     0     0     1     0   32     0     0    16     0    0   212   225.0K    1.527     2868  OK
144    5    4      0     0    32   100     4      1     1    5    0    0     2     0     0     0     1   32     0     0    32     0    0   255   225.0K    1.527     2869  OK
145    5    4      1     0    32   100     4      1     1    5    0    0     0     0     0     0     1   32     0     0    32     0    0   255   225.0K    1.528     2867  OK
146    5    4      1     0    32   100     4      1     1    5    0    0     2     0     0     0     1   32     0     0    32     0    0   255   225.0K    1.528     2866  OK
147    5    4      2     0    32   100     4      1     1    5    0    0     1     0     0     0     1   32     0     0    32     0    0   255   225.0K    1.528     2867  OK
148    5    4      1     0    32   100     4      1     1    5    0    0     2     0     0     0     1   32     0     0    32     0    0   255   225.0K    1.531     2861  OK
149    5    4      2     0    32   100     2      1     1    8    0    0     1     0     0     2     0   32     0     0    16     0    0   213   225.0K    1.532     2858  OK
150    5    4      3     0    32   100     4      1     1    5    0    0     2     0     0     0     1   32     0     0    32     0    0   255   225.0K    1.532     2859  OK
151    5    4      2     0    32   100     4      1     1    5    0    0     0     0     0     0     1   32     0     0    32     0    0   255   225.0K    1.533     2857  OK
152    5    4      2     0    32   100     2      1     1    2    0    0     1     0     0     2     0   32     0     0    16     0    0   213   225.0K    1.536     2851  OK
153    5    4      1     0    32   100     4      1     1    5    0    0     1     0     0     0     1   32     0     0    32     0    0   255   225.0K    1.536     2852  OK
154    5    4      3     0    32   100     4      1     1    5    0    0     0     0     0     0     1   32     0     0    32     0    0   255   225.0K    1.539     2846  OK
155    5    4      3     0    32   100     4      1     1    5    0    0     1     0     0     0     1   32     0     0    32     0    0   255   225.0K    1.539     2846  OK
156    5    4      2     0    32   100     2      1     1    1    0    0     1     0     0     2     0   32     0     0    16     0    0   213   225.0K    1.545     2835  OK
157    5    4      0     0    32   100     4      1     1    5    0    0     0     0     0     0     1   32     0     0    32     0    0   255   225.0K    1.547     2830  OK
158    5    4      0     0    32   100     4      1     1    5    0    0     1     0     0     0     1   32     0     0    32     0    0   255   225.0K    1.548     2829  OK
159    4    4      2     0    32   100     2      1     1    8    0    0     1     0     0     1     0   32     0     0    16     0    0   251   193.0K    1.639     2673  OK
160    4    4      2     0    32   100     2      1     1    4    0    0     1     0     0     1     0   32     0     0    16     0    0   250   193.0K    1.640     2670  OK
161    4    4      2     0    32   100     2      1     1    8    0    0     1     0     0     2     0   32     0     0    16     0    0   252   193.0K    1.643     2665  OK
162    4    4      2     0    32   100     2      1     1    6    0    0     1     0     0     1     0   32     0     0    16     0    0   207   193.0K    1.646     2662  OK
163    4    4      2     0    32   100     2      1     1    4    0    0     1     0     0     2     0   32     0     0    16     0    0   250   193.0K    1.647     2659  OK
164    4    4      2     0    32   100     2      1     1    6    0    0     1     0     0     2     0   32     0     0    16     0    0   208   193.0K    1.653     2649  OK
165    4    4      2     0    32   100     2      1     1    8    0    0     1     0     0     0     0   32     0     0    16     0    0   254   193.0K    1.655     2646  OK
166    4    4      2     0    32   100     2      1     1    1    0    0     1     0     0     1     0   32     0     0    16     0    0   207   193.0K    1.656     2645  OK
167    4    4      2     0    32   100     2      1     1    2    0    0     1     0     0     1     0   32     0     0    16     0    0   207   193.0K    1.657     2643  OK
168    4    4      2     0    32   100     2      1     1    4    0    0     1     0     0     0     0   32     0     0    16     0    0   255   193.0K    1.659     2640  OK
169    4    4      2     0    32   100     2      1     1    2    0    0     1     0     0     2     0   32     0     0    16     0    0   208   193.0K    1.661     2636  OK
170    4    4      2     0    32   100     2      1     1    1    0    0     1     0     0     2     0   32     0     0    16     0    0   208   193.0K    1.664     2632  OK
171    3    4      2     0    32   100     2      1     1    6    0    0     1     0     0     1     0   32     0     0    16     0    0   232   161.0K    1.964     2230  OK
172    3    4      2     0    32   100     2      1     1    3    0    0     1     0     0     1     0   32     0     0    16     0    0   232   161.0K    1.969     2225  OK
173    3    4      2     0    32   100     2      1     1    3    0    0     1     0     0     0     0   32     0     0    16     0    0   238   161.0K    1.977     2216  OK
174    3    4      2     0    32   100     2      1     1    6    0    0     1     0     0     0     0   32     0     0    16     0    0   240   161.0K    1.977     2216  OK
175    3    4      2     0    32   100     2      1     1    6    0    0     1     0     0     2     0   32     0     0    16     0    0   234   161.0K    1.978     2214  OK
176    3    4      2     0    32   100     2      1     1    3    0    0     1     0     0     2     0   32     0     0    16     0    0   232   161.0K    1.980     2212  OK
177    3    4      2     0    32   100     2      1     1    8    0    0     1     0     0     1     0   32     0     0    16     0    0   202   161.0K    1.986     2205  OK
178    3    4      2     0    32   100     2      1     1    2    0    0     1     0     0     1     0   32     0     0    16     0    0   202   161.0K    1.987     2204  OK
179    3    4      2     0    32   100     2      1     1    1    0    0     1     0     0     1     0   32     0     0    16     0    0   202   161.0K    1.989     2202  OK
180    3    4      2     0    32   100     2      1     1    8    0    0     1     0     0     2     0   32     0     0    16     0    0   201   161.0K    1.993     2198  OK
181    3    4      2     0    32   100     2      1     1    1    0    0     1     0     0     2     0   32     0     0    16     0    0   201   161.0K    2.001     2189  OK
182    3    4      2     0    32   100     2      1     1    2    0    0     1     0     0     2     0   32     0     0    16     0    0   201   161.0K    2.001     2189  OK
183    4    4      2     0    32   100     2      1     1    6    0    0     1     0     0     0     0   32     0     0    16     0    0   212   193.0K    2.030     2158  OK
184    3    4      2     0    32   100     2      1     1    2    0    0     1     0     0     0     0   32     0     0    16     0    0   206   161.0K    2.042     2145  OK
185    3    4      2     0    32   100     2      1     1    8    0    0     1     0     0     0     0   32     0     0    16     0    0   206   161.0K    2.048     2138  OK
186    3    4      2     0    32   100     2      1     1    1    0    0     1     0     0     0     0   32     0     0    16     0    0   206   161.0K    2.051     2136  OK
187    4    4      2     0    32   100     2      1     1    2    0    0     1     0     0     0     0   32     0     0    16     0    0   212   193.0K    2.073     2113  OK
188    4    4      2     0    32   100     2      1     1    1    0    0     1     0     0     0     0   32     0     0    16     0    0   212   193.0K    2.074     2111  OK
189    5    4      2     0    32   100     2      1     1    6    0    0     1     0     0     0     0   32     0     0    16     0    0   216   225.0K    2.385     1836  OK
190    5    4      2     0    32   100     2      1     1    8    0    0     1     0     0     0     0   32     0     0    16     0    0   216   225.0K    2.398     1827  OK
191    5    4      2     0    32   100     2      1     1    2    0    0     1     0     0     0     0   32     0     0    16     0    0   216   225.0K    2.408     1819  OK
192    5    4      2     0    32   100     2      1     1    1    0    0     1     0     0     0     0   32     0     0    16     0    0   216   225.0K    2.431     1802  OK

CSV written to /root/siglip/data/session_20260316_215523/sweep_fc2.csv

Best: -DBATCH_EPILOGUE=1 -DINTERLEAVE_STRATEGY=1 -DN_STAGES=5 -DPHASE1_UNROLL=4 -DPRELOAD_MODE=2 -DSTAGGER_CYCLES=100 -DSTS_WIDTH=32 -DTMA_RESIDUAL=1 → 1.471 ms / 2978 TFLOPS (243 regs)
