[21:55:23] ========================================
[21:55:23]   B200 SESSION 20260316_215523
[21:55:23]   Output: data/session_20260316_215523
[21:55:23]   Phase:  0
[21:55:23] ========================================
[21:55:23] Preflight OK
[21:55:23] 
[21:55:23] ==== PHASE 1/4: MACHINE SNAPSHOT ====
[21:55:23] Machine info saved to machine_info.txt
[21:55:23] 
[21:55:23] ==== PHASE 2/4: BUILD + GRID SEARCH + BENCHMARK ====
[21:55:23] Grid search: ~60-200 configs/layer (per-kernel tiered + top-lock).
[21:55:23] CUTLASS skipped (pass --cutlass to enable).
[21:55:23] Monitor: tail -f data/session_20260316_215523/compare.txt
[21:55:23] Grid search logs: tail -f data/session_20260316_215523/grid_search_*.log
[22:11:12] Phase 2 complete
[22:11:12] 
[22:11:12] ==== PHASE 3/4: NCU PROFILING ====
[22:11:12] ncu source counters: patch_embed
[22:11:14] ncu source counters: fc1-gelu
[22:11:17] ncu source counters: fc2
[22:11:18] ncu full profile: patch_embed
[22:12:11] Phase 3 complete
[22:12:11] 
[22:12:11] ==== PHASE 4/4: SASS DUMPS ====
[22:12:11] SASS dumped: patch_embed (3568 lines)
[22:12:12] SASS dumped: fc1-gelu (7499 lines)
[22:12:12] SASS dumped: fc2 (10096 lines)
[22:12:12] Phase 4 complete
[22:12:12] 
[22:12:12] ========================================
[22:12:12]   SESSION COMPLETE: 1009s (16 min)
[22:12:12]   Output: data/session_20260316_215523
[22:12:12] ========================================
total 31M
-rw-r--r-- 1 root root   823 Mar 16 22:11 compare.csv
-rw-r--r-- 1 root root  5.5K Mar 16 22:11 compare.txt
-rw-r--r-- 1 root root   72K Mar 16 22:05 grid_search_fc1_gelu.log
-rw-r--r-- 1 root root   70K Mar 16 22:10 grid_search_fc2.log
-rw-r--r-- 1 root root   22K Mar 16 21:57 grid_search_patch_embed.log
-rw-r--r-- 1 root root  4.1K Mar 16 21:55 machine_info.txt
-rw-r--r-- 1 root root 1023K Mar 16 22:12 sass_fc1-gelu.txt
-rw-r--r-- 1 root root  1.4M Mar 16 22:12 sass_fc2.txt
-rw-r--r-- 1 root root  491K Mar 16 22:12 sass_patch_embed.txt
-rw-r--r-- 1 root root  1.4K Mar 16 22:12 session.log
-rw-r--r-- 1 root root   28M Mar 16 22:12 siglip_full.ncu-rep
-rw-r--r-- 1 root root   864 Mar 16 22:11 source_counters_fc1-gelu.csv
-rw-r--r-- 1 root root   861 Mar 16 22:11 source_counters_fc2.csv
-rw-r--r-- 1 root root  1.3K Mar 16 22:11 source_counters_patch_embed.csv
-rw-r--r-- 1 root root   37K Mar 16 22:05 sweep_fc1_gelu.csv
-rw-r--r-- 1 root root   35K Mar 16 22:10 sweep_fc2.csv
-rw-r--r-- 1 root root  9.8K Mar 16 21:57 sweep_patch_embed.csv
[22:12:12] Autocommitting session data...
