[19:25:58] ============================================================
[19:25:58]   cuBLASLt picker probe  20260503_192558
[19:25:58]   out=data/cublaslt_picker_20260503_192558  timeout=90s  top_n=3
[19:25:58]   groups=production,loss_focus,fc2_ksweep,dim_sweep_bias,dim_sweep_none  cells=39
[19:25:58] ============================================================
NVIDIA B200, 120 MHz
[19:25:58] 
[19:25:58] [1/39] M=928256 N=768 K=3072 epi=3 (bias_only) → m928256_n768_k3072_epi3.txt
[19:25:59]    r1 ms=1.0438 tile=23(128x256) st=36 cl=-1 sk=1 sw=0 cyc=1926553
[19:25:59]    r2 ms=1.0489 tile=201(176x128) st=36 cl=-1 sk=1
[19:25:59]    r3 ms=1.0911 tile=32(128x192) st=36 cl=-1 sk=1
[19:25:59] 
[19:25:59] [2/39] M=928256 N=3072 K=768 epi=2 (gelu_bias) → m928256_n3072_k768_epi2.txt
[19:26:00]    r1 ms=2.5738 tile=23(128x256) st=36 cl=-1 sk=1 sw=0 cyc=4742601
[19:26:00]    r2 ms=2.5750 tile=23(128x256) st=36 cl=-1 sk=1
[19:26:00]    r3 ms=2.5845 tile=23(128x256) st=36 cl=-1 sk=1
[19:26:00] 
[19:26:00] [3/39] M=928256 N=2048 K=1024 epi=3 (bias_only) → m928256_n2048_k1024_epi3.txt
[19:26:01]    r1 ms=1.2423 tile=23(128x256) st=36 cl=-1 sk=1 sw=0 cyc=2290867
[19:26:01]    r2 ms=1.3261 tile=32(128x192) st=36 cl=-1 sk=1
[19:26:01]    r3 ms=1.3649 tile=29(id=29) st=36 cl=-1 sk=1
[19:26:01] 
[19:26:01] [4/39] M=928256 N=2048 K=1024 epi=0 (none) → m928256_n2048_k1024_epi0.txt
[19:26:01]    r1 ms=1.1581 tile=23(128x256) st=36 cl=-1 sk=1 sw=0 cyc=2136980
[19:26:01]    r2 ms=1.2258 tile=32(128x192) st=36 cl=-1 sk=1
[19:26:01]    r3 ms=1.2853 tile=29(id=29) st=36 cl=-1 sk=1
[19:26:01] 
[19:26:01] [5/39] M=928256 N=768 K=1024 epi=3 (bias_only) → m928256_n768_k1024_epi3.txt
[19:26:02]    FAIL ec=0 (see m928256_n768_k1024_epi3.txt)
[19:26:02] 
[19:26:02] [6/39] M=928256 N=768 K=2048 epi=3 (bias_only) → m928256_n768_k2048_epi3.txt
[19:26:02]    FAIL ec=0 (see m928256_n768_k2048_epi3.txt)
[19:26:02] 
[19:26:02] [7/39] M=928256 N=768 K=4096 epi=3 (bias_only) → m928256_n768_k4096_epi3.txt
[19:26:03]    r1 ms=1.3607 tile=23(128x256) st=36 cl=-1 sk=1 sw=0 cyc=2511103
[19:26:03]    r2 ms=1.3713 tile=201(176x128) st=36 cl=-1 sk=1
[19:26:03]    r3 ms=1.4079 tile=32(128x192) st=36 cl=-1 sk=1
[19:26:03] 
[19:26:03] [8/39] M=928256 N=768 K=6144 epi=3 (bias_only) → m928256_n768_k6144_epi3.txt
[19:26:04]    r1 ms=2.0007 tile=23(128x256) st=36 cl=-1 sk=1 sw=0 cyc=3691721
[19:26:04]    r2 ms=2.0277 tile=201(176x128) st=36 cl=-1 sk=1
[19:26:04]    r3 ms=2.0570 tile=32(128x192) st=36 cl=-1 sk=1
[19:26:04] 
[19:26:04] [9/39] M=928256 N=768 K=8192 epi=3 (bias_only) → m928256_n768_k8192_epi3.txt
[19:26:04]    r1 ms=2.6896 tile=201(176x128) st=36 cl=-1 sk=1 sw=0 cyc=4962802
[19:26:04]    r2 ms=2.6935 tile=23(128x256) st=36 cl=-1 sk=1
[19:26:04]    r3 ms=2.7215 tile=32(128x192) st=36 cl=-1 sk=1
[19:26:04] 
[19:26:04] [10/39] M=928256 N=256 K=1024 epi=3 (bias_only) → m928256_n256_k1024_epi3.txt
[19:26:05]    FAIL ec=0 (see m928256_n256_k1024_epi3.txt)
[19:26:05] 
[19:26:05] [11/39] M=928256 N=256 K=2048 epi=3 (bias_only) → m928256_n256_k2048_epi3.txt
[19:26:06]    FAIL ec=0 (see m928256_n256_k2048_epi3.txt)
[19:26:06] 
[19:26:06] [12/39] M=928256 N=256 K=4096 epi=3 (bias_only) → m928256_n256_k4096_epi3.txt
[19:26:06]    FAIL ec=0 (see m928256_n256_k4096_epi3.txt)
[19:26:06] 
[19:26:06] [13/39] M=928256 N=256 K=8192 epi=3 (bias_only) → m928256_n256_k8192_epi3.txt
[19:26:07]    r1 ms=1.3348 tile=201(176x128) st=36 cl=-1 sk=1 sw=0 cyc=2461331
[19:26:07]    r2 ms=1.4519 tile=24(256x128) st=36 cl=-1 sk=1
[19:26:07]    r3 ms=1.4640 tile=264(id=264) st=36 cl=-1 sk=1
[19:26:07] 
[19:26:07] [14/39] M=928256 N=512 K=1024 epi=3 (bias_only) → m928256_n512_k1024_epi3.txt
[19:26:07]    FAIL ec=0 (see m928256_n512_k1024_epi3.txt)
[19:26:07] 
[19:26:07] [15/39] M=928256 N=512 K=2048 epi=3 (bias_only) → m928256_n512_k2048_epi3.txt
[19:26:08]    FAIL ec=0 (see m928256_n512_k2048_epi3.txt)
[19:26:08] 
[19:26:08] [16/39] M=928256 N=512 K=4096 epi=3 (bias_only) → m928256_n512_k4096_epi3.txt
[19:26:08]    r1 ms=0.9584 tile=23(128x256) st=36 cl=-1 sk=1 sw=0 cyc=1769160
[19:26:08]    r2 ms=0.9612 tile=201(176x128) st=36 cl=-1 sk=1
[19:26:08]    r3 ms=1.0481 tile=513(id=513) st=36 cl=-1 sk=1
[19:26:08] 
[19:26:08] [17/39] M=928256 N=512 K=8192 epi=3 (bias_only) → m928256_n512_k8192_epi3.txt
[19:26:09]    r1 ms=1.8741 tile=23(128x256) st=36 cl=-1 sk=1 sw=0 cyc=3458750
[19:26:09]    r2 ms=1.8930 tile=201(176x128) st=36 cl=-1 sk=1
[19:26:09]    r3 ms=1.9546 tile=513(id=513) st=36 cl=-1 sk=1
[19:26:09] 
[19:26:09] [18/39] M=928256 N=1024 K=1024 epi=3 (bias_only) → m928256_n1024_k1024_epi3.txt
[19:26:10]    FAIL ec=0 (see m928256_n1024_k1024_epi3.txt)
[19:26:10] 
[19:26:10] [19/39] M=928256 N=1024 K=2048 epi=3 (bias_only) → m928256_n1024_k2048_epi3.txt
[19:26:10]    r1 ms=0.9854 tile=23(128x256) st=36 cl=-1 sk=1 sw=0 cyc=1819340
[19:26:10]    r2 ms=1.0329 tile=201(176x128) st=36 cl=-1 sk=1
[19:26:10]    r3 ms=1.1265 tile=184(id=184) st=36 cl=-1 sk=1
[19:26:10] 
[19:26:10] [20/39] M=928256 N=1024 K=4096 epi=3 (bias_only) → m928256_n1024_k4096_epi3.txt
[19:26:11]    r1 ms=1.7948 tile=201(176x128) st=36 cl=-1 sk=1 sw=0 cyc=3311796
[19:26:11]    r2 ms=1.7948 tile=23(128x256) st=36 cl=-1 sk=1
[19:26:11]    r3 ms=1.9611 tile=184(id=184) st=36 cl=-1 sk=1
[19:26:11] 
[19:26:11] [21/39] M=928256 N=1024 K=8192 epi=3 (bias_only) → m928256_n1024_k8192_epi3.txt
[19:26:12]    r1 ms=3.5457 tile=23(128x256) st=36 cl=-1 sk=1 sw=0 cyc=6541679
[19:26:12]    r2 ms=3.5679 tile=201(176x128) st=36 cl=-1 sk=1
[19:26:12]    r3 ms=3.8156 tile=513(id=513) st=36 cl=-1 sk=1
[19:26:12] 
[19:26:12] [22/39] M=928256 N=2048 K=2048 epi=3 (bias_only) → m928256_n2048_k2048_epi3.txt
[19:26:13]    r1 ms=1.8612 tile=23(128x256) st=36 cl=-1 sk=1 sw=0 cyc=3434171
[19:26:13]    r2 ms=2.0015 tile=32(128x192) st=36 cl=-1 sk=1
[19:26:13]    r3 ms=2.0339 tile=201(176x128) st=36 cl=-1 sk=1
[19:26:13] 
[19:26:13] [23/39] M=928256 N=2048 K=4096 epi=3 (bias_only) → m928256_n2048_k4096_epi3.txt
[19:26:13]    r1 ms=3.5266 tile=201(176x128) st=36 cl=-1 sk=1 sw=0 cyc=6507037
[19:26:13]    r2 ms=3.5313 tile=23(128x256) st=36 cl=-1 sk=1
[19:26:13]    r3 ms=3.8005 tile=32(128x192) st=36 cl=-1 sk=1
[19:26:13] 
[19:26:13] [24/39] M=928256 N=2048 K=8192 epi=3 (bias_only) → m928256_n2048_k8192_epi3.txt
[19:26:15]    r1 ms=6.9921 tile=23(128x256) st=36 cl=-1 sk=1 sw=0 cyc=12901378
[19:26:15]    r2 ms=7.0863 tile=201(176x128) st=36 cl=-1 sk=1
[19:26:15]    r3 ms=7.4962 tile=32(128x192) st=36 cl=-1 sk=1
[19:26:15] 
[19:26:15] [25/39] M=928256 N=256 K=1024 epi=0 (none) → m928256_n256_k1024_epi0.txt
[19:26:15]    r1 ms=0.2114 tile=184(id=184) st=36 cl=-1 sk=1 sw=0 cyc=390384
[19:26:15]    r2 ms=0.2134 tile=201(176x128) st=36 cl=-1 sk=1
[19:26:15]    r3 ms=0.2144 tile=20(id=20) st=36 cl=-1 sk=1
[19:26:15] 
[19:26:15] [26/39] M=928256 N=256 K=2048 epi=0 (none) → m928256_n256_k2048_epi0.txt
[19:26:16]    r1 ms=0.3611 tile=201(176x128) st=36 cl=-1 sk=1 sw=0 cyc=666431
[19:26:16]    r2 ms=0.3704 tile=184(id=184) st=36 cl=-1 sk=1
[19:26:16]    r3 ms=0.3736 tile=165(id=165) st=36 cl=-1 sk=1
[19:26:16] 
[19:26:16] [27/39] M=928256 N=256 K=4096 epi=0 (none) → m928256_n256_k4096_epi0.txt
[19:26:16]    r1 ms=0.6352 tile=201(176x128) st=36 cl=-1 sk=1 sw=0 cyc=1172416
[19:26:16]    r2 ms=0.6878 tile=20(id=20) st=36 cl=-1 sk=1
[19:26:16]    r3 ms=0.6906 tile=184(id=184) st=36 cl=-1 sk=1
[19:26:16] 
[19:26:16] [28/39] M=928256 N=256 K=8192 epi=0 (none) → m928256_n256_k8192_epi0.txt
[19:26:17]    r1 ms=1.3313 tile=201(176x128) st=36 cl=-1 sk=1 sw=0 cyc=2454669
[19:26:17]    r2 ms=1.4483 tile=24(256x128) st=36 cl=-1 sk=1
[19:26:17]    r3 ms=1.4600 tile=264(id=264) st=36 cl=-1 sk=1
[19:26:17] 
[19:26:17] [29/39] M=928256 N=512 K=1024 epi=0 (none) → m928256_n512_k1024_epi0.txt
[19:26:17]    r1 ms=0.3292 tile=23(128x256) st=36 cl=-1 sk=1 sw=0 cyc=608261
[19:26:17]    r2 ms=0.3701 tile=513(id=513) st=36 cl=-1 sk=1
[19:26:17]    r3 ms=0.3708 tile=31(id=31) st=36 cl=-1 sk=1
[19:26:17] 
[19:26:17] [30/39] M=928256 N=512 K=2048 epi=0 (none) → m928256_n512_k2048_epi0.txt
[19:26:18]    r1 ms=0.5389 tile=23(128x256) st=36 cl=-1 sk=1 sw=0 cyc=994816
[19:26:18]    r2 ms=0.5434 tile=201(176x128) st=36 cl=-1 sk=1
[19:26:18]    r3 ms=0.5840 tile=513(id=513) st=36 cl=-1 sk=1
[19:26:18] 
[19:26:18] [31/39] M=928256 N=512 K=4096 epi=0 (none) → m928256_n512_k4096_epi0.txt
[19:26:19]    r1 ms=0.9511 tile=23(128x256) st=36 cl=-1 sk=1 sw=0 cyc=1755463
[19:26:19]    r2 ms=0.9525 tile=201(176x128) st=36 cl=-1 sk=1
[19:26:19]    r3 ms=1.0262 tile=513(id=513) st=36 cl=-1 sk=1
[19:26:19] 
[19:26:19] [32/39] M=928256 N=512 K=8192 epi=0 (none) → m928256_n512_k8192_epi0.txt
[19:26:19]    r1 ms=1.8680 tile=23(128x256) st=36 cl=-1 sk=1 sw=0 cyc=3446876
[19:26:19]    r2 ms=1.8843 tile=201(176x128) st=36 cl=-1 sk=1
[19:26:19]    r3 ms=1.9278 tile=513(id=513) st=36 cl=-1 sk=1
[19:26:19] 
[19:26:19] [33/39] M=928256 N=1024 K=1024 epi=0 (none) → m928256_n1024_k1024_epi0.txt
[19:26:20]    r1 ms=0.5876 tile=23(128x256) st=36 cl=-1 sk=1 sw=0 cyc=1084624
[19:26:20]    r2 ms=0.6808 tile=24(256x128) st=36 cl=-1 sk=1
[19:26:20]    r3 ms=0.7003 tile=513(id=513) st=36 cl=-1 sk=1
[19:26:20] 
[19:26:20] [34/39] M=928256 N=1024 K=2048 epi=0 (none) → m928256_n1024_k2048_epi0.txt
[19:26:20]    r1 ms=0.9659 tile=201(176x128) st=36 cl=-1 sk=1 sw=0 cyc=1782540
[19:26:20]    r2 ms=0.9837 tile=23(128x256) st=36 cl=-1 sk=1
[19:26:20]    r3 ms=1.0637 tile=184(id=184) st=36 cl=-1 sk=1
[19:26:20] 
[19:26:20] [35/39] M=928256 N=1024 K=4096 epi=0 (none) → m928256_n1024_k4096_epi0.txt
[19:26:21]    r1 ms=1.7884 tile=201(176x128) st=36 cl=-1 sk=1 sw=0 cyc=3299906
[19:26:21]    r2 ms=1.7931 tile=23(128x256) st=36 cl=-1 sk=1
[19:26:21]    r3 ms=1.9536 tile=184(id=184) st=36 cl=-1 sk=1
[19:26:21] 
[19:26:21] [36/39] M=928256 N=1024 K=8192 epi=0 (none) → m928256_n1024_k8192_epi0.txt
[19:26:22]    r1 ms=3.5466 tile=23(128x256) st=36 cl=-1 sk=1 sw=0 cyc=6543758
[19:26:22]    r2 ms=3.5791 tile=201(176x128) st=36 cl=-1 sk=1
[19:26:22]    r3 ms=3.7514 tile=513(id=513) st=36 cl=-1 sk=1
[19:26:22] 
[19:26:22] [37/39] M=928256 N=2048 K=2048 epi=0 (none) → m928256_n2048_k2048_epi0.txt
[19:26:23]    r1 ms=1.8532 tile=23(128x256) st=36 cl=-1 sk=1 sw=0 cyc=3419569
[19:26:23]    r2 ms=1.8718 tile=201(176x128) st=36 cl=-1 sk=1
[19:26:23]    r3 ms=1.9797 tile=32(128x192) st=36 cl=-1 sk=1
[19:26:23] 
[19:26:23] [38/39] M=928256 N=2048 K=4096 epi=0 (none) → m928256_n2048_k4096_epi0.txt
[19:26:24]    r1 ms=3.5255 tile=201(176x128) st=36 cl=-1 sk=1 sw=0 cyc=6505104
[19:26:24]    r2 ms=3.5362 tile=23(128x256) st=36 cl=-1 sk=1
[19:26:24]    r3 ms=3.7707 tile=32(128x192) st=36 cl=-1 sk=1
[19:26:24] 
[19:26:24] [39/39] M=928256 N=2048 K=8192 epi=0 (none) → m928256_n2048_k8192_epi0.txt
[19:26:25]    r1 ms=6.9920 tile=23(128x256) st=36 cl=-1 sk=1 sw=0 cyc=12901184
[19:26:25]    r2 ms=7.0664 tile=201(176x128) st=36 cl=-1 sk=1
[19:26:25]    r3 ms=7.4903 tile=32(128x192) st=36 cl=-1 sk=1
[19:26:25] 
[19:26:25] ── summary ──

Top-3 per cell (cuBLASLt heuristic ranked by measured ms; cluster/stages/splitk/swizzle = raw IDs):
M       N     K     EPI  rank  status   ms      cyc       algoId  tile  stages  cluster  splitk  swizzle  waves   ws_MB  tile_name
928256  768   3072  3    1     OK       1.0438  1926553   66      23    36      -1       1       0        147.00  0.0    128x256
928256  768   3072  3    2     OK       1.0489  1935607   66      201   36      -1       1       0        213.85  0.0    176x128
928256  768   3072  3    3     OK       1.0911  2013128   66      32    36      -1       1       0        196.00  0.0    128x192
928256  3072  768   2    1     OK       2.5738  4742601   71      23    36      -1       1       0        1.00    0.0    128x256
928256  3072  768   2    2     OK       2.5750  4748223   71      23    36      -1       1       0        1.00    0.0    128x256
928256  3072  768   2    3     OK       2.5845  4763438   71      23    36      -1       1       0        1.00    0.0    128x256
928256  2048  1024  3    1     OK       1.2423  2290867   66      23    36      -1       1       0        392.00  0.0    128x256
928256  2048  1024  3    2     OK       1.3261  2445493   66      32    36      -1       1       0        539.00  0.0    128x192
928256  2048  1024  3    3     OK       1.3649  2517588   66      29    36      -1       1       0        637.00  0.0    id=29
928256  2048  1024  0    1     OK       1.1581  2136980   66      23    36      -1       1       0        392.00  0.0    128x256
928256  2048  1024  0    2     OK       1.2258  2260946   66      32    36      -1       1       0        539.00  0.0    128x192
928256  2048  1024  0    3     OK       1.2853  2370530   66      29    36      -1       1       0        637.00  0.0    id=29
928256  768   1024  3    -     FAIL(0)  -       -         -       -     -       -        -       -        -       -      -
928256  768   2048  3    -     FAIL(0)  -       -         -       -     -       -        -       -        -       -      -
928256  768   4096  3    1     OK       1.3607  2511103   66      23    36      -1       1       0        147.00  0.0    128x256
928256  768   4096  3    2     OK       1.3713  2530503   66      201   36      -1       1       0        213.85  0.0    176x128
928256  768   4096  3    3     OK       1.4079  2598052   66      32    36      -1       1       0        196.00  0.0    128x192
928256  768   6144  3    1     OK       2.0007  3691721   66      23    36      -1       1       0        147.00  0.0    128x256
928256  768   6144  3    2     OK       2.0277  3741641   66      201   36      -1       1       0        213.85  0.0    176x128
928256  768   6144  3    3     OK       2.0570  3795579   66      32    36      -1       1       0        196.00  0.0    128x192
928256  768   8192  3    1     OK       2.6896  4962802   66      201   36      -1       1       0        213.85  0.0    176x128
928256  768   8192  3    2     OK       2.6935  4969890   66      23    36      -1       1       0        147.00  0.0    128x256
928256  768   8192  3    3     OK       2.7215  5015656   66      32    36      -1       1       0        196.00  0.0    128x192
928256  256   1024  3    -     FAIL(0)  -       -         -       -     -       -        -       -        -       -      -
928256  256   2048  3    -     FAIL(0)  -       -         -       -     -       -        -       -        -       -      -
928256  256   4096  3    -     FAIL(0)  -       -         -       -     -       -        -       -        -       -      -
928256  256   8192  3    1     OK       1.3348  2461331   66      201   36      -1       1       0        71.28   0.0    176x128
928256  256   8192  3    2     OK       1.4519  2679328   66      24    36      -1       1       0        49.00   0.0    256x128
928256  256   8192  3    3     OK       1.4640  2700239   66      264   36      -1       1       0        32.68   0.0    id=264
928256  512   1024  3    -     FAIL(0)  -       -         -       -     -       -        -       -        -       -      -
928256  512   2048  3    -     FAIL(0)  -       -         -       -     -       -        -       -        -       -      -
928256  512   4096  3    1     OK       0.9584  1769160   66      23    36      -1       1       0        98.00   0.0    128x256
928256  512   4096  3    2     OK       0.9612  1773668   66      201   36      -1       1       0        142.57  0.0    176x128
928256  512   4096  3    3     OK       1.0481  1932651   66      513   36      -1       1       0        49.00   0.0    id=513
928256  512   8192  3    1     OK       1.8741  3458750   66      23    36      -1       1       0        98.00   0.0    128x256
928256  512   8192  3    2     OK       1.8930  3492624   66      201   36      -1       1       0        142.57  0.0    176x128
928256  512   8192  3    3     OK       1.9546  3605342   66      513   36      -1       1       0        49.00   0.0    id=513
928256  1024  1024  3    -     FAIL(0)  -       -         -       -     -       -        -       -        -       -      -
928256  1024  2048  3    1     OK       0.9854  1819340   66      23    36      -1       1       0        196.00  0.0    128x256
928256  1024  2048  3    2     OK       1.0329  1905726   66      201   36      -1       1       0        285.14  0.0    176x128
928256  1024  2048  3    3     OK       1.1265  2078202   66      184   36      -1       1       0        348.49  0.0    id=184
928256  1024  4096  3    1     OK       1.7948  3311796   66      201   36      -1       1       0        285.14  0.0    176x128
928256  1024  4096  3    2     OK       1.7948  3312078   66      23    36      -1       1       0        196.00  0.0    128x256
928256  1024  4096  3    3     OK       1.9611  3618071   66      184   36      -1       1       0        348.49  0.0    id=184
928256  1024  8192  3    1     OK       3.5457  6541679   66      23    36      -1       1       0        196.00  0.0    128x256
928256  1024  8192  3    2     OK       3.5679  6534248   66      201   36      -1       1       0        285.14  0.0    176x128
928256  1024  8192  3    3     OK       3.8156  7037817   66      513   36      -1       1       0        98.00   0.0    id=513
928256  2048  2048  3    1     OK       1.8612  3434171   66      23    36      -1       1       0        392.00  0.0    128x256
928256  2048  2048  3    2     OK       2.0015  3673504   66      32    36      -1       1       0        539.00  0.0    128x192
928256  2048  2048  3    3     OK       2.0339  3752596   66      201   36      -1       1       0        570.27  0.0    176x128
928256  2048  4096  3    1     OK       3.5266  6507037   66      201   36      -1       1       0        570.27  0.0    176x128
928256  2048  4096  3    2     OK       3.5313  6515828   66      23    36      -1       1       0        392.00  0.0    128x256
928256  2048  4096  3    3     OK       3.8005  6931384   66      32    36      -1       1       0        539.00  0.0    128x192
928256  2048  8192  3    1     OK       6.9921  12901378  66      23    36      -1       1       0        392.00  0.0    128x256
928256  2048  8192  3    2     OK       7.0863  12959857  66      201   36      -1       1       0        570.27  0.0    176x128
928256  2048  8192  3    3     OK       7.4962  13797073  66      32    36      -1       1       0        539.00  0.0    128x192
928256  256   1024  0    1     OK       0.2114  390384    66      184   36      -1       1       0        87.12   0.0    id=184
928256  256   1024  0    2     OK       0.2134  394241    66      201   36      -1       1       0        71.28   0.0    176x128
928256  256   1024  0    3     OK       0.2144  396036    66      20    36      -1       1       0        98.00   0.0    id=20
928256  256   2048  0    1     OK       0.3611  666431    66      201   36      -1       1       0        71.28   0.0    176x128
928256  256   2048  0    2     OK       0.3704  683553    66      184   36      -1       1       0        87.12   0.0    id=184
928256  256   2048  0    3     OK       0.3736  689228    66      165   36      -1       1       0        112.00  0.0    id=165
928256  256   4096  0    1     OK       0.6352  1172416   66      201   36      -1       1       0        71.28   0.0    176x128
928256  256   4096  0    2     OK       0.6878  1268896   66      20    36      -1       1       0        98.00   0.0    id=20
928256  256   4096  0    3     OK       0.6906  1274686   66      184   36      -1       1       0        87.12   0.0    id=184
928256  256   8192  0    1     OK       1.3313  2454669   66      201   36      -1       1       0        71.28   0.0    176x128
928256  256   8192  0    2     OK       1.4483  2673429   66      24    36      -1       1       0        49.00   0.0    256x128
928256  256   8192  0    3     OK       1.4600  2692855   66      264   36      -1       1       0        32.68   0.0    id=264
928256  512   1024  0    1     OK       0.3292  608261    66      23    36      -1       1       0        98.00   0.0    128x256
928256  512   1024  0    2     OK       0.3701  682772    66      513   36      -1       1       0        49.00   0.0    id=513
928256  512   1024  0    3     OK       0.3708  684290    66      31    36      -1       1       0        130.68  0.0    id=31
928256  512   2048  0    1     OK       0.5389  994816    66      23    36      -1       1       0        98.00   0.0    128x256
928256  512   2048  0    2     OK       0.5434  1002835   66      201   36      -1       1       0        142.57  0.0    176x128
928256  512   2048  0    3     OK       0.5840  1077265   66      513   36      -1       1       0        49.00   0.0    id=513
928256  512   4096  0    1     OK       0.9511  1755463   66      23    36      -1       1       0        98.00   0.0    128x256
928256  512   4096  0    2     OK       0.9525  1757768   66      201   36      -1       1       0        142.57  0.0    176x128
928256  512   4096  0    3     OK       1.0262  1893290   66      513   36      -1       1       0        49.00   0.0    id=513
928256  512   8192  0    1     OK       1.8680  3446876   66      23    36      -1       1       0        98.00   0.0    128x256
928256  512   8192  0    2     OK       1.8843  3476820   66      201   36      -1       1       0        142.57  0.0    176x128
928256  512   8192  0    3     OK       1.9278  3556546   66      513   36      -1       1       0        49.00   0.0    id=513
928256  1024  1024  0    1     OK       0.5876  1084624   66      23    36      -1       1       0        196.00  0.0    128x256
928256  1024  1024  0    2     OK       0.6808  1256433   66      24    36      -1       1       0        196.00  0.0    256x128
928256  1024  1024  0    3     OK       0.7003  1290230   66      513   36      -1       1       0        98.00   0.0    id=513
928256  1024  2048  0    1     OK       0.9659  1782540   66      201   36      -1       1       0        285.14  0.0    176x128
928256  1024  2048  0    2     OK       0.9837  1815336   66      23    36      -1       1       0        196.00  0.0    128x256
928256  1024  2048  0    3     OK       1.0637  1962681   66      184   36      -1       1       0        348.49  0.0    id=184
928256  1024  4096  0    1     OK       1.7884  3299906   66      201   36      -1       1       0        285.14  0.0    176x128
928256  1024  4096  0    2     OK       1.7931  3309005   66      23    36      -1       1       0        196.00  0.0    128x256
928256  1024  4096  0    3     OK       1.9536  3604418   66      184   36      -1       1       0        348.49  0.0    id=184
928256  1024  8192  0    1     OK       3.5466  6543758   66      23    36      -1       1       0        196.00  0.0    128x256
928256  1024  8192  0    2     OK       3.5791  6534816   66      201   36      -1       1       0        285.14  0.0    176x128
928256  1024  8192  0    3     OK       3.7514  6920983   66      513   36      -1       1       0        98.00   0.0    id=513
928256  2048  2048  0    1     OK       1.8532  3419569   66      23    36      -1       1       0        392.00  0.0    128x256
928256  2048  2048  0    2     OK       1.8718  3453873   66      201   36      -1       1       0        570.27  0.0    176x128
928256  2048  2048  0    3     OK       1.9797  3652601   66      32    36      -1       1       0        539.00  0.0    128x192
928256  2048  4096  0    1     OK       3.5255  6505104   66      201   36      -1       1       0        570.27  0.0    176x128
928256  2048  4096  0    2     OK       3.5362  6524967   66      23    36      -1       1       0        392.00  0.0    128x256
928256  2048  4096  0    3     OK       3.7707  6898815   66      32    36      -1       1       0        539.00  0.0    128x192
928256  2048  8192  0    1     OK       6.9920  12901184  66      23    36      -1       1       0        392.00  0.0    128x256
928256  2048  8192  0    2     OK       7.0664  12966678  66      201   36      -1       1       0        570.27  0.0    176x128
928256  2048  8192  0    3     OK       7.4903  13797340  66      32    36      -1       1       0        539.00  0.0    128x192

Tile IDs: 23=128x256  24=256x128  32=128x192  197=168x128  201=176x128  495=256x96  535=320x192

[19:26:25] 
[19:26:25] TSV   : data/cublaslt_picker_20260503_192558/summary.tsv
[19:26:25] table : data/cublaslt_picker_20260503_192558/summary.txt
[19:26:25] raw   : data/cublaslt_picker_20260503_192558/m*_n*_k*_epi*.txt  (full algo TSV + top-3 caps per cell)
