[08:10:40] === ncu fc2_w3x tile-dispatch sweep → data/ncu_w3x_tiles_20260501_081040 ===
[08:10:40]     cells: dgsw gflip_blkswap gflip_blkx5 gflip_blkx6 gflip_blkx7 gflip_blk_qrt0 gflip_blk_qrt2 gflip_blk_qrt3 dg_snlmrev gflip_cidperm
[08:10:40]     baseline for delta column: dgsw
[08:10:40] --- build ---
nvcc -gencode arch=compute_100a,code=sm_100a -O3 -std=c++17 -lineinfo --ptxas-options=-v --cudart=static  -DNCU_PROFILE fc2_w3x.cu -o fc2-w3x-ncu -lcurand_static -lculibos -lcuda
fc2_w3x.cu(1465): warning #177-D: function "mbar_arrive" was declared but never referenced
  void mbar_arrive(uint32_t addr) {
       ^

Remark: The warnings can be suppressed with "-diag-suppress <warning-number>"

fc2_w3x.cu(2518): warning #177-D: function "pack_idx_C" was declared but never referenced
  static inline size_t pack_idx_C(long long m, int n) {
                       ^

ptxas info    : 0 bytes gmem
ptxas info    : Compiling entry function '_Z14fc2_w3x_kernelILi99ELi8EEv14CUtensorMap_stS0_S0_PK13__nv_bfloat16PS1_PmS5_S5_S5_S5_' for 'sm_100a'
ptxas info    : Function properties for _Z14fc2_w3x_kernelILi99ELi8EEv14CUtensorMap_stS0_S0_PK13__nv_bfloat16PS1_PmS5_S5_S5_S5_
    0 bytes stack frame, 0 bytes spill stores, 0 bytes spill loads
ptxas info    : Used 70 registers, used 1 barriers
ptxas info    : Compile time = 94.977 ms
ptxas info    : Compiling entry function '_Z14fc2_w3x_kernelILi98ELi8EEv14CUtensorMap_stS0_S0_PK13__nv_bfloat16PS1_PmS5_S5_S5_S5_' for 'sm_100a'
ptxas info    : Function properties for _Z14fc2_w3x_kernelILi98ELi8EEv14CUtensorMap_stS0_S0_PK13__nv_bfloat16PS1_PmS5_S5_S5_S5_
    0 bytes stack frame, 0 bytes spill stores, 0 bytes spill loads
ptxas info    : Used 70 registers, used 1 barriers
ptxas info    : Compile time = 93.130 ms
ptxas info    : Compiling entry function '_Z14fc2_w3x_kernelILi97ELi8EEv14CUtensorMap_stS0_S0_PK13__nv_bfloat16PS1_PmS5_S5_S5_S5_' for 'sm_100a'
ptxas info    : Function properties for _Z14fc2_w3x_kernelILi97ELi8EEv14CUtensorMap_stS0_S0_PK13__nv_bfloat16PS1_PmS5_S5_S5_S5_
    0 bytes stack frame, 0 bytes spill stores, 0 bytes spill loads
ptxas info    : Used 70 registers, used 1 barriers
ptxas info    : Compile time = 91.616 ms
ptxas info    : Compiling entry function '_Z14fc2_w3x_kernelILi96ELi8EEv14CUtensorMap_stS0_S0_PK13__nv_bfloat16PS1_PmS5_S5_S5_S5_' for 'sm_100a'
ptxas info    : Function properties for _Z14fc2_w3x_kernelILi96ELi8EEv14CUtensorMap_stS0_S0_PK13__nv_bfloat16PS1_PmS5_S5_S5_S5_
    0 bytes stack frame, 0 bytes spill stores, 0 bytes spill loads
ptxas info    : Used 70 registers, used 1 barriers
ptxas info    : Compile time = 91.244 ms
ptxas info    : Compiling entry function '_Z14fc2_w3x_kernelILi95ELi8EEv14CUtensorMap_stS0_S0_PK13__nv_bfloat16PS1_PmS5_S5_S5_S5_' for 'sm_100a'
ptxas info    : Function properties for _Z14fc2_w3x_kernelILi95ELi8EEv14CUtensorMap_stS0_S0_PK13__nv_bfloat16PS1_PmS5_S5_S5_S5_
    0 bytes stack frame, 0 bytes spill stores, 0 bytes spill loads
ptxas info    : Used 70 registers, used 1 barriers
ptxas info    : Compile time = 91.598 ms
ptxas info    : Compiling entry function '_Z14fc2_w3x_kernelILi94ELi8EEv14CUtensorMap_stS0_S0_PK13__nv_bfloat16PS1_PmS5_S5_S5_S5_' for 'sm_100a'
ptxas info    : Function properties for _Z14fc2_w3x_kernelILi94ELi8EEv14CUtensorMap_stS0_S0_PK13__nv_bfloat16PS1_PmS5_S5_S5_S5_
    0 bytes stack frame, 0 bytes spill stores, 0 bytes spill loads
ptxas info    : Used 70 registers, used 1 barriers
ptxas info    : Compile time = 89.889 ms
ptxas info    : Compiling entry function '_Z14fc2_w3x_kernelILi93ELi8EEv14CUtensorMap_stS0_S0_PK13__nv_bfloat16PS1_PmS5_S5_S5_S5_' for 'sm_100a'
ptxas info    : Function properties for _Z14fc2_w3x_kernelILi93ELi8EEv14CUtensorMap_stS0_S0_PK13__nv_bfloat16PS1_PmS5_S5_S5_S5_
    0 bytes stack frame, 0 bytes spill stores, 0 bytes spill loads
ptxas info    : Used 70 registers, used 1 barriers
ptxas info    : Compile time = 89.996 ms
ptxas info    : Compiling entry function '_Z14fc2_w3x_kernelILi92ELi8EEv14CUtensorMap_stS0_S0_PK13__nv_bfloat16PS1_PmS5_S5_S5_S5_' for 'sm_100a'
ptxas info    : Function properties for _Z14fc2_w3x_kernelILi92ELi8EEv14CUtensorMap_stS0_S0_PK13__nv_bfloat16PS1_PmS5_S5_S5_S5_
    0 bytes stack frame, 0 bytes spill stores, 0 bytes spill loads
ptxas info    : Used 70 registers, used 1 barriers
ptxas info    : Compile time = 89.282 ms
ptxas info    : Compiling entry function '_Z14fc2_w3x_kernelILi91ELi8EEv14CUtensorMap_stS0_S0_PK13__nv_bfloat16PS1_PmS5_S5_S5_S5_' for 'sm_100a'
ptxas info    : Function properties for _Z14fc2_w3x_kernelILi91ELi8EEv14CUtensorMap_stS0_S0_PK13__nv_bfloat16PS1_PmS5_S5_S5_S5_
    0 bytes stack frame, 0 bytes spill stores, 0 bytes spill loads
ptxas info    : Used 70 registers, used 1 barriers
ptxas info    : Compile time = 89.997 ms
ptxas info    : Compiling entry function '_Z14fc2_w3x_kernelILi90ELi8EEv14CUtensorMap_stS0_S0_PK13__nv_bfloat16PS1_PmS5_S5_S5_S5_' for 'sm_100a'
ptxas info    : Function properties for _Z14fc2_w3x_kernelILi90ELi8EEv14CUtensorMap_stS0_S0_PK13__nv_bfloat16PS1_PmS5_S5_S5_S5_
    0 bytes stack frame, 0 bytes spill stores, 0 bytes spill loads
ptxas info    : Used 70 registers, used 1 barriers
ptxas info    : Compile time = 89.513 ms
ptxas info    : Compiling entry function '_Z14fc2_w3x_kernelILi89ELi8EEv14CUtensorMap_stS0_S0_PK13__nv_bfloat16PS1_PmS5_S5_S5_S5_' for 'sm_100a'
ptxas info    : Function properties for _Z14fc2_w3x_kernelILi89ELi8EEv14CUtensorMap_stS0_S0_PK13__nv_bfloat16PS1_PmS5_S5_S5_S5_
    0 bytes stack frame, 0 bytes spill stores, 0 bytes spill loads
ptxas info    : Used 70 registers, used 1 barriers
ptxas info    : Compile time = 88.866 ms
ptxas info    : Compiling entry function '_Z14fc2_w3x_kernelILi88ELi8EEv14CUtensorMap_stS0_S0_PK13__nv_bfloat16PS1_PmS5_S5_S5_S5_' for 'sm_100a'
ptxas info    : Function properties for _Z14fc2_w3x_kernelILi88ELi8EEv14CUtensorMap_stS0_S0_PK13__nv_bfloat16PS1_PmS5_S5_S5_S5_
    0 bytes stack frame, 0 bytes spill stores, 0 bytes spill loads
ptxas info    : Used 70 registers, used 1 barriers
ptxas info    : Compile time = 88.667 ms
ptxas info    : Compiling entry function '_Z14fc2_w3x_kernelILi87ELi8EEv14CUtensorMap_stS0_S0_PK13__nv_bfloat16PS1_PmS5_S5_S5_S5_' for 'sm_100a'
ptxas info    : Function properties for _Z14fc2_w3x_kernelILi87ELi8EEv14CUtensorMap_stS0_S0_PK13__nv_bfloat16PS1_PmS5_S5_S5_S5_
    0 bytes stack frame, 0 bytes spill stores, 0 bytes spill loads
ptxas info    : Used 70 registers, used 1 barriers
ptxas info    : Compile time = 90.720 ms
ptxas info    : Compiling entry function '_Z14fc2_w3x_kernelILi86ELi8EEv14CUtensorMap_stS0_S0_PK13__nv_bfloat16PS1_PmS5_S5_S5_S5_' for 'sm_100a'
ptxas info    : Function properties for _Z14fc2_w3x_kernelILi86ELi8EEv14CUtensorMap_stS0_S0_PK13__nv_bfloat16PS1_PmS5_S5_S5_S5_
    0 bytes stack frame, 0 bytes spill stores, 0 bytes spill loads
ptxas info    : Used 70 registers, used 1 barriers
ptxas info    : Compile time = 89.246 ms
ptxas info    : Compiling entry function '_Z14fc2_w3x_kernelILi85ELi8EEv14CUtensorMap_stS0_S0_PK13__nv_bfloat16PS1_PmS5_S5_S5_S5_' for 'sm_100a'
ptxas info    : Function properties for _Z14fc2_w3x_kernelILi85ELi8EEv14CUtensorMap_stS0_S0_PK13__nv_bfloat16PS1_PmS5_S5_S5_S5_
    0 bytes stack frame, 0 bytes spill stores, 0 bytes spill loads
ptxas info    : Used 70 registers, used 1 barriers
ptxas info    : Compile time = 89.437 ms
ptxas info    : Compiling entry function '_Z14fc2_w3x_kernelILi84ELi8EEv14CUtensorMap_stS0_S0_PK13__nv_bfloat16PS1_PmS5_S5_S5_S5_' for 'sm_100a'
ptxas info    : Function properties for _Z14fc2_w3x_kernelILi84ELi8EEv14CUtensorMap_stS0_S0_PK13__nv_bfloat16PS1_PmS5_S5_S5_S5_
    0 bytes stack frame, 0 bytes spill stores, 0 bytes spill loads
ptxas info    : Used 70 registers, used 1 barriers
ptxas info    : Compile time = 88.866 ms
ptxas info    : Compiling entry function '_Z14fc2_w3x_kernelILi83ELi8EEv14CUtensorMap_stS0_S0_PK13__nv_bfloat16PS1_PmS5_S5_S5_S5_' for 'sm_100a'
ptxas info    : Function properties for _Z14fc2_w3x_kernelILi83ELi8EEv14CUtensorMap_stS0_S0_PK13__nv_bfloat16PS1_PmS5_S5_S5_S5_
    0 bytes stack frame, 0 bytes spill stores, 0 bytes spill loads
ptxas info    : Used 70 registers, used 1 barriers
ptxas info    : Compile time = 89.131 ms
ptxas info    : Compiling entry function '_Z14fc2_w3x_kernelILi82ELi8EEv14CUtensorMap_stS0_S0_PK13__nv_bfloat16PS1_PmS5_S5_S5_S5_' for 'sm_100a'
ptxas info    : Function properties for _Z14fc2_w3x_kernelILi82ELi8EEv14CUtensorMap_stS0_S0_PK13__nv_bfloat16PS1_PmS5_S5_S5_S5_
    0 bytes stack frame, 0 bytes spill stores, 0 bytes spill loads
ptxas info    : Used 70 registers, used 1 barriers
ptxas info    : Compile time = 89.123 ms
ptxas info    : Compiling entry function '_Z14fc2_w3x_kernelILi81ELi8EEv14CUtensorMap_stS0_S0_PK13__nv_bfloat16PS1_PmS5_S5_S5_S5_' for 'sm_100a'
ptxas info    : Function properties for _Z14fc2_w3x_kernelILi81ELi8EEv14CUtensorMap_stS0_S0_PK13__nv_bfloat16PS1_PmS5_S5_S5_S5_
    0 bytes stack frame, 0 bytes spill stores, 0 bytes spill loads
ptxas info    : Used 70 registers, used 1 barriers
ptxas info    : Compile time = 89.440 ms
ptxas info    : Compiling entry function '_Z14fc2_w3x_kernelILi80ELi8EEv14CUtensorMap_stS0_S0_PK13__nv_bfloat16PS1_PmS5_S5_S5_S5_' for 'sm_100a'
ptxas info    : Function properties for _Z14fc2_w3x_kernelILi80ELi8EEv14CUtensorMap_stS0_S0_PK13__nv_bfloat16PS1_PmS5_S5_S5_S5_
    0 bytes stack frame, 0 bytes spill stores, 0 bytes spill loads
ptxas info    : Used 70 registers, used 1 barriers
ptxas info    : Compile time = 89.143 ms
ptxas info    : Compiling entry function '_Z14fc2_w3x_kernelILi58ELi8EEv14CUtensorMap_stS0_S0_PK13__nv_bfloat16PS1_PmS5_S5_S5_S5_' for 'sm_100a'
ptxas info    : Function properties for _Z14fc2_w3x_kernelILi58ELi8EEv14CUtensorMap_stS0_S0_PK13__nv_bfloat16PS1_PmS5_S5_S5_S5_
    0 bytes stack frame, 0 bytes spill stores, 0 bytes spill loads
ptxas info    : Used 70 registers, used 1 barriers
ptxas info    : Compile time = 88.835 ms
ptxas info    : Compiling entry function '_Z14fc2_w3x_kernelILi57ELi8EEv14CUtensorMap_stS0_S0_PK13__nv_bfloat16PS1_PmS5_S5_S5_S5_' for 'sm_100a'
ptxas info    : Function properties for _Z14fc2_w3x_kernelILi57ELi8EEv14CUtensorMap_stS0_S0_PK13__nv_bfloat16PS1_PmS5_S5_S5_S5_
    0 bytes stack frame, 0 bytes spill stores, 0 bytes spill loads
ptxas info    : Used 70 registers, used 1 barriers
ptxas info    : Compile time = 89.838 ms
ptxas info    : Compiling entry function '_Z14fc2_w3x_kernelILi56ELi8EEv14CUtensorMap_stS0_S0_PK13__nv_bfloat16PS1_PmS5_S5_S5_S5_' for 'sm_100a'
ptxas info    : Function properties for _Z14fc2_w3x_kernelILi56ELi8EEv14CUtensorMap_stS0_S0_PK13__nv_bfloat16PS1_PmS5_S5_S5_S5_
    0 bytes stack frame, 0 bytes spill stores, 0 bytes spill loads
ptxas info    : Used 70 registers, used 1 barriers
ptxas info    : Compile time = 89.260 ms
ptxas info    : Compiling entry function '_Z14fc2_w3x_kernelILi55ELi8EEv14CUtensorMap_stS0_S0_PK13__nv_bfloat16PS1_PmS5_S5_S5_S5_' for 'sm_100a'
ptxas info    : Function properties for _Z14fc2_w3x_kernelILi55ELi8EEv14CUtensorMap_stS0_S0_PK13__nv_bfloat16PS1_PmS5_S5_S5_S5_
    0 bytes stack frame, 0 bytes spill stores, 0 bytes spill loads
ptxas info    : Used 70 registers, used 1 barriers
ptxas info    : Compile time = 89.591 ms
ptxas info    : Compiling entry function '_Z14fc2_w3x_kernelILi54ELi8EEv14CUtensorMap_stS0_S0_PK13__nv_bfloat16PS1_PmS5_S5_S5_S5_' for 'sm_100a'
ptxas info    : Function properties for _Z14fc2_w3x_kernelILi54ELi8EEv14CUtensorMap_stS0_S0_PK13__nv_bfloat16PS1_PmS5_S5_S5_S5_
    0 bytes stack frame, 0 bytes spill stores, 0 bytes spill loads
ptxas info    : Used 70 registers, used 1 barriers
ptxas info    : Compile time = 89.039 ms
ptxas info    : Compiling entry function '_Z14fc2_w3x_kernelILi53ELi8EEv14CUtensorMap_stS0_S0_PK13__nv_bfloat16PS1_PmS5_S5_S5_S5_' for 'sm_100a'
ptxas info    : Function properties for _Z14fc2_w3x_kernelILi53ELi8EEv14CUtensorMap_stS0_S0_PK13__nv_bfloat16PS1_PmS5_S5_S5_S5_
    0 bytes stack frame, 0 bytes spill stores, 0 bytes spill loads
ptxas info    : Used 70 registers, used 1 barriers
ptxas info    : Compile time = 89.398 ms
ptxas info    : Compiling entry function '_Z14fc2_w3x_kernelILi52ELi8EEv14CUtensorMap_stS0_S0_PK13__nv_bfloat16PS1_PmS5_S5_S5_S5_' for 'sm_100a'
ptxas info    : Function properties for _Z14fc2_w3x_kernelILi52ELi8EEv14CUtensorMap_stS0_S0_PK13__nv_bfloat16PS1_PmS5_S5_S5_S5_
    0 bytes stack frame, 0 bytes spill stores, 0 bytes spill loads
ptxas info    : Used 70 registers, used 1 barriers
ptxas info    : Compile time = 90.235 ms
ptxas info    : Compiling entry function '_Z14fc2_w3x_kernelILi51ELi8EEv14CUtensorMap_stS0_S0_PK13__nv_bfloat16PS1_PmS5_S5_S5_S5_' for 'sm_100a'
ptxas info    : Function properties for _Z14fc2_w3x_kernelILi51ELi8EEv14CUtensorMap_stS0_S0_PK13__nv_bfloat16PS1_PmS5_S5_S5_S5_
    0 bytes stack frame, 0 bytes spill stores, 0 bytes spill loads
ptxas info    : Used 70 registers, used 1 barriers
ptxas info    : Compile time = 91.003 ms
ptxas info    : Compiling entry function '_Z14fc2_w3x_kernelILi50ELi8EEv14CUtensorMap_stS0_S0_PK13__nv_bfloat16PS1_PmS5_S5_S5_S5_' for 'sm_100a'
ptxas info    : Function properties for _Z14fc2_w3x_kernelILi50ELi8EEv14CUtensorMap_stS0_S0_PK13__nv_bfloat16PS1_PmS5_S5_S5_S5_
    0 bytes stack frame, 0 bytes spill stores, 0 bytes spill loads
ptxas info    : Used 70 registers, used 1 barriers
ptxas info    : Compile time = 91.076 ms
ptxas info    : Compiling entry function '_Z14fc2_w3x_kernelILi49ELi8EEv14CUtensorMap_stS0_S0_PK13__nv_bfloat16PS1_PmS5_S5_S5_S5_' for 'sm_100a'
ptxas info    : Function properties for _Z14fc2_w3x_kernelILi49ELi8EEv14CUtensorMap_stS0_S0_PK13__nv_bfloat16PS1_PmS5_S5_S5_S5_
    0 bytes stack frame, 0 bytes spill stores, 0 bytes spill loads
ptxas info    : Used 70 registers, used 1 barriers
ptxas info    : Compile time = 89.053 ms
ptxas info    : Compiling entry function '_Z14fc2_w3x_kernelILi19ELi16EEv14CUtensorMap_stS0_S0_PK13__nv_bfloat16PS1_PmS5_S5_S5_S5_' for 'sm_100a'
ptxas info    : Function properties for _Z14fc2_w3x_kernelILi19ELi16EEv14CUtensorMap_stS0_S0_PK13__nv_bfloat16PS1_PmS5_S5_S5_S5_
    0 bytes stack frame, 0 bytes spill stores, 0 bytes spill loads
ptxas info    : Used 70 registers, used 1 barriers
ptxas info    : Compile time = 90.913 ms
ptxas info    : Compiling entry function '_Z14fc2_w3x_kernelILi19ELi4EEv14CUtensorMap_stS0_S0_PK13__nv_bfloat16PS1_PmS5_S5_S5_S5_' for 'sm_100a'
ptxas info    : Function properties for _Z14fc2_w3x_kernelILi19ELi4EEv14CUtensorMap_stS0_S0_PK13__nv_bfloat16PS1_PmS5_S5_S5_S5_
    0 bytes stack frame, 0 bytes spill stores, 0 bytes spill loads
ptxas info    : Used 70 registers, used 1 barriers
ptxas info    : Compile time = 91.544 ms
ptxas info    : Compiling entry function '_Z14fc2_w3x_kernelILi48ELi8EEv14CUtensorMap_stS0_S0_PK13__nv_bfloat16PS1_PmS5_S5_S5_S5_' for 'sm_100a'
ptxas info    : Function properties for _Z14fc2_w3x_kernelILi48ELi8EEv14CUtensorMap_stS0_S0_PK13__nv_bfloat16PS1_PmS5_S5_S5_S5_
    0 bytes stack frame, 0 bytes spill stores, 0 bytes spill loads
ptxas info    : Used 70 registers, used 1 barriers
ptxas info    : Compile time = 90.241 ms
ptxas info    : Compiling entry function '_Z14fc2_w3x_kernelILi47ELi8EEv14CUtensorMap_stS0_S0_PK13__nv_bfloat16PS1_PmS5_S5_S5_S5_' for 'sm_100a'
ptxas info    : Function properties for _Z14fc2_w3x_kernelILi47ELi8EEv14CUtensorMap_stS0_S0_PK13__nv_bfloat16PS1_PmS5_S5_S5_S5_
    0 bytes stack frame, 0 bytes spill stores, 0 bytes spill loads
ptxas info    : Used 70 registers, used 1 barriers
ptxas info    : Compile time = 91.537 ms
ptxas info    : Compiling entry function '_Z14fc2_w3x_kernelILi46ELi8EEv14CUtensorMap_stS0_S0_PK13__nv_bfloat16PS1_PmS5_S5_S5_S5_' for 'sm_100a'
ptxas info    : Function properties for _Z14fc2_w3x_kernelILi46ELi8EEv14CUtensorMap_stS0_S0_PK13__nv_bfloat16PS1_PmS5_S5_S5_S5_
    0 bytes stack frame, 0 bytes spill stores, 0 bytes spill loads
ptxas info    : Used 70 registers, used 1 barriers
ptxas info    : Compile time = 92.672 ms
ptxas info    : Compiling entry function '_Z14fc2_w3x_kernelILi45ELi8EEv14CUtensorMap_stS0_S0_PK13__nv_bfloat16PS1_PmS5_S5_S5_S5_' for 'sm_100a'
ptxas info    : Function properties for _Z14fc2_w3x_kernelILi45ELi8EEv14CUtensorMap_stS0_S0_PK13__nv_bfloat16PS1_PmS5_S5_S5_S5_
    0 bytes stack frame, 0 bytes spill stores, 0 bytes spill loads
ptxas info    : Used 70 registers, used 1 barriers
ptxas info    : Compile time = 90.487 ms
ptxas info    : Compiling entry function '_Z14fc2_w3x_kernelILi44ELi8EEv14CUtensorMap_stS0_S0_PK13__nv_bfloat16PS1_PmS5_S5_S5_S5_' for 'sm_100a'
ptxas info    : Function properties for _Z14fc2_w3x_kernelILi44ELi8EEv14CUtensorMap_stS0_S0_PK13__nv_bfloat16PS1_PmS5_S5_S5_S5_
    0 bytes stack frame, 0 bytes spill stores, 0 bytes spill loads
ptxas info    : Used 70 registers, used 1 barriers
ptxas info    : Compile time = 90.592 ms
ptxas info    : Compiling entry function '_Z14fc2_w3x_kernelILi43ELi8EEv14CUtensorMap_stS0_S0_PK13__nv_bfloat16PS1_PmS5_S5_S5_S5_' for 'sm_100a'
ptxas info    : Function properties for _Z14fc2_w3x_kernelILi43ELi8EEv14CUtensorMap_stS0_S0_PK13__nv_bfloat16PS1_PmS5_S5_S5_S5_
    0 bytes stack frame, 0 bytes spill stores, 0 bytes spill loads
ptxas info    : Used 70 registers, used 1 barriers
ptxas info    : Compile time = 90.391 ms
ptxas info    : Compiling entry function '_Z14fc2_w3x_kernelILi41ELi8EEv14CUtensorMap_stS0_S0_PK13__nv_bfloat16PS1_PmS5_S5_S5_S5_' for 'sm_100a'
ptxas info    : Function properties for _Z14fc2_w3x_kernelILi41ELi8EEv14CUtensorMap_stS0_S0_PK13__nv_bfloat16PS1_PmS5_S5_S5_S5_
    0 bytes stack frame, 0 bytes spill stores, 0 bytes spill loads
ptxas info    : Used 70 registers, used 1 barriers
ptxas info    : Compile time = 89.260 ms
ptxas info    : Compiling entry function '_Z14fc2_w3x_kernelILi40ELi8EEv14CUtensorMap_stS0_S0_PK13__nv_bfloat16PS1_PmS5_S5_S5_S5_' for 'sm_100a'
ptxas info    : Function properties for _Z14fc2_w3x_kernelILi40ELi8EEv14CUtensorMap_stS0_S0_PK13__nv_bfloat16PS1_PmS5_S5_S5_S5_
    0 bytes stack frame, 0 bytes spill stores, 0 bytes spill loads
ptxas info    : Used 70 registers, used 1 barriers
ptxas info    : Compile time = 88.351 ms
ptxas info    : Compiling entry function '_Z14fc2_w3x_kernelILi39ELi8EEv14CUtensorMap_stS0_S0_PK13__nv_bfloat16PS1_PmS5_S5_S5_S5_' for 'sm_100a'
ptxas info    : Function properties for _Z14fc2_w3x_kernelILi39ELi8EEv14CUtensorMap_stS0_S0_PK13__nv_bfloat16PS1_PmS5_S5_S5_S5_
    0 bytes stack frame, 0 bytes spill stores, 0 bytes spill loads
ptxas info    : Used 70 registers, used 1 barriers
ptxas info    : Compile time = 90.354 ms
ptxas info    : Compiling entry function '_Z14fc2_w3x_kernelILi38ELi8EEv14CUtensorMap_stS0_S0_PK13__nv_bfloat16PS1_PmS5_S5_S5_S5_' for 'sm_100a'
ptxas info    : Function properties for _Z14fc2_w3x_kernelILi38ELi8EEv14CUtensorMap_stS0_S0_PK13__nv_bfloat16PS1_PmS5_S5_S5_S5_
    0 bytes stack frame, 0 bytes spill stores, 0 bytes spill loads
ptxas info    : Used 70 registers, used 1 barriers
ptxas info    : Compile time = 92.592 ms
ptxas info    : Compiling entry function '_Z14fc2_w3x_kernelILi36ELi4EEv14CUtensorMap_stS0_S0_PK13__nv_bfloat16PS1_PmS5_S5_S5_S5_' for 'sm_100a'
ptxas info    : Function properties for _Z14fc2_w3x_kernelILi36ELi4EEv14CUtensorMap_stS0_S0_PK13__nv_bfloat16PS1_PmS5_S5_S5_S5_
    0 bytes stack frame, 0 bytes spill stores, 0 bytes spill loads
ptxas info    : Used 70 registers, used 1 barriers
ptxas info    : Compile time = 89.759 ms
ptxas info    : Compiling entry function '_Z14fc2_w3x_kernelILi35ELi4EEv14CUtensorMap_stS0_S0_PK13__nv_bfloat16PS1_PmS5_S5_S5_S5_' for 'sm_100a'
ptxas info    : Function properties for _Z14fc2_w3x_kernelILi35ELi4EEv14CUtensorMap_stS0_S0_PK13__nv_bfloat16PS1_PmS5_S5_S5_S5_
    0 bytes stack frame, 0 bytes spill stores, 0 bytes spill loads
ptxas info    : Used 70 registers, used 1 barriers
ptxas info    : Compile time = 90.865 ms
ptxas info    : Compiling entry function '_Z14fc2_w3x_kernelILi34ELi8EEv14CUtensorMap_stS0_S0_PK13__nv_bfloat16PS1_PmS5_S5_S5_S5_' for 'sm_100a'
ptxas info    : Function properties for _Z14fc2_w3x_kernelILi34ELi8EEv14CUtensorMap_stS0_S0_PK13__nv_bfloat16PS1_PmS5_S5_S5_S5_
    0 bytes stack frame, 0 bytes spill stores, 0 bytes spill loads
ptxas info    : Used 70 registers, used 1 barriers
ptxas info    : Compile time = 91.725 ms
ptxas info    : Compiling entry function '_Z14fc2_w3x_kernelILi33ELi8EEv14CUtensorMap_stS0_S0_PK13__nv_bfloat16PS1_PmS5_S5_S5_S5_' for 'sm_100a'
ptxas info    : Function properties for _Z14fc2_w3x_kernelILi33ELi8EEv14CUtensorMap_stS0_S0_PK13__nv_bfloat16PS1_PmS5_S5_S5_S5_
    0 bytes stack frame, 0 bytes spill stores, 0 bytes spill loads
ptxas info    : Used 70 registers, used 1 barriers
ptxas info    : Compile time = 89.081 ms
ptxas info    : Compiling entry function '_Z14fc2_w3x_kernelILi19ELi8EEv14CUtensorMap_stS0_S0_PK13__nv_bfloat16PS1_PmS5_S5_S5_S5_' for 'sm_100a'
ptxas info    : Function properties for _Z14fc2_w3x_kernelILi19ELi8EEv14CUtensorMap_stS0_S0_PK13__nv_bfloat16PS1_PmS5_S5_S5_S5_
    0 bytes stack frame, 0 bytes spill stores, 0 bytes spill loads
ptxas info    : Used 70 registers, used 1 barriers
ptxas info    : Compile time = 91.484 ms
ptxas info    : Compiling entry function '_Z14fc2_w3x_kernelILi18ELi8EEv14CUtensorMap_stS0_S0_PK13__nv_bfloat16PS1_PmS5_S5_S5_S5_' for 'sm_100a'
ptxas info    : Function properties for _Z14fc2_w3x_kernelILi18ELi8EEv14CUtensorMap_stS0_S0_PK13__nv_bfloat16PS1_PmS5_S5_S5_S5_
    0 bytes stack frame, 0 bytes spill stores, 0 bytes spill loads
ptxas info    : Used 70 registers, used 1 barriers
ptxas info    : Compile time = 92.798 ms
ptxas info    : Compiling entry function '_Z14fc2_w3x_kernelILi13ELi8EEv14CUtensorMap_stS0_S0_PK13__nv_bfloat16PS1_PmS5_S5_S5_S5_' for 'sm_100a'
ptxas info    : Function properties for _Z14fc2_w3x_kernelILi13ELi8EEv14CUtensorMap_stS0_S0_PK13__nv_bfloat16PS1_PmS5_S5_S5_S5_
    0 bytes stack frame, 0 bytes spill stores, 0 bytes spill loads
ptxas info    : Used 70 registers, used 1 barriers
ptxas info    : Compile time = 88.720 ms
ptxas info    : Compiling entry function '_Z14fc2_w3x_kernelILi11ELi8EEv14CUtensorMap_stS0_S0_PK13__nv_bfloat16PS1_PmS5_S5_S5_S5_' for 'sm_100a'
ptxas info    : Function properties for _Z14fc2_w3x_kernelILi11ELi8EEv14CUtensorMap_stS0_S0_PK13__nv_bfloat16PS1_PmS5_S5_S5_S5_
    0 bytes stack frame, 0 bytes spill stores, 0 bytes spill loads
ptxas info    : Used 70 registers, used 1 barriers
ptxas info    : Compile time = 88.684 ms
ptxas info    : Compiling entry function '_Z14fc2_w3x_kernelILi0ELi32EEv14CUtensorMap_stS0_S0_PK13__nv_bfloat16PS1_PmS5_S5_S5_S5_' for 'sm_100a'
ptxas info    : Function properties for _Z14fc2_w3x_kernelILi0ELi32EEv14CUtensorMap_stS0_S0_PK13__nv_bfloat16PS1_PmS5_S5_S5_S5_
    0 bytes stack frame, 0 bytes spill stores, 0 bytes spill loads
ptxas info    : Used 70 registers, used 1 barriers
ptxas info    : Compile time = 91.376 ms
ptxas info    : Compiling entry function '_Z14fc2_w3x_kernelILi0ELi16EEv14CUtensorMap_stS0_S0_PK13__nv_bfloat16PS1_PmS5_S5_S5_S5_' for 'sm_100a'
ptxas info    : Function properties for _Z14fc2_w3x_kernelILi0ELi16EEv14CUtensorMap_stS0_S0_PK13__nv_bfloat16PS1_PmS5_S5_S5_S5_
    0 bytes stack frame, 0 bytes spill stores, 0 bytes spill loads
ptxas info    : Used 70 registers, used 1 barriers
ptxas info    : Compile time = 90.621 ms
ptxas info    : Compiling entry function '_Z14fc2_w3x_kernelILi0ELi4EEv14CUtensorMap_stS0_S0_PK13__nv_bfloat16PS1_PmS5_S5_S5_S5_' for 'sm_100a'
ptxas info    : Function properties for _Z14fc2_w3x_kernelILi0ELi4EEv14CUtensorMap_stS0_S0_PK13__nv_bfloat16PS1_PmS5_S5_S5_S5_
    0 bytes stack frame, 0 bytes spill stores, 0 bytes spill loads
ptxas info    : Used 70 registers, used 1 barriers
ptxas info    : Compile time = 90.676 ms
ptxas info    : Compiling entry function '_Z14fc2_w3x_kernelILi0ELi2EEv14CUtensorMap_stS0_S0_PK13__nv_bfloat16PS1_PmS5_S5_S5_S5_' for 'sm_100a'
ptxas info    : Function properties for _Z14fc2_w3x_kernelILi0ELi2EEv14CUtensorMap_stS0_S0_PK13__nv_bfloat16PS1_PmS5_S5_S5_S5_
    0 bytes stack frame, 0 bytes spill stores, 0 bytes spill loads
ptxas info    : Used 70 registers, used 1 barriers
ptxas info    : Compile time = 88.185 ms
ptxas info    : Compiling entry function '_Z14fc2_w3x_kernelILi0ELi8EEv14CUtensorMap_stS0_S0_PK13__nv_bfloat16PS1_PmS5_S5_S5_S5_' for 'sm_100a'
ptxas info    : Function properties for _Z14fc2_w3x_kernelILi0ELi8EEv14CUtensorMap_stS0_S0_PK13__nv_bfloat16PS1_PmS5_S5_S5_S5_
    0 bytes stack frame, 0 bytes spill stores, 0 bytes spill loads
ptxas info    : Used 70 registers, used 1 barriers
ptxas info    : Compile time = 90.648 ms
[08:10:51] 
[08:10:51] --- phase 1: focused metric pack (reps=1) ---
[08:10:51]   ncu dgsw (~30-45s)
[08:10:52]   ncu gflip_blkswap (~30-45s)
[08:10:54]   ncu gflip_blkx5 (~30-45s)
[08:10:55]   ncu gflip_blkx6 (~30-45s)
[08:10:57]   ncu gflip_blkx7 (~30-45s)
[08:10:59]   ncu gflip_blk_qrt0 (~30-45s)
[08:11:00]   ncu gflip_blk_qrt2 (~30-45s)
[08:11:02]   ncu gflip_blk_qrt3 (~30-45s)
[08:11:04]   ncu dg_snlmrev (~30-45s)
[08:11:05]   ncu gflip_cidperm (~30-45s)
[08:11:07] 
[08:11:07] --- phase 2: --set full per variant () ---
[08:11:07]   full/dgsw (3-5 min)
[08:11:13]   full/gflip_blkswap (3-5 min)
[08:11:20]   full/gflip_blkx5 (3-5 min)
[08:11:26]   full/gflip_blkx6 (3-5 min)
[08:11:33]   full/gflip_blkx7 (3-5 min)
[08:11:39]   full/gflip_blk_qrt0 (3-5 min)
[08:11:45]   full/gflip_blk_qrt2 (3-5 min)
[08:11:52]   full/gflip_blk_qrt3 (3-5 min)
[08:11:58]   full/dg_snlmrev (3-5 min)
[08:12:05]   full/gflip_cidperm (3-5 min)
[08:12:11] 
[08:12:11] --- phase 3: decoded summary ---
[08:12:11] 
[08:12:11] --- artifacts ---
[08:12:11]   focused csvs:  data/ncu_w3x_tiles_20260501_081040/<variant>.csv
[08:12:11]   full reports:  data/ncu_w3x_tiles_20260501_081040/full_<variant>.ncu-rep
[08:12:11]   decoded diff:  data/ncu_w3x_tiles_20260501_081040/summary.txt
[08:12:11] 
[08:12:11]   to dig into a specific variant's full report (if --full was set):
[08:12:11]     ncu --import data/ncu_w3x_tiles_20260501_081040/full_<name>.ncu-rep --page details | less -R
[08:12:11]   pairwise diff between two full reports:
[08:12:11]     python3 tools/ncu_diff.py data/ncu_w3x_tiles_20260501_081040/full_A.ncu-rep data/ncu_w3x_tiles_20260501_081040/full_B.ncu-rep
