✓ Initialized. View run at 
https://modal.com/apps/stephenliang/main/ap-UXmXQmhC2FoxmAlOSJB5Gh
✓ Created objects.
├── 🔨 Created mount /home/sdl/net/sm100_sm103_tests/gpu_interface/ns_matrix.py
├── 🔨 Created mount /home/sdl/net/sm100_sm103_tests
└── 🔨 Created function run_matrix.

==========
== CUDA ==
==========

CUDA Version 13.2.0

Container image Copyright (c) 2016-2023, NVIDIA CORPORATION & AFFILIATES. All rights reserved.

This container image and its contents are governed by the NVIDIA Deep Learning Container License.
By pulling and using the container, you accept the terms and conditions of this license:
https://developer.nvidia.com/ngc/nvidia-deep-learning-container-license

A copy of this license is made available in this container at /NGC-DL-CONTAINER-LICENSE for your convenience.


@@CELL name=base flags=-DSELF_DIFF=100
$ make -B fc1-w3 DFLAGS=-DSELF_DIFF=100
nvcc -gencode arch=compute_100a,code=sm_100a -O3 -std=c++17 -lineinfo --ptxas-options=-v --cudart=static -DSELF_DIFF=100 fc1_w3.cu -o fc1-w3 -lcurand_static -lculibos -lcuda
fc1_w3.cu(1044): warning #177-D: variable "prev_n_bias" was declared but never referenced
                  const int prev_n_bias = ptn * 256;
                            ^

Remark: The warnings can be suppressed with "-diag-suppress <warning-number>"

fc1_w3.cu(1199): warning #177-D: variable "last_n_bias" was declared but never referenced
          const int last_n_bias = ltn * 256;
                    ^

ptxas info    : 0 bytes gmem
ptxas info    : Compiling entry function '_Z7pack_u8PhPKhiiii' for 'sm_100a'
ptxas info    : Function properties for _Z7pack_u8PhPKhiiii
    0 bytes stack frame, 0 bytes spill stores, 0 bytes spill loads
ptxas info    : Used 20 registers, used 0 barriers
ptxas info    : Compile time = 6.844 ms
ptxas info    : Compiling entry function '_Z14count_mismatchPK13__nv_bfloat16S1_xPy' for 'sm_100a'
ptxas info    : Function properties for _Z14count_mismatchPK13__nv_bfloat16S1_xPy
    0 bytes stack frame, 0 bytes spill stores, 0 bytes spill loads
ptxas info    : Used 40 registers, used 0 barriers
ptxas info    : Compile time = 12.258 ms
ptxas info    : Compiling entry function '_Z19read_clock_sentinelPy' for 'sm_100a'
ptxas info    : Function properties for _Z19read_clock_sentinelPy
    0 bytes stack frame, 0 bytes spill stores, 0 bytes spill loads
ptxas info    : Used 8 registers, used 0 barriers
ptxas info    : Compile time = 0.690 ms
ptxas info    : Compiling entry function '_Z13fc1_w3_kernel14CUtensorMap_stS_S_PK13__nv_bfloat16PS0_' for 'sm_100a'
ptxas info    : Function properties for _Z13fc1_w3_kernel14CUtensorMap_stS_S_PK13__nv_bfloat16PS0_
    16 bytes stack frame, 0 bytes spill stores, 0 bytes spill loads
ptxas info    : Used 118 registers, used 1 barriers, 16 bytes cumulative stack size
ptxas info    : Compile time = 38.791 ms
$ timeout -k 5 120 stdbuf -oL -eL /root/src/fc1-w3
FC1 W3 kernel — 6 warps, GELU epilogue
  GEMM: [928256,768] x [3072,768]^T  5-stage pipeline  SMEM: 215040 bytes
  Tiles: 3626M × 12N = 43512 total  K_ITERS=6
  Packing tiles...
  Packing done
  Alloc + init done
  TMA descriptors + func attr done (SMEM=215040 B)
Launching warmup (2 iters)...
  Warmup done.
Timing: 10 iterations...
FC1-W3 kernel: 1.885 ms  2323.14 TFLOPS
@@CYC name=fc1_w3 cyc_avg=3481570 launches=10
Validation: 32/32 spot checks passed
Checksum (1024 strided): 3207168.000000
C[0,0..3] = 1728.0 1152.0 1728.0 1152.0
@@RESULT ms=1.885 tflops=2323.14 checksum=3207168.000000 valid=1 c0=1728.0
@@SELFDIFF_BEGIN launches=100
@@SELFDIFF iter=0 mismatches=0
@@SELFDIFF iter=1 mismatches=0
@@SELFDIFF iter=2 mismatches=0
@@SELFDIFF iter=3 mismatches=0
@@SELFDIFF iter=4 mismatches=0
@@SELFDIFF iter=5 mismatches=0
@@SELFDIFF iter=6 mismatches=0
@@SELFDIFF iter=7 mismatches=0
@@SELFDIFF iter=8 mismatches=0
@@SELFDIFF iter=9 mismatches=0
@@SELFDIFF iter=10 mismatches=0
@@SELFDIFF iter=11 mismatches=0
@@SELFDIFF iter=12 mismatches=0
@@SELFDIFF iter=13 mismatches=0
@@SELFDIFF iter=14 mismatches=0
@@SELFDIFF iter=15 mismatches=0
@@SELFDIFF iter=16 mismatches=0
@@SELFDIFF iter=17 mismatches=0
@@SELFDIFF iter=18 mismatches=0
@@SELFDIFF iter=19 mismatches=0
@@SELFDIFF iter=20 mismatches=0
@@SELFDIFF iter=21 mismatches=0
@@SELFDIFF iter=22 mismatches=0
@@SELFDIFF iter=23 mismatches=0
@@SELFDIFF iter=24 mismatches=0
@@SELFDIFF iter=25 mismatches=0
@@SELFDIFF iter=26 mismatches=0
@@SELFDIFF iter=27 mismatches=0
@@SELFDIFF iter=28 mismatches=0
@@SELFDIFF iter=29 mismatches=0
@@SELFDIFF iter=30 mismatches=0
@@SELFDIFF iter=31 mismatches=0
@@SELFDIFF iter=32 mismatches=0
@@SELFDIFF iter=33 mismatches=0
@@SELFDIFF iter=34 mismatches=0
@@SELFDIFF iter=35 mismatches=0
@@SELFDIFF iter=36 mismatches=0
@@SELFDIFF iter=37 mismatches=0
@@SELFDIFF iter=38 mismatches=0
@@SELFDIFF iter=39 mismatches=0
@@SELFDIFF iter=40 mismatches=0
@@SELFDIFF iter=41 mismatches=0
@@SELFDIFF iter=42 mismatches=0
@@SELFDIFF iter=43 mismatches=0
@@SELFDIFF iter=44 mismatches=0
@@SELFDIFF iter=45 mismatches=0
@@SELFDIFF iter=46 mismatches=0
@@SELFDIFF iter=47 mismatches=0
@@SELFDIFF iter=48 mismatches=0
@@SELFDIFF iter=49 mismatches=0
@@SELFDIFF iter=50 mismatches=0
@@SELFDIFF iter=51 mismatches=0
@@SELFDIFF iter=52 mismatches=0
@@SELFDIFF iter=53 mismatches=0
@@SELFDIFF iter=54 mismatches=0
@@SELFDIFF iter=55 mismatches=0
@@SELFDIFF iter=56 mismatches=0
@@SELFDIFF iter=57 mismatches=0
@@SELFDIFF iter=58 mismatches=0
@@SELFDIFF iter=59 mismatches=0
@@SELFDIFF iter=60 mismatches=0
@@SELFDIFF iter=61 mismatches=0
@@SELFDIFF iter=62 mismatches=0
@@SELFDIFF iter=63 mismatches=0
@@SELFDIFF iter=64 mismatches=0
@@SELFDIFF iter=65 mismatches=0
@@SELFDIFF iter=66 mismatches=0
@@SELFDIFF iter=67 mismatches=0
@@SELFDIFF iter=68 mismatches=0
@@SELFDIFF iter=69 mismatches=0
@@SELFDIFF iter=70 mismatches=0
@@SELFDIFF iter=71 mismatches=0
@@SELFDIFF iter=72 mismatches=0
@@SELFDIFF iter=73 mismatches=0
@@SELFDIFF iter=74 mismatches=0
@@SELFDIFF iter=75 mismatches=0
@@SELFDIFF iter=76 mismatches=0
@@SELFDIFF iter=77 mismatches=0
@@SELFDIFF iter=78 mismatches=0
@@SELFDIFF iter=79 mismatches=0
@@SELFDIFF iter=80 mismatches=0
@@SELFDIFF iter=81 mismatches=0
@@SELFDIFF iter=82 mismatches=0
@@SELFDIFF iter=83 mismatches=0
@@SELFDIFF iter=84 mismatches=0
@@SELFDIFF iter=85 mismatches=0
@@SELFDIFF iter=86 mismatches=0
@@SELFDIFF iter=87 mismatches=0
@@SELFDIFF iter=88 mismatches=0
@@SELFDIFF iter=89 mismatches=0
@@SELFDIFF iter=90 mismatches=0
@@SELFDIFF iter=91 mismatches=0
@@SELFDIFF iter=92 mismatches=0
@@SELFDIFF iter=93 mismatches=0
@@SELFDIFF iter=94 mismatches=0
@@SELFDIFF iter=95 mismatches=0
@@SELFDIFF iter=96 mismatches=0
@@SELFDIFF iter=97 mismatches=0
@@SELFDIFF iter=98 mismatches=0
@@SELFDIFF iter=99 mismatches=0
@@SELFDIFF_SUMMARY launches=100 dirty=0 worst=0
@@CELL_EXIT name=base rc=0

@@CELL name=wgread flags=-DSELF_DIFF=100 -DWGREAD
$ make -B fc1-w3 'DFLAGS=-DSELF_DIFF=100 -DWGREAD'
nvcc -gencode arch=compute_100a,code=sm_100a -O3 -std=c++17 -lineinfo --ptxas-options=-v --cudart=static -DSELF_DIFF=100 -DWGREAD fc1_w3.cu -o fc1-w3 -lcurand_static -lculibos -lcuda
fc1_w3.cu(1044): warning #177-D: variable "prev_n_bias" was declared but never referenced
                  const int prev_n_bias = ptn * 256;
                            ^

Remark: The warnings can be suppressed with "-diag-suppress <warning-number>"

fc1_w3.cu(1199): warning #177-D: variable "last_n_bias" was declared but never referenced
          const int last_n_bias = ltn * 256;
                    ^

ptxas info    : 0 bytes gmem
ptxas info    : Compiling entry function '_Z7pack_u8PhPKhiiii' for 'sm_100a'
ptxas info    : Function properties for _Z7pack_u8PhPKhiiii
    0 bytes stack frame, 0 bytes spill stores, 0 bytes spill loads
ptxas info    : Used 20 registers, used 0 barriers
ptxas info    : Compile time = 7.510 ms
ptxas info    : Compiling entry function '_Z14count_mismatchPK13__nv_bfloat16S1_xPy' for 'sm_100a'
ptxas info    : Function properties for _Z14count_mismatchPK13__nv_bfloat16S1_xPy
    0 bytes stack frame, 0 bytes spill stores, 0 bytes spill loads
ptxas info    : Used 40 registers, used 0 barriers
ptxas info    : Compile time = 11.994 ms
ptxas info    : Compiling entry function '_Z19read_clock_sentinelPy' for 'sm_100a'
ptxas info    : Function properties for _Z19read_clock_sentinelPy
    0 bytes stack frame, 0 bytes spill stores, 0 bytes spill loads
ptxas info    : Used 8 registers, used 0 barriers
ptxas info    : Compile time = 0.548 ms
ptxas info    : Compiling entry function '_Z13fc1_w3_kernel14CUtensorMap_stS_S_PK13__nv_bfloat16PS0_' for 'sm_100a'
ptxas info    : Function properties for _Z13fc1_w3_kernel14CUtensorMap_stS_S_PK13__nv_bfloat16PS0_
    16 bytes stack frame, 0 bytes spill stores, 0 bytes spill loads
ptxas info    : Used 118 registers, used 1 barriers, 16 bytes cumulative stack size
ptxas info    : Compile time = 38.465 ms
$ timeout -k 5 120 stdbuf -oL -eL /root/src/fc1-w3
FC1 W3 kernel — 6 warps, GELU epilogue
  GEMM: [928256,768] x [3072,768]^T  5-stage pipeline  SMEM: 215040 bytes
  Tiles: 3626M × 12N = 43512 total  K_ITERS=6
  Packing tiles...
  Packing done
  Alloc + init done
  TMA descriptors + func attr done (SMEM=215040 B)
Launching warmup (2 iters)...
  Warmup done.
Timing: 10 iterations...
FC1-W3 kernel: 1.876 ms  2335.27 TFLOPS
@@CYC name=fc1_w3 cyc_avg=3462548 launches=10
Validation: 32/32 spot checks passed
Checksum (1024 strided): 3207168.000000
C[0,0..3] = 1728.0 1152.0 1728.0 1152.0
@@RESULT ms=1.876 tflops=2335.27 checksum=3207168.000000 valid=1 c0=1728.0
@@SELFDIFF_BEGIN launches=100
@@SELFDIFF iter=0 mismatches=0
@@SELFDIFF iter=1 mismatches=0
@@SELFDIFF iter=2 mismatches=0
@@SELFDIFF iter=3 mismatches=0
@@SELFDIFF iter=4 mismatches=0
@@SELFDIFF iter=5 mismatches=0
@@SELFDIFF iter=6 mismatches=0
@@SELFDIFF iter=7 mismatches=0
@@SELFDIFF iter=8 mismatches=0
@@SELFDIFF iter=9 mismatches=0
@@SELFDIFF iter=10 mismatches=0
@@SELFDIFF iter=11 mismatches=0
@@SELFDIFF iter=12 mismatches=0
@@SELFDIFF iter=13 mismatches=0
@@SELFDIFF iter=14 mismatches=0
@@SELFDIFF iter=15 mismatches=0
@@SELFDIFF iter=16 mismatches=0
@@SELFDIFF iter=17 mismatches=0
@@SELFDIFF iter=18 mismatches=0
@@SELFDIFF iter=19 mismatches=0
@@SELFDIFF iter=20 mismatches=0
@@SELFDIFF iter=21 mismatches=0
@@SELFDIFF iter=22 mismatches=0
@@SELFDIFF iter=23 mismatches=0
@@SELFDIFF iter=24 mismatches=0
@@SELFDIFF iter=25 mismatches=0
@@SELFDIFF iter=26 mismatches=0
@@SELFDIFF iter=27 mismatches=0
@@SELFDIFF iter=28 mismatches=0
@@SELFDIFF iter=29 mismatches=0
@@SELFDIFF iter=30 mismatches=0
@@SELFDIFF iter=31 mismatches=0
@@SELFDIFF iter=32 mismatches=0
@@SELFDIFF iter=33 mismatches=0
@@SELFDIFF iter=34 mismatches=0
@@SELFDIFF iter=35 mismatches=0
@@SELFDIFF iter=36 mismatches=0
@@SELFDIFF iter=37 mismatches=0
@@SELFDIFF iter=38 mismatches=0
@@SELFDIFF iter=39 mismatches=0
@@SELFDIFF iter=40 mismatches=0
@@SELFDIFF iter=41 mismatches=0
@@SELFDIFF iter=42 mismatches=0
@@SELFDIFF iter=43 mismatches=0
@@SELFDIFF iter=44 mismatches=0
@@SELFDIFF iter=45 mismatches=0
@@SELFDIFF iter=46 mismatches=0
@@SELFDIFF iter=47 mismatches=0
@@SELFDIFF iter=48 mismatches=0
@@SELFDIFF iter=49 mismatches=0
@@SELFDIFF iter=50 mismatches=0
@@SELFDIFF iter=51 mismatches=0
@@SELFDIFF iter=52 mismatches=0
@@SELFDIFF iter=53 mismatches=0
@@SELFDIFF iter=54 mismatches=0
@@SELFDIFF iter=55 mismatches=0
@@SELFDIFF iter=56 mismatches=0
@@SELFDIFF iter=57 mismatches=0
@@SELFDIFF iter=58 mismatches=0
@@SELFDIFF iter=59 mismatches=0
@@SELFDIFF iter=60 mismatches=0
@@SELFDIFF iter=61 mismatches=0
@@SELFDIFF iter=62 mismatches=0
@@SELFDIFF iter=63 mismatches=0
@@SELFDIFF iter=64 mismatches=0
@@SELFDIFF iter=65 mismatches=0
@@SELFDIFF iter=66 mismatches=0
@@SELFDIFF iter=67 mismatches=0
@@SELFDIFF iter=68 mismatches=0
@@SELFDIFF iter=69 mismatches=0
@@SELFDIFF iter=70 mismatches=0
@@SELFDIFF iter=71 mismatches=0
@@SELFDIFF iter=72 mismatches=0
@@SELFDIFF iter=73 mismatches=0
@@SELFDIFF iter=74 mismatches=0
@@SELFDIFF iter=75 mismatches=0
@@SELFDIFF iter=76 mismatches=0
@@SELFDIFF iter=77 mismatches=0
@@SELFDIFF iter=78 mismatches=0
@@SELFDIFF iter=79 mismatches=0
@@SELFDIFF iter=80 mismatches=0
@@SELFDIFF iter=81 mismatches=0
@@SELFDIFF iter=82 mismatches=0
@@SELFDIFF iter=83 mismatches=0
@@SELFDIFF iter=84 mismatches=0
@@SELFDIFF iter=85 mismatches=0
@@SELFDIFF iter=86 mismatches=0
@@SELFDIFF iter=87 mismatches=0
@@SELFDIFF iter=88 mismatches=0
@@SELFDIFF iter=89 mismatches=0
@@SELFDIFF iter=90 mismatches=0
@@SELFDIFF iter=91 mismatches=0
@@SELFDIFF iter=92 mismatches=0
@@SELFDIFF iter=93 mismatches=0
@@SELFDIFF iter=94 mismatches=0
@@SELFDIFF iter=95 mismatches=0
@@SELFDIFF iter=96 mismatches=0
@@SELFDIFF iter=97 mismatches=0
@@SELFDIFF iter=98 mismatches=0
@@SELFDIFF iter=99 mismatches=0
@@SELFDIFF_SUMMARY launches=100 dirty=0 worst=0
@@CELL_EXIT name=wgread rc=0

@@CELL name=carry flags=-DSELF_DIFF=100 -DRING_CARRY
$ make -B fc1-w3 'DFLAGS=-DSELF_DIFF=100 -DRING_CARRY'
nvcc -gencode arch=compute_100a,code=sm_100a -O3 -std=c++17 -lineinfo --ptxas-options=-v --cudart=static -DSELF_DIFF=100 -DRING_CARRY fc1_w3.cu -o fc1-w3 -lcurand_static -lculibos -lcuda
fc1_w3.cu(1044): warning #177-D: variable "prev_n_bias" was declared but never referenced
                  const int prev_n_bias = ptn * 256;
                            ^

Remark: The warnings can be suppressed with "-diag-suppress <warning-number>"

fc1_w3.cu(1199): warning #177-D: variable "last_n_bias" was declared but never referenced
          const int last_n_bias = ltn * 256;
                    ^

ptxas info    : 0 bytes gmem
ptxas info    : Compiling entry function '_Z7pack_u8PhPKhiiii' for 'sm_100a'
ptxas info    : Function properties for _Z7pack_u8PhPKhiiii
    0 bytes stack frame, 0 bytes spill stores, 0 bytes spill loads
ptxas info    : Used 20 registers, used 0 barriers
ptxas info    : Compile time = 7.870 ms
ptxas info    : Compiling entry function '_Z14count_mismatchPK13__nv_bfloat16S1_xPy' for 'sm_100a'
ptxas info    : Function properties for _Z14count_mismatchPK13__nv_bfloat16S1_xPy
    0 bytes stack frame, 0 bytes spill stores, 0 bytes spill loads
ptxas info    : Used 40 registers, used 0 barriers
ptxas info    : Compile time = 13.704 ms
ptxas info    : Compiling entry function '_Z19read_clock_sentinelPy' for 'sm_100a'
ptxas info    : Function properties for _Z19read_clock_sentinelPy
    0 bytes stack frame, 0 bytes spill stores, 0 bytes spill loads
ptxas info    : Used 8 registers, used 0 barriers
ptxas info    : Compile time = 0.800 ms
ptxas info    : Compiling entry function '_Z13fc1_w3_kernel14CUtensorMap_stS_S_PK13__nv_bfloat16PS0_' for 'sm_100a'
ptxas info    : Function properties for _Z13fc1_w3_kernel14CUtensorMap_stS_S_PK13__nv_bfloat16PS0_
    16 bytes stack frame, 0 bytes spill stores, 0 bytes spill loads
ptxas info    : Used 118 registers, used 1 barriers, 16 bytes cumulative stack size
ptxas info    : Compile time = 45.805 ms
$ timeout -k 5 120 stdbuf -oL -eL /root/src/fc1-w3
FC1 W3 kernel — 6 warps, GELU epilogue
  GEMM: [928256,768] x [3072,768]^T  5-stage pipeline  SMEM: 215040 bytes
  Tiles: 3626M × 12N = 43512 total  K_ITERS=6
  Packing tiles...
  Packing done
  Alloc + init done
  TMA descriptors + func attr done (SMEM=215040 B)
Launching warmup (2 iters)...
  Warmup done.
Timing: 10 iterations...
FC1-W3 kernel: 1.917 ms  2285.35 TFLOPS
@@CYC name=fc1_w3 cyc_avg=3545661 launches=10
Validation: 32/32 spot checks passed
Checksum (1024 strided): 3207168.000000
C[0,0..3] = 1728.0 1152.0 1728.0 1152.0
@@RESULT ms=1.917 tflops=2285.35 checksum=3207168.000000 valid=1 c0=1728.0
@@SELFDIFF_BEGIN launches=100
@@SELFDIFF iter=0 mismatches=0
@@SELFDIFF iter=1 mismatches=0
@@SELFDIFF iter=2 mismatches=0
@@SELFDIFF iter=3 mismatches=0
@@SELFDIFF iter=4 mismatches=0
@@SELFDIFF iter=5 mismatches=0
@@SELFDIFF iter=6 mismatches=0
@@SELFDIFF iter=7 mismatches=0
@@SELFDIFF iter=8 mismatches=0
@@SELFDIFF iter=9 mismatches=0
@@SELFDIFF iter=10 mismatches=0
@@SELFDIFF iter=11 mismatches=0
@@SELFDIFF iter=12 mismatches=0
@@SELFDIFF iter=13 mismatches=0
@@SELFDIFF iter=14 mismatches=0
@@SELFDIFF iter=15 mismatches=0
@@SELFDIFF iter=16 mismatches=0
@@SELFDIFF iter=17 mismatches=0
@@SELFDIFF iter=18 mismatches=0
@@SELFDIFF iter=19 mismatches=0
@@SELFDIFF iter=20 mismatches=0
@@SELFDIFF iter=21 mismatches=0
@@SELFDIFF iter=22 mismatches=0
@@SELFDIFF iter=23 mismatches=0
@@SELFDIFF iter=24 mismatches=0
@@SELFDIFF iter=25 mismatches=0
@@SELFDIFF iter=26 mismatches=0
@@SELFDIFF iter=27 mismatches=0
@@SELFDIFF iter=28 mismatches=0
@@SELFDIFF iter=29 mismatches=0
@@SELFDIFF iter=30 mismatches=0
@@SELFDIFF iter=31 mismatches=0
@@SELFDIFF iter=32 mismatches=0
@@SELFDIFF iter=33 mismatches=0
@@SELFDIFF iter=34 mismatches=0
@@SELFDIFF iter=35 mismatches=0
@@SELFDIFF iter=36 mismatches=0
@@SELFDIFF iter=37 mismatches=0
@@SELFDIFF iter=38 mismatches=0
@@SELFDIFF iter=39 mismatches=0
@@SELFDIFF iter=40 mismatches=0
@@SELFDIFF iter=41 mismatches=0
@@SELFDIFF iter=42 mismatches=0
@@SELFDIFF iter=43 mismatches=0
@@SELFDIFF iter=44 mismatches=0
@@SELFDIFF iter=45 mismatches=0
@@SELFDIFF iter=46 mismatches=0
@@SELFDIFF iter=47 mismatches=0
@@SELFDIFF iter=48 mismatches=0
@@SELFDIFF iter=49 mismatches=0
@@SELFDIFF iter=50 mismatches=0
@@SELFDIFF iter=51 mismatches=0
@@SELFDIFF iter=52 mismatches=0
@@SELFDIFF iter=53 mismatches=0
@@SELFDIFF iter=54 mismatches=0
@@SELFDIFF iter=55 mismatches=0
@@SELFDIFF iter=56 mismatches=0
@@SELFDIFF iter=57 mismatches=0
@@SELFDIFF iter=58 mismatches=0
@@SELFDIFF iter=59 mismatches=0
@@SELFDIFF iter=60 mismatches=0
@@SELFDIFF iter=61 mismatches=0
@@SELFDIFF iter=62 mismatches=0
@@SELFDIFF iter=63 mismatches=0
@@SELFDIFF iter=64 mismatches=0
@@SELFDIFF iter=65 mismatches=0
@@SELFDIFF iter=66 mismatches=0
@@SELFDIFF iter=67 mismatches=0
@@SELFDIFF iter=68 mismatches=0
@@SELFDIFF iter=69 mismatches=0
@@SELFDIFF iter=70 mismatches=0
@@SELFDIFF iter=71 mismatches=0
@@SELFDIFF iter=72 mismatches=0
@@SELFDIFF iter=73 mismatches=0
@@SELFDIFF iter=74 mismatches=0
@@SELFDIFF iter=75 mismatches=0
@@SELFDIFF iter=76 mismatches=0
@@SELFDIFF iter=77 mismatches=0
@@SELFDIFF iter=78 mismatches=0
@@SELFDIFF iter=79 mismatches=0
@@SELFDIFF iter=80 mismatches=0
@@SELFDIFF iter=81 mismatches=0
@@SELFDIFF iter=82 mismatches=0
@@SELFDIFF iter=83 mismatches=0
@@SELFDIFF iter=84 mismatches=0
@@SELFDIFF iter=85 mismatches=0
@@SELFDIFF iter=86 mismatches=0
@@SELFDIFF iter=87 mismatches=0
@@SELFDIFF iter=88 mismatches=0
@@SELFDIFF iter=89 mismatches=0
@@SELFDIFF iter=90 mismatches=0
@@SELFDIFF iter=91 mismatches=0
@@SELFDIFF iter=92 mismatches=0
@@SELFDIFF iter=93 mismatches=0
@@SELFDIFF iter=94 mismatches=0
@@SELFDIFF iter=95 mismatches=0
@@SELFDIFF iter=96 mismatches=0
@@SELFDIFF iter=97 mismatches=0
@@SELFDIFF iter=98 mismatches=0
@@SELFDIFF iter=99 mismatches=0
@@SELFDIFF_SUMMARY launches=100 dirty=0 worst=0
@@CELL_EXIT name=carry rc=0

@@CELL name=wc flags=-DSELF_DIFF=100 -DWGREAD -DRING_CARRY
$ make -B fc1-w3 'DFLAGS=-DSELF_DIFF=100 -DWGREAD -DRING_CARRY'
nvcc -gencode arch=compute_100a,code=sm_100a -O3 -std=c++17 -lineinfo --ptxas-options=-v --cudart=static -DSELF_DIFF=100 -DWGREAD -DRING_CARRY fc1_w3.cu -o fc1-w3 -lcurand_static -lculibos -lcuda
fc1_w3.cu(1044): warning #177-D: variable "prev_n_bias" was declared but never referenced
                  const int prev_n_bias = ptn * 256;
                            ^

Remark: The warnings can be suppressed with "-diag-suppress <warning-number>"

fc1_w3.cu(1199): warning #177-D: variable "last_n_bias" was declared but never referenced
          const int last_n_bias = ltn * 256;
                    ^

ptxas info    : 0 bytes gmem
ptxas info    : Compiling entry function '_Z7pack_u8PhPKhiiii' for 'sm_100a'
ptxas info    : Function properties for _Z7pack_u8PhPKhiiii
    0 bytes stack frame, 0 bytes spill stores, 0 bytes spill loads
ptxas info    : Used 20 registers, used 0 barriers
ptxas info    : Compile time = 6.986 ms
ptxas info    : Compiling entry function '_Z14count_mismatchPK13__nv_bfloat16S1_xPy' for 'sm_100a'
ptxas info    : Function properties for _Z14count_mismatchPK13__nv_bfloat16S1_xPy
    0 bytes stack frame, 0 bytes spill stores, 0 bytes spill loads
ptxas info    : Used 40 registers, used 0 barriers
ptxas info    : Compile time = 13.763 ms
ptxas info    : Compiling entry function '_Z19read_clock_sentinelPy' for 'sm_100a'
ptxas info    : Function properties for _Z19read_clock_sentinelPy
    0 bytes stack frame, 0 bytes spill stores, 0 bytes spill loads
ptxas info    : Used 8 registers, used 0 barriers
ptxas info    : Compile time = 0.657 ms
ptxas info    : Compiling entry function '_Z13fc1_w3_kernel14CUtensorMap_stS_S_PK13__nv_bfloat16PS0_' for 'sm_100a'
ptxas info    : Function properties for _Z13fc1_w3_kernel14CUtensorMap_stS_S_PK13__nv_bfloat16PS0_
    16 bytes stack frame, 0 bytes spill stores, 0 bytes spill loads
ptxas info    : Used 118 registers, used 1 barriers, 16 bytes cumulative stack size
ptxas info    : Compile time = 49.178 ms
$ timeout -k 5 120 stdbuf -oL -eL /root/src/fc1-w3
FC1 W3 kernel — 6 warps, GELU epilogue
  GEMM: [928256,768] x [3072,768]^T  5-stage pipeline  SMEM: 215040 bytes
  Tiles: 3626M × 12N = 43512 total  K_ITERS=6
  Packing tiles...
  Packing done
  Alloc + init done
  TMA descriptors + func attr done (SMEM=215040 B)
Launching warmup (2 iters)...
  Warmup done.
Timing: 10 iterations...
FC1-W3 kernel: 1.922 ms  2278.63 TFLOPS
@@CYC name=fc1_w3 cyc_avg=3557419 launches=10
Validation: 32/32 spot checks passed
Checksum (1024 strided): 3207168.000000
C[0,0..3] = 1728.0 1152.0 1728.0 1152.0
@@RESULT ms=1.922 tflops=2278.63 checksum=3207168.000000 valid=1 c0=1728.0
@@SELFDIFF_BEGIN launches=100
@@SELFDIFF iter=0 mismatches=0
@@SELFDIFF iter=1 mismatches=0
@@SELFDIFF iter=2 mismatches=0
@@SELFDIFF iter=3 mismatches=0
@@SELFDIFF iter=4 mismatches=0
@@SELFDIFF iter=5 mismatches=0
@@SELFDIFF iter=6 mismatches=0
@@SELFDIFF iter=7 mismatches=0
@@SELFDIFF iter=8 mismatches=0
@@SELFDIFF iter=9 mismatches=0
@@SELFDIFF iter=10 mismatches=0
@@SELFDIFF iter=11 mismatches=0
@@SELFDIFF iter=12 mismatches=0
@@SELFDIFF iter=13 mismatches=0
@@SELFDIFF iter=14 mismatches=0
@@SELFDIFF iter=15 mismatches=0
@@SELFDIFF iter=16 mismatches=0
@@SELFDIFF iter=17 mismatches=0
@@SELFDIFF iter=18 mismatches=0
@@SELFDIFF iter=19 mismatches=0
@@SELFDIFF iter=20 mismatches=0
@@SELFDIFF iter=21 mismatches=0
@@SELFDIFF iter=22 mismatches=0
@@SELFDIFF iter=23 mismatches=0
@@SELFDIFF iter=24 mismatches=0
@@SELFDIFF iter=25 mismatches=0
@@SELFDIFF iter=26 mismatches=0
@@SELFDIFF iter=27 mismatches=0
@@SELFDIFF iter=28 mismatches=0
@@SELFDIFF iter=29 mismatches=0
@@SELFDIFF iter=30 mismatches=0
@@SELFDIFF iter=31 mismatches=0
@@SELFDIFF iter=32 mismatches=0
@@SELFDIFF iter=33 mismatches=0
@@SELFDIFF iter=34 mismatches=0
@@SELFDIFF iter=35 mismatches=0
@@SELFDIFF iter=36 mismatches=0
@@SELFDIFF iter=37 mismatches=0
@@SELFDIFF iter=38 mismatches=0
@@SELFDIFF iter=39 mismatches=0
@@SELFDIFF iter=40 mismatches=0
@@SELFDIFF iter=41 mismatches=0
@@SELFDIFF iter=42 mismatches=0
@@SELFDIFF iter=43 mismatches=0
@@SELFDIFF iter=44 mismatches=0
@@SELFDIFF iter=45 mismatches=0
@@SELFDIFF iter=46 mismatches=0
@@SELFDIFF iter=47 mismatches=0
@@SELFDIFF iter=48 mismatches=0
@@SELFDIFF iter=49 mismatches=0
@@SELFDIFF iter=50 mismatches=0
@@SELFDIFF iter=51 mismatches=0
@@SELFDIFF iter=52 mismatches=0
@@SELFDIFF iter=53 mismatches=0
@@SELFDIFF iter=54 mismatches=0
@@SELFDIFF iter=55 mismatches=0
@@SELFDIFF iter=56 mismatches=0
@@SELFDIFF iter=57 mismatches=0
@@SELFDIFF iter=58 mismatches=0
@@SELFDIFF iter=59 mismatches=0
@@SELFDIFF iter=60 mismatches=0
@@SELFDIFF iter=61 mismatches=0
@@SELFDIFF iter=62 mismatches=0
@@SELFDIFF iter=63 mismatches=0
@@SELFDIFF iter=64 mismatches=0
@@SELFDIFF iter=65 mismatches=0
@@SELFDIFF iter=66 mismatches=0
@@SELFDIFF iter=67 mismatches=0
@@SELFDIFF iter=68 mismatches=0
@@SELFDIFF iter=69 mismatches=0
@@SELFDIFF iter=70 mismatches=0
@@SELFDIFF iter=71 mismatches=0
@@SELFDIFF iter=72 mismatches=0
@@SELFDIFF iter=73 mismatches=0
@@SELFDIFF iter=74 mismatches=0
@@SELFDIFF iter=75 mismatches=0
@@SELFDIFF iter=76 mismatches=0
@@SELFDIFF iter=77 mismatches=0
@@SELFDIFF iter=78 mismatches=0
@@SELFDIFF iter=79 mismatches=0
@@SELFDIFF iter=80 mismatches=0
@@SELFDIFF iter=81 mismatches=0
@@SELFDIFF iter=82 mismatches=0
@@SELFDIFF iter=83 mismatches=0
@@SELFDIFF iter=84 mismatches=0
@@SELFDIFF iter=85 mismatches=0
@@SELFDIFF iter=86 mismatches=0
@@SELFDIFF iter=87 mismatches=0
@@SELFDIFF iter=88 mismatches=0
@@SELFDIFF iter=89 mismatches=0
@@SELFDIFF iter=90 mismatches=0
@@SELFDIFF iter=91 mismatches=0
@@SELFDIFF iter=92 mismatches=0
@@SELFDIFF iter=93 mismatches=0
@@SELFDIFF iter=94 mismatches=0
@@SELFDIFF iter=95 mismatches=0
@@SELFDIFF iter=96 mismatches=0
@@SELFDIFF iter=97 mismatches=0
@@SELFDIFF iter=98 mismatches=0
@@SELFDIFF iter=99 mismatches=0
@@SELFDIFF_SUMMARY launches=100 dirty=0 worst=0
@@CELL_EXIT name=wc rc=0

@@CELL name=wcl flags=-DSELF_DIFF=100 -DWGREAD -DLATE_WAIT
$ make -B fc1-w3 'DFLAGS=-DSELF_DIFF=100 -DWGREAD -DLATE_WAIT'
nvcc -gencode arch=compute_100a,code=sm_100a -O3 -std=c++17 -lineinfo --ptxas-options=-v --cudart=static -DSELF_DIFF=100 -DWGREAD -DLATE_WAIT fc1_w3.cu -o fc1-w3 -lcurand_static -lculibos -lcuda
fc1_w3.cu(1044): warning #177-D: variable "prev_n_bias" was declared but never referenced
                  const int prev_n_bias = ptn * 256;
                            ^

Remark: The warnings can be suppressed with "-diag-suppress <warning-number>"

fc1_w3.cu(1199): warning #177-D: variable "last_n_bias" was declared but never referenced
          const int last_n_bias = ltn * 256;
                    ^

ptxas info    : 0 bytes gmem
ptxas info    : Compiling entry function '_Z7pack_u8PhPKhiiii' for 'sm_100a'
ptxas info    : Function properties for _Z7pack_u8PhPKhiiii
    0 bytes stack frame, 0 bytes spill stores, 0 bytes spill loads
ptxas info    : Used 20 registers, used 0 barriers
ptxas info    : Compile time = 7.063 ms
ptxas info    : Compiling entry function '_Z14count_mismatchPK13__nv_bfloat16S1_xPy' for 'sm_100a'
ptxas info    : Function properties for _Z14count_mismatchPK13__nv_bfloat16S1_xPy
    0 bytes stack frame, 0 bytes spill stores, 0 bytes spill loads
ptxas info    : Used 40 registers, used 0 barriers
ptxas info    : Compile time = 12.906 ms
ptxas info    : Compiling entry function '_Z19read_clock_sentinelPy' for 'sm_100a'
ptxas info    : Function properties for _Z19read_clock_sentinelPy
    0 bytes stack frame, 0 bytes spill stores, 0 bytes spill loads
ptxas info    : Used 8 registers, used 0 barriers
ptxas info    : Compile time = 0.727 ms
ptxas info    : Compiling entry function '_Z13fc1_w3_kernel14CUtensorMap_stS_S_PK13__nv_bfloat16PS0_' for 'sm_100a'
ptxas info    : Function properties for _Z13fc1_w3_kernel14CUtensorMap_stS_S_PK13__nv_bfloat16PS0_
    16 bytes stack frame, 0 bytes spill stores, 0 bytes spill loads
ptxas info    : Used 117 registers, used 1 barriers, 16 bytes cumulative stack size
ptxas info    : Compile time = 43.879 ms
$ timeout -k 5 120 stdbuf -oL -eL /root/src/fc1-w3
FC1 W3 kernel — 6 warps, GELU epilogue
  GEMM: [928256,768] x [3072,768]^T  5-stage pipeline  SMEM: 215040 bytes
  Tiles: 3626M × 12N = 43512 total  K_ITERS=6
  Packing tiles...
  Packing done
  Alloc + init done
  TMA descriptors + func attr done (SMEM=215040 B)
Launching warmup (2 iters)...
  Warmup done.
Timing: 10 iterations...
FC1-W3 kernel: 2.042 ms  2144.76 TFLOPS
@@CYC name=fc1_w3 cyc_avg=3776664 launches=10
Validation: 32/32 spot checks passed
Checksum (1024 strided): 3207168.000000
C[0,0..3] = 1728.0 1152.0 1728.0 1152.0
@@RESULT ms=2.042 tflops=2144.76 checksum=3207168.000000 valid=1 c0=1728.0
@@SELFDIFF_BEGIN launches=100
@@SELFDIFF iter=0 mismatches=0
@@SELFDIFF iter=1 mismatches=0
@@SELFDIFF iter=2 mismatches=0
@@SELFDIFF iter=3 mismatches=0
@@SELFDIFF iter=4 mismatches=0
@@SELFDIFF iter=5 mismatches=0
@@SELFDIFF iter=6 mismatches=0
@@SELFDIFF iter=7 mismatches=0
@@SELFDIFF iter=8 mismatches=0
@@SELFDIFF iter=9 mismatches=0
@@SELFDIFF iter=10 mismatches=0
@@SELFDIFF iter=11 mismatches=0
@@SELFDIFF iter=12 mismatches=0
@@SELFDIFF iter=13 mismatches=0
@@SELFDIFF iter=14 mismatches=0
@@SELFDIFF iter=15 mismatches=0
@@SELFDIFF iter=16 mismatches=0
@@SELFDIFF iter=17 mismatches=0
@@SELFDIFF iter=18 mismatches=0
@@SELFDIFF iter=19 mismatches=0
@@SELFDIFF iter=20 mismatches=0
@@SELFDIFF iter=21 mismatches=0
@@SELFDIFF iter=22 mismatches=0
@@SELFDIFF iter=23 mismatches=0
@@SELFDIFF iter=24 mismatches=0
@@SELFDIFF iter=25 mismatches=0
@@SELFDIFF iter=26 mismatches=0
@@SELFDIFF iter=27 mismatches=0
@@SELFDIFF iter=28 mismatches=0
@@SELFDIFF iter=29 mismatches=0
@@SELFDIFF iter=30 mismatches=0
@@SELFDIFF iter=31 mismatches=0
@@SELFDIFF iter=32 mismatches=0
@@SELFDIFF iter=33 mismatches=0
@@SELFDIFF iter=34 mismatches=0
@@SELFDIFF iter=35 mismatches=0
@@SELFDIFF iter=36 mismatches=0
@@SELFDIFF iter=37 mismatches=0
@@SELFDIFF iter=38 mismatches=0
@@SELFDIFF iter=39 mismatches=0
@@SELFDIFF iter=40 mismatches=0
@@SELFDIFF iter=41 mismatches=0
@@SELFDIFF iter=42 mismatches=0
@@SELFDIFF iter=43 mismatches=0
@@SELFDIFF iter=44 mismatches=0
@@SELFDIFF iter=45 mismatches=0
@@SELFDIFF iter=46 mismatches=0
@@SELFDIFF iter=47 mismatches=0
@@SELFDIFF iter=48 mismatches=0
@@SELFDIFF iter=49 mismatches=0
@@SELFDIFF iter=50 mismatches=0
@@SELFDIFF iter=51 mismatches=0
@@SELFDIFF iter=52 mismatches=0
@@SELFDIFF iter=53 mismatches=0
@@SELFDIFF iter=54 mismatches=0
@@SELFDIFF iter=55 mismatches=0
@@SELFDIFF iter=56 mismatches=0
@@SELFDIFF iter=57 mismatches=0
@@SELFDIFF iter=58 mismatches=0
@@SELFDIFF iter=59 mismatches=0
@@SELFDIFF iter=60 mismatches=0
@@SELFDIFF iter=61 mismatches=0
@@SELFDIFF iter=62 mismatches=0
@@SELFDIFF iter=63 mismatches=0
@@SELFDIFF iter=64 mismatches=0
@@SELFDIFF iter=65 mismatches=0
@@SELFDIFF iter=66 mismatches=0
@@SELFDIFF iter=67 mismatches=0
@@SELFDIFF iter=68 mismatches=0
@@SELFDIFF iter=69 mismatches=0
@@SELFDIFF iter=70 mismatches=0
@@SELFDIFF iter=71 mismatches=0
@@SELFDIFF iter=72 mismatches=0
@@SELFDIFF iter=73 mismatches=0
@@SELFDIFF iter=74 mismatches=0
@@SELFDIFF iter=75 mismatches=0
@@SELFDIFF iter=76 mismatches=0
@@SELFDIFF iter=77 mismatches=0
@@SELFDIFF iter=78 mismatches=0
@@SELFDIFF iter=79 mismatches=0
@@SELFDIFF iter=80 mismatches=0
@@SELFDIFF iter=81 mismatches=0
@@SELFDIFF iter=82 mismatches=0
@@SELFDIFF iter=83 mismatches=0
@@SELFDIFF iter=84 mismatches=0
@@SELFDIFF iter=85 mismatches=0
@@SELFDIFF iter=86 mismatches=0
@@SELFDIFF iter=87 mismatches=0
@@SELFDIFF iter=88 mismatches=0
@@SELFDIFF iter=89 mismatches=0
@@SELFDIFF iter=90 mismatches=0
@@SELFDIFF iter=91 mismatches=0
@@SELFDIFF iter=92 mismatches=0
@@SELFDIFF iter=93 mismatches=0
@@SELFDIFF iter=94 mismatches=0
@@SELFDIFF iter=95 mismatches=0
@@SELFDIFF iter=96 mismatches=0
@@SELFDIFF iter=97 mismatches=0
@@SELFDIFF iter=98 mismatches=0
@@SELFDIFF iter=99 mismatches=0
@@SELFDIFF_SUMMARY launches=100 dirty=0 worst=0
@@CELL_EXIT name=wcl rc=0

@@CELL name=gemm_wc flags=-DSELF_DIFF=100 -DGEMM_ONLY -DWGREAD -DRING_CARRY
$ make -B fc1-w3 'DFLAGS=-DSELF_DIFF=100 -DGEMM_ONLY -DWGREAD -DRING_CARRY'
nvcc -gencode arch=compute_100a,code=sm_100a -O3 -std=c++17 -lineinfo --ptxas-options=-v --cudart=static -DSELF_DIFF=100 -DGEMM_ONLY -DWGREAD -DRING_CARRY fc1_w3.cu -o fc1-w3 -lcurand_static -lculibos -lcuda
fc1_w3.cu(1199): warning #177-D: variable "last_n_bias" was declared but never referenced
          const int last_n_bias = ltn * 256;
                    ^

Remark: The warnings can be suppressed with "-diag-suppress <warning-number>"

fc1_w3.cu(399): warning #177-D: function "gelu_approx" was declared but never referenced
  static __attribute__((device)) __inline__ __attribute__((always_inline)) float gelu_approx(float acc, float bias_f32) {
                                                                                 ^

fc1_w3.cu(408): warning #177-D: function "gelu_fwd" was declared but never referenced
  static __attribute__((host)) __inline__ __attribute__((always_inline)) float gelu_fwd(float x) {
                                                                               ^

ptxas info    : 0 bytes gmem
ptxas info    : Compiling entry function '_Z7pack_u8PhPKhiiii' for 'sm_100a'
ptxas info    : Function properties for _Z7pack_u8PhPKhiiii
    0 bytes stack frame, 0 bytes spill stores, 0 bytes spill loads
ptxas info    : Used 20 registers, used 0 barriers
ptxas info    : Compile time = 7.885 ms
ptxas info    : Compiling entry function '_Z14count_mismatchPK13__nv_bfloat16S1_xPy' for 'sm_100a'
ptxas info    : Function properties for _Z14count_mismatchPK13__nv_bfloat16S1_xPy
    0 bytes stack frame, 0 bytes spill stores, 0 bytes spill loads
ptxas info    : Used 40 registers, used 0 barriers
ptxas info    : Compile time = 13.225 ms
ptxas info    : Compiling entry function '_Z19read_clock_sentinelPy' for 'sm_100a'
ptxas info    : Function properties for _Z19read_clock_sentinelPy
    0 bytes stack frame, 0 bytes spill stores, 0 bytes spill loads
ptxas info    : Used 8 registers, used 0 barriers
ptxas info    : Compile time = 0.975 ms
ptxas info    : Compiling entry function '_Z13fc1_w3_kernel14CUtensorMap_stS_S_PK13__nv_bfloat16PS0_' for 'sm_100a'
ptxas info    : Function properties for _Z13fc1_w3_kernel14CUtensorMap_stS_S_PK13__nv_bfloat16PS0_
    8 bytes stack frame, 0 bytes spill stores, 0 bytes spill loads
ptxas info    : Used 119 registers, used 0 barriers, 8 bytes cumulative stack size
ptxas info    : Compile time = 51.873 ms
$ timeout -k 5 120 stdbuf -oL -eL /root/src/fc1-w3
FC1 W3 kernel — 6 warps, GEMM_ONLY (D=BF16(A*B), no bias/GELU)
  GEMM: [928256,768] x [3072,768]^T  5-stage pipeline  SMEM: 215040 bytes
  Tiles: 3626M × 12N = 43512 total  K_ITERS=6
  Packing tiles...
  Packing done
  Alloc + init done
  TMA descriptors + func attr done (SMEM=215040 B)
Launching warmup (2 iters)...
  Warmup done.
Timing: 10 iterations...
FC1-W3 kernel: 1.744 ms  2512.22 TFLOPS
@@CYC name=fc1_w3 cyc_avg=3217892 launches=10
Validation: 32/32 spot checks passed
Checksum (1024 strided): 1769472.000000
C[0,0..3] = 1728.0 1152.0 1728.0 1152.0
@@RESULT ms=1.744 tflops=2512.22 checksum=1769472.000000 valid=1 c0=1728.0
@@SELFDIFF_BEGIN launches=100
@@SELFDIFF iter=0 mismatches=0
@@SELFDIFF iter=1 mismatches=0
@@SELFDIFF iter=2 mismatches=0
@@SELFDIFF iter=3 mismatches=0
@@SELFDIFF iter=4 mismatches=0
@@SELFDIFF iter=5 mismatches=0
@@SELFDIFF iter=6 mismatches=0
@@SELFDIFF iter=7 mismatches=0
@@SELFDIFF iter=8 mismatches=0
@@SELFDIFF iter=9 mismatches=0
@@SELFDIFF iter=10 mismatches=0
@@SELFDIFF iter=11 mismatches=0
@@SELFDIFF iter=12 mismatches=0
@@SELFDIFF iter=13 mismatches=0
@@SELFDIFF iter=14 mismatches=0
@@SELFDIFF iter=15 mismatches=0
@@SELFDIFF iter=16 mismatches=0
@@SELFDIFF iter=17 mismatches=0
@@SELFDIFF iter=18 mismatches=0
@@SELFDIFF iter=19 mismatches=0
@@SELFDIFF iter=20 mismatches=0
@@SELFDIFF iter=21 mismatches=0
@@SELFDIFF iter=22 mismatches=0
@@SELFDIFF iter=23 mismatches=0
@@SELFDIFF iter=24 mismatches=0
@@SELFDIFF iter=25 mismatches=0
@@SELFDIFF iter=26 mismatches=0
@@SELFDIFF iter=27 mismatches=0
@@SELFDIFF iter=28 mismatches=0
@@SELFDIFF iter=29 mismatches=0
@@SELFDIFF iter=30 mismatches=0
@@SELFDIFF iter=31 mismatches=0
@@SELFDIFF iter=32 mismatches=0
@@SELFDIFF iter=33 mismatches=0
@@SELFDIFF iter=34 mismatches=0
@@SELFDIFF iter=35 mismatches=0
@@SELFDIFF iter=36 mismatches=0
@@SELFDIFF iter=37 mismatches=0
@@SELFDIFF iter=38 mismatches=0
@@SELFDIFF iter=39 mismatches=0
@@SELFDIFF iter=40 mismatches=0
@@SELFDIFF iter=41 mismatches=0
@@SELFDIFF iter=42 mismatches=0
@@SELFDIFF iter=43 mismatches=0
@@SELFDIFF iter=44 mismatches=0
@@SELFDIFF iter=45 mismatches=0
@@SELFDIFF iter=46 mismatches=0
@@SELFDIFF iter=47 mismatches=0
@@SELFDIFF iter=48 mismatches=0
@@SELFDIFF iter=49 mismatches=0
@@SELFDIFF iter=50 mismatches=0
@@SELFDIFF iter=51 mismatches=0
@@SELFDIFF iter=52 mismatches=0
@@SELFDIFF iter=53 mismatches=0
@@SELFDIFF iter=54 mismatches=0
@@SELFDIFF iter=55 mismatches=0
@@SELFDIFF iter=56 mismatches=0
@@SELFDIFF iter=57 mismatches=0
@@SELFDIFF iter=58 mismatches=0
@@SELFDIFF iter=59 mismatches=0
@@SELFDIFF iter=60 mismatches=0
@@SELFDIFF iter=61 mismatches=0
@@SELFDIFF iter=62 mismatches=0
@@SELFDIFF iter=63 mismatches=0
@@SELFDIFF iter=64 mismatches=0
@@SELFDIFF iter=65 mismatches=0
@@SELFDIFF iter=66 mismatches=0
@@SELFDIFF iter=67 mismatches=0
@@SELFDIFF iter=68 mismatches=0
@@SELFDIFF iter=69 mismatches=0
@@SELFDIFF iter=70 mismatches=0
@@SELFDIFF iter=71 mismatches=0
@@SELFDIFF iter=72 mismatches=0
@@SELFDIFF iter=73 mismatches=0
@@SELFDIFF iter=74 mismatches=0
@@SELFDIFF iter=75 mismatches=0
@@SELFDIFF iter=76 mismatches=0
@@SELFDIFF iter=77 mismatches=0
@@SELFDIFF iter=78 mismatches=0
@@SELFDIFF iter=79 mismatches=0
@@SELFDIFF iter=80 mismatches=0
@@SELFDIFF iter=81 mismatches=0
@@SELFDIFF iter=82 mismatches=0
@@SELFDIFF iter=83 mismatches=0
@@SELFDIFF iter=84 mismatches=0
@@SELFDIFF iter=85 mismatches=0
@@SELFDIFF iter=86 mismatches=0
@@SELFDIFF iter=87 mismatches=0
@@SELFDIFF iter=88 mismatches=0
@@SELFDIFF iter=89 mismatches=0
@@SELFDIFF iter=90 mismatches=0
@@SELFDIFF iter=91 mismatches=0
@@SELFDIFF iter=92 mismatches=0
@@SELFDIFF iter=93 mismatches=0
@@SELFDIFF iter=94 mismatches=0
@@SELFDIFF iter=95 mismatches=0
@@SELFDIFF iter=96 mismatches=0
@@SELFDIFF iter=97 mismatches=0
@@SELFDIFF iter=98 mismatches=0
@@SELFDIFF iter=99 mismatches=0
@@SELFDIFF_SUMMARY launches=100 dirty=0 worst=0
@@CELL_EXIT name=gemm_wc rc=0

@@CELL name=ns6_wc flags=-DSELF_DIFF=100 -DN_STAGES=6 -DNUM_EPI_STAGES=2 -DWGREAD -DRING_CARRY
$ make -B fc1-w3 'DFLAGS=-DSELF_DIFF=100 -DN_STAGES=6 -DNUM_EPI_STAGES=2 -DWGREAD -DRING_CARRY'
nvcc -gencode arch=compute_100a,code=sm_100a -O3 -std=c++17 -lineinfo --ptxas-options=-v --cudart=static -DSELF_DIFF=100 -DN_STAGES=6 -DNUM_EPI_STAGES=2 -DWGREAD -DRING_CARRY fc1_w3.cu -o fc1-w3 -lcurand_static -lculibos -lcuda
fc1_w3.cu(1044): warning #177-D: variable "prev_n_bias" was declared but never referenced
                  const int prev_n_bias = ptn * 256;
                            ^

Remark: The warnings can be suppressed with "-diag-suppress <warning-number>"

fc1_w3.cu(1199): warning #177-D: variable "last_n_bias" was declared but never referenced
          const int last_n_bias = ltn * 256;
                    ^

ptxas info    : 0 bytes gmem
ptxas info    : Compiling entry function '_Z7pack_u8PhPKhiiii' for 'sm_100a'
ptxas info    : Function properties for _Z7pack_u8PhPKhiiii
    0 bytes stack frame, 0 bytes spill stores, 0 bytes spill loads
ptxas info    : Used 20 registers, used 0 barriers
ptxas info    : Compile time = 7.137 ms
ptxas info    : Compiling entry function '_Z14count_mismatchPK13__nv_bfloat16S1_xPy' for 'sm_100a'
ptxas info    : Function properties for _Z14count_mismatchPK13__nv_bfloat16S1_xPy
    0 bytes stack frame, 0 bytes spill stores, 0 bytes spill loads
ptxas info    : Used 40 registers, used 0 barriers
ptxas info    : Compile time = 12.792 ms
ptxas info    : Compiling entry function '_Z19read_clock_sentinelPy' for 'sm_100a'
ptxas info    : Function properties for _Z19read_clock_sentinelPy
    0 bytes stack frame, 0 bytes spill stores, 0 bytes spill loads
ptxas info    : Used 8 registers, used 0 barriers
ptxas info    : Compile time = 0.716 ms
ptxas info    : Compiling entry function '_Z13fc1_w3_kernel14CUtensorMap_stS_S_PK13__nv_bfloat16PS0_' for 'sm_100a'
ptxas info    : Function properties for _Z13fc1_w3_kernel14CUtensorMap_stS_S_PK13__nv_bfloat16PS0_
    16 bytes stack frame, 0 bytes spill stores, 0 bytes spill loads
ptxas info    : Used 120 registers, used 1 barriers, 16 bytes cumulative stack size
ptxas info    : Compile time = 41.083 ms
$ timeout -k 5 120 stdbuf -oL -eL /root/src/fc1-w3
FC1 W3 kernel — 6 warps, GELU epilogue
  GEMM: [928256,768] x [3072,768]^T  6-stage pipeline  SMEM: 231424 bytes
  Tiles: 3626M × 12N = 43512 total  K_ITERS=6
  Packing tiles...
  Packing done
  Alloc + init done
  TMA descriptors + func attr done (SMEM=231424 B)
Launching warmup (2 iters)...
  Warmup done.
Timing: 10 iterations...
FC1-W3 kernel: 1.962 ms  2232.41 TFLOPS
@@CYC name=fc1_w3 cyc_avg=3624825 launches=10
Validation: 32/32 spot checks passed
Checksum (1024 strided): 3207168.000000
C[0,0..3] = 1728.0 1152.0 1728.0 1152.0
@@RESULT ms=1.962 tflops=2232.41 checksum=3207168.000000 valid=1 c0=1728.0
@@SELFDIFF_BEGIN launches=100
@@SELFDIFF iter=0 mismatches=0
@@SELFDIFF iter=1 mismatches=0
@@SELFDIFF iter=2 mismatches=0
@@SELFDIFF iter=3 mismatches=0
@@SELFDIFF iter=4 mismatches=0
@@SELFDIFF iter=5 mismatches=0
@@SELFDIFF iter=6 mismatches=0
@@SELFDIFF iter=7 mismatches=0
@@SELFDIFF iter=8 mismatches=0
@@SELFDIFF iter=9 mismatches=0
@@SELFDIFF iter=10 mismatches=0
@@SELFDIFF iter=11 mismatches=0
@@SELFDIFF iter=12 mismatches=0
@@SELFDIFF iter=13 mismatches=0
@@SELFDIFF iter=14 mismatches=0
@@SELFDIFF iter=15 mismatches=0
@@SELFDIFF iter=16 mismatches=0
@@SELFDIFF iter=17 mismatches=0
@@SELFDIFF iter=18 mismatches=0
@@SELFDIFF iter=19 mismatches=0
@@SELFDIFF iter=20 mismatches=0
@@SELFDIFF iter=21 mismatches=0
@@SELFDIFF iter=22 mismatches=0
@@SELFDIFF iter=23 mismatches=0
@@SELFDIFF iter=24 mismatches=0
@@SELFDIFF iter=25 mismatches=0
@@SELFDIFF iter=26 mismatches=0
@@SELFDIFF iter=27 mismatches=0
@@SELFDIFF iter=28 mismatches=0
@@SELFDIFF iter=29 mismatches=0
@@SELFDIFF iter=30 mismatches=0
@@SELFDIFF iter=31 mismatches=0
@@SELFDIFF iter=32 mismatches=0
@@SELFDIFF iter=33 mismatches=0
@@SELFDIFF iter=34 mismatches=0
@@SELFDIFF iter=35 mismatches=0
@@SELFDIFF iter=36 mismatches=0
@@SELFDIFF iter=37 mismatches=0
@@SELFDIFF iter=38 mismatches=0
@@SELFDIFF iter=39 mismatches=0
@@SELFDIFF iter=40 mismatches=0
@@SELFDIFF iter=41 mismatches=0
@@SELFDIFF iter=42 mismatches=0
@@SELFDIFF iter=43 mismatches=0
@@SELFDIFF iter=44 mismatches=0
@@SELFDIFF iter=45 mismatches=0
@@SELFDIFF iter=46 mismatches=0
@@SELFDIFF iter=47 mismatches=0
@@SELFDIFF iter=48 mismatches=0
@@SELFDIFF iter=49 mismatches=0
@@SELFDIFF iter=50 mismatches=0
@@SELFDIFF iter=51 mismatches=0
@@SELFDIFF iter=52 mismatches=0
@@SELFDIFF iter=53 mismatches=0
@@SELFDIFF iter=54 mismatches=0
@@SELFDIFF iter=55 mismatches=0
@@SELFDIFF iter=56 mismatches=0
@@SELFDIFF iter=57 mismatches=0
@@SELFDIFF iter=58 mismatches=0
@@SELFDIFF iter=59 mismatches=0
@@SELFDIFF iter=60 mismatches=0
@@SELFDIFF iter=61 mismatches=0
@@SELFDIFF iter=62 mismatches=0
@@SELFDIFF iter=63 mismatches=0
@@SELFDIFF iter=64 mismatches=0
@@SELFDIFF iter=65 mismatches=0
@@SELFDIFF iter=66 mismatches=0
@@SELFDIFF iter=67 mismatches=0
@@SELFDIFF iter=68 mismatches=0
@@SELFDIFF iter=69 mismatches=0
@@SELFDIFF iter=70 mismatches=0
@@SELFDIFF iter=71 mismatches=0
@@SELFDIFF iter=72 mismatches=0
@@SELFDIFF iter=73 mismatches=0
@@SELFDIFF iter=74 mismatches=0
@@SELFDIFF iter=75 mismatches=0
@@SELFDIFF iter=76 mismatches=0
@@SELFDIFF iter=77 mismatches=0
@@SELFDIFF iter=78 mismatches=0
@@SELFDIFF iter=79 mismatches=0
@@SELFDIFF iter=80 mismatches=0
@@SELFDIFF iter=81 mismatches=0
@@SELFDIFF iter=82 mismatches=0
@@SELFDIFF iter=83 mismatches=0
@@SELFDIFF iter=84 mismatches=0
@@SELFDIFF iter=85 mismatches=0
@@SELFDIFF iter=86 mismatches=0
@@SELFDIFF iter=87 mismatches=0
@@SELFDIFF iter=88 mismatches=0
@@SELFDIFF iter=89 mismatches=0
@@SELFDIFF iter=90 mismatches=0
@@SELFDIFF iter=91 mismatches=0
@@SELFDIFF iter=92 mismatches=0
@@SELFDIFF iter=93 mismatches=0
@@SELFDIFF iter=94 mismatches=0
@@SELFDIFF iter=95 mismatches=0
@@SELFDIFF iter=96 mismatches=0
@@SELFDIFF iter=97 mismatches=0
@@SELFDIFF iter=98 mismatches=0
@@SELFDIFF iter=99 mismatches=0
@@SELFDIFF_SUMMARY launches=100 dirty=0 worst=0
@@CELL_EXIT name=ns6_wc rc=0

@@CELL name=es4_wc flags=-DSELF_DIFF=100 -DNUM_EPI_STAGES=4 -DWGREAD -DRING_CARRY
$ make -B fc1-w3 'DFLAGS=-DSELF_DIFF=100 -DNUM_EPI_STAGES=4 -DWGREAD -DRING_CARRY'
nvcc -gencode arch=compute_100a,code=sm_100a -O3 -std=c++17 -lineinfo --ptxas-options=-v --cudart=static -DSELF_DIFF=100 -DNUM_EPI_STAGES=4 -DWGREAD -DRING_CARRY fc1_w3.cu -o fc1-w3 -lcurand_static -lculibos -lcuda
fc1_w3.cu(1044): warning #177-D: variable "prev_n_bias" was declared but never referenced
                  const int prev_n_bias = ptn * 256;
                            ^

Remark: The warnings can be suppressed with "-diag-suppress <warning-number>"

fc1_w3.cu(1199): warning #177-D: variable "last_n_bias" was declared but never referenced
          const int last_n_bias = ltn * 256;
                    ^

ptxas info    : 0 bytes gmem
ptxas info    : Compiling entry function '_Z7pack_u8PhPKhiiii' for 'sm_100a'
ptxas info    : Function properties for _Z7pack_u8PhPKhiiii
    0 bytes stack frame, 0 bytes spill stores, 0 bytes spill loads
ptxas info    : Used 20 registers, used 0 barriers
ptxas info    : Compile time = 7.932 ms
ptxas info    : Compiling entry function '_Z14count_mismatchPK13__nv_bfloat16S1_xPy' for 'sm_100a'
ptxas info    : Function properties for _Z14count_mismatchPK13__nv_bfloat16S1_xPy
    0 bytes stack frame, 0 bytes spill stores, 0 bytes spill loads
ptxas info    : Used 40 registers, used 0 barriers
ptxas info    : Compile time = 13.880 ms
ptxas info    : Compiling entry function '_Z19read_clock_sentinelPy' for 'sm_100a'
ptxas info    : Function properties for _Z19read_clock_sentinelPy
    0 bytes stack frame, 0 bytes spill stores, 0 bytes spill loads
ptxas info    : Used 8 registers, used 0 barriers
ptxas info    : Compile time = 0.856 ms
ptxas info    : Compiling entry function '_Z13fc1_w3_kernel14CUtensorMap_stS_S_PK13__nv_bfloat16PS0_' for 'sm_100a'
ptxas info    : Function properties for _Z13fc1_w3_kernel14CUtensorMap_stS_S_PK13__nv_bfloat16PS0_
    16 bytes stack frame, 0 bytes spill stores, 0 bytes spill loads
ptxas info    : Used 117 registers, used 1 barriers, 16 bytes cumulative stack size
ptxas info    : Compile time = 47.850 ms
$ timeout -k 5 120 stdbuf -oL -eL /root/src/fc1-w3
FC1 W3 kernel — 6 warps, GELU epilogue
  GEMM: [928256,768] x [3072,768]^T  5-stage pipeline  SMEM: 231424 bytes
  Tiles: 3626M × 12N = 43512 total  K_ITERS=6
  Packing tiles...
  Packing done
  Alloc + init done
  TMA descriptors + func attr done (SMEM=231424 B)
Launching warmup (2 iters)...
  Warmup done.
Timing: 10 iterations...
FC1-W3 kernel: 1.940 ms  2257.66 TFLOPS
@@CYC name=fc1_w3 cyc_avg=3584335 launches=10
Validation: 32/32 spot checks passed
Checksum (1024 strided): 3207168.000000
C[0,0..3] = 1728.0 1152.0 1728.0 1152.0
@@RESULT ms=1.940 tflops=2257.66 checksum=3207168.000000 valid=1 c0=1728.0
@@SELFDIFF_BEGIN launches=100
@@SELFDIFF iter=0 mismatches=0
@@SELFDIFF iter=1 mismatches=0
@@SELFDIFF iter=2 mismatches=0
@@SELFDIFF iter=3 mismatches=0
@@SELFDIFF iter=4 mismatches=0
@@SELFDIFF iter=5 mismatches=0
@@SELFDIFF iter=6 mismatches=0
@@SELFDIFF iter=7 mismatches=0
@@SELFDIFF iter=8 mismatches=0
@@SELFDIFF iter=9 mismatches=0
@@SELFDIFF iter=10 mismatches=0
@@SELFDIFF iter=11 mismatches=0
@@SELFDIFF iter=12 mismatches=0
@@SELFDIFF iter=13 mismatches=0
@@SELFDIFF iter=14 mismatches=0
@@SELFDIFF iter=15 mismatches=0
@@SELFDIFF iter=16 mismatches=0
@@SELFDIFF iter=17 mismatches=0
@@SELFDIFF iter=18 mismatches=0
@@SELFDIFF iter=19 mismatches=0
@@SELFDIFF iter=20 mismatches=0
@@SELFDIFF iter=21 mismatches=0
@@SELFDIFF iter=22 mismatches=0
@@SELFDIFF iter=23 mismatches=0
@@SELFDIFF iter=24 mismatches=0
@@SELFDIFF iter=25 mismatches=0
@@SELFDIFF iter=26 mismatches=0
@@SELFDIFF iter=27 mismatches=0
@@SELFDIFF iter=28 mismatches=0
@@SELFDIFF iter=29 mismatches=0
@@SELFDIFF iter=30 mismatches=0
@@SELFDIFF iter=31 mismatches=0
@@SELFDIFF iter=32 mismatches=0
@@SELFDIFF iter=33 mismatches=0
@@SELFDIFF iter=34 mismatches=0
@@SELFDIFF iter=35 mismatches=0
@@SELFDIFF iter=36 mismatches=0
@@SELFDIFF iter=37 mismatches=0
@@SELFDIFF iter=38 mismatches=0
@@SELFDIFF iter=39 mismatches=0
@@SELFDIFF iter=40 mismatches=0
@@SELFDIFF iter=41 mismatches=0
@@SELFDIFF iter=42 mismatches=0
@@SELFDIFF iter=43 mismatches=0
@@SELFDIFF iter=44 mismatches=0
@@SELFDIFF iter=45 mismatches=0
@@SELFDIFF iter=46 mismatches=0
@@SELFDIFF iter=47 mismatches=0
@@SELFDIFF iter=48 mismatches=0
@@SELFDIFF iter=49 mismatches=0
@@SELFDIFF iter=50 mismatches=0
@@SELFDIFF iter=51 mismatches=0
@@SELFDIFF iter=52 mismatches=0
@@SELFDIFF iter=53 mismatches=0
@@SELFDIFF iter=54 mismatches=0
@@SELFDIFF iter=55 mismatches=0
@@SELFDIFF iter=56 mismatches=0
@@SELFDIFF iter=57 mismatches=0
@@SELFDIFF iter=58 mismatches=0
@@SELFDIFF iter=59 mismatches=0
@@SELFDIFF iter=60 mismatches=0
@@SELFDIFF iter=61 mismatches=0
@@SELFDIFF iter=62 mismatches=0
@@SELFDIFF iter=63 mismatches=0
@@SELFDIFF iter=64 mismatches=0
@@SELFDIFF iter=65 mismatches=0
@@SELFDIFF iter=66 mismatches=0
@@SELFDIFF iter=67 mismatches=0
@@SELFDIFF iter=68 mismatches=0
@@SELFDIFF iter=69 mismatches=0
@@SELFDIFF iter=70 mismatches=0
@@SELFDIFF iter=71 mismatches=0
@@SELFDIFF iter=72 mismatches=0
@@SELFDIFF iter=73 mismatches=0
@@SELFDIFF iter=74 mismatches=0
@@SELFDIFF iter=75 mismatches=0
@@SELFDIFF iter=76 mismatches=0
@@SELFDIFF iter=77 mismatches=0
@@SELFDIFF iter=78 mismatches=0
@@SELFDIFF iter=79 mismatches=0
@@SELFDIFF iter=80 mismatches=0
@@SELFDIFF iter=81 mismatches=0
@@SELFDIFF iter=82 mismatches=0
@@SELFDIFF iter=83 mismatches=0
@@SELFDIFF iter=84 mismatches=0
@@SELFDIFF iter=85 mismatches=0
@@SELFDIFF iter=86 mismatches=0
@@SELFDIFF iter=87 mismatches=0
@@SELFDIFF iter=88 mismatches=0
@@SELFDIFF iter=89 mismatches=0
@@SELFDIFF iter=90 mismatches=0
@@SELFDIFF iter=91 mismatches=0
@@SELFDIFF iter=92 mismatches=0
@@SELFDIFF iter=93 mismatches=0
@@SELFDIFF iter=94 mismatches=0
@@SELFDIFF iter=95 mismatches=0
@@SELFDIFF iter=96 mismatches=0
@@SELFDIFF iter=97 mismatches=0
@@SELFDIFF iter=98 mismatches=0
@@SELFDIFF iter=99 mismatches=0
@@SELFDIFF_SUMMARY launches=100 dirty=0 worst=0
@@CELL_EXIT name=es4_wc rc=0

@@CELL name=base2 flags=-DSELF_DIFF=100
$ make -B fc1-w3 DFLAGS=-DSELF_DIFF=100
nvcc -gencode arch=compute_100a,code=sm_100a -O3 -std=c++17 -lineinfo --ptxas-options=-v --cudart=static -DSELF_DIFF=100 fc1_w3.cu -o fc1-w3 -lcurand_static -lculibos -lcuda
fc1_w3.cu(1044): warning #177-D: variable "prev_n_bias" was declared but never referenced
                  const int prev_n_bias = ptn * 256;
                            ^

Remark: The warnings can be suppressed with "-diag-suppress <warning-number>"

fc1_w3.cu(1199): warning #177-D: variable "last_n_bias" was declared but never referenced
          const int last_n_bias = ltn * 256;
                    ^

ptxas info    : 0 bytes gmem
ptxas info    : Compiling entry function '_Z7pack_u8PhPKhiiii' for 'sm_100a'
ptxas info    : Function properties for _Z7pack_u8PhPKhiiii
    0 bytes stack frame, 0 bytes spill stores, 0 bytes spill loads
ptxas info    : Used 20 registers, used 0 barriers
ptxas info    : Compile time = 7.175 ms
ptxas info    : Compiling entry function '_Z14count_mismatchPK13__nv_bfloat16S1_xPy' for 'sm_100a'
ptxas info    : Function properties for _Z14count_mismatchPK13__nv_bfloat16S1_xPy
    0 bytes stack frame, 0 bytes spill stores, 0 bytes spill loads
ptxas info    : Used 40 registers, used 0 barriers
ptxas info    : Compile time = 12.820 ms
ptxas info    : Compiling entry function '_Z19read_clock_sentinelPy' for 'sm_100a'
ptxas info    : Function properties for _Z19read_clock_sentinelPy
    0 bytes stack frame, 0 bytes spill stores, 0 bytes spill loads
ptxas info    : Used 8 registers, used 0 barriers
ptxas info    : Compile time = 0.611 ms
ptxas info    : Compiling entry function '_Z13fc1_w3_kernel14CUtensorMap_stS_S_PK13__nv_bfloat16PS0_' for 'sm_100a'
ptxas info    : Function properties for _Z13fc1_w3_kernel14CUtensorMap_stS_S_PK13__nv_bfloat16PS0_
    16 bytes stack frame, 0 bytes spill stores, 0 bytes spill loads
ptxas info    : Used 118 registers, used 1 barriers, 16 bytes cumulative stack size
ptxas info    : Compile time = 43.199 ms
$ timeout -k 5 120 stdbuf -oL -eL /root/src/fc1-w3
FC1 W3 kernel — 6 warps, GELU epilogue
  GEMM: [928256,768] x [3072,768]^T  5-stage pipeline  SMEM: 215040 bytes
  Tiles: 3626M × 12N = 43512 total  K_ITERS=6
  Packing tiles...
  Packing done
  Alloc + init done
  TMA descriptors + func attr done (SMEM=215040 B)
Launching warmup (2 iters)...
  Warmup done.
Timing: 10 iterations...
FC1-W3 kernel: 1.887 ms  2321.39 TFLOPS
@@CYC name=fc1_w3 cyc_avg=3484008 launches=10
Validation: 32/32 spot checks passed
Checksum (1024 strided): 3207168.000000
C[0,0..3] = 1728.0 1152.0 1728.0 1152.0
@@RESULT ms=1.887 tflops=2321.39 checksum=3207168.000000 valid=1 c0=1728.0
@@SELFDIFF_BEGIN launches=100
@@SELFDIFF iter=0 mismatches=0
@@SELFDIFF iter=1 mismatches=0
@@SELFDIFF iter=2 mismatches=0
@@SELFDIFF iter=3 mismatches=0
@@SELFDIFF iter=4 mismatches=0
@@SELFDIFF iter=5 mismatches=0
@@SELFDIFF iter=6 mismatches=0
@@SELFDIFF iter=7 mismatches=0
@@SELFDIFF iter=8 mismatches=0
@@SELFDIFF iter=9 mismatches=0
@@SELFDIFF iter=10 mismatches=0
@@SELFDIFF iter=11 mismatches=0
@@SELFDIFF iter=12 mismatches=0
@@SELFDIFF iter=13 mismatches=0
@@SELFDIFF iter=14 mismatches=0
@@SELFDIFF iter=15 mismatches=0
@@SELFDIFF iter=16 mismatches=0
@@SELFDIFF iter=17 mismatches=0
@@SELFDIFF iter=18 mismatches=0
@@SELFDIFF iter=19 mismatches=0
@@SELFDIFF iter=20 mismatches=0
@@SELFDIFF iter=21 mismatches=0
@@SELFDIFF iter=22 mismatches=0
@@SELFDIFF iter=23 mismatches=0
@@SELFDIFF iter=24 mismatches=0
@@SELFDIFF iter=25 mismatches=0
@@SELFDIFF iter=26 mismatches=0
@@SELFDIFF iter=27 mismatches=0
@@SELFDIFF iter=28 mismatches=0
@@SELFDIFF iter=29 mismatches=0
@@SELFDIFF iter=30 mismatches=0
@@SELFDIFF iter=31 mismatches=0
@@SELFDIFF iter=32 mismatches=0
@@SELFDIFF iter=33 mismatches=0
@@SELFDIFF iter=34 mismatches=0
@@SELFDIFF iter=35 mismatches=0
@@SELFDIFF iter=36 mismatches=0
@@SELFDIFF iter=37 mismatches=0
@@SELFDIFF iter=38 mismatches=0
@@SELFDIFF iter=39 mismatches=0
@@SELFDIFF iter=40 mismatches=0
@@SELFDIFF iter=41 mismatches=0
@@SELFDIFF iter=42 mismatches=0
@@SELFDIFF iter=43 mismatches=0
@@SELFDIFF iter=44 mismatches=0
@@SELFDIFF iter=45 mismatches=0
@@SELFDIFF iter=46 mismatches=0
@@SELFDIFF iter=47 mismatches=0
@@SELFDIFF iter=48 mismatches=0
@@SELFDIFF iter=49 mismatches=0
@@SELFDIFF iter=50 mismatches=0
@@SELFDIFF iter=51 mismatches=0
@@SELFDIFF iter=52 mismatches=0
@@SELFDIFF iter=53 mismatches=0
@@SELFDIFF iter=54 mismatches=0
@@SELFDIFF iter=55 mismatches=0
@@SELFDIFF iter=56 mismatches=0
@@SELFDIFF iter=57 mismatches=0
@@SELFDIFF iter=58 mismatches=0
@@SELFDIFF iter=59 mismatches=0
@@SELFDIFF iter=60 mismatches=0
@@SELFDIFF iter=61 mismatches=0
@@SELFDIFF iter=62 mismatches=0
@@SELFDIFF iter=63 mismatches=0
@@SELFDIFF iter=64 mismatches=0
@@SELFDIFF iter=65 mismatches=0
@@SELFDIFF iter=66 mismatches=0
@@SELFDIFF iter=67 mismatches=0
@@SELFDIFF iter=68 mismatches=0
@@SELFDIFF iter=69 mismatches=0
@@SELFDIFF iter=70 mismatches=0
@@SELFDIFF iter=71 mismatches=0
@@SELFDIFF iter=72 mismatches=0
@@SELFDIFF iter=73 mismatches=0
@@SELFDIFF iter=74 mismatches=0
@@SELFDIFF iter=75 mismatches=0
@@SELFDIFF iter=76 mismatches=0
@@SELFDIFF iter=77 mismatches=0
@@SELFDIFF iter=78 mismatches=0
@@SELFDIFF iter=79 mismatches=0
@@SELFDIFF iter=80 mismatches=0
@@SELFDIFF iter=81 mismatches=0
@@SELFDIFF iter=82 mismatches=0
@@SELFDIFF iter=83 mismatches=0
@@SELFDIFF iter=84 mismatches=0
@@SELFDIFF iter=85 mismatches=0
@@SELFDIFF iter=86 mismatches=0
@@SELFDIFF iter=87 mismatches=0
@@SELFDIFF iter=88 mismatches=0
@@SELFDIFF iter=89 mismatches=0
@@SELFDIFF iter=90 mismatches=0
@@SELFDIFF iter=91 mismatches=0
@@SELFDIFF iter=92 mismatches=0
@@SELFDIFF iter=93 mismatches=0
@@SELFDIFF iter=94 mismatches=0
@@SELFDIFF iter=95 mismatches=0
@@SELFDIFF iter=96 mismatches=0
@@SELFDIFF iter=97 mismatches=0
@@SELFDIFF iter=98 mismatches=0
@@SELFDIFF iter=99 mismatches=0
@@SELFDIFF_SUMMARY launches=100 dirty=0 worst=0
@@CELL_EXIT name=base2 rc=0
Stopping app - local entrypoint completed.
✓ App completed. View run at 
https://modal.com/apps/stephenliang/main/ap-UXmXQmhC2FoxmAlOSJB5Gh
