[19:59:12] ============================================================
[19:59:12]   cuBLASLt picker probe  20260503_195912
[19:59:12]   out=data/cublaslt_picker_20260503_195912  timeout=90s  top_n=3
[19:59:12]   groups=production,loss_focus,fc2_ksweep,dim_sweep_bias,dim_sweep_none  cells=39
[19:59:12] ============================================================
NVIDIA B200, 120 MHz
[19:59:12] 
[19:59:12] [1/39] M=928256 N=768 K=3072 epi=3 (bias_only) → m928256_n768_k3072_epi3.txt
[19:59:12]    r1 ms=1.0453 tile=23(128x256) st=36 cl=3 in=-1 sk=1 sw=0 cyc=1929175
[19:59:12]    r2 ms=1.0492 tile=201(176x128) st=36 cl=5 in=-1 sk=1
[19:59:12]    r3 ms=1.0922 tile=32(128x192) st=36 cl=3 in=-1 sk=1
[19:59:12] 
[19:59:12] [2/39] M=928256 N=3072 K=768 epi=2 (gelu_bias) → m928256_n3072_k768_epi2.txt
[19:59:13]    r1 ms=2.5725 tile=23(128x256) st=36 cl=4 in=-1 sk=1 sw=0 cyc=4740189
[19:59:13]    r2 ms=2.5760 tile=23(128x256) st=36 cl=13 in=-1 sk=1
[19:59:13]    r3 ms=2.5824 tile=23(128x256) st=36 cl=7 in=-1 sk=1
[19:59:13] 
[19:59:13] [3/39] M=928256 N=2048 K=1024 epi=3 (bias_only) → m928256_n2048_k1024_epi3.txt
[19:59:14]    r1 ms=1.2424 tile=23(128x256) st=36 cl=3 in=-1 sk=1 sw=0 cyc=2291244
[19:59:14]    r2 ms=1.3237 tile=32(128x192) st=36 cl=3 in=-1 sk=1
[19:59:14]    r3 ms=1.3645 tile=29(id=29) st=36 cl=3 in=-1 sk=1
[19:59:14] 
[19:59:14] [4/39] M=928256 N=2048 K=1024 epi=0 (none) → m928256_n2048_k1024_epi0.txt
[19:59:14]    r1 ms=1.1585 tile=23(128x256) st=36 cl=3 in=-1 sk=1 sw=0 cyc=2137568
[19:59:14]    r2 ms=1.2258 tile=32(128x192) st=36 cl=3 in=-1 sk=1
[19:59:14]    r3 ms=1.2844 tile=29(id=29) st=36 cl=3 in=-1 sk=1
[19:59:14] 
[19:59:14] [5/39] M=928256 N=768 K=1024 epi=3 (bias_only) → m928256_n768_k1024_epi3.txt
[19:59:15]    FAIL ec=0 (see m928256_n768_k1024_epi3.txt)
[19:59:15] 
[19:59:15] [6/39] M=928256 N=768 K=2048 epi=3 (bias_only) → m928256_n768_k2048_epi3.txt
[19:59:15]    FAIL ec=0 (see m928256_n768_k2048_epi3.txt)
[19:59:15] 
[19:59:15] [7/39] M=928256 N=768 K=4096 epi=3 (bias_only) → m928256_n768_k4096_epi3.txt
[19:59:16]    r1 ms=1.3614 tile=23(128x256) st=36 cl=3 in=-1 sk=1 sw=0 cyc=2512588
[19:59:16]    r2 ms=1.3708 tile=201(176x128) st=36 cl=5 in=-1 sk=1
[19:59:16]    r3 ms=1.4084 tile=32(128x192) st=36 cl=3 in=-1 sk=1
[19:59:16] 
[19:59:16] [8/39] M=928256 N=768 K=6144 epi=3 (bias_only) → m928256_n768_k6144_epi3.txt
[19:59:17]    r1 ms=2.0010 tile=23(128x256) st=36 cl=3 in=-1 sk=1 sw=0 cyc=3692527
[19:59:17]    r2 ms=2.0453 tile=201(176x128) st=36 cl=5 in=-1 sk=1
[19:59:17]    r3 ms=2.0576 tile=32(128x192) st=36 cl=3 in=-1 sk=1
[19:59:17] 
[19:59:17] [9/39] M=928256 N=768 K=8192 epi=3 (bias_only) → m928256_n768_k8192_epi3.txt
[19:59:18]    r1 ms=2.6892 tile=201(176x128) st=36 cl=5 in=-1 sk=1 sw=0 cyc=4962137
[19:59:18]    r2 ms=2.6926 tile=23(128x256) st=36 cl=3 in=-1 sk=1
[19:59:18]    r3 ms=2.7298 tile=32(128x192) st=36 cl=3 in=-1 sk=1
[19:59:18] 
[19:59:18] [10/39] M=928256 N=256 K=1024 epi=3 (bias_only) → m928256_n256_k1024_epi3.txt
[19:59:18]    FAIL ec=0 (see m928256_n256_k1024_epi3.txt)
[19:59:18] 
[19:59:18] [11/39] M=928256 N=256 K=2048 epi=3 (bias_only) → m928256_n256_k2048_epi3.txt
[19:59:19]    FAIL ec=0 (see m928256_n256_k2048_epi3.txt)
[19:59:19] 
[19:59:19] [12/39] M=928256 N=256 K=4096 epi=3 (bias_only) → m928256_n256_k4096_epi3.txt
[19:59:19]    FAIL ec=0 (see m928256_n256_k4096_epi3.txt)
[19:59:19] 
[19:59:19] [13/39] M=928256 N=256 K=8192 epi=3 (bias_only) → m928256_n256_k8192_epi3.txt
[19:59:20]    r1 ms=1.3346 tile=201(176x128) st=36 cl=5 in=-1 sk=1 sw=0 cyc=2461380
[19:59:20]    r2 ms=1.4497 tile=24(256x128) st=36 cl=6 in=-1 sk=1
[19:59:20]    r3 ms=1.4639 tile=264(id=264) st=36 cl=5 in=-1 sk=1
[19:59:20] 
[19:59:20] [14/39] M=928256 N=512 K=1024 epi=3 (bias_only) → m928256_n512_k1024_epi3.txt
[19:59:20]    FAIL ec=0 (see m928256_n512_k1024_epi3.txt)
[19:59:20] 
[19:59:20] [15/39] M=928256 N=512 K=2048 epi=3 (bias_only) → m928256_n512_k2048_epi3.txt
[19:59:21]    FAIL ec=0 (see m928256_n512_k2048_epi3.txt)
[19:59:21] 
[19:59:21] [16/39] M=928256 N=512 K=4096 epi=3 (bias_only) → m928256_n512_k4096_epi3.txt
[19:59:21]    r1 ms=0.9579 tile=23(128x256) st=36 cl=3 in=-1 sk=1 sw=0 cyc=1767963
[19:59:21]    r2 ms=0.9615 tile=201(176x128) st=36 cl=5 in=-1 sk=1
[19:59:21]    r3 ms=1.0484 tile=513(id=513) st=36 cl=3 in=-1 sk=1
[19:59:21] 
[19:59:21] [17/39] M=928256 N=512 K=8192 epi=3 (bias_only) → m928256_n512_k8192_epi3.txt
[19:59:22]    r1 ms=1.8713 tile=23(128x256) st=36 cl=3 in=-1 sk=1 sw=0 cyc=3453677
[19:59:22]    r2 ms=1.8938 tile=201(176x128) st=36 cl=5 in=-1 sk=1
[19:59:22]    r3 ms=1.9550 tile=513(id=513) st=36 cl=3 in=-1 sk=1
[19:59:22] 
[19:59:22] [18/39] M=928256 N=1024 K=1024 epi=3 (bias_only) → m928256_n1024_k1024_epi3.txt
[19:59:23]    FAIL ec=0 (see m928256_n1024_k1024_epi3.txt)
[19:59:23] 
[19:59:23] [19/39] M=928256 N=1024 K=2048 epi=3 (bias_only) → m928256_n1024_k2048_epi3.txt
[19:59:23]    r1 ms=0.9852 tile=23(128x256) st=36 cl=3 in=-1 sk=1 sw=0 cyc=1818108
[19:59:23]    r2 ms=1.0326 tile=201(176x128) st=36 cl=5 in=-1 sk=1
[19:59:23]    r3 ms=1.1259 tile=184(id=184) st=36 cl=5 in=-1 sk=1
[19:59:23] 
[19:59:23] [20/39] M=928256 N=1024 K=4096 epi=3 (bias_only) → m928256_n1024_k4096_epi3.txt
[19:59:24]    r1 ms=1.7943 tile=23(128x256) st=36 cl=3 in=-1 sk=1 sw=0 cyc=3311169
[19:59:24]    r2 ms=1.7947 tile=201(176x128) st=36 cl=5 in=-1 sk=1
[19:59:24]    r3 ms=1.9607 tile=184(id=184) st=36 cl=5 in=-1 sk=1
[19:59:24] 
[19:59:24] [21/39] M=928256 N=1024 K=8192 epi=3 (bias_only) → m928256_n1024_k8192_epi3.txt
[19:59:25]    r1 ms=3.5420 tile=201(176x128) st=36 cl=5 in=-1 sk=1 sw=0 cyc=6535699
[19:59:25]    r2 ms=3.5442 tile=23(128x256) st=36 cl=3 in=-1 sk=1
[19:59:25]    r3 ms=3.8163 tile=513(id=513) st=36 cl=3 in=-1 sk=1
[19:59:25] 
[19:59:25] [22/39] M=928256 N=2048 K=2048 epi=3 (bias_only) → m928256_n2048_k2048_epi3.txt
[19:59:26]    r1 ms=1.8616 tile=23(128x256) st=36 cl=3 in=-1 sk=1 sw=0 cyc=3435152
[19:59:26]    r2 ms=1.9924 tile=32(128x192) st=36 cl=3 in=-1 sk=1
[19:59:26]    r3 ms=2.0334 tile=201(176x128) st=36 cl=5 in=-1 sk=1
[19:59:26] 
[19:59:26] [23/39] M=928256 N=2048 K=4096 epi=3 (bias_only) → m928256_n2048_k4096_epi3.txt
[19:59:27]    r1 ms=3.5333 tile=23(128x256) st=36 cl=3 in=-1 sk=1 sw=0 cyc=6519754
[19:59:27]    r2 ms=3.5342 tile=201(176x128) st=36 cl=5 in=-1 sk=1
[19:59:27]    r3 ms=3.8016 tile=32(128x192) st=36 cl=3 in=-1 sk=1
[19:59:27] 
[19:59:27] [24/39] M=928256 N=2048 K=8192 epi=3 (bias_only) → m928256_n2048_k8192_epi3.txt
[19:59:28]    r1 ms=6.9918 tile=23(128x256) st=36 cl=3 in=-1 sk=1 sw=0 cyc=12901152
[19:59:28]    r2 ms=7.0729 tile=201(176x128) st=36 cl=5 in=-1 sk=1
[19:59:28]    r3 ms=7.4644 tile=32(128x192) st=36 cl=3 in=-1 sk=1
[19:59:28] 
[19:59:28] [25/39] M=928256 N=256 K=1024 epi=0 (none) → m928256_n256_k1024_epi0.txt
[19:59:28]    r1 ms=0.2112 tile=184(id=184) st=36 cl=5 in=-1 sk=1 sw=0 cyc=390380
[19:59:28]    r2 ms=0.2134 tile=201(176x128) st=36 cl=5 in=-1 sk=1
[19:59:28]    r3 ms=0.2143 tile=20(id=20) st=36 cl=3 in=-1 sk=1
[19:59:28] 
[19:59:28] [26/39] M=928256 N=256 K=2048 epi=0 (none) → m928256_n256_k2048_epi0.txt
[19:59:29]    r1 ms=0.3610 tile=201(176x128) st=36 cl=5 in=-1 sk=1 sw=0 cyc=666509
[19:59:29]    r2 ms=0.3706 tile=184(id=184) st=36 cl=5 in=-1 sk=1
[19:59:29]    r3 ms=0.3739 tile=165(id=165) st=36 cl=5 in=-1 sk=1
[19:59:29] 
[19:59:29] [27/39] M=928256 N=256 K=4096 epi=0 (none) → m928256_n256_k4096_epi0.txt
[19:59:29]    r1 ms=0.6349 tile=201(176x128) st=36 cl=5 in=-1 sk=1 sw=0 cyc=1171654
[19:59:29]    r2 ms=0.6884 tile=20(id=20) st=36 cl=3 in=-1 sk=1
[19:59:29]    r3 ms=0.6905 tile=184(id=184) st=36 cl=6 in=-1 sk=1
[19:59:29] 
[19:59:29] [28/39] M=928256 N=256 K=8192 epi=0 (none) → m928256_n256_k8192_epi0.txt
[19:59:30]    r1 ms=1.3322 tile=201(176x128) st=36 cl=5 in=-1 sk=1 sw=0 cyc=2456878
[19:59:30]    r2 ms=1.4502 tile=24(256x128) st=36 cl=6 in=-1 sk=1
[19:59:30]    r3 ms=1.4601 tile=264(id=264) st=36 cl=5 in=-1 sk=1
[19:59:30] 
[19:59:30] [29/39] M=928256 N=512 K=1024 epi=0 (none) → m928256_n512_k1024_epi0.txt
[19:59:31]    r1 ms=0.3287 tile=23(128x256) st=36 cl=3 in=-1 sk=1 sw=0 cyc=607256
[19:59:31]    r2 ms=0.3702 tile=513(id=513) st=36 cl=3 in=-1 sk=1
[19:59:31]    r3 ms=0.3714 tile=31(id=31) st=36 cl=3 in=-1 sk=1
[19:59:31] 
[19:59:31] [30/39] M=928256 N=512 K=2048 epi=0 (none) → m928256_n512_k2048_epi0.txt
[19:59:31]    r1 ms=0.5392 tile=23(128x256) st=36 cl=3 in=-1 sk=1 sw=0 cyc=995510
[19:59:31]    r2 ms=0.5433 tile=201(176x128) st=36 cl=5 in=-1 sk=1
[19:59:31]    r3 ms=0.5837 tile=513(id=513) st=36 cl=3 in=-1 sk=1
[19:59:31] 
[19:59:31] [31/39] M=928256 N=512 K=4096 epi=0 (none) → m928256_n512_k4096_epi0.txt
[19:59:32]    r1 ms=0.9512 tile=23(128x256) st=36 cl=3 in=-1 sk=1 sw=0 cyc=1755558
[19:59:32]    r2 ms=0.9542 tile=201(176x128) st=36 cl=5 in=-1 sk=1
[19:59:32]    r3 ms=1.0253 tile=513(id=513) st=36 cl=3 in=-1 sk=1
[19:59:32] 
[19:59:32] [32/39] M=928256 N=512 K=8192 epi=0 (none) → m928256_n512_k8192_epi0.txt
[19:59:32]    r1 ms=1.8673 tile=23(128x256) st=36 cl=3 in=-1 sk=1 sw=0 cyc=3445988
[19:59:32]    r2 ms=1.8845 tile=201(176x128) st=36 cl=5 in=-1 sk=1
[19:59:32]    r3 ms=1.9275 tile=513(id=513) st=36 cl=3 in=-1 sk=1
[19:59:32] 
[19:59:32] [33/39] M=928256 N=1024 K=1024 epi=0 (none) → m928256_n1024_k1024_epi0.txt
[19:59:33]    r1 ms=0.5876 tile=23(128x256) st=36 cl=3 in=-1 sk=1 sw=0 cyc=1084713
[19:59:33]    r2 ms=0.6812 tile=24(256x128) st=36 cl=5 in=-1 sk=1
[19:59:33]    r3 ms=0.7001 tile=513(id=513) st=36 cl=3 in=-1 sk=1
[19:59:33] 
[19:59:33] [34/39] M=928256 N=1024 K=2048 epi=0 (none) → m928256_n1024_k2048_epi0.txt
[19:59:34]    r1 ms=0.9652 tile=201(176x128) st=36 cl=5 in=-1 sk=1 sw=0 cyc=1781313
[19:59:34]    r2 ms=0.9829 tile=23(128x256) st=36 cl=3 in=-1 sk=1
[19:59:34]    r3 ms=1.0634 tile=184(id=184) st=36 cl=5 in=-1 sk=1
[19:59:34] 
[19:59:34] [35/39] M=928256 N=1024 K=4096 epi=0 (none) → m928256_n1024_k4096_epi0.txt
[19:59:34]    r1 ms=1.7885 tile=201(176x128) st=36 cl=5 in=-1 sk=1 sw=0 cyc=3300502
[19:59:34]    r2 ms=1.7940 tile=23(128x256) st=36 cl=3 in=-1 sk=1
[19:59:34]    r3 ms=1.9519 tile=184(id=184) st=36 cl=5 in=-1 sk=1
[19:59:34] 
[19:59:34] [36/39] M=928256 N=1024 K=8192 epi=0 (none) → m928256_n1024_k8192_epi0.txt
[19:59:35]    r1 ms=3.5466 tile=23(128x256) st=36 cl=3 in=-1 sk=1 sw=0 cyc=6543983
[19:59:35]    r2 ms=3.5752 tile=201(176x128) st=36 cl=5 in=-1 sk=1
[19:59:35]    r3 ms=3.7511 tile=513(id=513) st=36 cl=3 in=-1 sk=1
[19:59:35] 
[19:59:35] [37/39] M=928256 N=2048 K=2048 epi=0 (none) → m928256_n2048_k2048_epi0.txt
[19:59:36]    r1 ms=1.8553 tile=23(128x256) st=36 cl=3 in=-1 sk=1 sw=0 cyc=3423373
[19:59:36]    r2 ms=1.8715 tile=201(176x128) st=36 cl=5 in=-1 sk=1
[19:59:36]    r3 ms=1.9779 tile=32(128x192) st=36 cl=3 in=-1 sk=1
[19:59:36] 
[19:59:36] [38/39] M=928256 N=2048 K=4096 epi=0 (none) → m928256_n2048_k4096_epi0.txt
[19:59:37]    r1 ms=3.5250 tile=201(176x128) st=36 cl=5 in=-1 sk=1 sw=0 cyc=6504187
[19:59:37]    r2 ms=3.5346 tile=23(128x256) st=36 cl=3 in=-1 sk=1
[19:59:37]    r3 ms=3.8051 tile=32(128x192) st=36 cl=3 in=-1 sk=1
[19:59:37] 
[19:59:37] [39/39] M=928256 N=2048 K=8192 epi=0 (none) → m928256_n2048_k8192_epi0.txt
[19:59:38]    r1 ms=6.9921 tile=23(128x256) st=36 cl=3 in=-1 sk=1 sw=0 cyc=12901507
[19:59:38]    r2 ms=7.0914 tile=201(176x128) st=36 cl=5 in=-1 sk=1
[19:59:38]    r3 ms=7.4918 tile=513(id=513) st=36 cl=3 in=-1 sk=1
[19:59:38] 
[19:59:38] ── summary ──

Top-3 per cell (cuBLASLt heuristic ranked by measured ms; cluster/stages/splitk/swizzle = raw IDs):
M       N     K     EPI  rank  status   ms      cyc       algoId  tile  stages  cluster  inner  splitk  swizzle  waves   ws_MB  tile_name
928256  768   3072  3    1     OK       1.0453  1929175   66      23    36      3        -1     1       0        147.00  0.0    128x256
928256  768   3072  3    2     OK       1.0492  1936097   66      201   36      5        -1     1       0        213.85  0.0    176x128
928256  768   3072  3    3     OK       1.0922  2015131   66      32    36      3        -1     1       0        196.00  0.0    128x192
928256  3072  768   2    1     OK       2.5725  4740189   71      23    36      4        -1     1       0        1.00    0.0    128x256
928256  3072  768   2    2     OK       2.5760  4749856   71      23    36      13       -1     1       0        1.00    0.0    128x256
928256  3072  768   2    3     OK       2.5824  4760600   71      23    36      7        -1     1       0        1.00    0.0    128x256
928256  2048  1024  3    1     OK       1.2424  2291244   66      23    36      3        -1     1       0        392.00  0.0    128x256
928256  2048  1024  3    2     OK       1.3237  2441350   66      32    36      3        -1     1       0        539.00  0.0    128x192
928256  2048  1024  3    3     OK       1.3645  2516835   66      29    36      3        -1     1       0        637.00  0.0    id=29
928256  2048  1024  0    1     OK       1.1585  2137568   66      23    36      3        -1     1       0        392.00  0.0    128x256
928256  2048  1024  0    2     OK       1.2258  2261053   66      32    36      3        -1     1       0        539.00  0.0    128x192
928256  2048  1024  0    3     OK       1.2844  2369088   66      29    36      3        -1     1       0        637.00  0.0    id=29
928256  768   1024  3    -     FAIL(0)  -       -         -       -     -       -        -      -       -        -       -      -
928256  768   2048  3    -     FAIL(0)  -       -         -       -     -       -        -      -       -        -       -      -
928256  768   4096  3    1     OK       1.3614  2512588   66      23    36      3        -1     1       0        147.00  0.0    128x256
928256  768   4096  3    2     OK       1.3708  2529490   66      201   36      5        -1     1       0        213.85  0.0    176x128
928256  768   4096  3    3     OK       1.4084  2598850   66      32    36      3        -1     1       0        196.00  0.0    128x192
928256  768   6144  3    1     OK       2.0010  3692527   66      23    36      3        -1     1       0        147.00  0.0    128x256
928256  768   6144  3    2     OK       2.0453  3746009   66      201   36      5        -1     1       0        213.85  0.0    176x128
928256  768   6144  3    3     OK       2.0576  3796630   66      32    36      3        -1     1       0        196.00  0.0    128x192
928256  768   8192  3    1     OK       2.6892  4962137   66      201   36      5        -1     1       0        213.85  0.0    176x128
928256  768   8192  3    2     OK       2.6926  4968455   66      23    36      3        -1     1       0        147.00  0.0    128x256
928256  768   8192  3    3     OK       2.7298  5019894   66      32    36      3        -1     1       0        196.00  0.0    128x192
928256  256   1024  3    -     FAIL(0)  -       -         -       -     -       -        -      -       -        -       -      -
928256  256   2048  3    -     FAIL(0)  -       -         -       -     -       -        -      -       -        -       -      -
928256  256   4096  3    -     FAIL(0)  -       -         -       -     -       -        -      -       -        -       -      -
928256  256   8192  3    1     OK       1.3346  2461380   66      201   36      5        -1     1       0        71.28   0.0    176x128
928256  256   8192  3    2     OK       1.4497  2675589   66      24    36      6        -1     1       0        49.00   0.0    256x128
928256  256   8192  3    3     OK       1.4639  2700452   66      264   36      5        -1     1       0        32.68   0.0    id=264
928256  512   1024  3    -     FAIL(0)  -       -         -       -     -       -        -      -       -        -       -      -
928256  512   2048  3    -     FAIL(0)  -       -         -       -     -       -        -      -       -        -       -      -
928256  512   4096  3    1     OK       0.9579  1767963   66      23    36      3        -1     1       0        98.00   0.0    128x256
928256  512   4096  3    2     OK       0.9615  1774407   66      201   36      5        -1     1       0        142.57  0.0    176x128
928256  512   4096  3    3     OK       1.0484  1933824   66      513   36      3        -1     1       0        49.00   0.0    id=513
928256  512   8192  3    1     OK       1.8713  3453677   66      23    36      3        -1     1       0        98.00   0.0    128x256
928256  512   8192  3    2     OK       1.8938  3494240   66      201   36      5        -1     1       0        142.57  0.0    176x128
928256  512   8192  3    3     OK       1.9550  3606949   66      513   36      3        -1     1       0        49.00   0.0    id=513
928256  1024  1024  3    -     FAIL(0)  -       -         -       -     -       -        -      -       -        -       -      -
928256  1024  2048  3    1     OK       0.9852  1818108   66      23    36      3        -1     1       0        196.00  0.0    128x256
928256  1024  2048  3    2     OK       1.0326  1905431   66      201   36      5        -1     1       0        285.14  0.0    176x128
928256  1024  2048  3    3     OK       1.1259  2077335   66      184   36      5        -1     1       0        348.49  0.0    id=184
928256  1024  4096  3    1     OK       1.7943  3311169   66      23    36      3        -1     1       0        196.00  0.0    128x256
928256  1024  4096  3    2     OK       1.7947  3311518   66      201   36      5        -1     1       0        285.14  0.0    176x128
928256  1024  4096  3    3     OK       1.9607  3617619   66      184   36      5        -1     1       0        348.49  0.0    id=184
928256  1024  8192  3    1     OK       3.5420  6535699   66      201   36      5        -1     1       0        285.14  0.0    176x128
928256  1024  8192  3    2     OK       3.5442  6539442   66      23    36      3        -1     1       0        196.00  0.0    128x256
928256  1024  8192  3    3     OK       3.8163  7039735   66      513   36      3        -1     1       0        98.00   0.0    id=513
928256  2048  2048  3    1     OK       1.8616  3435152   66      23    36      3        -1     1       0        392.00  0.0    128x256
928256  2048  2048  3    2     OK       1.9924  3676240   66      32    36      3        -1     1       0        539.00  0.0    128x192
928256  2048  2048  3    3     OK       2.0334  3752166   66      201   36      5        -1     1       0        570.27  0.0    176x128
928256  2048  4096  3    1     OK       3.5333  6519754   66      23    36      3        -1     1       0        392.00  0.0    128x256
928256  2048  4096  3    2     OK       3.5342  6501004   66      201   36      5        -1     1       0        570.27  0.0    176x128
928256  2048  4096  3    3     OK       3.8016  6916908   66      32    36      3        -1     1       0        539.00  0.0    128x192
928256  2048  8192  3    1     OK       6.9918  12901152  66      23    36      3        -1     1       0        392.00  0.0    128x256
928256  2048  8192  3    2     OK       7.0729  12932687  66      201   36      5        -1     1       0        570.27  0.0    176x128
928256  2048  8192  3    3     OK       7.4644  13772353  66      32    36      3        -1     1       0        539.00  0.0    128x192
928256  256   1024  0    1     OK       0.2112  390380    66      184   36      5        -1     1       0        87.12   0.0    id=184
928256  256   1024  0    2     OK       0.2134  394255    66      201   36      5        -1     1       0        71.28   0.0    176x128
928256  256   1024  0    3     OK       0.2143  395930    66      20    36      3        -1     1       0        98.00   0.0    id=20
928256  256   2048  0    1     OK       0.3610  666509    66      201   36      5        -1     1       0        71.28   0.0    176x128
928256  256   2048  0    2     OK       0.3706  684186    66      184   36      5        -1     1       0        87.12   0.0    id=184
928256  256   2048  0    3     OK       0.3739  690084    66      165   36      5        -1     1       0        112.00  0.0    id=165
928256  256   4096  0    1     OK       0.6349  1171654   66      201   36      5        -1     1       0        71.28   0.0    176x128
928256  256   4096  0    2     OK       0.6884  1270127   66      20    36      3        -1     1       0        98.00   0.0    id=20
928256  256   4096  0    3     OK       0.6905  1274532   66      184   36      6        -1     1       0        87.12   0.0    id=184
928256  256   8192  0    1     OK       1.3322  2456878   66      201   36      5        -1     1       0        71.28   0.0    176x128
928256  256   8192  0    2     OK       1.4502  2676951   66      24    36      6        -1     1       0        49.00   0.0    256x128
928256  256   8192  0    3     OK       1.4601  2693557   66      264   36      5        -1     1       0        32.68   0.0    id=264
928256  512   1024  0    1     OK       0.3287  607256    66      23    36      3        -1     1       0        98.00   0.0    128x256
928256  512   1024  0    2     OK       0.3702  683065    66      513   36      3        -1     1       0        49.00   0.0    id=513
928256  512   1024  0    3     OK       0.3714  685599    66      31    36      3        -1     1       0        130.68  0.0    id=31
928256  512   2048  0    1     OK       0.5392  995510    66      23    36      3        -1     1       0        98.00   0.0    128x256
928256  512   2048  0    2     OK       0.5433  1002935   66      201   36      5        -1     1       0        142.57  0.0    176x128
928256  512   2048  0    3     OK       0.5837  1076671   66      513   36      3        -1     1       0        49.00   0.0    id=513
928256  512   4096  0    1     OK       0.9512  1755558   66      23    36      3        -1     1       0        98.00   0.0    128x256
928256  512   4096  0    2     OK       0.9542  1760903   66      201   36      5        -1     1       0        142.57  0.0    176x128
928256  512   4096  0    3     OK       1.0253  1891786   66      513   36      3        -1     1       0        49.00   0.0    id=513
928256  512   8192  0    1     OK       1.8673  3445988   66      23    36      3        -1     1       0        98.00   0.0    128x256
928256  512   8192  0    2     OK       1.8845  3477246   66      201   36      5        -1     1       0        142.57  0.0    176x128
928256  512   8192  0    3     OK       1.9275  3556196   66      513   36      3        -1     1       0        49.00   0.0    id=513
928256  1024  1024  0    1     OK       0.5876  1084713   66      23    36      3        -1     1       0        196.00  0.0    128x256
928256  1024  1024  0    2     OK       0.6812  1257360   66      24    36      5        -1     1       0        196.00  0.0    256x128
928256  1024  1024  0    3     OK       0.7001  1290062   66      513   36      3        -1     1       0        98.00   0.0    id=513
928256  1024  2048  0    1     OK       0.9652  1781313   66      201   36      5        -1     1       0        285.14  0.0    176x128
928256  1024  2048  0    2     OK       0.9829  1813957   66      23    36      3        -1     1       0        196.00  0.0    128x256
928256  1024  2048  0    3     OK       1.0634  1962270   66      184   36      5        -1     1       0        348.49  0.0    id=184
928256  1024  4096  0    1     OK       1.7885  3300502   66      201   36      5        -1     1       0        285.14  0.0    176x128
928256  1024  4096  0    2     OK       1.7940  3310612   66      23    36      3        -1     1       0        196.00  0.0    128x256
928256  1024  4096  0    3     OK       1.9519  3601734   66      184   36      5        -1     1       0        348.49  0.0    id=184
928256  1024  8192  0    1     OK       3.5466  6543983   66      23    36      3        -1     1       0        196.00  0.0    128x256
928256  1024  8192  0    2     OK       3.5752  6534852   66      201   36      5        -1     1       0        285.14  0.0    176x128
928256  1024  8192  0    3     OK       3.7511  6921066   66      513   36      3        -1     1       0        98.00   0.0    id=513
928256  2048  2048  0    1     OK       1.8553  3423373   66      23    36      3        -1     1       0        392.00  0.0    128x256
928256  2048  2048  0    2     OK       1.8715  3453432   66      201   36      5        -1     1       0        570.27  0.0    176x128
928256  2048  2048  0    3     OK       1.9779  3649387   66      32    36      3        -1     1       0        539.00  0.0    128x192
928256  2048  4096  0    1     OK       3.5250  6504187   66      201   36      5        -1     1       0        570.27  0.0    176x128
928256  2048  4096  0    2     OK       3.5346  6522134   66      23    36      3        -1     1       0        392.00  0.0    128x256
928256  2048  4096  0    3     OK       3.8051  6900349   66      32    36      3        -1     1       0        539.00  0.0    128x192
928256  2048  8192  0    1     OK       6.9921  12901507  66      23    36      3        -1     1       0        392.00  0.0    128x256
928256  2048  8192  0    2     OK       7.0914  12968745  66      201   36      5        -1     1       0        570.27  0.0    176x128
928256  2048  8192  0    3     OK       7.4918  13824213  66      513   36      3        -1     1       0        196.00  0.0    id=513

Tile IDs: 23=128x256  24=256x128  32=128x192  197=168x128  201=176x128  495=256x96  535=320x192

[19:59:38] 
[19:59:38] TSV   : data/cublaslt_picker_20260503_195912/summary.tsv
[19:59:38] table : data/cublaslt_picker_20260503_195912/summary.txt
[19:59:38] raw   : data/cublaslt_picker_20260503_195912/m*_n*_k*_epi*.txt  (full algo TSV + top-3 caps per cell)
