[06:11:17] ========================================
[06:11:17]   FC2 c4 NCU DIAGNOSIS  20260417_061117
[06:11:17]   Output: data/c4_ncu_20260417_061117
[06:11:17] ========================================
NVIDIA B200, 120 MHz
[06:11:17] 
[06:11:17] ── Phase 1: Building binaries ──
[06:11:17]   [c2_strip] make -B fc2-w3-packed DFLAGS=-DSTRIP_EPILOGUE
[06:11:18]   [c2_strip] copied fc2-w3-packed -> fc2-w3-packed-strip
[06:11:18]   [c2_strip] built (regs=48, bars=1)
[06:11:18]   [c2_gemm] make -B fc2-w3-packed DFLAGS=-DGEMM_ONLY
[06:11:20]   [c2_gemm] copied fc2-w3-packed -> fc2-w3-packed-gemm
[06:11:20]   [c2_gemm] built (regs=111, bars=2)
[06:11:20]   [c2_fused] make -B fc2-w3-packed
[06:11:22]   [c2_fused] built (regs=126, bars=2)
[06:11:22]   [c2_lean] make -B fc2-w3-packed-lean
[06:11:24]   [c2_lean] built (regs=164, bars=2)
[06:11:24]   [c4_strip] make -B fc2-w3-c4-strip
[06:11:25]   [c4_strip] built (regs=43, bars=1)
[06:11:25]   [c4_gemm] make -B fc2-w3-c4-gemm
[06:11:27]   [c4_gemm] built (regs=116, bars=2)
[06:11:27]   [c4_fused] make -B fc2-w3-c4
[06:11:29]   [c4_fused] built (regs=119, bars=2)
[06:11:29] 
[06:11:29] ── Phase 2: Wall time sanity ──
[06:11:30]   [c2_strip] 1.027ms  4264.16 TFLOPS  valid=0
[06:11:32]   [c2_gemm] 1.074ms  4079.76 TFLOPS  valid=1
[06:11:33]   [c2_fused] 1.069ms  4096.09 TFLOPS  valid=1
[06:11:35]   [c2_lean] 1.107ms  3956.54 TFLOPS  valid=1
[06:11:36]   [c4_strip] 1.978ms  2214.42 TFLOPS  valid=1
[06:11:38]   [c4_gemm] 2.122ms  2064.51 TFLOPS  valid=1
[06:11:39]   [c4_fused] 2.052ms  2134.16 TFLOPS  valid=1
[06:11:39] 
[06:11:39] ── Phase 3: ncu metric collection ──
[06:11:39]   [c2_strip] collecting ncu metrics...
[06:11:52]   [c2_strip] ncu done (560 CSV lines)
[06:11:52]   [c2_gemm] collecting ncu metrics...
[06:12:04]   [c2_gemm] ncu done (560 CSV lines)
[06:12:04]   [c2_fused] collecting ncu metrics...
[06:12:16]   [c2_fused] ncu done (560 CSV lines)
[06:12:16]   [c2_lean] collecting ncu metrics...
[06:12:28]   [c2_lean] ncu done (560 CSV lines)
[06:12:28]   [c4_strip] collecting ncu metrics...
[06:12:41]   [c4_strip] ncu done (560 CSV lines)
[06:12:41]   [c4_gemm] collecting ncu metrics...
[06:12:53]   [c4_gemm] ncu done (560 CSV lines)
[06:12:53]   [c4_fused] collecting ncu metrics...
[06:13:06]   [c4_fused] ncu done (560 CSV lines)
[06:13:06] 
[06:13:06] ── Phase 4: c4 vs c2 diffs ──
[06:13:06]   diff_q1_strip: c2_strip.csv vs c4_strip.csv
[06:13:06]   diff_q2_gemm: c2_gemm.csv vs c4_gemm.csv
[06:13:06]   diff_q3_fused: c2_fused.csv vs c4_fused.csv
[06:13:06]   diff_q4_lean_vs_c4: c2_lean.csv vs c4_fused.csv
[06:13:06] 
[06:13:06] ── Phase 5: Summary ──
metric                        c2_strip         c2_gemm        c2_fused         c2_lean        c4_strip         c4_gemm        c4_fused
--------------------------------------------------------------------------------------------------------------------------------------
long_scoreboard                  2.51M           2.43M           2.17M           2.67M           2.47M           2.36M           2.03M
short_scoreboard                  1.5K           26.3K          165.5K          216.3K            3.5K           32.9K          185.2K
wait                            263.6K          332.2K          384.6K          404.0K          288.6K          356.9K          399.2K
barrier                         224.7K          281.3K          274.7K           44.2K          670.5K          740.0K          716.3K
membar                            0.00            0.00            0.00           30.2K            0.00            0.00            0.00
imc_miss                           n/a             n/a             n/a             n/a             n/a             n/a             n/a
sleeping                         13.7K           24.3K           21.9K            3.7K           13.4K           23.1K           19.8K
not_selected                    632.91            4.2K            6.7K            7.2K          683.44            4.1K            7.1K
mio_throttle                     17.68           17.66           17.67           23.42           16.96           17.09           17.25
math_throttle                   235.21            2.4K            2.2K            2.3K          345.56            2.3K            2.3K
dram_read_bytes                  5.21G           4.25G           6.79G           4.28G           3.86G           3.40G           5.66G
dram_write_bytes                12.17M           1.42G           1.43G           1.42G           6.10M           1.41G           1.42G
dram_read_sectors              162.78M         132.84M         212.14M         133.75M         120.60M         106.31M         176.81M
dram_pct                         37.97           39.33           57.32           42.65           15.66           18.65           28.58
lts_pct                          57.26           65.58           71.81           70.86           29.06           32.37           36.83
lts_sectors                    543.75M         688.66M         749.90M         680.90M         417.04M         597.93M         673.78M
lts_hit_rate                     51.74           56.82           45.36           57.70           57.30           59.92           48.61
l1tex_pct                        46.68           44.38           48.39           52.37           25.20           24.13           27.20
sm_pct                           93.37           89.61           90.36           97.35           50.39           48.68           50.32
shared_pct                       93.36           88.76           89.33           96.66           50.39           48.26           50.22
warps_active                      7.00            7.00            7.00            7.98            8.00            8.00            8.00
cycles_active                    1.81M           1.90M           1.89M           1.86M           1.81M           1.88M           1.83M
inst_executed                   44.05M          70.34M         101.91M         107.97M          45.76M          71.78M         103.22M
warps_eligible                    0.04            0.07            0.10            0.10            0.04            0.07            0.10
regs_per_thread                  48.00          111.00          126.00          164.00           43.00          116.00          119.00
occupancy                          n/a             n/a             n/a             n/a             n/a             n/a             n/a
block_size                      224.00          224.00          224.00          256.00          256.00          256.00          256.00
cluster_size                      2.00            2.00            2.00            2.00            4.00            4.00            4.00
grid_size                       148.00          148.00          148.00          148.00          148.00          148.00          148.00
smem_wavefronts                  88.3K          17.65M          47.92M          49.98M           59.1K          16.96M          49.18M
smem_ld_wf                        2.0K            2.0K          26.72M          32.97M            2.2K            2.2K          31.75M
smem_st_wf                        2.5K          16.47M          19.33M          15.06M            2.5K          15.79M          15.91M
global_ld_wf                       n/a             n/a             n/a             n/a             n/a             n/a             n/a
tma_read_reqs                      n/a             n/a             n/a             n/a             n/a             n/a             n/a
tma_write_reqs                     n/a             n/a             n/a             n/a             n/a             n/a             n/a
tma_read_bytes                     n/a             n/a             n/a             n/a             n/a             n/a             n/a
tma_write_bytes                    n/a             n/a             n/a             n/a             n/a             n/a             n/a

================================================================================
c4 vs c2 AMPLIFICATION (c4 / c2)
================================================================================

  [strip]  c2_strip -> c4_strip
    dram_read          c2=5.21G      c4=3.86G       ratio=0.74x ⚠
    dram_write         c2=12.17M     c4=6.10M       ratio=0.50x ⚠
    lts_sectors        c2=543.75M    c4=417.04M     ratio=0.77x ⚠
    lts_hit_rate       c2=51.74      c4=57.30       ratio=1.11x ⚠
    cycles_active      c2=1.81M      c4=1.81M       ratio=1.00x
    inst_executed      c2=44.05M     c4=45.76M      ratio=1.04x
    wait_stall         c2=263.6K     c4=288.6K      ratio=1.09x
    barrier_stall      c2=224.7K     c4=670.5K      ratio=2.98x ⚠
    long_sb_stall      c2=2.51M      c4=2.47M       ratio=0.98x

  [gemm]  c2_gemm -> c4_gemm
    dram_read          c2=4.25G      c4=3.40G       ratio=0.80x ⚠
    dram_write         c2=1.42G      c4=1.41G       ratio=0.99x
    lts_sectors        c2=688.66M    c4=597.93M     ratio=0.87x ⚠
    lts_hit_rate       c2=56.82      c4=59.92       ratio=1.05x
    cycles_active      c2=1.90M      c4=1.88M       ratio=0.99x
    inst_executed      c2=70.34M     c4=71.78M      ratio=1.02x
    wait_stall         c2=332.2K     c4=356.9K      ratio=1.07x
    barrier_stall      c2=281.3K     c4=740.0K      ratio=2.63x ⚠
    long_sb_stall      c2=2.43M      c4=2.36M       ratio=0.97x

  [fused]  c2_fused -> c4_fused
    dram_read          c2=6.79G      c4=5.66G       ratio=0.83x ⚠
    dram_write         c2=1.43G      c4=1.42G       ratio=0.99x
    lts_sectors        c2=749.90M    c4=673.78M     ratio=0.90x ⚠
    lts_hit_rate       c2=45.36      c4=48.61       ratio=1.07x
    cycles_active      c2=1.89M      c4=1.83M       ratio=0.97x
    inst_executed      c2=101.91M    c4=103.22M     ratio=1.01x
    wait_stall         c2=384.6K     c4=399.2K      ratio=1.04x
    barrier_stall      c2=274.7K     c4=716.3K      ratio=2.61x ⚠
    long_sb_stall      c2=2.17M      c4=2.03M       ratio=0.94x
[06:13:06] 
[06:13:06] ════════════════════════════════════════
[06:13:06]   DONE
[06:13:06] ════════════════════════════════════════
[06:13:06] 
[06:13:06] Key outputs:
[06:13:06]   data/c4_ncu_20260417_061117/results.txt          — wall times
[06:13:06]   data/c4_ncu_20260417_061117/summary.txt          — all metrics side-by-side + c4/c2 ratios
[06:13:06]   data/c4_ncu_20260417_061117/diff_q1_strip.txt    — strip: pure GEMM dispatch cost
[06:13:06]   data/c4_ncu_20260417_061117/diff_q2_gemm.txt     — gemm:  + TMA store
[06:13:06]   data/c4_ncu_20260417_061117/diff_q3_fused.txt    — fused: + residual+bias
[06:13:06]   data/c4_ncu_20260417_061117/diff_q4_lean_vs_c4.txt — best c2 vs c4
[06:13:06] 
