[01:58:56] ========================================
[01:58:56]   FC2 NCU DIAGNOSIS v2  20260409_015856
[01:58:56]   Output: data/ncu_20260409_015856
[01:58:56] ========================================
NVIDIA B200, 120 MHz
[01:58:56] 
[01:58:56] ── Phase 1: Building binaries ──
[01:58:56]   [w3_strip] make -B fc2-w3 DFLAGS=-DSTRIP_EPILOGUE
[01:58:58]   [w3_strip] copied fc2-w3 -> fc2-w3-strip
[01:58:58]   [w3_strip] built (regs=48, bars=1)
[01:58:58]   [w3_gemm] make -B fc2-w3-gemm
[01:58:59]   [w3_gemm] built (regs=112, bars=2)
[01:58:59]   [w3_fused] make -B fc2-w3
[01:59:01]   [w3_fused] built (regs=126, bars=2)
[01:59:01]   [cutlass_strip] make fc2-cutlass-strip
[01:59:32]   [cutlass_strip] built (regs=16, bars=0)
[01:59:32]   [cutlass_fused] make fc2-cutlass
[02:00:04]   [cutlass_fused] built (regs=16, bars=0)
[02:00:04]   [w3_atomic] make -B fc2-w3-atomic
[02:00:06]   [w3_atomic] built (regs=122, bars=2)
[02:00:06]   [w3_sched] make -B fc2-w3-sched
[02:00:07]   [w3_sched] built (regs=163, bars=2)
[02:00:07] 
[02:00:08] ── Phase 2: Wall time sanity checks ──
[02:00:09]   [w3_strip] 1.048ms  4178.19 TFLOPS  valid=0
[02:00:11]   [w3_gemm] 1.095ms  3998.82 TFLOPS  valid=1
[02:00:12]   [w3_fused] 1.106ms  3961.76 TFLOPS  valid=1
[02:00:14]   [cutlass_strip] 1.152ms  3801.04 TFLOPS  valid=1
[02:00:15]   [cutlass_fused] 1.222ms  3583.14 TFLOPS  valid=1
[02:00:17]   [w3_atomic] 1.261ms  3474.65 TFLOPS  valid=1
[02:00:18]   [w3_sched] 1.132ms  3869.73 TFLOPS  valid=1
[02:00:18] 
[02:00:18] ── Phase 3: Targeted ncu metric collection ──
[02:00:18]   [w3_strip] collecting ncu metrics...
[02:00:30]   [w3_strip] ncu done (495 CSV lines)
[02:00:30]   [w3_gemm] collecting ncu metrics...
[02:00:42]   [w3_gemm] ncu done (495 CSV lines)
[02:00:42]   [w3_fused] collecting ncu metrics...
[02:00:55]   [w3_fused] ncu done (495 CSV lines)
[02:00:55]   [cutlass_strip] collecting ncu metrics...
[02:01:07]   [cutlass_strip] ncu done (495 CSV lines)
[02:01:07]   [cutlass_fused] collecting ncu metrics...
[02:01:19]   [cutlass_fused] ncu done (495 CSV lines)
[02:01:19]   [w3_atomic] collecting ncu metrics...
[02:01:31]   [w3_atomic] ncu done (495 CSV lines)
[02:01:31]   [w3_sched] collecting ncu metrics...
[02:01:43]   [w3_sched] ncu done (495 CSV lines)
[02:01:43] 
[02:01:43] ── Phase 4: Metric diffs ──
[02:01:43]   diff_q1_w3: w3_gemm.csv vs w3_fused.csv
[02:01:44]   diff_q1_cutlass: cutlass_strip.csv vs cutlass_fused.csv
[02:01:44]   diff_q2_fused: w3_fused.csv vs cutlass_fused.csv
[02:01:44]   diff_q3_gemm: w3_gemm.csv vs cutlass_strip.csv
[02:01:44]   diff_q6_output_cost: w3_strip.csv vs w3_gemm.csv
[02:01:44]   diff_q7_atomic_vs_fused: w3_atomic.csv vs w3_fused.csv
[02:01:44]   diff_q7_atomic_vs_cutlass: w3_atomic.csv vs cutlass_fused.csv
[02:01:44]   diff_q7_sched_vs_fused: w3_sched.csv vs w3_fused.csv
[02:01:44]   diff_q7_sched_vs_cutlass: w3_sched.csv vs cutlass_fused.csv
[02:01:44]   diff_q7_sched_vs_atomic: w3_sched.csv vs w3_atomic.csv
[02:01:44] 
[02:01:44] ── Phase 5: Summary table ──
metric                          w3_strip           w3_gemm          w3_fused     cutlass_strip     cutlass_fused         w3_atomic          w3_sched
----------------------------------------------------------------------------------------------------------------------------------------------------
long_scoreboard                    2.51M             2.47M             2.23M             2.43M             2.73M             1.79M             2.69M
short_scoreboard                    2.0K             26.4K            164.1K             30.2K            136.1K            152.4K            197.9K
wait                              264.1K            337.8K            389.8K            141.0K            228.1K            379.9K            407.5K
barrier                           224.6K            281.6K            280.4K             91.9K             31.1K            945.3K             46.0K
sleeping                           14.0K             27.6K             24.1K              0.00              0.00             41.5K              4.2K
not_selected                      775.98              4.8K              6.5K             25.7K             21.9K              7.6K              7.1K
mio_throttle                       17.83             17.60             17.64              2.2K              3.7K             18.05             24.37
math_throttle                     303.13              2.7K              2.2K            581.49              2.5K              2.7K              2.5K
dram_read_bytes                    5.64G             4.78G             7.05G             2.85G             4.28G             4.28G             4.28G
dram_write_bytes                  12.61M             1.42G             1.43G             1.40G             1.40G             1.41G             1.43G
dram_read_sectors                176.10M           149.24M           220.18M            89.19M           133.77M           133.75M           133.75M
dram_write_sectors                394.0K            44.53M            44.61M            43.73M            43.86M            44.18M            44.63M
dram_pct                           41.81             43.10             58.45             31.65             41.67             39.61             43.61
lts_pct                            60.11             65.77             71.60             65.36             68.22             68.64             72.33
lts_sectors                      555.13M           692.13M           756.01M           628.81M           684.87M           707.92M           688.82M
lts_read_sectors                 553.99M           623.79M           687.14M           561.72M           617.59M           639.44M           616.28M
lts_write_sectors                 669.8K            67.49M            67.50M            66.83M            66.84M            67.50M            68.62M
lts_hit_rate                       50.32             54.19             44.24             63.14             55.59             57.90             56.55
l1tex_pct                          46.66             48.48             50.78             52.10             53.99             50.86             56.74
sm_pct                             93.33             87.84             88.26             95.11             94.37             88.15             97.37
shared_pct                         93.32             86.82             86.81             93.77             92.77             87.21             96.64
warps_active                        7.00              7.00              7.00              6.50              7.50              7.00              7.98
cycles_active                      1.81M             1.93M             1.93M             1.91M             1.93M             2.06M             1.86M
inst_executed                     44.45M            71.27M           102.91M           141.73M           163.09M           103.05M           107.31M
warps_eligible                      0.04              0.07              0.09              0.14              0.15              0.09              0.10
regs_per_thread                    48.00            112.00            126.00            186.00            252.00            122.00            163.00
occupancy                            n/a               n/a               n/a               n/a               n/a               n/a               n/a
smem_wavefronts                    87.6K            17.47M            47.65M            19.94M            60.38M            41.52M            51.11M
smem_ld_wf                          2.1K              2.0K            25.97M            437.4K            37.90M            23.57M            30.71M
smem_st_wf                          2.5K            16.29M            20.16M            16.44M            19.03M            16.22M            18.67M
global_ld_wf                         n/a               n/a               n/a               n/a               n/a               n/a               n/a
tma_read_reqs                        n/a               n/a               n/a               n/a               n/a               n/a               n/a
tma_write_reqs                       n/a               n/a               n/a               n/a               n/a               n/a               n/a
tma_read_bytes                       n/a               n/a               n/a               n/a               n/a               n/a               n/a
tma_write_bytes                      n/a               n/a               n/a               n/a               n/a               n/a               n/a

================================================================================
DRAM AMPLIFICATION ANALYSIS
================================================================================
Theoretical minimum DRAM (FC2 928256x3072x768):
  Read:  4.280 GB (A:FP8 + B:FP8 + residual:BF16 + bias:BF16)
  Write: 1.426 GB (output:BF16)

  w3_strip            : read=5.640GB (1.32x)  write=0.013GB (0.01x)
  w3_gemm             : read=4.780GB (1.12x)  write=1.420GB (1.00x)
  w3_fused            : read=7.050GB (1.65x)  write=1.430GB (1.00x)
  cutlass_strip       : read=2.850GB (0.67x)  write=1.400GB (0.98x)
  cutlass_fused       : read=4.280GB (1.00x)  write=1.400GB (0.98x)
  w3_atomic           : read=4.280GB (1.00x)  write=1.410GB (0.99x)
  w3_sched            : read=4.280GB (1.00x)  write=1.430GB (1.00x)
[02:01:44] 
[02:01:44] ════════════════════════════════════════
[02:01:44]   DONE
[02:01:44] ════════════════════════════════════════
[02:01:44] 
[02:01:44] Key outputs:
[02:01:44]   data/ncu_20260409_015856/results.txt       — wall times
[02:01:44]   data/ncu_20260409_015856/summary.txt       — all metrics side-by-side + DRAM amplification
[02:01:44]   data/ncu_20260409_015856/diff_q1*.txt      — Q1: fusion cost (fused - gemm/strip)
[02:01:44]   data/ncu_20260409_015856/diff_q2*.txt      — Q2: head-to-head fused (w3 vs CUTLASS)
[02:01:44]   data/ncu_20260409_015856/diff_q3*.txt      — Q3: GEMM comparison (w3_gemm vs cutlass_strip)
[02:01:44]   data/ncu_20260409_015856/diff_q6*.txt      — Q6: output write cost (w3_strip vs w3_gemm)
[02:01:44] 
[02:01:44] Analysis: python3 tools/ncu_anova.py data/ncu_20260409_015856
