nvcc -gencode arch=compute_100a,code=sm_100a -O3 -std=c++17 -lineinfo --ptxas-options=-v --cudart=static  fc2_w3.cu -o fc2-w3 -lcurand_static -lculibos -lcuda
fc2_w3.cu(941): warning #177-D: variable "tile_stride" was declared but never referenced
      const int tile_stride = num_clusters;
                ^

Remark: The warnings can be suppressed with "-diag-suppress <warning-number>"

fc2_w3.cu(975): warning #550-D: variable "epi_phase" was set but never used
      int epi_phase[2] = {1, 1};
          ^

fc2_w3.cu(382): warning #177-D: function "tma_load_2d" was declared but never referenced
  void tma_load_2d(uint32_t smem_dst, const void* tma_desc,
       ^

ptxas info    : 0 bytes gmem
ptxas info    : Compiling entry function '_Z13init_residualP13__nv_bfloat16ix' for 'sm_100a'
ptxas info    : Function properties for _Z13init_residualP13__nv_bfloat16ix
    0 bytes stack frame, 0 bytes spill stores, 0 bytes spill loads
ptxas info    : Used 16 registers, used 0 barriers
ptxas info    : Compile time = 7.499 ms
ptxas info    : Compiling entry function '_Z13fc2_w3_kernel14CUtensorMap_stS_S_PK13__nv_bfloat16PS0_S2_S_' for 'sm_100a'
ptxas info    : Function properties for _Z13fc2_w3_kernel14CUtensorMap_stS_S_PK13__nv_bfloat16PS0_S2_S_
    8 bytes stack frame, 0 bytes spill stores, 0 bytes spill loads
ptxas info    : Used 126 registers, used 2 barriers, 8 bytes cumulative stack size
ptxas info    : Compile time = 214.616 ms
