nvcc -gencode arch=compute_100a,code=sm_100a -O3 -std=c++17 -lineinfo --ptxas-options=-v --cudart=static  fc2_w3.cu -o fc2-w3 -lcurand_static -lculibos -lcuda
fc2_w3.cu(904): warning #177-D: variable "gm_base" was declared but never referenced
                  const int gm_base = prev_m + row_group * 32;
                            ^

Remark: The warnings can be suppressed with "-diag-suppress <warning-number>"

fc2_w3.cu(1195): warning #177-D: variable "gm_base" was declared but never referenced
              const int gm_base = last_m + row_group * 32;
                        ^

fc2_w3.cu(221): warning #177-D: function "tma_load_2d" was declared but never referenced
  void tma_load_2d(uint32_t smem_dst, const void* tma_desc,
       ^

ptxas info    : 0 bytes gmem
ptxas info    : Compiling entry function '_Z13init_residualP13__nv_bfloat16ix' for 'sm_100a'
ptxas info    : Function properties for _Z13init_residualP13__nv_bfloat16ix
    0 bytes stack frame, 0 bytes spill stores, 0 bytes spill loads
ptxas info    : Used 16 registers, used 0 barriers
ptxas info    : Compile time = 6.586 ms
ptxas info    : Compiling entry function '_Z13fc2_w3_kernel14CUtensorMap_stS_S_PK13__nv_bfloat16PS0_S2_S_' for 'sm_100a'
ptxas info    : Function properties for _Z13fc2_w3_kernel14CUtensorMap_stS_S_PK13__nv_bfloat16PS0_S2_S_
    16 bytes stack frame, 0 bytes spill stores, 0 bytes spill loads
ptxas info    : Used 117 registers, used 2 barriers, 16 bytes cumulative stack size
ptxas info    : Compile time = 170.385 ms
