nvcc -gencode arch=compute_100a,code=sm_100a -O3 -std=c++17 -lineinfo --ptxas-options=-v --cudart=static -DSTRIP_EPILOGUE fc2_w3.cu -o fc2-w3 -lcurand_static -lculibos -lcuda
fc2_w3.cu(1136): warning #177-D: variable "last_m" was declared but never referenced
          const int last_m = ltm * 128 * 2 + cta_rank * 128;
                    ^

Remark: The warnings can be suppressed with "-diag-suppress <warning-number>"

fc2_w3.cu(1137): warning #177-D: variable "last_n" was declared but never referenced
          const int last_n = ltn * 256;
                    ^

fc2_w3.cu(707): warning #550-D: variable "load_mbar" was set but never used
      uint32_t load_mbar[2];
               ^

fc2_w3.cu(708): warning #550-D: variable "consumed_mbar" was set but never used
      uint32_t consumed_mbar[2];
               ^

fc2_w3.cu(709): warning #550-D: variable "load_phase" was set but never used
      int load_phase[2];
          ^

fc2_w3.cu(710): warning #550-D: variable "load_consumed_phase" was set but never used
      int load_consumed_phase[2];
          ^

fc2_w3.cu(711): warning #177-D: variable "load_issue_count" was declared but never referenced
      int load_issue_count = 0;
          ^

fc2_w3.cu(208): warning #177-D: function "mbar_arrive_expect_tx" was declared but never referenced
  void mbar_arrive_expect_tx(uint32_t addr, uint32_t tx_count) {
       ^

fc2_w3.cu(221): warning #177-D: function "tma_load_2d" was declared but never referenced
  void tma_load_2d(uint32_t smem_dst, const void* tma_desc,
       ^

fc2_w3.cu(231): warning #177-D: function "tma_load_2d_cta" was declared but never referenced
  void tma_load_2d_cta(uint32_t smem_dst, const void* tma_desc,
       ^

ptxas info    : 0 bytes gmem
ptxas info    : Compiling entry function '_Z13init_residualP13__nv_bfloat16ix' for 'sm_100a'
ptxas info    : Function properties for _Z13init_residualP13__nv_bfloat16ix
    0 bytes stack frame, 0 bytes spill stores, 0 bytes spill loads
ptxas info    : Used 16 registers, used 0 barriers
ptxas info    : Compile time = 7.173 ms
ptxas info    : Compiling entry function '_Z13fc2_w3_kernel14CUtensorMap_stS_S_PK13__nv_bfloat16PS0_S2_S_' for 'sm_100a'
ptxas info    : Function properties for _Z13fc2_w3_kernel14CUtensorMap_stS_S_PK13__nv_bfloat16PS0_S2_S_
    16 bytes stack frame, 0 bytes spill stores, 0 bytes spill loads
ptxas info    : Used 41 registers, used 1 barriers, 16 bytes cumulative stack size
ptxas info    : Compile time = 48.692 ms
