[grid] default: 4N × 4K = 16 cells
[m]    928256
[tune] production (zigzag TD=11 + K_STAGGER=1)
[out]  /root/siglip/data/dim_sweep_fc1_20260506_045324
[ 1/16] N=1024 K=512 (K/N=0.50 K_it=4 prefill=off floor=0.199 ms NS=3) [+0.0s]
    ms=0.7120 tflops=1366.9 eff=0.28 v=1  cb_gelu=0.8049 Δg=-92.9us (-11.54%)  algo[128x256 st=36 2x2x1 sk=1]  cb_none=0.4079 Δn=+304.1us (+74.55%)  algo[128x256 st=36 2x1x1 sk=1]  ok
[ 2/16] N=1024 K=768 (K/N=0.75 K_it=6 prefill=off floor=0.298 ms NS=5) [+4.7s]
    ms=0.6700 tflops=2179.9 eff=0.45 v=1  cb_gelu=0.8130 Δg=-143.0us (-17.59%)  algo[128x256 st=36 2x2x1 sk=1]  cb_none=0.4665 Δn=+203.5us (+43.62%)  algo[128x256 st=36 2x1x1 sk=1]  ok
[ 3/16] N=1024 K=1024 (K/N=1.00 K_it=8 prefill=off floor=0.398 ms NS=5) [+9.3s]
    ms=0.6970 tflops=2789.4 eff=0.57 v=1  cb_gelu=0.8298 Δg=-132.8us (-16.00%)  algo[128x256 st=36 2x2x1 sk=1]  cb_none=0.5476 Δn=+149.4us (+27.28%)  algo[128x256 st=36 2x1x1 sk=1]  ok
[ 4/16] N=1024 K=1536 (K/N=1.50 K_it=12 prefill=off floor=0.597 ms NS=5) [+13.9s]
    ms=0.8960 tflops=3257.2 eff=0.67 v=1  cb_gelu=0.8481 Δg=+47.9us (+5.65%)  algo[128x256 st=36 2x2x1 sk=1]  cb_none=0.7335 Δn=+162.5us (+22.15%)  algo[128x256 st=36 2x1x1 sk=1]  ok
[ 5/16] N=2048 K=512 (K/N=0.25 K_it=4 prefill=off floor=0.398 ms NS=3) [+18.6s]
    ms=1.4140 tflops=1376.9 eff=0.28 v=1  cb_gelu=1.5991 Δg=-185.1us (-11.58%)  algo[128x256 st=36 2x2x1 sk=1]  cb_none=0.8083 Δn=+605.7us (+74.94%)  algo[128x256 st=36 2x1x1 sk=1]  ok
[ 6/16] N=2048 K=768 (K/N=0.38 K_it=6 prefill=off floor=0.597 ms NS=5) [+24.7s]
    ms=1.3300 tflops=2195.8 eff=0.45 v=1  cb_gelu=1.6126 Δg=-282.6us (-17.52%)  algo[128x256 st=36 2x2x1 sk=1]  cb_none=0.9267 Δn=+403.3us (+43.52%)  algo[128x256 st=36 2x1x1 sk=1]  ok
[ 7/16] N=2048 K=1024 (K/N=0.50 K_it=8 prefill=off floor=0.796 ms NS=5) [+30.9s]
    ms=1.3860 tflops=2808.4 eff=0.57 v=1  cb_gelu=1.6474 Δg=-261.4us (-15.87%)  algo[128x256 st=36 2x2x1 sk=1]  cb_none=1.0647 Δn=+321.3us (+30.18%)  algo[128x256 st=36 2x1x1 sk=1]  ok
[ 8/16] N=2048 K=1536 (K/N=0.75 K_it=12 prefill=off floor=1.194 ms NS=5) [+37.2s]
    ms=1.7050 tflops=3426.0 eff=0.70 v=1  cb_gelu=1.6805 Δg=+24.5us (+1.46%)  algo[128x256 st=36 2x2x1 sk=1]  cb_none=1.3685 Δn=+336.5us (+24.59%)  algo[128x256 st=36 2x1x1 sk=1]  ok
[ 9/16] N=3072 K=512 (K/N=0.17 K_it=4 prefill=off floor=0.597 ms NS=3) [+43.6s]
    ms=2.1210 tflops=1375.8 eff=0.28 v=1  cb_gelu=2.3943 Δg=-273.3us (-11.41%)  algo[128x256 st=36 4x4x1 sk=1]  cb_none=1.2097 Δn=+911.3us (+75.33%)  algo[128x256 st=36 2x1x1 sk=1]  ok
[10/16] N=3072 K=768 (K/N=0.25 K_it=6 prefill=off floor=0.895 ms NS=5) [+51.3s]
    ms=2.0260 tflops=2162.1 eff=0.44 v=1  cb_gelu=2.4135 Δg=-387.5us (-16.06%)  algo[128x256 st=36 2x2x1 sk=1]  cb_none=1.3642 Δn=+661.8us (+48.51%)  algo[128x256 st=36 2x1x1 sk=1]  ok
[11/16] N=3072 K=1024 (K/N=0.33 K_it=8 prefill=off floor=1.194 ms NS=5) [+59.1s]
    ms=2.0810 tflops=2805.6 eff=0.57 v=1  cb_gelu=2.4649 Δg=-383.9us (-15.57%)  algo[128x256 st=36 2x2x1 sk=1]  cb_none=1.5997 Δn=+481.3us (+30.09%)  algo[128x256 st=36 2x1x1 sk=1]  ok
[12/16] N=3072 K=1536 (K/N=0.50 K_it=12 prefill=off floor=1.790 ms NS=5) [+67.0s]
    ms=2.5310 tflops=3459.5 eff=0.71 v=1  cb_gelu=2.5118 Δg=+19.2us (+0.76%)  algo[128x256 st=36 2x2x1 sk=1]  cb_none=2.0520 Δn=+479.0us (+23.34%)  algo[128x256 st=36 2x1x1 sk=1]  ok
[13/16] N=4096 K=512 (K/N=0.12 K_it=4 prefill=off floor=0.796 ms NS=3) [+75.0s]
    ms=2.8080 tflops=1385.5 eff=0.28 v=1  cb_gelu=3.1902 Δg=-382.2us (-11.98%)  algo[128x256 st=36 2x2x1 sk=1]  cb_none=1.6100 Δn=+1198.0us (+74.41%)  algo[128x256 st=36 2x1x1 sk=1]  ok
[14/16] N=4096 K=768 (K/N=0.19 K_it=6 prefill=off floor=1.194 ms NS=5) [+84.1s]
    ms=2.6490 tflops=2204.3 eff=0.45 v=1  cb_gelu=3.2137 Δg=-564.7us (-17.57%)  algo[128x256 st=36 2x2x1 sk=1]  cb_none=1.8253 Δn=+823.7us (+45.13%)  algo[128x256 st=36 2x1x1 sk=1]  ok
[15/16] N=4096 K=1024 (K/N=0.25 K_it=8 prefill=off floor=1.591 ms NS=5) [+93.3s]
    ms=2.7690 tflops=2811.8 eff=0.57 v=1  cb_gelu=3.2821 Δg=-513.1us (-15.63%)  algo[128x256 st=36 2x2x1 sk=1]  cb_none=2.1331 Δn=+635.9us (+29.81%)  algo[128x256 st=36 2x1x1 sk=1]  ok
[16/16] N=4096 K=1536 (K/N=0.38 K_it=12 prefill=off floor=2.387 ms NS=5) [+102.7s]
    ms=3.2840 tflops=3556.7 eff=0.73 v=1  cb_gelu=3.3433 Δg=-59.3us (-1.77%)  algo[128x256 st=36 2x4x1 sk=1]  cb_none=2.7720 Δn=+512.0us (+18.47%)  algo[128x256 st=36 2x1x1 sk=1]  ok

── by raw size (N then K) ──
N    | K    | NS | K_it | K/N  | tile/cl | floor | ms     | eff  | cb_gelu | Δg       | Δg%     | cb_g algo              | cb_none | Δn        | Δn%     | cb_n algo              | v | status
-----+------+----+------+------+---------+-------+--------+------+---------+----------+---------+------------------------+---------+-----------+---------+------------------------+---+-------
1024 | 512  | 3  | 4    | 0.50 | 196     | 0.199 | 0.7120 | 0.28 | 0.8049  | -92.9us  | -11.54% | 128x256/st36/2x2x1/sk1 | 0.4079  | +304.1us  | +74.55% | 128x256/st36/2x1x1/sk1 | 1 | ok    
1024 | 768  | 5  | 6    | 0.75 | 196     | 0.298 | 0.6700 | 0.45 | 0.8130  | -143.0us | -17.59% | 128x256/st36/2x2x1/sk1 | 0.4665  | +203.5us  | +43.62% | 128x256/st36/2x1x1/sk1 | 1 | ok    
1024 | 1024 | 5  | 8    | 1.00 | 196     | 0.398 | 0.6970 | 0.57 | 0.8298  | -132.8us | -16.00% | 128x256/st36/2x2x1/sk1 | 0.5476  | +149.4us  | +27.28% | 128x256/st36/2x1x1/sk1 | 1 | ok    
1024 | 1536 | 5  | 12   | 1.50 | 196     | 0.597 | 0.8960 | 0.67 | 0.8481  | +47.9us  | +5.65%  | 128x256/st36/2x2x1/sk1 | 0.7335  | +162.5us  | +22.15% | 128x256/st36/2x1x1/sk1 | 1 | ok    
2048 | 512  | 3  | 4    | 0.25 | 392     | 0.398 | 1.4140 | 0.28 | 1.5991  | -185.1us | -11.58% | 128x256/st36/2x2x1/sk1 | 0.8083  | +605.7us  | +74.94% | 128x256/st36/2x1x1/sk1 | 1 | ok    
2048 | 768  | 5  | 6    | 0.38 | 392     | 0.597 | 1.3300 | 0.45 | 1.6126  | -282.6us | -17.52% | 128x256/st36/2x2x1/sk1 | 0.9267  | +403.3us  | +43.52% | 128x256/st36/2x1x1/sk1 | 1 | ok    
2048 | 1024 | 5  | 8    | 0.50 | 392     | 0.796 | 1.3860 | 0.57 | 1.6474  | -261.4us | -15.87% | 128x256/st36/2x2x1/sk1 | 1.0647  | +321.3us  | +30.18% | 128x256/st36/2x1x1/sk1 | 1 | ok    
2048 | 1536 | 5  | 12   | 0.75 | 392     | 1.194 | 1.7050 | 0.70 | 1.6805  | +24.5us  | +1.46%  | 128x256/st36/2x2x1/sk1 | 1.3685  | +336.5us  | +24.59% | 128x256/st36/2x1x1/sk1 | 1 | ok    
3072 | 512  | 3  | 4    | 0.17 | 588     | 0.597 | 2.1210 | 0.28 | 2.3943  | -273.3us | -11.41% | 128x256/st36/4x4x1/sk1 | 1.2097  | +911.3us  | +75.33% | 128x256/st36/2x1x1/sk1 | 1 | ok    
3072 | 768  | 5  | 6    | 0.25 | 588     | 0.895 | 2.0260 | 0.44 | 2.4135  | -387.5us | -16.06% | 128x256/st36/2x2x1/sk1 | 1.3642  | +661.8us  | +48.51% | 128x256/st36/2x1x1/sk1 | 1 | ok    
3072 | 1024 | 5  | 8    | 0.33 | 588     | 1.194 | 2.0810 | 0.57 | 2.4649  | -383.9us | -15.57% | 128x256/st36/2x2x1/sk1 | 1.5997  | +481.3us  | +30.09% | 128x256/st36/2x1x1/sk1 | 1 | ok    
3072 | 1536 | 5  | 12   | 0.50 | 588     | 1.790 | 2.5310 | 0.71 | 2.5118  | +19.2us  | +0.76%  | 128x256/st36/2x2x1/sk1 | 2.0520  | +479.0us  | +23.34% | 128x256/st36/2x1x1/sk1 | 1 | ok    
4096 | 512  | 3  | 4    | 0.12 | 784     | 0.796 | 2.8080 | 0.28 | 3.1902  | -382.2us | -11.98% | 128x256/st36/2x2x1/sk1 | 1.6100  | +1198.0us | +74.41% | 128x256/st36/2x1x1/sk1 | 1 | ok    
4096 | 768  | 5  | 6    | 0.19 | 784     | 1.194 | 2.6490 | 0.45 | 3.2137  | -564.7us | -17.57% | 128x256/st36/2x2x1/sk1 | 1.8253  | +823.7us  | +45.13% | 128x256/st36/2x1x1/sk1 | 1 | ok    
4096 | 1024 | 5  | 8    | 0.25 | 784     | 1.591 | 2.7690 | 0.57 | 3.2821  | -513.1us | -15.63% | 128x256/st36/2x2x1/sk1 | 2.1331  | +635.9us  | +29.81% | 128x256/st36/2x1x1/sk1 | 1 | ok    
4096 | 1536 | 5  | 12   | 0.38 | 784     | 2.387 | 3.2840 | 0.73 | 3.3433  | -59.3us  | -1.77%  | 128x256/st36/2x4x1/sk1 | 2.7720  | +512.0us  | +18.47% | 128x256/st36/2x1x1/sk1 | 1 | ok    

── by K/N ratio ──
N    | K    | NS | K_it | K/N  | tile/cl | floor | ms     | eff  | cb_gelu | Δg       | Δg%     | cb_g algo              | cb_none | Δn        | Δn%     | cb_n algo              | v | status
-----+------+----+------+------+---------+-------+--------+------+---------+----------+---------+------------------------+---------+-----------+---------+------------------------+---+-------
4096 | 512  | 3  | 4    | 0.12 | 784     | 0.796 | 2.8080 | 0.28 | 3.1902  | -382.2us | -11.98% | 128x256/st36/2x2x1/sk1 | 1.6100  | +1198.0us | +74.41% | 128x256/st36/2x1x1/sk1 | 1 | ok    
3072 | 512  | 3  | 4    | 0.17 | 588     | 0.597 | 2.1210 | 0.28 | 2.3943  | -273.3us | -11.41% | 128x256/st36/4x4x1/sk1 | 1.2097  | +911.3us  | +75.33% | 128x256/st36/2x1x1/sk1 | 1 | ok    
4096 | 768  | 5  | 6    | 0.19 | 784     | 1.194 | 2.6490 | 0.45 | 3.2137  | -564.7us | -17.57% | 128x256/st36/2x2x1/sk1 | 1.8253  | +823.7us  | +45.13% | 128x256/st36/2x1x1/sk1 | 1 | ok    
2048 | 512  | 3  | 4    | 0.25 | 392     | 0.398 | 1.4140 | 0.28 | 1.5991  | -185.1us | -11.58% | 128x256/st36/2x2x1/sk1 | 0.8083  | +605.7us  | +74.94% | 128x256/st36/2x1x1/sk1 | 1 | ok    
3072 | 768  | 5  | 6    | 0.25 | 588     | 0.895 | 2.0260 | 0.44 | 2.4135  | -387.5us | -16.06% | 128x256/st36/2x2x1/sk1 | 1.3642  | +661.8us  | +48.51% | 128x256/st36/2x1x1/sk1 | 1 | ok    
4096 | 1024 | 5  | 8    | 0.25 | 784     | 1.591 | 2.7690 | 0.57 | 3.2821  | -513.1us | -15.63% | 128x256/st36/2x2x1/sk1 | 2.1331  | +635.9us  | +29.81% | 128x256/st36/2x1x1/sk1 | 1 | ok    
3072 | 1024 | 5  | 8    | 0.33 | 588     | 1.194 | 2.0810 | 0.57 | 2.4649  | -383.9us | -15.57% | 128x256/st36/2x2x1/sk1 | 1.5997  | +481.3us  | +30.09% | 128x256/st36/2x1x1/sk1 | 1 | ok    
2048 | 768  | 5  | 6    | 0.38 | 392     | 0.597 | 1.3300 | 0.45 | 1.6126  | -282.6us | -17.52% | 128x256/st36/2x2x1/sk1 | 0.9267  | +403.3us  | +43.52% | 128x256/st36/2x1x1/sk1 | 1 | ok    
4096 | 1536 | 5  | 12   | 0.38 | 784     | 2.387 | 3.2840 | 0.73 | 3.3433  | -59.3us  | -1.77%  | 128x256/st36/2x4x1/sk1 | 2.7720  | +512.0us  | +18.47% | 128x256/st36/2x1x1/sk1 | 1 | ok    
1024 | 512  | 3  | 4    | 0.50 | 196     | 0.199 | 0.7120 | 0.28 | 0.8049  | -92.9us  | -11.54% | 128x256/st36/2x2x1/sk1 | 0.4079  | +304.1us  | +74.55% | 128x256/st36/2x1x1/sk1 | 1 | ok    
2048 | 1024 | 5  | 8    | 0.50 | 392     | 0.796 | 1.3860 | 0.57 | 1.6474  | -261.4us | -15.87% | 128x256/st36/2x2x1/sk1 | 1.0647  | +321.3us  | +30.18% | 128x256/st36/2x1x1/sk1 | 1 | ok    
3072 | 1536 | 5  | 12   | 0.50 | 588     | 1.790 | 2.5310 | 0.71 | 2.5118  | +19.2us  | +0.76%  | 128x256/st36/2x2x1/sk1 | 2.0520  | +479.0us  | +23.34% | 128x256/st36/2x1x1/sk1 | 1 | ok    
1024 | 768  | 5  | 6    | 0.75 | 196     | 0.298 | 0.6700 | 0.45 | 0.8130  | -143.0us | -17.59% | 128x256/st36/2x2x1/sk1 | 0.4665  | +203.5us  | +43.62% | 128x256/st36/2x1x1/sk1 | 1 | ok    
2048 | 1536 | 5  | 12   | 0.75 | 392     | 1.194 | 1.7050 | 0.70 | 1.6805  | +24.5us  | +1.46%  | 128x256/st36/2x2x1/sk1 | 1.3685  | +336.5us  | +24.59% | 128x256/st36/2x1x1/sk1 | 1 | ok    
1024 | 1024 | 5  | 8    | 1.00 | 196     | 0.398 | 0.6970 | 0.57 | 0.8298  | -132.8us | -16.00% | 128x256/st36/2x2x1/sk1 | 0.5476  | +149.4us  | +27.28% | 128x256/st36/2x1x1/sk1 | 1 | ok    
1024 | 1536 | 5  | 12   | 1.50 | 196     | 0.597 | 0.8960 | 0.67 | 0.8481  | +47.9us  | +5.65%  | 128x256/st36/2x2x1/sk1 | 0.7335  | +162.5us  | +22.15% | 128x256/st36/2x1x1/sk1 | 1 | ok    

── by ms (fastest first) ──
N    | K    | NS | K_it | K/N  | tile/cl | floor | ms     | eff  | cb_gelu | Δg       | Δg%     | cb_g algo              | cb_none | Δn        | Δn%     | cb_n algo              | v | status
-----+------+----+------+------+---------+-------+--------+------+---------+----------+---------+------------------------+---------+-----------+---------+------------------------+---+-------
1024 | 768  | 5  | 6    | 0.75 | 196     | 0.298 | 0.6700 | 0.45 | 0.8130  | -143.0us | -17.59% | 128x256/st36/2x2x1/sk1 | 0.4665  | +203.5us  | +43.62% | 128x256/st36/2x1x1/sk1 | 1 | ok    
1024 | 1024 | 5  | 8    | 1.00 | 196     | 0.398 | 0.6970 | 0.57 | 0.8298  | -132.8us | -16.00% | 128x256/st36/2x2x1/sk1 | 0.5476  | +149.4us  | +27.28% | 128x256/st36/2x1x1/sk1 | 1 | ok    
1024 | 512  | 3  | 4    | 0.50 | 196     | 0.199 | 0.7120 | 0.28 | 0.8049  | -92.9us  | -11.54% | 128x256/st36/2x2x1/sk1 | 0.4079  | +304.1us  | +74.55% | 128x256/st36/2x1x1/sk1 | 1 | ok    
1024 | 1536 | 5  | 12   | 1.50 | 196     | 0.597 | 0.8960 | 0.67 | 0.8481  | +47.9us  | +5.65%  | 128x256/st36/2x2x1/sk1 | 0.7335  | +162.5us  | +22.15% | 128x256/st36/2x1x1/sk1 | 1 | ok    
2048 | 768  | 5  | 6    | 0.38 | 392     | 0.597 | 1.3300 | 0.45 | 1.6126  | -282.6us | -17.52% | 128x256/st36/2x2x1/sk1 | 0.9267  | +403.3us  | +43.52% | 128x256/st36/2x1x1/sk1 | 1 | ok    
2048 | 1024 | 5  | 8    | 0.50 | 392     | 0.796 | 1.3860 | 0.57 | 1.6474  | -261.4us | -15.87% | 128x256/st36/2x2x1/sk1 | 1.0647  | +321.3us  | +30.18% | 128x256/st36/2x1x1/sk1 | 1 | ok    
2048 | 512  | 3  | 4    | 0.25 | 392     | 0.398 | 1.4140 | 0.28 | 1.5991  | -185.1us | -11.58% | 128x256/st36/2x2x1/sk1 | 0.8083  | +605.7us  | +74.94% | 128x256/st36/2x1x1/sk1 | 1 | ok    
2048 | 1536 | 5  | 12   | 0.75 | 392     | 1.194 | 1.7050 | 0.70 | 1.6805  | +24.5us  | +1.46%  | 128x256/st36/2x2x1/sk1 | 1.3685  | +336.5us  | +24.59% | 128x256/st36/2x1x1/sk1 | 1 | ok    
3072 | 768  | 5  | 6    | 0.25 | 588     | 0.895 | 2.0260 | 0.44 | 2.4135  | -387.5us | -16.06% | 128x256/st36/2x2x1/sk1 | 1.3642  | +661.8us  | +48.51% | 128x256/st36/2x1x1/sk1 | 1 | ok    
3072 | 1024 | 5  | 8    | 0.33 | 588     | 1.194 | 2.0810 | 0.57 | 2.4649  | -383.9us | -15.57% | 128x256/st36/2x2x1/sk1 | 1.5997  | +481.3us  | +30.09% | 128x256/st36/2x1x1/sk1 | 1 | ok    
3072 | 512  | 3  | 4    | 0.17 | 588     | 0.597 | 2.1210 | 0.28 | 2.3943  | -273.3us | -11.41% | 128x256/st36/4x4x1/sk1 | 1.2097  | +911.3us  | +75.33% | 128x256/st36/2x1x1/sk1 | 1 | ok    
3072 | 1536 | 5  | 12   | 0.50 | 588     | 1.790 | 2.5310 | 0.71 | 2.5118  | +19.2us  | +0.76%  | 128x256/st36/2x2x1/sk1 | 2.0520  | +479.0us  | +23.34% | 128x256/st36/2x1x1/sk1 | 1 | ok    
4096 | 768  | 5  | 6    | 0.19 | 784     | 1.194 | 2.6490 | 0.45 | 3.2137  | -564.7us | -17.57% | 128x256/st36/2x2x1/sk1 | 1.8253  | +823.7us  | +45.13% | 128x256/st36/2x1x1/sk1 | 1 | ok    
4096 | 1024 | 5  | 8    | 0.25 | 784     | 1.591 | 2.7690 | 0.57 | 3.2821  | -513.1us | -15.63% | 128x256/st36/2x2x1/sk1 | 2.1331  | +635.9us  | +29.81% | 128x256/st36/2x1x1/sk1 | 1 | ok    
4096 | 512  | 3  | 4    | 0.12 | 784     | 0.796 | 2.8080 | 0.28 | 3.1902  | -382.2us | -11.98% | 128x256/st36/2x2x1/sk1 | 1.6100  | +1198.0us | +74.41% | 128x256/st36/2x1x1/sk1 | 1 | ok    
4096 | 1536 | 5  | 12   | 0.38 | 784     | 2.387 | 3.2840 | 0.73 | 3.3433  | -59.3us  | -1.77%  | 128x256/st36/2x4x1/sk1 | 2.7720  | +512.0us  | +18.47% | 128x256/st36/2x1x1/sk1 | 1 | ok    

── by Δ% vs cuBLASLt rank-1 GELU+BIAS (most negative = biggest win) ──
N    | K    | NS | K_it | K/N  | tile/cl | floor | ms     | eff  | cb_gelu | Δg       | Δg%     | cb_g algo              | cb_none | Δn        | Δn%     | cb_n algo              | v | status
-----+------+----+------+------+---------+-------+--------+------+---------+----------+---------+------------------------+---------+-----------+---------+------------------------+---+-------
1024 | 768  | 5  | 6    | 0.75 | 196     | 0.298 | 0.6700 | 0.45 | 0.8130  | -143.0us | -17.59% | 128x256/st36/2x2x1/sk1 | 0.4665  | +203.5us  | +43.62% | 128x256/st36/2x1x1/sk1 | 1 | ok    
4096 | 768  | 5  | 6    | 0.19 | 784     | 1.194 | 2.6490 | 0.45 | 3.2137  | -564.7us | -17.57% | 128x256/st36/2x2x1/sk1 | 1.8253  | +823.7us  | +45.13% | 128x256/st36/2x1x1/sk1 | 1 | ok    
2048 | 768  | 5  | 6    | 0.38 | 392     | 0.597 | 1.3300 | 0.45 | 1.6126  | -282.6us | -17.52% | 128x256/st36/2x2x1/sk1 | 0.9267  | +403.3us  | +43.52% | 128x256/st36/2x1x1/sk1 | 1 | ok    
3072 | 768  | 5  | 6    | 0.25 | 588     | 0.895 | 2.0260 | 0.44 | 2.4135  | -387.5us | -16.06% | 128x256/st36/2x2x1/sk1 | 1.3642  | +661.8us  | +48.51% | 128x256/st36/2x1x1/sk1 | 1 | ok    
1024 | 1024 | 5  | 8    | 1.00 | 196     | 0.398 | 0.6970 | 0.57 | 0.8298  | -132.8us | -16.00% | 128x256/st36/2x2x1/sk1 | 0.5476  | +149.4us  | +27.28% | 128x256/st36/2x1x1/sk1 | 1 | ok    
2048 | 1024 | 5  | 8    | 0.50 | 392     | 0.796 | 1.3860 | 0.57 | 1.6474  | -261.4us | -15.87% | 128x256/st36/2x2x1/sk1 | 1.0647  | +321.3us  | +30.18% | 128x256/st36/2x1x1/sk1 | 1 | ok    
4096 | 1024 | 5  | 8    | 0.25 | 784     | 1.591 | 2.7690 | 0.57 | 3.2821  | -513.1us | -15.63% | 128x256/st36/2x2x1/sk1 | 2.1331  | +635.9us  | +29.81% | 128x256/st36/2x1x1/sk1 | 1 | ok    
3072 | 1024 | 5  | 8    | 0.33 | 588     | 1.194 | 2.0810 | 0.57 | 2.4649  | -383.9us | -15.57% | 128x256/st36/2x2x1/sk1 | 1.5997  | +481.3us  | +30.09% | 128x256/st36/2x1x1/sk1 | 1 | ok    
4096 | 512  | 3  | 4    | 0.12 | 784     | 0.796 | 2.8080 | 0.28 | 3.1902  | -382.2us | -11.98% | 128x256/st36/2x2x1/sk1 | 1.6100  | +1198.0us | +74.41% | 128x256/st36/2x1x1/sk1 | 1 | ok    
2048 | 512  | 3  | 4    | 0.25 | 392     | 0.398 | 1.4140 | 0.28 | 1.5991  | -185.1us | -11.58% | 128x256/st36/2x2x1/sk1 | 0.8083  | +605.7us  | +74.94% | 128x256/st36/2x1x1/sk1 | 1 | ok    
1024 | 512  | 3  | 4    | 0.50 | 196     | 0.199 | 0.7120 | 0.28 | 0.8049  | -92.9us  | -11.54% | 128x256/st36/2x2x1/sk1 | 0.4079  | +304.1us  | +74.55% | 128x256/st36/2x1x1/sk1 | 1 | ok    
3072 | 512  | 3  | 4    | 0.17 | 588     | 0.597 | 2.1210 | 0.28 | 2.3943  | -273.3us | -11.41% | 128x256/st36/4x4x1/sk1 | 1.2097  | +911.3us  | +75.33% | 128x256/st36/2x1x1/sk1 | 1 | ok    
4096 | 1536 | 5  | 12   | 0.38 | 784     | 2.387 | 3.2840 | 0.73 | 3.3433  | -59.3us  | -1.77%  | 128x256/st36/2x4x1/sk1 | 2.7720  | +512.0us  | +18.47% | 128x256/st36/2x1x1/sk1 | 1 | ok    
3072 | 1536 | 5  | 12   | 0.50 | 588     | 1.790 | 2.5310 | 0.71 | 2.5118  | +19.2us  | +0.76%  | 128x256/st36/2x2x1/sk1 | 2.0520  | +479.0us  | +23.34% | 128x256/st36/2x1x1/sk1 | 1 | ok    
2048 | 1536 | 5  | 12   | 0.75 | 392     | 1.194 | 1.7050 | 0.70 | 1.6805  | +24.5us  | +1.46%  | 128x256/st36/2x2x1/sk1 | 1.3685  | +336.5us  | +24.59% | 128x256/st36/2x1x1/sk1 | 1 | ok    
1024 | 1536 | 5  | 12   | 1.50 | 196     | 0.597 | 0.8960 | 0.67 | 0.8481  | +47.9us  | +5.65%  | 128x256/st36/2x2x1/sk1 | 0.7335  | +162.5us  | +22.15% | 128x256/st36/2x1x1/sk1 | 1 | ok    

── by Δ% vs cuBLASLt rank-1 noBIAS (apples-to-oranges; for awareness) ──
N    | K    | NS | K_it | K/N  | tile/cl | floor | ms     | eff  | cb_gelu | Δg       | Δg%     | cb_g algo              | cb_none | Δn        | Δn%     | cb_n algo              | v | status
-----+------+----+------+------+---------+-------+--------+------+---------+----------+---------+------------------------+---------+-----------+---------+------------------------+---+-------
4096 | 1536 | 5  | 12   | 0.38 | 784     | 2.387 | 3.2840 | 0.73 | 3.3433  | -59.3us  | -1.77%  | 128x256/st36/2x4x1/sk1 | 2.7720  | +512.0us  | +18.47% | 128x256/st36/2x1x1/sk1 | 1 | ok    
1024 | 1536 | 5  | 12   | 1.50 | 196     | 0.597 | 0.8960 | 0.67 | 0.8481  | +47.9us  | +5.65%  | 128x256/st36/2x2x1/sk1 | 0.7335  | +162.5us  | +22.15% | 128x256/st36/2x1x1/sk1 | 1 | ok    
3072 | 1536 | 5  | 12   | 0.50 | 588     | 1.790 | 2.5310 | 0.71 | 2.5118  | +19.2us  | +0.76%  | 128x256/st36/2x2x1/sk1 | 2.0520  | +479.0us  | +23.34% | 128x256/st36/2x1x1/sk1 | 1 | ok    
2048 | 1536 | 5  | 12   | 0.75 | 392     | 1.194 | 1.7050 | 0.70 | 1.6805  | +24.5us  | +1.46%  | 128x256/st36/2x2x1/sk1 | 1.3685  | +336.5us  | +24.59% | 128x256/st36/2x1x1/sk1 | 1 | ok    
1024 | 1024 | 5  | 8    | 1.00 | 196     | 0.398 | 0.6970 | 0.57 | 0.8298  | -132.8us | -16.00% | 128x256/st36/2x2x1/sk1 | 0.5476  | +149.4us  | +27.28% | 128x256/st36/2x1x1/sk1 | 1 | ok    
4096 | 1024 | 5  | 8    | 0.25 | 784     | 1.591 | 2.7690 | 0.57 | 3.2821  | -513.1us | -15.63% | 128x256/st36/2x2x1/sk1 | 2.1331  | +635.9us  | +29.81% | 128x256/st36/2x1x1/sk1 | 1 | ok    
3072 | 1024 | 5  | 8    | 0.33 | 588     | 1.194 | 2.0810 | 0.57 | 2.4649  | -383.9us | -15.57% | 128x256/st36/2x2x1/sk1 | 1.5997  | +481.3us  | +30.09% | 128x256/st36/2x1x1/sk1 | 1 | ok    
2048 | 1024 | 5  | 8    | 0.50 | 392     | 0.796 | 1.3860 | 0.57 | 1.6474  | -261.4us | -15.87% | 128x256/st36/2x2x1/sk1 | 1.0647  | +321.3us  | +30.18% | 128x256/st36/2x1x1/sk1 | 1 | ok    
2048 | 768  | 5  | 6    | 0.38 | 392     | 0.597 | 1.3300 | 0.45 | 1.6126  | -282.6us | -17.52% | 128x256/st36/2x2x1/sk1 | 0.9267  | +403.3us  | +43.52% | 128x256/st36/2x1x1/sk1 | 1 | ok    
1024 | 768  | 5  | 6    | 0.75 | 196     | 0.298 | 0.6700 | 0.45 | 0.8130  | -143.0us | -17.59% | 128x256/st36/2x2x1/sk1 | 0.4665  | +203.5us  | +43.62% | 128x256/st36/2x1x1/sk1 | 1 | ok    
4096 | 768  | 5  | 6    | 0.19 | 784     | 1.194 | 2.6490 | 0.45 | 3.2137  | -564.7us | -17.57% | 128x256/st36/2x2x1/sk1 | 1.8253  | +823.7us  | +45.13% | 128x256/st36/2x1x1/sk1 | 1 | ok    
3072 | 768  | 5  | 6    | 0.25 | 588     | 0.895 | 2.0260 | 0.44 | 2.4135  | -387.5us | -16.06% | 128x256/st36/2x2x1/sk1 | 1.3642  | +661.8us  | +48.51% | 128x256/st36/2x1x1/sk1 | 1 | ok    
4096 | 512  | 3  | 4    | 0.12 | 784     | 0.796 | 2.8080 | 0.28 | 3.1902  | -382.2us | -11.98% | 128x256/st36/2x2x1/sk1 | 1.6100  | +1198.0us | +74.41% | 128x256/st36/2x1x1/sk1 | 1 | ok    
1024 | 512  | 3  | 4    | 0.50 | 196     | 0.199 | 0.7120 | 0.28 | 0.8049  | -92.9us  | -11.54% | 128x256/st36/2x2x1/sk1 | 0.4079  | +304.1us  | +74.55% | 128x256/st36/2x1x1/sk1 | 1 | ok    
2048 | 512  | 3  | 4    | 0.25 | 392     | 0.398 | 1.4140 | 0.28 | 1.5991  | -185.1us | -11.58% | 128x256/st36/2x2x1/sk1 | 0.8083  | +605.7us  | +74.94% | 128x256/st36/2x1x1/sk1 | 1 | ok    
3072 | 512  | 3  | 4    | 0.17 | 588     | 0.597 | 2.1210 | 0.28 | 2.3943  | -273.3us | -11.41% | 128x256/st36/4x4x1/sk1 | 1.2097  | +911.3us  | +75.33% | 128x256/st36/2x1x1/sk1 | 1 | ok    

[tsv] /root/siglip/data/dim_sweep_fc1_20260506_045324/results.tsv
[log] /root/siglip/data/dim_sweep_fc1_20260506_045324/sweep.log
[summary] /root/siglip/data/dim_sweep_fc1_20260506_045324/summary.txt
