[grid] default: 4N × 4K = 16 cells
[m]    928256
[out]  /root/siglip/data/dim_sweep_w3x_20260506_044641
[ 1/16] N=256 K=1024 (K/N=4.00 K_it=8 prefill=off floor=0.099 ms) [+0.0s]
    ms=0.2217 cyc=398.1k tflops=2195.4 eff=0.45 v=1 NS=5  cb_bias=372.5k Δb=25.5k (+6.85%)  algo[id=29 st=36 2x1x1 sk=1]  cb_none=378.7k Δn=19.4k (+5.13%)  algo[id=20 st=36 2x1x1 sk=1]  ok
[ 2/16] N=256 K=2048 (K/N=8.00 K_it=16 prefill=off floor=0.199 ms) [+14.6s]
    ms=0.3517 cyc=634.9k tflops=2765.8 eff=0.57 v=1 NS=6  cb_bias=668.0k Δb=−33.1k (-4.96%)  algo[128x256 st=36 2x1x1 sk=1]  cb_none=669.6k Δn=−34.6k (-5.17%)  algo[128x256 st=36 2x1x1 sk=1]  ok
[ 3/16] N=256 K=4096 (K/N=16.00 K_it=32 prefill=on floor=0.398 ms) [+31.8s]
    ms=0.6337 cyc=1152.7k tflops=3071.8 eff=0.63 v=1 NS=6  cb_bias=1180.7k Δb=−28.1k (-2.38%)  algo[128x256 st=36 2x1x1 sk=1]  cb_none=1179.9k Δn=−27.2k (-2.31%)  algo[128x256 st=36 2x1x1 sk=1]  ok
[ 4/16] N=256 K=8192 (K/N=32.00 K_it=64 prefill=on floor=0.796 ms) [+54.8s]
    ms=1.1772 cyc=2151.7k tflops=3299.5 eff=0.68 v=1 NS=6  cb_bias=2417.8k Δb=−266.1k (-11.01%)  algo[id=177 st=36 2x1x1 sk=1]  cb_none=2416.8k Δn=−265.0k (-10.97%)  algo[128x256 st=36 2x1x1 sk=1]  ok
[ 5/16] N=512 K=1024 (K/N=2.00 K_it=8 prefill=off floor=0.199 ms) [+93.8s]
    ms=0.3627 cyc=661.9k tflops=2683.3 eff=0.55 v=1 NS=5  cb_bias=618.8k Δb=43.1k (+6.97%)  algo[128x256 st=36 2x1x1 sk=1]  cb_none=582.0k Δn=79.9k (+13.72%)  algo[128x256 st=36 2x1x1 sk=1]  ok
[ 6/16] N=512 K=2048 (K/N=4.00 K_it=16 prefill=off floor=0.398 ms) [+107.2s]
    ms=0.5212 cyc=952.5k tflops=3734.7 eff=0.76 v=1 NS=6  cb_bias=959.1k Δb=−6.6k (-0.69%)  algo[128x256 st=36 2x1x1 sk=1]  cb_none=949.2k Δn=3.3k (+0.35%)  algo[128x256 st=36 2x1x1 sk=1]  ok
[ 7/16] N=512 K=4096 (K/N=8.00 K_it=32 prefill=on floor=0.796 ms) [+124.9s]
    ms=0.9698 cyc=1779.6k tflops=4013.5 eff=0.82 v=1 NS=6  cb_bias=1743.9k Δb=35.7k (+2.05%)  algo[128x256 st=36 2x1x1 sk=1]  cb_none=1736.0k Δn=43.6k (+2.51%)  algo[128x256 st=36 2x1x1 sk=1]  ok
[ 8/16] N=512 K=8192 (K/N=16.00 K_it=64 prefill=on floor=1.591 ms) [+148.3s]
    ms=1.8390 cyc=3384.3k tflops=4234.1 eff=0.87 v=1 NS=6  cb_bias=3574.2k Δb=−189.9k (-5.31%)  algo[128x256 st=36 2x1x1 sk=1]  cb_none=3542.7k Δn=−158.4k (-4.47%)  algo[id=513 st=36 2x1x1 sk=1]  ok
[ 9/16] N=1024 K=1024 (K/N=1.00 K_it=8 prefill=off floor=0.398 ms) [+187.8s]
    ms=0.7281 cyc=1333.9k tflops=2673.6 eff=0.55 v=1 NS=5  cb_bias=1090.6k Δb=243.3k (+22.30%)  algo[128x256 st=36 2x1x1 sk=1]  cb_none=1011.8k Δn=322.1k (+31.83%)  algo[128x256 st=36 2x1x1 sk=1]  ok
[10/16] N=1024 K=2048 (K/N=2.00 K_it=16 prefill=off floor=0.796 ms) [+204.1s]
    ms=0.9217 cyc=1691.2k tflops=4221.7 eff=0.86 v=1 NS=6  cb_bias=1729.5k Δb=−38.3k (-2.21%)  algo[128x256 st=36 2x1x1 sk=1]  cb_none=1719.6k Δn=−28.3k (-1.65%)  algo[128x256 st=36 2x1x1 sk=1]  ok
[11/16] N=1024 K=4096 (K/N=4.00 K_it=32 prefill=on floor=1.591 ms) [+223.1s]
    ms=1.8528 cyc=3409.6k tflops=4191.7 eff=0.86 v=1 NS=6  cb_bias=3280.5k Δb=129.1k (+3.94%)  algo[128x256 st=36 2x1x1 sk=1]  cb_none=3277.5k Δn=132.1k (+4.03%)  algo[128x256 st=36 2x1x1 sk=1]  ok
[12/16] N=1024 K=8192 (K/N=8.00 K_it=64 prefill=on floor=3.183 ms) [+247.9s]
    ms=3.5349 cyc=6512.0k tflops=4403.7 eff=0.90 v=1 NS=6  cb_bias=6593.9k Δb=−81.9k (-1.24%)  algo[128x192 st=36 2x1x1 sk=1]  cb_none=6580.9k Δn=−68.9k (-1.05%)  algo[128x192 st=36 2x1x1 sk=1]  ok
[13/16] N=2048 K=1024 (K/N=0.50 K_it=8 prefill=off floor=0.796 ms) [+289.0s]
    ms=1.4646 cyc=2691.4k tflops=2658.4 eff=0.54 v=1 NS=5  cb_bias=2092.9k Δb=598.6k (+28.60%)  algo[128x256 st=36 2x1x1 sk=1]  cb_none=1964.3k Δn=727.1k (+37.02%)  algo[128x256 st=36 2x1x1 sk=1]  ok
[14/16] N=2048 K=2048 (K/N=1.00 K_it=16 prefill=off floor=1.591 ms) [+307.1s]
    ms=2.0427 cyc=3761.1k tflops=3811.9 eff=0.78 v=1 NS=5  cb_bias=3303.0k Δb=458.1k (+13.87%)  algo[128x256 st=36 2x1x1 sk=1]  cb_none=3295.7k Δn=465.4k (+14.12%)  algo[128x256 st=36 2x1x1 sk=1]  ok
[15/16] N=2048 K=4096 (K/N=2.00 K_it=32 prefill=on floor=3.183 ms) [+327.6s]
    ms=3.6574 cyc=6738.3k tflops=4256.0 eff=0.87 v=1 NS=5  cb_bias=6483.4k Δb=254.9k (+3.93%)  algo[128x256 st=36 2x1x1 sk=1]  cb_none=6487.1k Δn=251.2k (+3.87%)  algo[128x256 st=36 2x1x1 sk=1]  ok
[16/16] N=2048 K=8192 (K/N=4.00 K_it=64 prefill=on floor=6.365 ms) [+354.0s]
    ms=7.0327 cyc=12963.5k tflops=4423.0 eff=0.91 v=1 NS=5  cb_bias=12974.9k Δb=−11.3k (-0.09%)  algo[128x256 st=36 2x1x1 sk=1]  cb_none=13006.1k Δn=−42.5k (-0.33%)  algo[128x256 st=36 2x1x1 sk=1]  ok

── by raw size (N then K) ──
N    | K    | NS | K_it | K/N   | tile/cl | floor | ms     | cyc      | eff  | cb_bias  | Δb      | Δb%     | cb_b algo              | cb_none  | Δn      | Δn%     | cb_n algo              | v | status
-----+------+----+------+-------+---------+-------+--------+----------+------+----------+---------+---------+------------------------+----------+---------+---------+------------------------+---+-------
256  | 1024 | 5  | 8    | 4.00  | 49      | 0.099 | 0.2217 | 398.1k   | 0.45 | 372.5k   | +25.5k  | +6.85%  | id=29/st36/2x1x1/sk1   | 378.7k   | +19.4k  | +5.13%  | id=20/st36/2x1x1/sk1   | 1 | ok    
256  | 2048 | 6  | 16   | 8.00  | 49      | 0.199 | 0.3517 | 634.9k   | 0.57 | 668.0k   | -33.1k  | -4.96%  | 128x256/st36/2x1x1/sk1 | 669.6k   | -34.6k  | -5.17%  | 128x256/st36/2x1x1/sk1 | 1 | ok    
256  | 4096 | 6  | 32   | 16.00 | 49      | 0.398 | 0.6337 | 1152.7k  | 0.63 | 1180.7k  | -28.1k  | -2.38%  | 128x256/st36/2x1x1/sk1 | 1179.9k  | -27.2k  | -2.31%  | 128x256/st36/2x1x1/sk1 | 1 | ok    
256  | 8192 | 6  | 64   | 32.00 | 49      | 0.796 | 1.1772 | 2151.7k  | 0.68 | 2417.8k  | -266.1k | -11.01% | id=177/st36/2x1x1/sk1  | 2416.8k  | -265.0k | -10.97% | 128x256/st36/2x1x1/sk1 | 1 | ok    
512  | 1024 | 5  | 8    | 2.00  | 98      | 0.199 | 0.3627 | 661.9k   | 0.55 | 618.8k   | +43.1k  | +6.97%  | 128x256/st36/2x1x1/sk1 | 582.0k   | +79.9k  | +13.72% | 128x256/st36/2x1x1/sk1 | 1 | ok    
512  | 2048 | 6  | 16   | 4.00  | 98      | 0.398 | 0.5212 | 952.5k   | 0.76 | 959.1k   | -6.6k   | -0.69%  | 128x256/st36/2x1x1/sk1 | 949.2k   | +3.3k   | +0.35%  | 128x256/st36/2x1x1/sk1 | 1 | ok    
512  | 4096 | 6  | 32   | 8.00  | 98      | 0.796 | 0.9698 | 1779.6k  | 0.82 | 1743.9k  | +35.7k  | +2.05%  | 128x256/st36/2x1x1/sk1 | 1736.0k  | +43.6k  | +2.51%  | 128x256/st36/2x1x1/sk1 | 1 | ok    
512  | 8192 | 6  | 64   | 16.00 | 98      | 1.591 | 1.8390 | 3384.3k  | 0.87 | 3574.2k  | -189.9k | -5.31%  | 128x256/st36/2x1x1/sk1 | 3542.7k  | -158.4k | -4.47%  | id=513/st36/2x1x1/sk1  | 1 | ok    
1024 | 1024 | 5  | 8    | 1.00  | 196     | 0.398 | 0.7281 | 1333.9k  | 0.55 | 1090.6k  | +243.3k | +22.30% | 128x256/st36/2x1x1/sk1 | 1011.8k  | +322.1k | +31.83% | 128x256/st36/2x1x1/sk1 | 1 | ok    
1024 | 2048 | 6  | 16   | 2.00  | 196     | 0.796 | 0.9217 | 1691.2k  | 0.86 | 1729.5k  | -38.3k  | -2.21%  | 128x256/st36/2x1x1/sk1 | 1719.6k  | -28.3k  | -1.65%  | 128x256/st36/2x1x1/sk1 | 1 | ok    
1024 | 4096 | 6  | 32   | 4.00  | 196     | 1.591 | 1.8528 | 3409.6k  | 0.86 | 3280.5k  | +129.1k | +3.94%  | 128x256/st36/2x1x1/sk1 | 3277.5k  | +132.1k | +4.03%  | 128x256/st36/2x1x1/sk1 | 1 | ok    
1024 | 8192 | 6  | 64   | 8.00  | 196     | 3.183 | 3.5349 | 6512.0k  | 0.90 | 6593.9k  | -81.9k  | -1.24%  | 128x192/st36/2x1x1/sk1 | 6580.9k  | -68.9k  | -1.05%  | 128x192/st36/2x1x1/sk1 | 1 | ok    
2048 | 1024 | 5  | 8    | 0.50  | 392     | 0.796 | 1.4646 | 2691.4k  | 0.54 | 2092.9k  | +598.6k | +28.60% | 128x256/st36/2x1x1/sk1 | 1964.3k  | +727.1k | +37.02% | 128x256/st36/2x1x1/sk1 | 1 | ok    
2048 | 2048 | 5  | 16   | 1.00  | 392     | 1.591 | 2.0427 | 3761.1k  | 0.78 | 3303.0k  | +458.1k | +13.87% | 128x256/st36/2x1x1/sk1 | 3295.7k  | +465.4k | +14.12% | 128x256/st36/2x1x1/sk1 | 1 | ok    
2048 | 4096 | 5  | 32   | 2.00  | 392     | 3.183 | 3.6574 | 6738.3k  | 0.87 | 6483.4k  | +254.9k | +3.93%  | 128x256/st36/2x1x1/sk1 | 6487.1k  | +251.2k | +3.87%  | 128x256/st36/2x1x1/sk1 | 1 | ok    
2048 | 8192 | 5  | 64   | 4.00  | 392     | 6.365 | 7.0327 | 12963.5k | 0.91 | 12974.9k | -11.3k  | -0.09%  | 128x256/st36/2x1x1/sk1 | 13006.1k | -42.5k  | -0.33%  | 128x256/st36/2x1x1/sk1 | 1 | ok    

── by K/N ratio ──
N    | K    | NS | K_it | K/N   | tile/cl | floor | ms     | cyc      | eff  | cb_bias  | Δb      | Δb%     | cb_b algo              | cb_none  | Δn      | Δn%     | cb_n algo              | v | status
-----+------+----+------+-------+---------+-------+--------+----------+------+----------+---------+---------+------------------------+----------+---------+---------+------------------------+---+-------
2048 | 1024 | 5  | 8    | 0.50  | 392     | 0.796 | 1.4646 | 2691.4k  | 0.54 | 2092.9k  | +598.6k | +28.60% | 128x256/st36/2x1x1/sk1 | 1964.3k  | +727.1k | +37.02% | 128x256/st36/2x1x1/sk1 | 1 | ok    
1024 | 1024 | 5  | 8    | 1.00  | 196     | 0.398 | 0.7281 | 1333.9k  | 0.55 | 1090.6k  | +243.3k | +22.30% | 128x256/st36/2x1x1/sk1 | 1011.8k  | +322.1k | +31.83% | 128x256/st36/2x1x1/sk1 | 1 | ok    
2048 | 2048 | 5  | 16   | 1.00  | 392     | 1.591 | 2.0427 | 3761.1k  | 0.78 | 3303.0k  | +458.1k | +13.87% | 128x256/st36/2x1x1/sk1 | 3295.7k  | +465.4k | +14.12% | 128x256/st36/2x1x1/sk1 | 1 | ok    
512  | 1024 | 5  | 8    | 2.00  | 98      | 0.199 | 0.3627 | 661.9k   | 0.55 | 618.8k   | +43.1k  | +6.97%  | 128x256/st36/2x1x1/sk1 | 582.0k   | +79.9k  | +13.72% | 128x256/st36/2x1x1/sk1 | 1 | ok    
1024 | 2048 | 6  | 16   | 2.00  | 196     | 0.796 | 0.9217 | 1691.2k  | 0.86 | 1729.5k  | -38.3k  | -2.21%  | 128x256/st36/2x1x1/sk1 | 1719.6k  | -28.3k  | -1.65%  | 128x256/st36/2x1x1/sk1 | 1 | ok    
2048 | 4096 | 5  | 32   | 2.00  | 392     | 3.183 | 3.6574 | 6738.3k  | 0.87 | 6483.4k  | +254.9k | +3.93%  | 128x256/st36/2x1x1/sk1 | 6487.1k  | +251.2k | +3.87%  | 128x256/st36/2x1x1/sk1 | 1 | ok    
256  | 1024 | 5  | 8    | 4.00  | 49      | 0.099 | 0.2217 | 398.1k   | 0.45 | 372.5k   | +25.5k  | +6.85%  | id=29/st36/2x1x1/sk1   | 378.7k   | +19.4k  | +5.13%  | id=20/st36/2x1x1/sk1   | 1 | ok    
512  | 2048 | 6  | 16   | 4.00  | 98      | 0.398 | 0.5212 | 952.5k   | 0.76 | 959.1k   | -6.6k   | -0.69%  | 128x256/st36/2x1x1/sk1 | 949.2k   | +3.3k   | +0.35%  | 128x256/st36/2x1x1/sk1 | 1 | ok    
1024 | 4096 | 6  | 32   | 4.00  | 196     | 1.591 | 1.8528 | 3409.6k  | 0.86 | 3280.5k  | +129.1k | +3.94%  | 128x256/st36/2x1x1/sk1 | 3277.5k  | +132.1k | +4.03%  | 128x256/st36/2x1x1/sk1 | 1 | ok    
2048 | 8192 | 5  | 64   | 4.00  | 392     | 6.365 | 7.0327 | 12963.5k | 0.91 | 12974.9k | -11.3k  | -0.09%  | 128x256/st36/2x1x1/sk1 | 13006.1k | -42.5k  | -0.33%  | 128x256/st36/2x1x1/sk1 | 1 | ok    
256  | 2048 | 6  | 16   | 8.00  | 49      | 0.199 | 0.3517 | 634.9k   | 0.57 | 668.0k   | -33.1k  | -4.96%  | 128x256/st36/2x1x1/sk1 | 669.6k   | -34.6k  | -5.17%  | 128x256/st36/2x1x1/sk1 | 1 | ok    
512  | 4096 | 6  | 32   | 8.00  | 98      | 0.796 | 0.9698 | 1779.6k  | 0.82 | 1743.9k  | +35.7k  | +2.05%  | 128x256/st36/2x1x1/sk1 | 1736.0k  | +43.6k  | +2.51%  | 128x256/st36/2x1x1/sk1 | 1 | ok    
1024 | 8192 | 6  | 64   | 8.00  | 196     | 3.183 | 3.5349 | 6512.0k  | 0.90 | 6593.9k  | -81.9k  | -1.24%  | 128x192/st36/2x1x1/sk1 | 6580.9k  | -68.9k  | -1.05%  | 128x192/st36/2x1x1/sk1 | 1 | ok    
256  | 4096 | 6  | 32   | 16.00 | 49      | 0.398 | 0.6337 | 1152.7k  | 0.63 | 1180.7k  | -28.1k  | -2.38%  | 128x256/st36/2x1x1/sk1 | 1179.9k  | -27.2k  | -2.31%  | 128x256/st36/2x1x1/sk1 | 1 | ok    
512  | 8192 | 6  | 64   | 16.00 | 98      | 1.591 | 1.8390 | 3384.3k  | 0.87 | 3574.2k  | -189.9k | -5.31%  | 128x256/st36/2x1x1/sk1 | 3542.7k  | -158.4k | -4.47%  | id=513/st36/2x1x1/sk1  | 1 | ok    
256  | 8192 | 6  | 64   | 32.00 | 49      | 0.796 | 1.1772 | 2151.7k  | 0.68 | 2417.8k  | -266.1k | -11.01% | id=177/st36/2x1x1/sk1  | 2416.8k  | -265.0k | -10.97% | 128x256/st36/2x1x1/sk1 | 1 | ok    

── by cyc (fastest first) ──
N    | K    | NS | K_it | K/N   | tile/cl | floor | ms     | cyc      | eff  | cb_bias  | Δb      | Δb%     | cb_b algo              | cb_none  | Δn      | Δn%     | cb_n algo              | v | status
-----+------+----+------+-------+---------+-------+--------+----------+------+----------+---------+---------+------------------------+----------+---------+---------+------------------------+---+-------
256  | 1024 | 5  | 8    | 4.00  | 49      | 0.099 | 0.2217 | 398.1k   | 0.45 | 372.5k   | +25.5k  | +6.85%  | id=29/st36/2x1x1/sk1   | 378.7k   | +19.4k  | +5.13%  | id=20/st36/2x1x1/sk1   | 1 | ok    
256  | 2048 | 6  | 16   | 8.00  | 49      | 0.199 | 0.3517 | 634.9k   | 0.57 | 668.0k   | -33.1k  | -4.96%  | 128x256/st36/2x1x1/sk1 | 669.6k   | -34.6k  | -5.17%  | 128x256/st36/2x1x1/sk1 | 1 | ok    
512  | 1024 | 5  | 8    | 2.00  | 98      | 0.199 | 0.3627 | 661.9k   | 0.55 | 618.8k   | +43.1k  | +6.97%  | 128x256/st36/2x1x1/sk1 | 582.0k   | +79.9k  | +13.72% | 128x256/st36/2x1x1/sk1 | 1 | ok    
512  | 2048 | 6  | 16   | 4.00  | 98      | 0.398 | 0.5212 | 952.5k   | 0.76 | 959.1k   | -6.6k   | -0.69%  | 128x256/st36/2x1x1/sk1 | 949.2k   | +3.3k   | +0.35%  | 128x256/st36/2x1x1/sk1 | 1 | ok    
256  | 4096 | 6  | 32   | 16.00 | 49      | 0.398 | 0.6337 | 1152.7k  | 0.63 | 1180.7k  | -28.1k  | -2.38%  | 128x256/st36/2x1x1/sk1 | 1179.9k  | -27.2k  | -2.31%  | 128x256/st36/2x1x1/sk1 | 1 | ok    
1024 | 1024 | 5  | 8    | 1.00  | 196     | 0.398 | 0.7281 | 1333.9k  | 0.55 | 1090.6k  | +243.3k | +22.30% | 128x256/st36/2x1x1/sk1 | 1011.8k  | +322.1k | +31.83% | 128x256/st36/2x1x1/sk1 | 1 | ok    
1024 | 2048 | 6  | 16   | 2.00  | 196     | 0.796 | 0.9217 | 1691.2k  | 0.86 | 1729.5k  | -38.3k  | -2.21%  | 128x256/st36/2x1x1/sk1 | 1719.6k  | -28.3k  | -1.65%  | 128x256/st36/2x1x1/sk1 | 1 | ok    
512  | 4096 | 6  | 32   | 8.00  | 98      | 0.796 | 0.9698 | 1779.6k  | 0.82 | 1743.9k  | +35.7k  | +2.05%  | 128x256/st36/2x1x1/sk1 | 1736.0k  | +43.6k  | +2.51%  | 128x256/st36/2x1x1/sk1 | 1 | ok    
256  | 8192 | 6  | 64   | 32.00 | 49      | 0.796 | 1.1772 | 2151.7k  | 0.68 | 2417.8k  | -266.1k | -11.01% | id=177/st36/2x1x1/sk1  | 2416.8k  | -265.0k | -10.97% | 128x256/st36/2x1x1/sk1 | 1 | ok    
2048 | 1024 | 5  | 8    | 0.50  | 392     | 0.796 | 1.4646 | 2691.4k  | 0.54 | 2092.9k  | +598.6k | +28.60% | 128x256/st36/2x1x1/sk1 | 1964.3k  | +727.1k | +37.02% | 128x256/st36/2x1x1/sk1 | 1 | ok    
512  | 8192 | 6  | 64   | 16.00 | 98      | 1.591 | 1.8390 | 3384.3k  | 0.87 | 3574.2k  | -189.9k | -5.31%  | 128x256/st36/2x1x1/sk1 | 3542.7k  | -158.4k | -4.47%  | id=513/st36/2x1x1/sk1  | 1 | ok    
1024 | 4096 | 6  | 32   | 4.00  | 196     | 1.591 | 1.8528 | 3409.6k  | 0.86 | 3280.5k  | +129.1k | +3.94%  | 128x256/st36/2x1x1/sk1 | 3277.5k  | +132.1k | +4.03%  | 128x256/st36/2x1x1/sk1 | 1 | ok    
2048 | 2048 | 5  | 16   | 1.00  | 392     | 1.591 | 2.0427 | 3761.1k  | 0.78 | 3303.0k  | +458.1k | +13.87% | 128x256/st36/2x1x1/sk1 | 3295.7k  | +465.4k | +14.12% | 128x256/st36/2x1x1/sk1 | 1 | ok    
1024 | 8192 | 6  | 64   | 8.00  | 196     | 3.183 | 3.5349 | 6512.0k  | 0.90 | 6593.9k  | -81.9k  | -1.24%  | 128x192/st36/2x1x1/sk1 | 6580.9k  | -68.9k  | -1.05%  | 128x192/st36/2x1x1/sk1 | 1 | ok    
2048 | 4096 | 5  | 32   | 2.00  | 392     | 3.183 | 3.6574 | 6738.3k  | 0.87 | 6483.4k  | +254.9k | +3.93%  | 128x256/st36/2x1x1/sk1 | 6487.1k  | +251.2k | +3.87%  | 128x256/st36/2x1x1/sk1 | 1 | ok    
2048 | 8192 | 5  | 64   | 4.00  | 392     | 6.365 | 7.0327 | 12963.5k | 0.91 | 12974.9k | -11.3k  | -0.09%  | 128x256/st36/2x1x1/sk1 | 13006.1k | -42.5k  | -0.33%  | 128x256/st36/2x1x1/sk1 | 1 | ok    

── by Δ% vs cuBLASLt rank-1 BIAS (most negative = biggest win) ──
N    | K    | NS | K_it | K/N   | tile/cl | floor | ms     | cyc      | eff  | cb_bias  | Δb      | Δb%     | cb_b algo              | cb_none  | Δn      | Δn%     | cb_n algo              | v | status
-----+------+----+------+-------+---------+-------+--------+----------+------+----------+---------+---------+------------------------+----------+---------+---------+------------------------+---+-------
256  | 8192 | 6  | 64   | 32.00 | 49      | 0.796 | 1.1772 | 2151.7k  | 0.68 | 2417.8k  | -266.1k | -11.01% | id=177/st36/2x1x1/sk1  | 2416.8k  | -265.0k | -10.97% | 128x256/st36/2x1x1/sk1 | 1 | ok    
512  | 8192 | 6  | 64   | 16.00 | 98      | 1.591 | 1.8390 | 3384.3k  | 0.87 | 3574.2k  | -189.9k | -5.31%  | 128x256/st36/2x1x1/sk1 | 3542.7k  | -158.4k | -4.47%  | id=513/st36/2x1x1/sk1  | 1 | ok    
256  | 2048 | 6  | 16   | 8.00  | 49      | 0.199 | 0.3517 | 634.9k   | 0.57 | 668.0k   | -33.1k  | -4.96%  | 128x256/st36/2x1x1/sk1 | 669.6k   | -34.6k  | -5.17%  | 128x256/st36/2x1x1/sk1 | 1 | ok    
256  | 4096 | 6  | 32   | 16.00 | 49      | 0.398 | 0.6337 | 1152.7k  | 0.63 | 1180.7k  | -28.1k  | -2.38%  | 128x256/st36/2x1x1/sk1 | 1179.9k  | -27.2k  | -2.31%  | 128x256/st36/2x1x1/sk1 | 1 | ok    
1024 | 2048 | 6  | 16   | 2.00  | 196     | 0.796 | 0.9217 | 1691.2k  | 0.86 | 1729.5k  | -38.3k  | -2.21%  | 128x256/st36/2x1x1/sk1 | 1719.6k  | -28.3k  | -1.65%  | 128x256/st36/2x1x1/sk1 | 1 | ok    
1024 | 8192 | 6  | 64   | 8.00  | 196     | 3.183 | 3.5349 | 6512.0k  | 0.90 | 6593.9k  | -81.9k  | -1.24%  | 128x192/st36/2x1x1/sk1 | 6580.9k  | -68.9k  | -1.05%  | 128x192/st36/2x1x1/sk1 | 1 | ok    
512  | 2048 | 6  | 16   | 4.00  | 98      | 0.398 | 0.5212 | 952.5k   | 0.76 | 959.1k   | -6.6k   | -0.69%  | 128x256/st36/2x1x1/sk1 | 949.2k   | +3.3k   | +0.35%  | 128x256/st36/2x1x1/sk1 | 1 | ok    
2048 | 8192 | 5  | 64   | 4.00  | 392     | 6.365 | 7.0327 | 12963.5k | 0.91 | 12974.9k | -11.3k  | -0.09%  | 128x256/st36/2x1x1/sk1 | 13006.1k | -42.5k  | -0.33%  | 128x256/st36/2x1x1/sk1 | 1 | ok    
512  | 4096 | 6  | 32   | 8.00  | 98      | 0.796 | 0.9698 | 1779.6k  | 0.82 | 1743.9k  | +35.7k  | +2.05%  | 128x256/st36/2x1x1/sk1 | 1736.0k  | +43.6k  | +2.51%  | 128x256/st36/2x1x1/sk1 | 1 | ok    
2048 | 4096 | 5  | 32   | 2.00  | 392     | 3.183 | 3.6574 | 6738.3k  | 0.87 | 6483.4k  | +254.9k | +3.93%  | 128x256/st36/2x1x1/sk1 | 6487.1k  | +251.2k | +3.87%  | 128x256/st36/2x1x1/sk1 | 1 | ok    
1024 | 4096 | 6  | 32   | 4.00  | 196     | 1.591 | 1.8528 | 3409.6k  | 0.86 | 3280.5k  | +129.1k | +3.94%  | 128x256/st36/2x1x1/sk1 | 3277.5k  | +132.1k | +4.03%  | 128x256/st36/2x1x1/sk1 | 1 | ok    
256  | 1024 | 5  | 8    | 4.00  | 49      | 0.099 | 0.2217 | 398.1k   | 0.45 | 372.5k   | +25.5k  | +6.85%  | id=29/st36/2x1x1/sk1   | 378.7k   | +19.4k  | +5.13%  | id=20/st36/2x1x1/sk1   | 1 | ok    
512  | 1024 | 5  | 8    | 2.00  | 98      | 0.199 | 0.3627 | 661.9k   | 0.55 | 618.8k   | +43.1k  | +6.97%  | 128x256/st36/2x1x1/sk1 | 582.0k   | +79.9k  | +13.72% | 128x256/st36/2x1x1/sk1 | 1 | ok    
2048 | 2048 | 5  | 16   | 1.00  | 392     | 1.591 | 2.0427 | 3761.1k  | 0.78 | 3303.0k  | +458.1k | +13.87% | 128x256/st36/2x1x1/sk1 | 3295.7k  | +465.4k | +14.12% | 128x256/st36/2x1x1/sk1 | 1 | ok    
1024 | 1024 | 5  | 8    | 1.00  | 196     | 0.398 | 0.7281 | 1333.9k  | 0.55 | 1090.6k  | +243.3k | +22.30% | 128x256/st36/2x1x1/sk1 | 1011.8k  | +322.1k | +31.83% | 128x256/st36/2x1x1/sk1 | 1 | ok    
2048 | 1024 | 5  | 8    | 0.50  | 392     | 0.796 | 1.4646 | 2691.4k  | 0.54 | 2092.9k  | +598.6k | +28.60% | 128x256/st36/2x1x1/sk1 | 1964.3k  | +727.1k | +37.02% | 128x256/st36/2x1x1/sk1 | 1 | ok    

── by Δ% vs cuBLASLt rank-1 noBIAS (apples-to-oranges; for awareness) ──
N    | K    | NS | K_it | K/N   | tile/cl | floor | ms     | cyc      | eff  | cb_bias  | Δb      | Δb%     | cb_b algo              | cb_none  | Δn      | Δn%     | cb_n algo              | v | status
-----+------+----+------+-------+---------+-------+--------+----------+------+----------+---------+---------+------------------------+----------+---------+---------+------------------------+---+-------
256  | 8192 | 6  | 64   | 32.00 | 49      | 0.796 | 1.1772 | 2151.7k  | 0.68 | 2417.8k  | -266.1k | -11.01% | id=177/st36/2x1x1/sk1  | 2416.8k  | -265.0k | -10.97% | 128x256/st36/2x1x1/sk1 | 1 | ok    
256  | 2048 | 6  | 16   | 8.00  | 49      | 0.199 | 0.3517 | 634.9k   | 0.57 | 668.0k   | -33.1k  | -4.96%  | 128x256/st36/2x1x1/sk1 | 669.6k   | -34.6k  | -5.17%  | 128x256/st36/2x1x1/sk1 | 1 | ok    
512  | 8192 | 6  | 64   | 16.00 | 98      | 1.591 | 1.8390 | 3384.3k  | 0.87 | 3574.2k  | -189.9k | -5.31%  | 128x256/st36/2x1x1/sk1 | 3542.7k  | -158.4k | -4.47%  | id=513/st36/2x1x1/sk1  | 1 | ok    
256  | 4096 | 6  | 32   | 16.00 | 49      | 0.398 | 0.6337 | 1152.7k  | 0.63 | 1180.7k  | -28.1k  | -2.38%  | 128x256/st36/2x1x1/sk1 | 1179.9k  | -27.2k  | -2.31%  | 128x256/st36/2x1x1/sk1 | 1 | ok    
1024 | 2048 | 6  | 16   | 2.00  | 196     | 0.796 | 0.9217 | 1691.2k  | 0.86 | 1729.5k  | -38.3k  | -2.21%  | 128x256/st36/2x1x1/sk1 | 1719.6k  | -28.3k  | -1.65%  | 128x256/st36/2x1x1/sk1 | 1 | ok    
1024 | 8192 | 6  | 64   | 8.00  | 196     | 3.183 | 3.5349 | 6512.0k  | 0.90 | 6593.9k  | -81.9k  | -1.24%  | 128x192/st36/2x1x1/sk1 | 6580.9k  | -68.9k  | -1.05%  | 128x192/st36/2x1x1/sk1 | 1 | ok    
2048 | 8192 | 5  | 64   | 4.00  | 392     | 6.365 | 7.0327 | 12963.5k | 0.91 | 12974.9k | -11.3k  | -0.09%  | 128x256/st36/2x1x1/sk1 | 13006.1k | -42.5k  | -0.33%  | 128x256/st36/2x1x1/sk1 | 1 | ok    
512  | 2048 | 6  | 16   | 4.00  | 98      | 0.398 | 0.5212 | 952.5k   | 0.76 | 959.1k   | -6.6k   | -0.69%  | 128x256/st36/2x1x1/sk1 | 949.2k   | +3.3k   | +0.35%  | 128x256/st36/2x1x1/sk1 | 1 | ok    
512  | 4096 | 6  | 32   | 8.00  | 98      | 0.796 | 0.9698 | 1779.6k  | 0.82 | 1743.9k  | +35.7k  | +2.05%  | 128x256/st36/2x1x1/sk1 | 1736.0k  | +43.6k  | +2.51%  | 128x256/st36/2x1x1/sk1 | 1 | ok    
2048 | 4096 | 5  | 32   | 2.00  | 392     | 3.183 | 3.6574 | 6738.3k  | 0.87 | 6483.4k  | +254.9k | +3.93%  | 128x256/st36/2x1x1/sk1 | 6487.1k  | +251.2k | +3.87%  | 128x256/st36/2x1x1/sk1 | 1 | ok    
1024 | 4096 | 6  | 32   | 4.00  | 196     | 1.591 | 1.8528 | 3409.6k  | 0.86 | 3280.5k  | +129.1k | +3.94%  | 128x256/st36/2x1x1/sk1 | 3277.5k  | +132.1k | +4.03%  | 128x256/st36/2x1x1/sk1 | 1 | ok    
256  | 1024 | 5  | 8    | 4.00  | 49      | 0.099 | 0.2217 | 398.1k   | 0.45 | 372.5k   | +25.5k  | +6.85%  | id=29/st36/2x1x1/sk1   | 378.7k   | +19.4k  | +5.13%  | id=20/st36/2x1x1/sk1   | 1 | ok    
512  | 1024 | 5  | 8    | 2.00  | 98      | 0.199 | 0.3627 | 661.9k   | 0.55 | 618.8k   | +43.1k  | +6.97%  | 128x256/st36/2x1x1/sk1 | 582.0k   | +79.9k  | +13.72% | 128x256/st36/2x1x1/sk1 | 1 | ok    
2048 | 2048 | 5  | 16   | 1.00  | 392     | 1.591 | 2.0427 | 3761.1k  | 0.78 | 3303.0k  | +458.1k | +13.87% | 128x256/st36/2x1x1/sk1 | 3295.7k  | +465.4k | +14.12% | 128x256/st36/2x1x1/sk1 | 1 | ok    
1024 | 1024 | 5  | 8    | 1.00  | 196     | 0.398 | 0.7281 | 1333.9k  | 0.55 | 1090.6k  | +243.3k | +22.30% | 128x256/st36/2x1x1/sk1 | 1011.8k  | +322.1k | +31.83% | 128x256/st36/2x1x1/sk1 | 1 | ok    
2048 | 1024 | 5  | 8    | 0.50  | 392     | 0.796 | 1.4646 | 2691.4k  | 0.54 | 2092.9k  | +598.6k | +28.60% | 128x256/st36/2x1x1/sk1 | 1964.3k  | +727.1k | +37.02% | 128x256/st36/2x1x1/sk1 | 1 | ok    

[tsv] /root/siglip/data/dim_sweep_w3x_20260506_044641/results.tsv
[log] /root/siglip/data/dim_sweep_w3x_20260506_044641/sweep.log
[summary] /root/siglip/data/dim_sweep_w3x_20260506_044641/summary.txt
