[grid] default: 4N × 4K = 16 cells
[m]    928256
[tune] production (zigzag TD=11 + K_STAGGER=1)
[out]  /root/siglip/data/dim_sweep_fc1_20260506_042403
[ 1/16] N=1024 K=512 (K/N=0.50 K_it=4 prefill=off floor=0.199 ms NS=3) [+0.0s]
    ms=0.7120 tflops=1366.8 eff=0.28 v=1  cb_gelu=0.8052 Δg=-93.2us (-11.57%)  cb_none=0.4074 Δn=+304.6us (+74.77%)  ok
[ 2/16] N=1024 K=768 (K/N=0.75 K_it=6 prefill=off floor=0.298 ms NS=5) [+4.7s]
    ms=0.6700 tflops=2178.8 eff=0.45 v=1  cb_gelu=0.8125 Δg=-142.5us (-17.54%)  cb_none=0.4666 Δn=+203.4us (+43.59%)  ok
[ 3/16] N=1024 K=1024 (K/N=1.00 K_it=8 prefill=off floor=0.398 ms NS=5) [+9.3s]
    ms=0.6980 tflops=2788.5 eff=0.57 v=1  cb_gelu=0.8295 Δg=-131.5us (-15.85%)  cb_none=0.5478 Δn=+150.2us (+27.42%)  ok
[ 4/16] N=1024 K=1536 (K/N=1.50 K_it=12 prefill=off floor=0.597 ms NS=5) [+13.9s]
    ms=0.8960 tflops=3256.3 eff=0.67 v=1  cb_gelu=0.8484 Δg=+47.6us (+5.61%)  cb_none=0.7334 Δn=+162.6us (+22.17%)  ok
[ 5/16] N=2048 K=512 (K/N=0.25 K_it=4 prefill=off floor=0.398 ms NS=3) [+18.6s]
    ms=1.4140 tflops=1377.0 eff=0.28 v=1  cb_gelu=1.5992 Δg=-185.2us (-11.58%)  cb_none=0.8084 Δn=+605.6us (+74.91%)  ok
[ 6/16] N=2048 K=768 (K/N=0.38 K_it=6 prefill=off floor=0.597 ms NS=5) [+24.7s]
    ms=1.3300 tflops=2191.4 eff=0.45 v=1  cb_gelu=1.6131 Δg=-283.1us (-17.55%)  cb_none=0.9260 Δn=+404.0us (+43.63%)  ok
[ 7/16] N=2048 K=1024 (K/N=0.50 K_it=8 prefill=off floor=0.796 ms NS=5) [+30.9s]
    ms=1.3860 tflops=2808.0 eff=0.57 v=1  cb_gelu=1.6477 Δg=-261.7us (-15.88%)  cb_none=1.0647 Δn=+321.3us (+30.18%)  ok
[ 8/16] N=2048 K=1536 (K/N=0.75 K_it=12 prefill=off floor=1.194 ms NS=5) [+37.1s]
    ms=1.7040 tflops=3426.3 eff=0.70 v=1  cb_gelu=1.6803 Δg=+23.7us (+1.41%)  cb_none=1.3685 Δn=+335.5us (+24.52%)  ok
[ 9/16] N=3072 K=512 (K/N=0.17 K_it=4 prefill=off floor=0.597 ms NS=3) [+43.5s]
    ms=2.1210 tflops=1376.3 eff=0.28 v=1  cb_gelu=2.3943 Δg=-273.3us (-11.41%)  cb_none=1.2097 Δn=+911.3us (+75.33%)  ok
[10/16] N=3072 K=768 (K/N=0.25 K_it=6 prefill=off floor=0.895 ms NS=5) [+51.2s]
    ms=2.0250 tflops=2162.6 eff=0.44 v=1  cb_gelu=2.4129 Δg=-387.9us (-16.08%)  cb_none=1.3635 Δn=+661.5us (+48.51%)  ok
[11/16] N=3072 K=1024 (K/N=0.33 K_it=8 prefill=off floor=1.194 ms NS=5) [+58.9s]
    ms=2.0810 tflops=2805.8 eff=0.57 v=1  cb_gelu=2.4651 Δg=-384.1us (-15.58%)  cb_none=1.5997 Δn=+481.3us (+30.09%)  ok
[12/16] N=3072 K=1536 (K/N=0.50 K_it=12 prefill=off floor=1.790 ms NS=5) [+66.6s]
    ms=2.5320 tflops=3459.5 eff=0.71 v=1  cb_gelu=2.5115 Δg=+20.5us (+0.82%)  cb_none=2.0518 Δn=+480.2us (+23.40%)  ok
[13/16] N=4096 K=512 (K/N=0.12 K_it=4 prefill=off floor=0.796 ms NS=3) [+74.5s]
    ms=2.8100 tflops=1385.0 eff=0.28 v=1  cb_gelu=3.1909 Δg=-380.9us (-11.94%)  cb_none=1.6098 Δn=+1200.2us (+74.56%)  ok
[14/16] N=4096 K=768 (K/N=0.19 K_it=6 prefill=off floor=1.194 ms NS=5) [+83.7s]
    ms=2.6480 tflops=2204.0 eff=0.45 v=1  cb_gelu=3.2137 Δg=-565.7us (-17.60%)  cb_none=1.8252 Δn=+822.8us (+45.08%)  ok
[15/16] N=4096 K=1024 (K/N=0.25 K_it=8 prefill=off floor=1.591 ms NS=5) [+92.9s]
    ms=2.7680 tflops=2811.6 eff=0.57 v=1  cb_gelu=3.2814 Δg=-513.4us (-15.65%)  cb_none=2.1330 Δn=+635.0us (+29.77%)  ok
[16/16] N=4096 K=1536 (K/N=0.38 K_it=12 prefill=off floor=2.387 ms NS=5) [+102.3s]
    ms=3.2840 tflops=3555.8 eff=0.73 v=1  cb_gelu=3.3437 Δg=-59.7us (-1.79%)  cb_none=2.7707 Δn=+513.3us (+18.53%)  ok

── by raw size (N then K) ──
N    | K    | NS | K_it | K/N  | tile/cl | floor | ms     | eff  | cb_gelu | Δg       | Δg%     | cb_g algo | cb_none | Δn        | Δn%     | cb_n algo | v | status
-----+------+----+------+------+---------+-------+--------+------+---------+----------+---------+-----------+---------+-----------+---------+-----------+---+-------
1024 | 512  | 3  | 4    | 0.50 | 196     | 0.199 | 0.7120 | 0.28 | 0.8052  | -93.2us  | -11.57% | -         | 0.4074  | +304.6us  | +74.77% | -         | 1 | ok    
1024 | 768  | 5  | 6    | 0.75 | 196     | 0.298 | 0.6700 | 0.45 | 0.8125  | -142.5us | -17.54% | -         | 0.4666  | +203.4us  | +43.59% | -         | 1 | ok    
1024 | 1024 | 5  | 8    | 1.00 | 196     | 0.398 | 0.6980 | 0.57 | 0.8295  | -131.5us | -15.85% | -         | 0.5478  | +150.2us  | +27.42% | -         | 1 | ok    
1024 | 1536 | 5  | 12   | 1.50 | 196     | 0.597 | 0.8960 | 0.67 | 0.8484  | +47.6us  | +5.61%  | -         | 0.7334  | +162.6us  | +22.17% | -         | 1 | ok    
2048 | 512  | 3  | 4    | 0.25 | 392     | 0.398 | 1.4140 | 0.28 | 1.5992  | -185.2us | -11.58% | -         | 0.8084  | +605.6us  | +74.91% | -         | 1 | ok    
2048 | 768  | 5  | 6    | 0.38 | 392     | 0.597 | 1.3300 | 0.45 | 1.6131  | -283.1us | -17.55% | -         | 0.9260  | +404.0us  | +43.63% | -         | 1 | ok    
2048 | 1024 | 5  | 8    | 0.50 | 392     | 0.796 | 1.3860 | 0.57 | 1.6477  | -261.7us | -15.88% | -         | 1.0647  | +321.3us  | +30.18% | -         | 1 | ok    
2048 | 1536 | 5  | 12   | 0.75 | 392     | 1.194 | 1.7040 | 0.70 | 1.6803  | +23.7us  | +1.41%  | -         | 1.3685  | +335.5us  | +24.52% | -         | 1 | ok    
3072 | 512  | 3  | 4    | 0.17 | 588     | 0.597 | 2.1210 | 0.28 | 2.3943  | -273.3us | -11.41% | -         | 1.2097  | +911.3us  | +75.33% | -         | 1 | ok    
3072 | 768  | 5  | 6    | 0.25 | 588     | 0.895 | 2.0250 | 0.44 | 2.4129  | -387.9us | -16.08% | -         | 1.3635  | +661.5us  | +48.51% | -         | 1 | ok    
3072 | 1024 | 5  | 8    | 0.33 | 588     | 1.194 | 2.0810 | 0.57 | 2.4651  | -384.1us | -15.58% | -         | 1.5997  | +481.3us  | +30.09% | -         | 1 | ok    
3072 | 1536 | 5  | 12   | 0.50 | 588     | 1.790 | 2.5320 | 0.71 | 2.5115  | +20.5us  | +0.82%  | -         | 2.0518  | +480.2us  | +23.40% | -         | 1 | ok    
4096 | 512  | 3  | 4    | 0.12 | 784     | 0.796 | 2.8100 | 0.28 | 3.1909  | -380.9us | -11.94% | -         | 1.6098  | +1200.2us | +74.56% | -         | 1 | ok    
4096 | 768  | 5  | 6    | 0.19 | 784     | 1.194 | 2.6480 | 0.45 | 3.2137  | -565.7us | -17.60% | -         | 1.8252  | +822.8us  | +45.08% | -         | 1 | ok    
4096 | 1024 | 5  | 8    | 0.25 | 784     | 1.591 | 2.7680 | 0.57 | 3.2814  | -513.4us | -15.65% | -         | 2.1330  | +635.0us  | +29.77% | -         | 1 | ok    
4096 | 1536 | 5  | 12   | 0.38 | 784     | 2.387 | 3.2840 | 0.73 | 3.3437  | -59.7us  | -1.79%  | -         | 2.7707  | +513.3us  | +18.53% | -         | 1 | ok    

── by K/N ratio ──
N    | K    | NS | K_it | K/N  | tile/cl | floor | ms     | eff  | cb_gelu | Δg       | Δg%     | cb_g algo | cb_none | Δn        | Δn%     | cb_n algo | v | status
-----+------+----+------+------+---------+-------+--------+------+---------+----------+---------+-----------+---------+-----------+---------+-----------+---+-------
4096 | 512  | 3  | 4    | 0.12 | 784     | 0.796 | 2.8100 | 0.28 | 3.1909  | -380.9us | -11.94% | -         | 1.6098  | +1200.2us | +74.56% | -         | 1 | ok    
3072 | 512  | 3  | 4    | 0.17 | 588     | 0.597 | 2.1210 | 0.28 | 2.3943  | -273.3us | -11.41% | -         | 1.2097  | +911.3us  | +75.33% | -         | 1 | ok    
4096 | 768  | 5  | 6    | 0.19 | 784     | 1.194 | 2.6480 | 0.45 | 3.2137  | -565.7us | -17.60% | -         | 1.8252  | +822.8us  | +45.08% | -         | 1 | ok    
2048 | 512  | 3  | 4    | 0.25 | 392     | 0.398 | 1.4140 | 0.28 | 1.5992  | -185.2us | -11.58% | -         | 0.8084  | +605.6us  | +74.91% | -         | 1 | ok    
3072 | 768  | 5  | 6    | 0.25 | 588     | 0.895 | 2.0250 | 0.44 | 2.4129  | -387.9us | -16.08% | -         | 1.3635  | +661.5us  | +48.51% | -         | 1 | ok    
4096 | 1024 | 5  | 8    | 0.25 | 784     | 1.591 | 2.7680 | 0.57 | 3.2814  | -513.4us | -15.65% | -         | 2.1330  | +635.0us  | +29.77% | -         | 1 | ok    
3072 | 1024 | 5  | 8    | 0.33 | 588     | 1.194 | 2.0810 | 0.57 | 2.4651  | -384.1us | -15.58% | -         | 1.5997  | +481.3us  | +30.09% | -         | 1 | ok    
2048 | 768  | 5  | 6    | 0.38 | 392     | 0.597 | 1.3300 | 0.45 | 1.6131  | -283.1us | -17.55% | -         | 0.9260  | +404.0us  | +43.63% | -         | 1 | ok    
4096 | 1536 | 5  | 12   | 0.38 | 784     | 2.387 | 3.2840 | 0.73 | 3.3437  | -59.7us  | -1.79%  | -         | 2.7707  | +513.3us  | +18.53% | -         | 1 | ok    
1024 | 512  | 3  | 4    | 0.50 | 196     | 0.199 | 0.7120 | 0.28 | 0.8052  | -93.2us  | -11.57% | -         | 0.4074  | +304.6us  | +74.77% | -         | 1 | ok    
2048 | 1024 | 5  | 8    | 0.50 | 392     | 0.796 | 1.3860 | 0.57 | 1.6477  | -261.7us | -15.88% | -         | 1.0647  | +321.3us  | +30.18% | -         | 1 | ok    
3072 | 1536 | 5  | 12   | 0.50 | 588     | 1.790 | 2.5320 | 0.71 | 2.5115  | +20.5us  | +0.82%  | -         | 2.0518  | +480.2us  | +23.40% | -         | 1 | ok    
1024 | 768  | 5  | 6    | 0.75 | 196     | 0.298 | 0.6700 | 0.45 | 0.8125  | -142.5us | -17.54% | -         | 0.4666  | +203.4us  | +43.59% | -         | 1 | ok    
2048 | 1536 | 5  | 12   | 0.75 | 392     | 1.194 | 1.7040 | 0.70 | 1.6803  | +23.7us  | +1.41%  | -         | 1.3685  | +335.5us  | +24.52% | -         | 1 | ok    
1024 | 1024 | 5  | 8    | 1.00 | 196     | 0.398 | 0.6980 | 0.57 | 0.8295  | -131.5us | -15.85% | -         | 0.5478  | +150.2us  | +27.42% | -         | 1 | ok    
1024 | 1536 | 5  | 12   | 1.50 | 196     | 0.597 | 0.8960 | 0.67 | 0.8484  | +47.6us  | +5.61%  | -         | 0.7334  | +162.6us  | +22.17% | -         | 1 | ok    

── by ms (fastest first) ──
N    | K    | NS | K_it | K/N  | tile/cl | floor | ms     | eff  | cb_gelu | Δg       | Δg%     | cb_g algo | cb_none | Δn        | Δn%     | cb_n algo | v | status
-----+------+----+------+------+---------+-------+--------+------+---------+----------+---------+-----------+---------+-----------+---------+-----------+---+-------
1024 | 768  | 5  | 6    | 0.75 | 196     | 0.298 | 0.6700 | 0.45 | 0.8125  | -142.5us | -17.54% | -         | 0.4666  | +203.4us  | +43.59% | -         | 1 | ok    
1024 | 1024 | 5  | 8    | 1.00 | 196     | 0.398 | 0.6980 | 0.57 | 0.8295  | -131.5us | -15.85% | -         | 0.5478  | +150.2us  | +27.42% | -         | 1 | ok    
1024 | 512  | 3  | 4    | 0.50 | 196     | 0.199 | 0.7120 | 0.28 | 0.8052  | -93.2us  | -11.57% | -         | 0.4074  | +304.6us  | +74.77% | -         | 1 | ok    
1024 | 1536 | 5  | 12   | 1.50 | 196     | 0.597 | 0.8960 | 0.67 | 0.8484  | +47.6us  | +5.61%  | -         | 0.7334  | +162.6us  | +22.17% | -         | 1 | ok    
2048 | 768  | 5  | 6    | 0.38 | 392     | 0.597 | 1.3300 | 0.45 | 1.6131  | -283.1us | -17.55% | -         | 0.9260  | +404.0us  | +43.63% | -         | 1 | ok    
2048 | 1024 | 5  | 8    | 0.50 | 392     | 0.796 | 1.3860 | 0.57 | 1.6477  | -261.7us | -15.88% | -         | 1.0647  | +321.3us  | +30.18% | -         | 1 | ok    
2048 | 512  | 3  | 4    | 0.25 | 392     | 0.398 | 1.4140 | 0.28 | 1.5992  | -185.2us | -11.58% | -         | 0.8084  | +605.6us  | +74.91% | -         | 1 | ok    
2048 | 1536 | 5  | 12   | 0.75 | 392     | 1.194 | 1.7040 | 0.70 | 1.6803  | +23.7us  | +1.41%  | -         | 1.3685  | +335.5us  | +24.52% | -         | 1 | ok    
3072 | 768  | 5  | 6    | 0.25 | 588     | 0.895 | 2.0250 | 0.44 | 2.4129  | -387.9us | -16.08% | -         | 1.3635  | +661.5us  | +48.51% | -         | 1 | ok    
3072 | 1024 | 5  | 8    | 0.33 | 588     | 1.194 | 2.0810 | 0.57 | 2.4651  | -384.1us | -15.58% | -         | 1.5997  | +481.3us  | +30.09% | -         | 1 | ok    
3072 | 512  | 3  | 4    | 0.17 | 588     | 0.597 | 2.1210 | 0.28 | 2.3943  | -273.3us | -11.41% | -         | 1.2097  | +911.3us  | +75.33% | -         | 1 | ok    
3072 | 1536 | 5  | 12   | 0.50 | 588     | 1.790 | 2.5320 | 0.71 | 2.5115  | +20.5us  | +0.82%  | -         | 2.0518  | +480.2us  | +23.40% | -         | 1 | ok    
4096 | 768  | 5  | 6    | 0.19 | 784     | 1.194 | 2.6480 | 0.45 | 3.2137  | -565.7us | -17.60% | -         | 1.8252  | +822.8us  | +45.08% | -         | 1 | ok    
4096 | 1024 | 5  | 8    | 0.25 | 784     | 1.591 | 2.7680 | 0.57 | 3.2814  | -513.4us | -15.65% | -         | 2.1330  | +635.0us  | +29.77% | -         | 1 | ok    
4096 | 512  | 3  | 4    | 0.12 | 784     | 0.796 | 2.8100 | 0.28 | 3.1909  | -380.9us | -11.94% | -         | 1.6098  | +1200.2us | +74.56% | -         | 1 | ok    
4096 | 1536 | 5  | 12   | 0.38 | 784     | 2.387 | 3.2840 | 0.73 | 3.3437  | -59.7us  | -1.79%  | -         | 2.7707  | +513.3us  | +18.53% | -         | 1 | ok    

── by Δ% vs cuBLASLt rank-1 GELU+BIAS (most negative = biggest win) ──
N    | K    | NS | K_it | K/N  | tile/cl | floor | ms     | eff  | cb_gelu | Δg       | Δg%     | cb_g algo | cb_none | Δn        | Δn%     | cb_n algo | v | status
-----+------+----+------+------+---------+-------+--------+------+---------+----------+---------+-----------+---------+-----------+---------+-----------+---+-------
4096 | 768  | 5  | 6    | 0.19 | 784     | 1.194 | 2.6480 | 0.45 | 3.2137  | -565.7us | -17.60% | -         | 1.8252  | +822.8us  | +45.08% | -         | 1 | ok    
2048 | 768  | 5  | 6    | 0.38 | 392     | 0.597 | 1.3300 | 0.45 | 1.6131  | -283.1us | -17.55% | -         | 0.9260  | +404.0us  | +43.63% | -         | 1 | ok    
1024 | 768  | 5  | 6    | 0.75 | 196     | 0.298 | 0.6700 | 0.45 | 0.8125  | -142.5us | -17.54% | -         | 0.4666  | +203.4us  | +43.59% | -         | 1 | ok    
3072 | 768  | 5  | 6    | 0.25 | 588     | 0.895 | 2.0250 | 0.44 | 2.4129  | -387.9us | -16.08% | -         | 1.3635  | +661.5us  | +48.51% | -         | 1 | ok    
2048 | 1024 | 5  | 8    | 0.50 | 392     | 0.796 | 1.3860 | 0.57 | 1.6477  | -261.7us | -15.88% | -         | 1.0647  | +321.3us  | +30.18% | -         | 1 | ok    
1024 | 1024 | 5  | 8    | 1.00 | 196     | 0.398 | 0.6980 | 0.57 | 0.8295  | -131.5us | -15.85% | -         | 0.5478  | +150.2us  | +27.42% | -         | 1 | ok    
4096 | 1024 | 5  | 8    | 0.25 | 784     | 1.591 | 2.7680 | 0.57 | 3.2814  | -513.4us | -15.65% | -         | 2.1330  | +635.0us  | +29.77% | -         | 1 | ok    
3072 | 1024 | 5  | 8    | 0.33 | 588     | 1.194 | 2.0810 | 0.57 | 2.4651  | -384.1us | -15.58% | -         | 1.5997  | +481.3us  | +30.09% | -         | 1 | ok    
4096 | 512  | 3  | 4    | 0.12 | 784     | 0.796 | 2.8100 | 0.28 | 3.1909  | -380.9us | -11.94% | -         | 1.6098  | +1200.2us | +74.56% | -         | 1 | ok    
2048 | 512  | 3  | 4    | 0.25 | 392     | 0.398 | 1.4140 | 0.28 | 1.5992  | -185.2us | -11.58% | -         | 0.8084  | +605.6us  | +74.91% | -         | 1 | ok    
1024 | 512  | 3  | 4    | 0.50 | 196     | 0.199 | 0.7120 | 0.28 | 0.8052  | -93.2us  | -11.57% | -         | 0.4074  | +304.6us  | +74.77% | -         | 1 | ok    
3072 | 512  | 3  | 4    | 0.17 | 588     | 0.597 | 2.1210 | 0.28 | 2.3943  | -273.3us | -11.41% | -         | 1.2097  | +911.3us  | +75.33% | -         | 1 | ok    
4096 | 1536 | 5  | 12   | 0.38 | 784     | 2.387 | 3.2840 | 0.73 | 3.3437  | -59.7us  | -1.79%  | -         | 2.7707  | +513.3us  | +18.53% | -         | 1 | ok    
3072 | 1536 | 5  | 12   | 0.50 | 588     | 1.790 | 2.5320 | 0.71 | 2.5115  | +20.5us  | +0.82%  | -         | 2.0518  | +480.2us  | +23.40% | -         | 1 | ok    
2048 | 1536 | 5  | 12   | 0.75 | 392     | 1.194 | 1.7040 | 0.70 | 1.6803  | +23.7us  | +1.41%  | -         | 1.3685  | +335.5us  | +24.52% | -         | 1 | ok    
1024 | 1536 | 5  | 12   | 1.50 | 196     | 0.597 | 0.8960 | 0.67 | 0.8484  | +47.6us  | +5.61%  | -         | 0.7334  | +162.6us  | +22.17% | -         | 1 | ok    

── by Δ% vs cuBLASLt rank-1 noBIAS (apples-to-oranges; for awareness) ──
N    | K    | NS | K_it | K/N  | tile/cl | floor | ms     | eff  | cb_gelu | Δg       | Δg%     | cb_g algo | cb_none | Δn        | Δn%     | cb_n algo | v | status
-----+------+----+------+------+---------+-------+--------+------+---------+----------+---------+-----------+---------+-----------+---------+-----------+---+-------
4096 | 1536 | 5  | 12   | 0.38 | 784     | 2.387 | 3.2840 | 0.73 | 3.3437  | -59.7us  | -1.79%  | -         | 2.7707  | +513.3us  | +18.53% | -         | 1 | ok    
1024 | 1536 | 5  | 12   | 1.50 | 196     | 0.597 | 0.8960 | 0.67 | 0.8484  | +47.6us  | +5.61%  | -         | 0.7334  | +162.6us  | +22.17% | -         | 1 | ok    
3072 | 1536 | 5  | 12   | 0.50 | 588     | 1.790 | 2.5320 | 0.71 | 2.5115  | +20.5us  | +0.82%  | -         | 2.0518  | +480.2us  | +23.40% | -         | 1 | ok    
2048 | 1536 | 5  | 12   | 0.75 | 392     | 1.194 | 1.7040 | 0.70 | 1.6803  | +23.7us  | +1.41%  | -         | 1.3685  | +335.5us  | +24.52% | -         | 1 | ok    
1024 | 1024 | 5  | 8    | 1.00 | 196     | 0.398 | 0.6980 | 0.57 | 0.8295  | -131.5us | -15.85% | -         | 0.5478  | +150.2us  | +27.42% | -         | 1 | ok    
4096 | 1024 | 5  | 8    | 0.25 | 784     | 1.591 | 2.7680 | 0.57 | 3.2814  | -513.4us | -15.65% | -         | 2.1330  | +635.0us  | +29.77% | -         | 1 | ok    
3072 | 1024 | 5  | 8    | 0.33 | 588     | 1.194 | 2.0810 | 0.57 | 2.4651  | -384.1us | -15.58% | -         | 1.5997  | +481.3us  | +30.09% | -         | 1 | ok    
2048 | 1024 | 5  | 8    | 0.50 | 392     | 0.796 | 1.3860 | 0.57 | 1.6477  | -261.7us | -15.88% | -         | 1.0647  | +321.3us  | +30.18% | -         | 1 | ok    
1024 | 768  | 5  | 6    | 0.75 | 196     | 0.298 | 0.6700 | 0.45 | 0.8125  | -142.5us | -17.54% | -         | 0.4666  | +203.4us  | +43.59% | -         | 1 | ok    
2048 | 768  | 5  | 6    | 0.38 | 392     | 0.597 | 1.3300 | 0.45 | 1.6131  | -283.1us | -17.55% | -         | 0.9260  | +404.0us  | +43.63% | -         | 1 | ok    
4096 | 768  | 5  | 6    | 0.19 | 784     | 1.194 | 2.6480 | 0.45 | 3.2137  | -565.7us | -17.60% | -         | 1.8252  | +822.8us  | +45.08% | -         | 1 | ok    
3072 | 768  | 5  | 6    | 0.25 | 588     | 0.895 | 2.0250 | 0.44 | 2.4129  | -387.9us | -16.08% | -         | 1.3635  | +661.5us  | +48.51% | -         | 1 | ok    
4096 | 512  | 3  | 4    | 0.12 | 784     | 0.796 | 2.8100 | 0.28 | 3.1909  | -380.9us | -11.94% | -         | 1.6098  | +1200.2us | +74.56% | -         | 1 | ok    
1024 | 512  | 3  | 4    | 0.50 | 196     | 0.199 | 0.7120 | 0.28 | 0.8052  | -93.2us  | -11.57% | -         | 0.4074  | +304.6us  | +74.77% | -         | 1 | ok    
2048 | 512  | 3  | 4    | 0.25 | 392     | 0.398 | 1.4140 | 0.28 | 1.5992  | -185.2us | -11.58% | -         | 0.8084  | +605.6us  | +74.91% | -         | 1 | ok    
3072 | 512  | 3  | 4    | 0.17 | 588     | 0.597 | 2.1210 | 0.28 | 2.3943  | -273.3us | -11.41% | -         | 1.2097  | +911.3us  | +75.33% | -         | 1 | ok    

[tsv] /root/siglip/data/dim_sweep_fc1_20260506_042403/results.tsv
[log] /root/siglip/data/dim_sweep_fc1_20260506_042403/sweep.log
[summary] /root/siglip/data/dim_sweep_fc1_20260506_042403/summary.txt
