[grid] default: 4N × 4K = 16 cells
[m]    928256
[out]  /root/siglip/data/dim_sweep_w3x_20260506_033938
[ 1/16] N=256 K=1024 (K/N=4.00 K_it=8 prefill=off floor=0.099 ms) [+0.0s]
    ms=0.2218 cyc=397.4k tflops=2194.3 eff=0.45 v=1 NS=5  cb_bias=372.4k Δb=25.0k (+6.71%)  cb_none=378.6k Δn=18.8k (+4.96%)  ok
[ 2/16] N=256 K=2048 (K/N=8.00 K_it=16 prefill=off floor=0.199 ms) [+14.6s]
    ms=0.3521 cyc=634.8k tflops=2764.3 eff=0.56 v=1 NS=6  cb_bias=666.5k Δb=−31.7k (-4.75%)  cb_none=669.8k Δn=−35.0k (-5.22%)  ok
[ 3/16] N=256 K=4096 (K/N=16.00 K_it=32 prefill=on floor=0.398 ms) [+31.6s]
    ms=0.6333 cyc=1152.8k tflops=3067.9 eff=0.63 v=1 NS=6  cb_bias=1181.0k Δb=−28.1k (-2.38%)  cb_none=1179.0k Δn=−26.2k (-2.22%)  ok
[ 4/16] N=256 K=8192 (K/N=32.00 K_it=64 prefill=on floor=0.796 ms) [+54.3s]
    ms=1.1786 cyc=2149.4k tflops=3301.8 eff=0.68 v=1 NS=6  cb_bias=2417.8k Δb=−268.4k (-11.10%)  cb_none=2414.2k Δn=−264.8k (-10.97%)  ok
[ 5/16] N=512 K=1024 (K/N=2.00 K_it=8 prefill=off floor=0.199 ms) [+93.0s]
    ms=0.3630 cyc=662.4k tflops=2680.2 eff=0.55 v=1 NS=5  cb_bias=618.0k Δb=44.4k (+7.18%)  cb_none=582.8k Δn=79.6k (+13.66%)  ok
[ 6/16] N=512 K=2048 (K/N=4.00 K_it=16 prefill=off floor=0.398 ms) [+106.2s]
    ms=0.5211 cyc=952.1k tflops=3732.1 eff=0.76 v=1 NS=6  cb_bias=959.1k Δb=−6.9k (-0.72%)  cb_none=949.5k Δn=2.7k (+0.28%)  ok
[ 7/16] N=512 K=4096 (K/N=8.00 K_it=32 prefill=on floor=0.796 ms) [+123.7s]
    ms=0.9695 cyc=1780.1k tflops=4013.1 eff=0.82 v=1 NS=6  cb_bias=1744.0k Δb=36.1k (+2.07%)  cb_none=1734.8k Δn=45.4k (+2.61%)  ok
[ 8/16] N=512 K=8192 (K/N=16.00 K_it=64 prefill=on floor=1.591 ms) [+146.9s]
    ms=1.8388 cyc=3383.8k tflops=4234.1 eff=0.87 v=1 NS=6  cb_bias=3573.1k Δb=−189.3k (-5.30%)  cb_none=3543.9k Δn=−160.1k (-4.52%)  ok
[ 9/16] N=1024 K=1024 (K/N=1.00 K_it=8 prefill=off floor=0.398 ms) [+186.1s]
    ms=0.7280 cyc=1333.7k tflops=2673.6 eff=0.55 v=1 NS=5  cb_bias=1089.9k Δb=243.9k (+22.38%)  cb_none=1010.9k Δn=322.8k (+31.93%)  ok
[10/16] N=1024 K=2048 (K/N=2.00 K_it=16 prefill=off floor=0.796 ms) [+202.2s]
    ms=0.9217 cyc=1691.2k tflops=4224.3 eff=0.86 v=1 NS=6  cb_bias=1728.9k Δb=−37.8k (-2.18%)  cb_none=1718.7k Δn=−27.5k (-1.60%)  ok
[11/16] N=1024 K=4096 (K/N=4.00 K_it=32 prefill=on floor=1.591 ms) [+221.0s]
    ms=1.8544 cyc=3410.4k tflops=4198.2 eff=0.86 v=1 NS=6  cb_bias=3280.5k Δb=130.0k (+3.96%)  cb_none=3277.1k Δn=133.4k (+4.07%)  ok
[12/16] N=1024 K=8192 (K/N=8.00 K_it=64 prefill=on floor=3.183 ms) [+245.7s]
    ms=3.5347 cyc=6510.2k tflops=4405.9 eff=0.90 v=1 NS=6  cb_bias=6594.8k Δb=−84.6k (-1.28%)  cb_none=6582.4k Δn=−72.2k (-1.10%)  ok
[13/16] N=2048 K=1024 (K/N=0.50 K_it=8 prefill=off floor=0.796 ms) [+286.5s]
    ms=1.4651 cyc=2692.1k tflops=2657.4 eff=0.54 v=1 NS=5  cb_bias=2093.6k Δb=598.5k (+28.59%)  cb_none=1965.6k Δn=726.5k (+36.96%)  ok
[14/16] N=2048 K=2048 (K/N=1.00 K_it=16 prefill=off floor=1.591 ms) [+304.5s]
    ms=2.0418 cyc=3756.3k tflops=3796.2 eff=0.78 v=1 NS=5  cb_bias=3303.1k Δb=453.1k (+13.72%)  cb_none=3295.7k Δn=460.5k (+13.97%)  ok
[15/16] N=2048 K=4096 (K/N=2.00 K_it=32 prefill=on floor=3.183 ms) [+324.8s]
    ms=3.6582 cyc=6739.7k tflops=4256.4 eff=0.87 v=1 NS=5  cb_bias=6484.0k Δb=255.8k (+3.94%)  cb_none=6487.1k Δn=252.7k (+3.89%)  ok
[16/16] N=2048 K=8192 (K/N=4.00 K_it=64 prefill=on floor=6.365 ms) [+351.5s]
    ms=7.0325 cyc=12951.5k tflops=4429.0 eff=0.91 v=1 NS=5  cb_bias=12969.6k Δb=−18.1k (-0.14%)  cb_none=13007.8k Δn=−56.3k (-0.43%)  ok

── by raw size (N then K) ──
N    | K    | NS | K_it | K/N   | tile/cl | floor | ms     | cyc      | eff  | cb_bias  | Δb      | Δb%     | cb_b algo | cb_none  | Δn      | Δn%     | cb_n algo | v | status
-----+------+----+------+-------+---------+-------+--------+----------+------+----------+---------+---------+-----------+----------+---------+---------+-----------+---+-------
256  | 1024 | 5  | 8    | 4.00  | 49      | 0.099 | 0.2218 | 397.4k   | 0.45 | 372.4k   | +25.0k  | +6.71%  | -         | 378.6k   | +18.8k  | +4.96%  | -         | 1 | ok    
256  | 2048 | 6  | 16   | 8.00  | 49      | 0.199 | 0.3521 | 634.8k   | 0.56 | 666.5k   | -31.7k  | -4.75%  | -         | 669.8k   | -35.0k  | -5.22%  | -         | 1 | ok    
256  | 4096 | 6  | 32   | 16.00 | 49      | 0.398 | 0.6333 | 1152.8k  | 0.63 | 1181.0k  | -28.1k  | -2.38%  | -         | 1179.0k  | -26.2k  | -2.22%  | -         | 1 | ok    
256  | 8192 | 6  | 64   | 32.00 | 49      | 0.796 | 1.1786 | 2149.4k  | 0.68 | 2417.8k  | -268.4k | -11.10% | -         | 2414.2k  | -264.8k | -10.97% | -         | 1 | ok    
512  | 1024 | 5  | 8    | 2.00  | 98      | 0.199 | 0.3630 | 662.4k   | 0.55 | 618.0k   | +44.4k  | +7.18%  | -         | 582.8k   | +79.6k  | +13.66% | -         | 1 | ok    
512  | 2048 | 6  | 16   | 4.00  | 98      | 0.398 | 0.5211 | 952.1k   | 0.76 | 959.1k   | -6.9k   | -0.72%  | -         | 949.5k   | +2.7k   | +0.28%  | -         | 1 | ok    
512  | 4096 | 6  | 32   | 8.00  | 98      | 0.796 | 0.9695 | 1780.1k  | 0.82 | 1744.0k  | +36.1k  | +2.07%  | -         | 1734.8k  | +45.4k  | +2.61%  | -         | 1 | ok    
512  | 8192 | 6  | 64   | 16.00 | 98      | 1.591 | 1.8388 | 3383.8k  | 0.87 | 3573.1k  | -189.3k | -5.30%  | -         | 3543.9k  | -160.1k | -4.52%  | -         | 1 | ok    
1024 | 1024 | 5  | 8    | 1.00  | 196     | 0.398 | 0.7280 | 1333.7k  | 0.55 | 1089.9k  | +243.9k | +22.38% | -         | 1010.9k  | +322.8k | +31.93% | -         | 1 | ok    
1024 | 2048 | 6  | 16   | 2.00  | 196     | 0.796 | 0.9217 | 1691.2k  | 0.86 | 1728.9k  | -37.8k  | -2.18%  | -         | 1718.7k  | -27.5k  | -1.60%  | -         | 1 | ok    
1024 | 4096 | 6  | 32   | 4.00  | 196     | 1.591 | 1.8544 | 3410.4k  | 0.86 | 3280.5k  | +130.0k | +3.96%  | -         | 3277.1k  | +133.4k | +4.07%  | -         | 1 | ok    
1024 | 8192 | 6  | 64   | 8.00  | 196     | 3.183 | 3.5347 | 6510.2k  | 0.90 | 6594.8k  | -84.6k  | -1.28%  | -         | 6582.4k  | -72.2k  | -1.10%  | -         | 1 | ok    
2048 | 1024 | 5  | 8    | 0.50  | 392     | 0.796 | 1.4651 | 2692.1k  | 0.54 | 2093.6k  | +598.5k | +28.59% | -         | 1965.6k  | +726.5k | +36.96% | -         | 1 | ok    
2048 | 2048 | 5  | 16   | 1.00  | 392     | 1.591 | 2.0418 | 3756.3k  | 0.78 | 3303.1k  | +453.1k | +13.72% | -         | 3295.7k  | +460.5k | +13.97% | -         | 1 | ok    
2048 | 4096 | 5  | 32   | 2.00  | 392     | 3.183 | 3.6582 | 6739.7k  | 0.87 | 6484.0k  | +255.8k | +3.94%  | -         | 6487.1k  | +252.7k | +3.89%  | -         | 1 | ok    
2048 | 8192 | 5  | 64   | 4.00  | 392     | 6.365 | 7.0325 | 12951.5k | 0.91 | 12969.6k | -18.1k  | -0.14%  | -         | 13007.8k | -56.3k  | -0.43%  | -         | 1 | ok    

── by K/N ratio ──
N    | K    | NS | K_it | K/N   | tile/cl | floor | ms     | cyc      | eff  | cb_bias  | Δb      | Δb%     | cb_b algo | cb_none  | Δn      | Δn%     | cb_n algo | v | status
-----+------+----+------+-------+---------+-------+--------+----------+------+----------+---------+---------+-----------+----------+---------+---------+-----------+---+-------
2048 | 1024 | 5  | 8    | 0.50  | 392     | 0.796 | 1.4651 | 2692.1k  | 0.54 | 2093.6k  | +598.5k | +28.59% | -         | 1965.6k  | +726.5k | +36.96% | -         | 1 | ok    
1024 | 1024 | 5  | 8    | 1.00  | 196     | 0.398 | 0.7280 | 1333.7k  | 0.55 | 1089.9k  | +243.9k | +22.38% | -         | 1010.9k  | +322.8k | +31.93% | -         | 1 | ok    
2048 | 2048 | 5  | 16   | 1.00  | 392     | 1.591 | 2.0418 | 3756.3k  | 0.78 | 3303.1k  | +453.1k | +13.72% | -         | 3295.7k  | +460.5k | +13.97% | -         | 1 | ok    
512  | 1024 | 5  | 8    | 2.00  | 98      | 0.199 | 0.3630 | 662.4k   | 0.55 | 618.0k   | +44.4k  | +7.18%  | -         | 582.8k   | +79.6k  | +13.66% | -         | 1 | ok    
1024 | 2048 | 6  | 16   | 2.00  | 196     | 0.796 | 0.9217 | 1691.2k  | 0.86 | 1728.9k  | -37.8k  | -2.18%  | -         | 1718.7k  | -27.5k  | -1.60%  | -         | 1 | ok    
2048 | 4096 | 5  | 32   | 2.00  | 392     | 3.183 | 3.6582 | 6739.7k  | 0.87 | 6484.0k  | +255.8k | +3.94%  | -         | 6487.1k  | +252.7k | +3.89%  | -         | 1 | ok    
256  | 1024 | 5  | 8    | 4.00  | 49      | 0.099 | 0.2218 | 397.4k   | 0.45 | 372.4k   | +25.0k  | +6.71%  | -         | 378.6k   | +18.8k  | +4.96%  | -         | 1 | ok    
512  | 2048 | 6  | 16   | 4.00  | 98      | 0.398 | 0.5211 | 952.1k   | 0.76 | 959.1k   | -6.9k   | -0.72%  | -         | 949.5k   | +2.7k   | +0.28%  | -         | 1 | ok    
1024 | 4096 | 6  | 32   | 4.00  | 196     | 1.591 | 1.8544 | 3410.4k  | 0.86 | 3280.5k  | +130.0k | +3.96%  | -         | 3277.1k  | +133.4k | +4.07%  | -         | 1 | ok    
2048 | 8192 | 5  | 64   | 4.00  | 392     | 6.365 | 7.0325 | 12951.5k | 0.91 | 12969.6k | -18.1k  | -0.14%  | -         | 13007.8k | -56.3k  | -0.43%  | -         | 1 | ok    
256  | 2048 | 6  | 16   | 8.00  | 49      | 0.199 | 0.3521 | 634.8k   | 0.56 | 666.5k   | -31.7k  | -4.75%  | -         | 669.8k   | -35.0k  | -5.22%  | -         | 1 | ok    
512  | 4096 | 6  | 32   | 8.00  | 98      | 0.796 | 0.9695 | 1780.1k  | 0.82 | 1744.0k  | +36.1k  | +2.07%  | -         | 1734.8k  | +45.4k  | +2.61%  | -         | 1 | ok    
1024 | 8192 | 6  | 64   | 8.00  | 196     | 3.183 | 3.5347 | 6510.2k  | 0.90 | 6594.8k  | -84.6k  | -1.28%  | -         | 6582.4k  | -72.2k  | -1.10%  | -         | 1 | ok    
256  | 4096 | 6  | 32   | 16.00 | 49      | 0.398 | 0.6333 | 1152.8k  | 0.63 | 1181.0k  | -28.1k  | -2.38%  | -         | 1179.0k  | -26.2k  | -2.22%  | -         | 1 | ok    
512  | 8192 | 6  | 64   | 16.00 | 98      | 1.591 | 1.8388 | 3383.8k  | 0.87 | 3573.1k  | -189.3k | -5.30%  | -         | 3543.9k  | -160.1k | -4.52%  | -         | 1 | ok    
256  | 8192 | 6  | 64   | 32.00 | 49      | 0.796 | 1.1786 | 2149.4k  | 0.68 | 2417.8k  | -268.4k | -11.10% | -         | 2414.2k  | -264.8k | -10.97% | -         | 1 | ok    

── by cyc (fastest first) ──
N    | K    | NS | K_it | K/N   | tile/cl | floor | ms     | cyc      | eff  | cb_bias  | Δb      | Δb%     | cb_b algo | cb_none  | Δn      | Δn%     | cb_n algo | v | status
-----+------+----+------+-------+---------+-------+--------+----------+------+----------+---------+---------+-----------+----------+---------+---------+-----------+---+-------
256  | 1024 | 5  | 8    | 4.00  | 49      | 0.099 | 0.2218 | 397.4k   | 0.45 | 372.4k   | +25.0k  | +6.71%  | -         | 378.6k   | +18.8k  | +4.96%  | -         | 1 | ok    
256  | 2048 | 6  | 16   | 8.00  | 49      | 0.199 | 0.3521 | 634.8k   | 0.56 | 666.5k   | -31.7k  | -4.75%  | -         | 669.8k   | -35.0k  | -5.22%  | -         | 1 | ok    
512  | 1024 | 5  | 8    | 2.00  | 98      | 0.199 | 0.3630 | 662.4k   | 0.55 | 618.0k   | +44.4k  | +7.18%  | -         | 582.8k   | +79.6k  | +13.66% | -         | 1 | ok    
512  | 2048 | 6  | 16   | 4.00  | 98      | 0.398 | 0.5211 | 952.1k   | 0.76 | 959.1k   | -6.9k   | -0.72%  | -         | 949.5k   | +2.7k   | +0.28%  | -         | 1 | ok    
256  | 4096 | 6  | 32   | 16.00 | 49      | 0.398 | 0.6333 | 1152.8k  | 0.63 | 1181.0k  | -28.1k  | -2.38%  | -         | 1179.0k  | -26.2k  | -2.22%  | -         | 1 | ok    
1024 | 1024 | 5  | 8    | 1.00  | 196     | 0.398 | 0.7280 | 1333.7k  | 0.55 | 1089.9k  | +243.9k | +22.38% | -         | 1010.9k  | +322.8k | +31.93% | -         | 1 | ok    
1024 | 2048 | 6  | 16   | 2.00  | 196     | 0.796 | 0.9217 | 1691.2k  | 0.86 | 1728.9k  | -37.8k  | -2.18%  | -         | 1718.7k  | -27.5k  | -1.60%  | -         | 1 | ok    
512  | 4096 | 6  | 32   | 8.00  | 98      | 0.796 | 0.9695 | 1780.1k  | 0.82 | 1744.0k  | +36.1k  | +2.07%  | -         | 1734.8k  | +45.4k  | +2.61%  | -         | 1 | ok    
256  | 8192 | 6  | 64   | 32.00 | 49      | 0.796 | 1.1786 | 2149.4k  | 0.68 | 2417.8k  | -268.4k | -11.10% | -         | 2414.2k  | -264.8k | -10.97% | -         | 1 | ok    
2048 | 1024 | 5  | 8    | 0.50  | 392     | 0.796 | 1.4651 | 2692.1k  | 0.54 | 2093.6k  | +598.5k | +28.59% | -         | 1965.6k  | +726.5k | +36.96% | -         | 1 | ok    
512  | 8192 | 6  | 64   | 16.00 | 98      | 1.591 | 1.8388 | 3383.8k  | 0.87 | 3573.1k  | -189.3k | -5.30%  | -         | 3543.9k  | -160.1k | -4.52%  | -         | 1 | ok    
1024 | 4096 | 6  | 32   | 4.00  | 196     | 1.591 | 1.8544 | 3410.4k  | 0.86 | 3280.5k  | +130.0k | +3.96%  | -         | 3277.1k  | +133.4k | +4.07%  | -         | 1 | ok    
2048 | 2048 | 5  | 16   | 1.00  | 392     | 1.591 | 2.0418 | 3756.3k  | 0.78 | 3303.1k  | +453.1k | +13.72% | -         | 3295.7k  | +460.5k | +13.97% | -         | 1 | ok    
1024 | 8192 | 6  | 64   | 8.00  | 196     | 3.183 | 3.5347 | 6510.2k  | 0.90 | 6594.8k  | -84.6k  | -1.28%  | -         | 6582.4k  | -72.2k  | -1.10%  | -         | 1 | ok    
2048 | 4096 | 5  | 32   | 2.00  | 392     | 3.183 | 3.6582 | 6739.7k  | 0.87 | 6484.0k  | +255.8k | +3.94%  | -         | 6487.1k  | +252.7k | +3.89%  | -         | 1 | ok    
2048 | 8192 | 5  | 64   | 4.00  | 392     | 6.365 | 7.0325 | 12951.5k | 0.91 | 12969.6k | -18.1k  | -0.14%  | -         | 13007.8k | -56.3k  | -0.43%  | -         | 1 | ok    

── by Δ% vs cuBLASLt rank-1 BIAS (most negative = biggest win) ──
N    | K    | NS | K_it | K/N   | tile/cl | floor | ms     | cyc      | eff  | cb_bias  | Δb      | Δb%     | cb_b algo | cb_none  | Δn      | Δn%     | cb_n algo | v | status
-----+------+----+------+-------+---------+-------+--------+----------+------+----------+---------+---------+-----------+----------+---------+---------+-----------+---+-------
256  | 8192 | 6  | 64   | 32.00 | 49      | 0.796 | 1.1786 | 2149.4k  | 0.68 | 2417.8k  | -268.4k | -11.10% | -         | 2414.2k  | -264.8k | -10.97% | -         | 1 | ok    
512  | 8192 | 6  | 64   | 16.00 | 98      | 1.591 | 1.8388 | 3383.8k  | 0.87 | 3573.1k  | -189.3k | -5.30%  | -         | 3543.9k  | -160.1k | -4.52%  | -         | 1 | ok    
256  | 2048 | 6  | 16   | 8.00  | 49      | 0.199 | 0.3521 | 634.8k   | 0.56 | 666.5k   | -31.7k  | -4.75%  | -         | 669.8k   | -35.0k  | -5.22%  | -         | 1 | ok    
256  | 4096 | 6  | 32   | 16.00 | 49      | 0.398 | 0.6333 | 1152.8k  | 0.63 | 1181.0k  | -28.1k  | -2.38%  | -         | 1179.0k  | -26.2k  | -2.22%  | -         | 1 | ok    
1024 | 2048 | 6  | 16   | 2.00  | 196     | 0.796 | 0.9217 | 1691.2k  | 0.86 | 1728.9k  | -37.8k  | -2.18%  | -         | 1718.7k  | -27.5k  | -1.60%  | -         | 1 | ok    
1024 | 8192 | 6  | 64   | 8.00  | 196     | 3.183 | 3.5347 | 6510.2k  | 0.90 | 6594.8k  | -84.6k  | -1.28%  | -         | 6582.4k  | -72.2k  | -1.10%  | -         | 1 | ok    
512  | 2048 | 6  | 16   | 4.00  | 98      | 0.398 | 0.5211 | 952.1k   | 0.76 | 959.1k   | -6.9k   | -0.72%  | -         | 949.5k   | +2.7k   | +0.28%  | -         | 1 | ok    
2048 | 8192 | 5  | 64   | 4.00  | 392     | 6.365 | 7.0325 | 12951.5k | 0.91 | 12969.6k | -18.1k  | -0.14%  | -         | 13007.8k | -56.3k  | -0.43%  | -         | 1 | ok    
512  | 4096 | 6  | 32   | 8.00  | 98      | 0.796 | 0.9695 | 1780.1k  | 0.82 | 1744.0k  | +36.1k  | +2.07%  | -         | 1734.8k  | +45.4k  | +2.61%  | -         | 1 | ok    
2048 | 4096 | 5  | 32   | 2.00  | 392     | 3.183 | 3.6582 | 6739.7k  | 0.87 | 6484.0k  | +255.8k | +3.94%  | -         | 6487.1k  | +252.7k | +3.89%  | -         | 1 | ok    
1024 | 4096 | 6  | 32   | 4.00  | 196     | 1.591 | 1.8544 | 3410.4k  | 0.86 | 3280.5k  | +130.0k | +3.96%  | -         | 3277.1k  | +133.4k | +4.07%  | -         | 1 | ok    
256  | 1024 | 5  | 8    | 4.00  | 49      | 0.099 | 0.2218 | 397.4k   | 0.45 | 372.4k   | +25.0k  | +6.71%  | -         | 378.6k   | +18.8k  | +4.96%  | -         | 1 | ok    
512  | 1024 | 5  | 8    | 2.00  | 98      | 0.199 | 0.3630 | 662.4k   | 0.55 | 618.0k   | +44.4k  | +7.18%  | -         | 582.8k   | +79.6k  | +13.66% | -         | 1 | ok    
2048 | 2048 | 5  | 16   | 1.00  | 392     | 1.591 | 2.0418 | 3756.3k  | 0.78 | 3303.1k  | +453.1k | +13.72% | -         | 3295.7k  | +460.5k | +13.97% | -         | 1 | ok    
1024 | 1024 | 5  | 8    | 1.00  | 196     | 0.398 | 0.7280 | 1333.7k  | 0.55 | 1089.9k  | +243.9k | +22.38% | -         | 1010.9k  | +322.8k | +31.93% | -         | 1 | ok    
2048 | 1024 | 5  | 8    | 0.50  | 392     | 0.796 | 1.4651 | 2692.1k  | 0.54 | 2093.6k  | +598.5k | +28.59% | -         | 1965.6k  | +726.5k | +36.96% | -         | 1 | ok    

── by Δ% vs cuBLASLt rank-1 noBIAS (apples-to-oranges; for awareness) ──
N    | K    | NS | K_it | K/N   | tile/cl | floor | ms     | cyc      | eff  | cb_bias  | Δb      | Δb%     | cb_b algo | cb_none  | Δn      | Δn%     | cb_n algo | v | status
-----+------+----+------+-------+---------+-------+--------+----------+------+----------+---------+---------+-----------+----------+---------+---------+-----------+---+-------
256  | 8192 | 6  | 64   | 32.00 | 49      | 0.796 | 1.1786 | 2149.4k  | 0.68 | 2417.8k  | -268.4k | -11.10% | -         | 2414.2k  | -264.8k | -10.97% | -         | 1 | ok    
256  | 2048 | 6  | 16   | 8.00  | 49      | 0.199 | 0.3521 | 634.8k   | 0.56 | 666.5k   | -31.7k  | -4.75%  | -         | 669.8k   | -35.0k  | -5.22%  | -         | 1 | ok    
512  | 8192 | 6  | 64   | 16.00 | 98      | 1.591 | 1.8388 | 3383.8k  | 0.87 | 3573.1k  | -189.3k | -5.30%  | -         | 3543.9k  | -160.1k | -4.52%  | -         | 1 | ok    
256  | 4096 | 6  | 32   | 16.00 | 49      | 0.398 | 0.6333 | 1152.8k  | 0.63 | 1181.0k  | -28.1k  | -2.38%  | -         | 1179.0k  | -26.2k  | -2.22%  | -         | 1 | ok    
1024 | 2048 | 6  | 16   | 2.00  | 196     | 0.796 | 0.9217 | 1691.2k  | 0.86 | 1728.9k  | -37.8k  | -2.18%  | -         | 1718.7k  | -27.5k  | -1.60%  | -         | 1 | ok    
1024 | 8192 | 6  | 64   | 8.00  | 196     | 3.183 | 3.5347 | 6510.2k  | 0.90 | 6594.8k  | -84.6k  | -1.28%  | -         | 6582.4k  | -72.2k  | -1.10%  | -         | 1 | ok    
2048 | 8192 | 5  | 64   | 4.00  | 392     | 6.365 | 7.0325 | 12951.5k | 0.91 | 12969.6k | -18.1k  | -0.14%  | -         | 13007.8k | -56.3k  | -0.43%  | -         | 1 | ok    
512  | 2048 | 6  | 16   | 4.00  | 98      | 0.398 | 0.5211 | 952.1k   | 0.76 | 959.1k   | -6.9k   | -0.72%  | -         | 949.5k   | +2.7k   | +0.28%  | -         | 1 | ok    
512  | 4096 | 6  | 32   | 8.00  | 98      | 0.796 | 0.9695 | 1780.1k  | 0.82 | 1744.0k  | +36.1k  | +2.07%  | -         | 1734.8k  | +45.4k  | +2.61%  | -         | 1 | ok    
2048 | 4096 | 5  | 32   | 2.00  | 392     | 3.183 | 3.6582 | 6739.7k  | 0.87 | 6484.0k  | +255.8k | +3.94%  | -         | 6487.1k  | +252.7k | +3.89%  | -         | 1 | ok    
1024 | 4096 | 6  | 32   | 4.00  | 196     | 1.591 | 1.8544 | 3410.4k  | 0.86 | 3280.5k  | +130.0k | +3.96%  | -         | 3277.1k  | +133.4k | +4.07%  | -         | 1 | ok    
256  | 1024 | 5  | 8    | 4.00  | 49      | 0.099 | 0.2218 | 397.4k   | 0.45 | 372.4k   | +25.0k  | +6.71%  | -         | 378.6k   | +18.8k  | +4.96%  | -         | 1 | ok    
512  | 1024 | 5  | 8    | 2.00  | 98      | 0.199 | 0.3630 | 662.4k   | 0.55 | 618.0k   | +44.4k  | +7.18%  | -         | 582.8k   | +79.6k  | +13.66% | -         | 1 | ok    
2048 | 2048 | 5  | 16   | 1.00  | 392     | 1.591 | 2.0418 | 3756.3k  | 0.78 | 3303.1k  | +453.1k | +13.72% | -         | 3295.7k  | +460.5k | +13.97% | -         | 1 | ok    
1024 | 1024 | 5  | 8    | 1.00  | 196     | 0.398 | 0.7280 | 1333.7k  | 0.55 | 1089.9k  | +243.9k | +22.38% | -         | 1010.9k  | +322.8k | +31.93% | -         | 1 | ok    
2048 | 1024 | 5  | 8    | 0.50  | 392     | 0.796 | 1.4651 | 2692.1k  | 0.54 | 2093.6k  | +598.5k | +28.59% | -         | 1965.6k  | +726.5k | +36.96% | -         | 1 | ok    

[tsv] /root/siglip/data/dim_sweep_w3x_20260506_033938/results.tsv
[log] /root/siglip/data/dim_sweep_w3x_20260506_033938/sweep.log
[summary] /root/siglip/data/dim_sweep_w3x_20260506_033938/summary.txt
