[00:58:37] ========================================
[00:58:37]   FC2 NCU DIAGNOSIS  20260407_005837
[00:58:37]   Output: data/ncu_20260407_005837
[00:58:37] ========================================
NVIDIA B200, 120 MHz
[00:58:37] 
[00:58:37] ── Phase 1: Building binaries ──
[00:58:37]   [w3_strip] make -B fc2-w3 DFLAGS=-DSTRIP_EPILOGUE
[00:58:38]   [w3_strip] copied fc2-w3 -> fc2-w3-strip
[00:58:38]   [w3_strip] built (regs=47, bars=1)
[00:58:38]   [w3_fused] make -B fc2-w3
[00:58:38]   [w3_fused] built (regs=123, bars=2)
[00:58:38]   [cutlass_fused] make fc2-cutlass
[00:58:56]   [cutlass_fused] built (regs=16, bars=0)
[00:58:56]   [cutlass_strip] make fc2-cutlass-strip
[00:59:13]   [cutlass_strip] built (regs=16, bars=0)
[00:59:13]   [hybrid_fused] make fc2-hybrid
[00:59:31]   [hybrid_fused] built (regs=252, bars=7)
[00:59:31]   [hybrid_strip] make fc2-hybrid-strip
[00:59:48]   [hybrid_strip] built (regs=186, bars=7)
[00:59:48]   [phase4_strip] make -B fc2-hybrid-phase4 DFLAGS=-DSTRIP_EPILOGUE
[01:00:06]   [phase4_strip] copied fc2-hybrid-phase4 -> fc2-hybrid-phase4-strip
[01:00:06]   [phase4_strip] built (regs=186, bars=7)
[01:00:06]   [phase4_fused] make -B fc2-hybrid-phase4
[01:00:25]   [phase4_fused] built (regs=252, bars=7)
[01:00:25] 
[01:00:25] ── Phase 2: Wall time sanity checks ──
[01:00:26]   [w3_strip] 1.088ms  4025.45 TFLOPS  valid=0
[01:00:26]   [w3_fused] 1.479ms  2961.53 TFLOPS  valid=1
[01:00:27]   [cutlass_fused] 1.223ms  3580.88 TFLOPS  valid=1
[01:00:28]   [cutlass_strip] 1.152ms  3801.94 TFLOPS  valid=1
[01:00:29]   [hybrid_fused] 1.223ms  3580.05 TFLOPS  valid=1
[01:00:29]   [hybrid_strip] 1.149ms  3810.95 TFLOPS  valid=1
[01:00:30]   [phase4_strip] 2.633ms  1663.31 TFLOPS  valid=1
[01:00:31]   [phase4_fused] 2.770ms  1581.08 TFLOPS  valid=1
[01:00:31] 
[01:00:31] ── Phase 3: Targeted ncu metric collection ──
[01:00:31]   [w3_strip] collecting ncu metrics...
[01:00:42]   [w3_strip] ncu done (391 CSV lines)
[01:00:42]   [w3_fused] collecting ncu metrics...
[01:00:53]   [w3_fused] ncu done (391 CSV lines)
[01:00:53]   [cutlass_fused] collecting ncu metrics...
[01:01:04]   [cutlass_fused] ncu done (391 CSV lines)
[01:01:04]   [cutlass_strip] collecting ncu metrics...
[01:01:14]   [cutlass_strip] ncu done (391 CSV lines)
[01:01:14]   [hybrid_fused] collecting ncu metrics...
[01:01:25]   [hybrid_fused] ncu done (391 CSV lines)
[01:01:25]   [hybrid_strip] collecting ncu metrics...
[01:01:36]   [hybrid_strip] ncu done (391 CSV lines)
[01:01:36]   [phase4_strip] collecting ncu metrics...
[01:01:47]   [phase4_strip] ncu done (391 CSV lines)
[01:01:47]   [phase4_fused] collecting ncu metrics...
[01:01:58]   [phase4_fused] ncu done (391 CSV lines)
[01:01:58] 
[01:01:58] ── Phase 4: Metric diffs ──
[01:01:58]   diff_q1: w3_strip.csv vs w3_fused.csv
[01:01:58]   diff_q1_cutlass: cutlass_strip.csv vs cutlass_fused.csv
[01:01:58]   diff_q2: w3_fused.csv vs cutlass_fused.csv
[01:01:58]   diff_q2_strip: w3_strip.csv vs cutlass_strip.csv
[01:01:58]   diff_q2_hybrid: w3_fused.csv vs hybrid_fused.csv
[01:01:58]   diff_q3: hybrid_fused.csv vs phase4_fused.csv
[01:01:58]   diff_q3_strip: hybrid_strip.csv vs phase4_strip.csv
[01:01:58] 
[01:01:58] ── Phase 5: Summary table ──
metric                          w3_strip          w3_fused     cutlass_fused     cutlass_strip      hybrid_fused      hybrid_strip      phase4_strip      phase4_fused
----------------------------------------------------------------------------------------------------------------------------------------------------------------------
long_scoreboard                    2.54M             2.50M             2.73M             2.43M             2.72M             2.43M             5.89M             6.87M
short_scoreboard                    1.2K            140.1K            135.9K             30.2K            136.2K             30.2K            214.2K            422.1K
wait                              255.0K            379.6K            228.1K            141.0K            228.1K            141.0K            654.6K            905.3K
barrier                           226.5K            294.4K             31.4K             91.9K             31.5K             92.0K            178.2K            139.7K
sleeping                           14.0K             35.4K              0.00              0.00              0.00              0.00              0.00            107.06
not_selected                      632.26              5.9K             22.0K             25.5K             21.9K             25.5K             41.1K             36.8K
mio_throttle                       16.03             16.16              3.8K              2.2K              3.7K              2.2K              2.5K              3.2K
math_throttle                     156.34              2.0K              2.6K            586.60              2.6K            586.55              7.1K              7.2K
dram_read_bytes                     3.32              6.24              4.28              2.85              4.28              2.85              2.85              4.28
dram_write_bytes                    8.13              1.42              1.40              1.40              1.40              1.40              1.40              1.41
dram_pct                           24.96             51.16             41.57             31.45             41.34             31.46             13.13             16.71
lts_pct                            68.59             68.65             69.21             63.32             67.75             64.07             56.64             57.15
l1tex_pct                          47.58             49.12             54.14             52.18             53.97             52.13             41.96             41.83
sm_pct                             95.47             86.66             94.60             95.25             94.33             95.17             76.32             72.49
shared_pct                         95.16             83.93             93.02             93.91             92.73             93.82             75.84             72.11
warps_active                        7.00              7.00              7.50              6.50              7.50              6.50              6.91              7.77
cycles_active                      1.82M             2.08M             1.93M             1.91M             1.93M             1.91M             4.65M             4.90M
inst_executed                     42.85M           101.38M           163.09M           141.73M           163.09M           141.73M           345.76M           396.37M
warps_eligible                      0.04              0.09              0.15              0.14              0.15              0.14              0.13              0.14
regs_per_thread                    47.00            123.00            252.00            186.00            252.00            186.00            166.00            228.00
occupancy                            n/a               n/a               n/a               n/a               n/a               n/a               n/a               n/a
smem_wavefronts                   102.6K            40.13M            60.37M            19.84M            60.32M            19.83M            35.46M           113.90M
smem_ld_wf                          2.1K            24.98M            37.86M            437.2K            37.88M            436.8K            468.0K            70.00M
smem_st_wf                          2.5K            13.70M            18.95M            16.34M            18.97M            16.35M            28.62M            37.02M
global_ld_wf                         n/a               n/a               n/a               n/a               n/a               n/a               n/a               n/a
[01:01:58] 
[01:01:58] ════════════════════════════════════════
[01:01:58]   DONE
[01:01:58] ════════════════════════════════════════
[01:01:58] 
[01:01:58] Key outputs:
[01:01:58]   data/ncu_20260407_005837/results.txt       — wall times
[01:01:58]   data/ncu_20260407_005837/summary.txt       — stall metrics side-by-side
[01:01:58]   data/ncu_20260407_005837/diff_q1.txt       — Q1: w3 strip vs fused
[01:01:58]   data/ncu_20260407_005837/diff_q2.txt       — Q2: w3 vs CUTLASS
[01:01:58]   data/ncu_20260407_005837/diff_q3.txt       — Q3: Phase 1 vs Phase 4
[01:01:58]   data/ncu_20260407_005837/diff_q3_strip.txt — Q3: strip comparison
[01:01:58] 
[01:01:58] To interpret: read summary.txt first, then diff_q*.txt for specifics.
[01:01:58] See docs/ncu_diagnosis_guide.txt for what each metric means.
