[02:29:50] ========================================
[02:29:50]   FC2 NCU DIAGNOSIS v2  20260408_022950
[02:29:50]   Output: data/ncu_20260408_022950
[02:29:50] ========================================
NVIDIA B200, 120 MHz
[02:29:50] 
[02:29:50] ── Phase 1: Building binaries ──
[02:29:50]   [w3_strip] make -B fc2-w3 DFLAGS=-DSTRIP_EPILOGUE
[02:29:51]   [w3_strip] copied fc2-w3 -> fc2-w3-strip
[02:29:51]   [w3_strip] built (regs=47, bars=1)
[02:29:51]   [w3_gemm] make -B fc2-w3-gemm
[02:29:52]   [w3_gemm] built (regs=110, bars=2)
[02:29:52]   [w3_fused] make -B fc2-w3
[02:29:53]   [w3_fused] built (regs=126, bars=2)
[02:29:53]   [cutlass_strip] make fc2-cutlass-strip
[02:30:09]   [cutlass_strip] built (regs=16, bars=0)
[02:30:09]   [cutlass_fused] make fc2-cutlass
[02:30:27]   [cutlass_fused] built (regs=16, bars=0)
[02:30:27]   [epi1_fused] make -B fc2-w3-epi1
[02:30:28]   [epi1_fused] built (regs=122, bars=2)
[02:30:28] 
[02:30:28] ── Phase 2: Wall time sanity checks ──
[02:30:29]   [w3_strip] 1.023ms  4282.21 TFLOPS  valid=0
[02:30:30]   [w3_gemm] 1.198ms  3657.39 TFLOPS  valid=1
[02:30:31]   [w3_fused] 1.242ms  3527.44 TFLOPS  valid=1
[02:30:31]   [cutlass_strip] 1.151ms  3806.08 TFLOPS  valid=1
[02:30:32]   [cutlass_fused] 1.223ms  3581.68 TFLOPS  valid=1
[02:30:33]   [epi1_fused] 1.306ms  3353.66 TFLOPS  valid=1
[02:30:33] 
[02:30:33] ── Phase 3: Targeted ncu metric collection ──
[02:30:33]   [w3_strip] collecting ncu metrics...
[02:30:44]   [w3_strip] ncu done (495 CSV lines)
[02:30:44]   [w3_gemm] collecting ncu metrics...
[02:30:55]   [w3_gemm] ncu done (495 CSV lines)
[02:30:55]   [w3_fused] collecting ncu metrics...
[02:31:06]   [w3_fused] ncu done (495 CSV lines)
[02:31:06]   [cutlass_strip] collecting ncu metrics...
[02:31:16]   [cutlass_strip] ncu done (495 CSV lines)
[02:31:16]   [cutlass_fused] collecting ncu metrics...
[02:31:27]   [cutlass_fused] ncu done (495 CSV lines)
[02:31:27]   [epi1_fused] collecting ncu metrics...
[02:31:38]   [epi1_fused] ncu done (495 CSV lines)
[02:31:38] 
[02:31:38] ── Phase 4: Metric diffs ──
[02:31:38]   diff_q1_w3: w3_gemm.csv vs w3_fused.csv
[02:31:38]   diff_q1_cutlass: cutlass_strip.csv vs cutlass_fused.csv
[02:31:38]   diff_q2_fused: w3_fused.csv vs cutlass_fused.csv
[02:31:38]   diff_q3_gemm: w3_gemm.csv vs cutlass_strip.csv
[02:31:38]   diff_q5_epi1_vs_epi4: epi1_fused.csv vs w3_fused.csv
[02:31:38]   diff_q6_output_cost: w3_strip.csv vs w3_gemm.csv
[02:31:38] 
[02:31:38] ── Phase 5: Summary table ──
metric                          w3_strip           w3_gemm          w3_fused     cutlass_strip     cutlass_fused        epi1_fused
----------------------------------------------------------------------------------------------------------------------------------
long_scoreboard                    2.54M             2.56M             2.30M             2.43M             2.73M             1.11M
short_scoreboard                    1.2K             26.3K            137.6K             30.5K            135.9K             44.5K
wait                              264.3K            338.4K            389.6K            141.0K            228.1K            354.6K
barrier                           227.2K            280.2K            277.5K             92.3K             31.2K            265.5K
sleeping                           13.7K             25.7K             23.3K              0.00              0.00             32.6K
not_selected                      912.21              4.2K              6.4K             25.6K             21.8K              0.00
mio_throttle                       15.97             15.93             15.84              2.2K              3.8K             15.93
math_throttle                     372.68              2.3K              2.0K            586.69              2.5K              0.00
dram_read_bytes                    4.48G             3.61G             4.66G             2.85G             4.28G             6.12G
dram_write_bytes                  11.18M             1.42G             1.42G             1.40G             1.40G             1.42G
dram_read_sectors                140.04M           112.93M           145.72M            89.19M           133.75M           191.33M
dram_write_sectors                349.4K            44.33M            44.39M            43.72M            43.86M            44.36M
dram_pct                           33.03             34.31             41.32             31.51             41.52             48.90
lts_pct                            68.22             65.03             69.61             63.69             69.03             66.98
lts_sectors                      609.44M           677.57M           736.97M           621.14M           686.09M           758.38M
lts_read_sectors                 608.35M           609.24M           668.36M           554.05M           618.82M           689.98M
lts_write_sectors                 705.2K            67.54M            67.55M            66.84M            66.83M            67.13M
lts_hit_rate                       61.23             61.29             57.32             64.25             56.30             50.33
l1tex_pct                          46.55             47.90             50.36             52.07             54.04             47.68
sm_pct                             93.55             87.65             87.92             95.04             94.45             83.83
shared_pct                         93.09             85.82             86.19             93.70             92.86             81.62
warps_active                        7.00              7.00              7.00              6.50              7.50              4.00
cycles_active                      1.83M             1.98M             1.95M             1.91M             1.93M             2.06M
inst_executed                     44.23M            71.15M           102.72M           141.73M           163.09M            93.22M
warps_eligible                      0.04              0.06              0.09              0.14              0.15              0.08
regs_per_thread                    47.00            110.00            126.00            186.00            252.00            122.00
occupancy                            n/a               n/a               n/a               n/a               n/a               n/a
smem_wavefronts                   101.9K            17.16M            39.81M            19.91M            60.33M            35.29M
smem_ld_wf                          2.1K              2.1K            24.28M            435.2K            37.86M            20.92M
smem_st_wf                          2.5K            15.92M            14.16M            16.43M            19.01M            13.52M
global_ld_wf                         n/a               n/a               n/a               n/a               n/a               n/a
tma_read_reqs                        n/a               n/a               n/a               n/a               n/a               n/a
tma_write_reqs                       n/a               n/a               n/a               n/a               n/a               n/a
tma_read_bytes                       n/a               n/a               n/a               n/a               n/a               n/a
tma_write_bytes                      n/a               n/a               n/a               n/a               n/a               n/a

================================================================================
DRAM AMPLIFICATION ANALYSIS
================================================================================
Theoretical minimum DRAM (FC2 928256x3072x768):
  Read:  4.280 GB (A:FP8 + B:FP8 + residual:BF16 + bias:BF16)
  Write: 1.426 GB (output:BF16)

  w3_strip            : read=4.480GB (1.05x)  write=0.011GB (0.01x)
  w3_gemm             : read=3.610GB (0.84x)  write=1.420GB (1.00x)
  w3_fused            : read=4.660GB (1.09x)  write=1.420GB (1.00x)
  cutlass_strip       : read=2.850GB (0.67x)  write=1.400GB (0.98x)
  cutlass_fused       : read=4.280GB (1.00x)  write=1.400GB (0.98x)
  epi1_fused          : read=6.120GB (1.43x)  write=1.420GB (1.00x)
[02:31:38] 
[02:31:38] ════════════════════════════════════════
[02:31:38]   DONE
[02:31:38] ════════════════════════════════════════
[02:31:38] 
[02:31:38] Key outputs:
[02:31:38]   data/ncu_20260408_022950/results.txt       — wall times
[02:31:38]   data/ncu_20260408_022950/summary.txt       — all metrics side-by-side + DRAM amplification
[02:31:38]   data/ncu_20260408_022950/diff_q1*.txt      — Q1: fusion cost (fused - gemm/strip)
[02:31:38]   data/ncu_20260408_022950/diff_q2*.txt      — Q2: head-to-head fused (w3 vs CUTLASS)
[02:31:38]   data/ncu_20260408_022950/diff_q3*.txt      — Q3: GEMM comparison (w3_gemm vs cutlass_strip)
[02:31:38]   data/ncu_20260408_022950/diff_q6*.txt      — Q6: output write cost (w3_strip vs w3_gemm)
[02:31:38]   data/ncu_20260408_022950/diff_q5*.txt      — Q5: epi1 vs epi4
[02:31:38] 
[02:31:38] Analysis: python3 tools/ncu_anova.py data/ncu_20260408_022950
