✓ Initialized. View run at 
https://modal.com/apps/stephenliang/main/ap-1GBNFiXPChiNqpBUXGEYjp
✓ Created objects.
├── 🔨 Created mount /home/sdl/net/sm100_sm103_tests/gpu_interface/runner.py
├── 🔨 Created mount /home/sdl/net/sm100_sm103_tests
└── 🔨 Created function build_and_run.

==========
== CUDA ==
==========

CUDA Version 13.2.0

Container image Copyright (c) 2016-2023, NVIDIA CORPORATION & AFFILIATES. All rights reserved.

This container image and its contents are governed by the NVIDIA Deep Learning Container License.
By pulling and using the container, you accept the terms and conditions of this license:
https://developer.nvidia.com/ngc/nvidia-deep-learning-container-license

A copy of this license is made available in this container at /NGC-DL-CONTAINER-LICENSE for your convenience.

=== BUILD ===
$ make -B cublaslt-introspect
nvcc -gencode arch=compute_100a,code=sm_100a -O3 -std=c++17 -lineinfo --ptxas-options=-v --cudart=static -std=c++17 bench/cublaslt_introspect.cu -o cublaslt-introspect -lcublasLt -lcublas
ptxas info    : 0 bytes gmem
ptxas info    : Compiling entry function '_Z9fill_bf16P13__nv_bfloat16mf' for 'sm_100a'
ptxas info    : Function properties for _Z9fill_bf16P13__nv_bfloat16mf
    0 bytes stack frame, 0 bytes spill stores, 0 bytes spill loads
ptxas info    : Used 10 registers, used 0 barriers
ptxas info    : Compile time = 2.895 ms
ptxas info    : Compiling entry function '_Z19read_clock_sentinelPm' for 'sm_100a'
ptxas info    : Function properties for _Z19read_clock_sentinelPm
    0 bytes stack frame, 0 bytes spill stores, 0 bytes spill loads
ptxas info    : Used 8 registers, used 0 barriers
ptxas info    : Compile time = 0.728 ms

=== RUN ===
$ timeout -k 5 120 stdbuf -oL -eL /root/src/cublaslt-introspect 928256 3072 768 0
### CUBLASLT INTROSPECT M=928256 N=3072 K=768 epi=none scale=per_tensor beta=0.0
### Heuristics returned: 8

# TSV
rank    heur    ms      cyc     algoId  tile    stages  cluster inner   splitk  redux   swizzle custom  waves   ws_MB   res_ok  epi_ok
1       0       1.3599  2510356 66      23      36      3       -1      1       0       0       1       588.00  0.0     1       1
2       2       1.4485  2673011 66      32      36      3       -1      1       0       0       1       784.05  0.0     1       1
3       4       1.5582  2875644 66      29      36      3       -1      1       0       0       1       940.86  0.0     1       1
4       3       1.6158  2981422 66      31      36      3       -1      1       0       0       1       784.00  0.0     1       1
5       1       1.6722  3084438 66      24      36      5       -1      1       0       0       3       588.00  0.0     1       1
6       5       1.8510  3414517 66      495     36      5       -1      1       0       0       3       784.05  0.0     1       1
7       6       1.8535  3419603 66      201     36      5       -1      1       0       0       2       882.00  0.0     1       1
8       7       2.1954  4050186 66      197     36      5       -1      1       0       0       2       931.00  0.0     1       1

# Top-3 caps:

## rank=1  algoId=66  tile=23  stages=36  cluster=3  inner=-1  ms=1.3599
    CUBLASLT_ALGO_CAP_REDUCTION_SCHEME_MASK      = 2
    CUBLASLT_ALGO_CAP_CTA_SWIZZLING_SUPPORT      = 0
    CUBLASLT_ALGO_CAP_STRIDED_BATCH_SUPPORT      = 1
    CUBLASLT_ALGO_CAP_OUT_OF_PLACE_RESULT_SUPPORT = 1
    CUBLASLT_ALGO_CAP_CUSTOM_OPTION_MAX          = 7
    CUBLASLT_ALGO_CAP_POINTER_MODE_MASK          = 3
    CUBLASLT_ALGO_CAP_EPILOGUE_MASK              = 1023
    CUBLASLT_ALGO_CAP_TILE_IDS                   = --  (status=7 wrote=0)
    CUBLASLT_ALGO_CAP_STAGES_IDS                 = [36] (n=1, elem=4B)
    CUBLASLT_ALGO_CONFIG_CLUSTER_SHAPE_ID sz=2 → status=0 wrote=2 val=3

## rank=2  algoId=66  tile=32  stages=36  cluster=3  inner=-1  ms=1.4485
    CUBLASLT_ALGO_CAP_REDUCTION_SCHEME_MASK      = 2
    CUBLASLT_ALGO_CAP_CTA_SWIZZLING_SUPPORT      = 0
    CUBLASLT_ALGO_CAP_STRIDED_BATCH_SUPPORT      = 1
    CUBLASLT_ALGO_CAP_OUT_OF_PLACE_RESULT_SUPPORT = 1
    CUBLASLT_ALGO_CAP_CUSTOM_OPTION_MAX          = 7
    CUBLASLT_ALGO_CAP_POINTER_MODE_MASK          = 3
    CUBLASLT_ALGO_CAP_EPILOGUE_MASK              = 1023
    CUBLASLT_ALGO_CAP_TILE_IDS                   = --  (status=7 wrote=0)
    CUBLASLT_ALGO_CAP_STAGES_IDS                 = [36] (n=1, elem=4B)
    CUBLASLT_ALGO_CONFIG_CLUSTER_SHAPE_ID sz=2 → status=0 wrote=2 val=3

## rank=3  algoId=66  tile=29  stages=36  cluster=3  inner=-1  ms=1.5582
    CUBLASLT_ALGO_CAP_REDUCTION_SCHEME_MASK      = 2
    CUBLASLT_ALGO_CAP_CTA_SWIZZLING_SUPPORT      = 0
    CUBLASLT_ALGO_CAP_STRIDED_BATCH_SUPPORT      = 1
    CUBLASLT_ALGO_CAP_OUT_OF_PLACE_RESULT_SUPPORT = 1
    CUBLASLT_ALGO_CAP_CUSTOM_OPTION_MAX          = 7
    CUBLASLT_ALGO_CAP_POINTER_MODE_MASK          = 3
    CUBLASLT_ALGO_CAP_EPILOGUE_MASK              = 1023
    CUBLASLT_ALGO_CAP_TILE_IDS                   = --  (status=7 wrote=0)
    CUBLASLT_ALGO_CAP_STAGES_IDS                 = [36] (n=1, elem=4B)
    CUBLASLT_ALGO_CONFIG_CLUSTER_SHAPE_ID sz=2 → status=0 wrote=2 val=3

# Winner:  rank=1  tile=23  stages=36  cluster=3  inner=-1  splitk=1  swizzle=0  ms=1.3599  cyc=2510356  res_ok=1  epi_ok=1

@@RESULT ms=1.3599 cyc=2510356 tflops=3220.88 checksum=0.000000 valid=1 c0=0.0

=== exit 0 ===
Stopping app - local entrypoint completed.
✓ App completed. View run at 
https://modal.com/apps/stephenliang/main/ap-1GBNFiXPChiNqpBUXGEYjp
