[19:05:11] ========================================
[19:05:11]   B200 SESSION 20260308_190511
[19:05:11]   Output: data/session_20260308_190511
[19:05:11]   Phase:  0
[19:05:11] ========================================
[19:05:12] Preflight OK
[19:05:12] 
[19:05:12] ==== PHASE 1/4: MACHINE SNAPSHOT ====
[19:05:12] Machine info saved to machine_info.txt
[19:05:12] 
[19:05:12] ==== PHASE 2/4: BUILD + GRID SEARCH + BENCHMARK ====
[19:05:12] This is the long phase. Grid search: ~673 configs/layer.
[19:05:12] Monitor: tail -f data/session_20260308_190511/compare.txt
[19:05:12] Grid search logs: tail -f data/session_20260308_190511/grid_search_*.log
[20:37:36] Phase 2 complete
[20:37:36] 
[20:37:36] ==== PHASE 3/4: NCU PROFILING ====
[20:37:36] ncu source counters: patch_embed
[20:37:38] ncu source counters: fc1-gelu
[20:37:40] ncu source counters: fc2
[20:37:42] ncu full profile: patch_embed
[20:38:34] Phase 3 complete
[20:38:34] 
[20:38:34] ==== PHASE 4/4: CUBLAS SASS CAPTURE ====
nvcc -gencode arch=compute_100a,code=sm_100a -O3 -std=c++17 --ptxas-options=-v -std=c++17 bench/cublas_bench.cu -o cublas-bench -lcublasLt -lcublas
ptxas info    : 0 bytes gmem
ptxas info    : Compiling entry function '_Z15apply_bias_onlyP13__nv_bfloat16PKfix' for 'sm_100a'
ptxas info    : Function properties for _Z15apply_bias_onlyP13__nv_bfloat16PKfix
    0 bytes stack frame, 0 bytes spill stores, 0 bytes spill loads
ptxas info    : Used 24 registers, used 0 barriers
ptxas info    : Compile time = 5.008 ms
ptxas info    : Compiling entry function '_Z15apply_bias_geluP13__nv_bfloat16PKfix' for 'sm_100a'
ptxas info    : Function properties for _Z15apply_bias_geluP13__nv_bfloat16PKfix
    0 bytes stack frame, 0 bytes spill stores, 0 bytes spill loads
ptxas info    : Used 32 registers, used 0 barriers
ptxas info    : Compile time = 6.792 ms
ptxas info    : Compiling entry function '_Z14apply_combinedP13__nv_bfloat16PKS_xii' for 'sm_100a'
ptxas info    : Function properties for _Z14apply_combinedP13__nv_bfloat16PKS_xii
    0 bytes stack frame, 0 bytes spill stores, 0 bytes spill loads
ptxas info    : Used 22 registers, used 0 barriers
ptxas info    : Compile time = 4.886 ms
ptxas info    : Compiling entry function '_Z19precompute_combinedPKfS0_P13__nv_bfloat16ii' for 'sm_100a'
ptxas info    : Function properties for _Z19precompute_combinedPKfS0_P13__nv_bfloat16ii
    0 bytes stack frame, 0 bytes spill stores, 0 bytes spill loads
ptxas info    : Used 12 registers, used 0 barriers
ptxas info    : Compile time = 1.399 ms
[20:38:36] WARN no cubins found for cublas-bench
nvcc -gencode arch=compute_100a,code=sm_100a -O3 -std=c++17 --ptxas-options=-v -std=c++17 -DBENCH_N=3072 -DBENCH_EPILOGUE=2 bench/cublas_bench.cu -o cublas-bench-fc1 -lcublasLt -lcublas
ptxas info    : 0 bytes gmem
ptxas info    : Compiling entry function '_Z15apply_bias_onlyP13__nv_bfloat16PKfix' for 'sm_100a'
ptxas info    : Function properties for _Z15apply_bias_onlyP13__nv_bfloat16PKfix
    0 bytes stack frame, 0 bytes spill stores, 0 bytes spill loads
ptxas info    : Used 24 registers, used 0 barriers
ptxas info    : Compile time = 5.146 ms
ptxas info    : Compiling entry function '_Z15apply_bias_geluP13__nv_bfloat16PKfix' for 'sm_100a'
ptxas info    : Function properties for _Z15apply_bias_geluP13__nv_bfloat16PKfix
    0 bytes stack frame, 0 bytes spill stores, 0 bytes spill loads
ptxas info    : Used 32 registers, used 0 barriers
ptxas info    : Compile time = 7.188 ms
ptxas info    : Compiling entry function '_Z14apply_combinedP13__nv_bfloat16PKS_xii' for 'sm_100a'
ptxas info    : Function properties for _Z14apply_combinedP13__nv_bfloat16PKS_xii
    0 bytes stack frame, 0 bytes spill stores, 0 bytes spill loads
ptxas info    : Used 22 registers, used 0 barriers
ptxas info    : Compile time = 5.199 ms
ptxas info    : Compiling entry function '_Z19precompute_combinedPKfS0_P13__nv_bfloat16ii' for 'sm_100a'
ptxas info    : Function properties for _Z19precompute_combinedPKfS0_P13__nv_bfloat16ii
    0 bytes stack frame, 0 bytes spill stores, 0 bytes spill loads
ptxas info    : Used 12 registers, used 0 barriers
ptxas info    : Compile time = 1.544 ms
[20:38:39] WARN no cubins found for cublas-bench-fc1
nvcc -gencode arch=compute_100a,code=sm_100a -O3 -std=c++17 --ptxas-options=-v -std=c++17 -DBENCH_N=768 -DBENCH_K=3072 -DBENCH_EPILOGUE=3 bench/cublas_bench.cu -o cublas-bench-fc2 -lcublasLt -lcublas
ptxas info    : 0 bytes gmem
ptxas info    : Compiling entry function '_Z15apply_bias_onlyP13__nv_bfloat16PKfix' for 'sm_100a'
ptxas info    : Function properties for _Z15apply_bias_onlyP13__nv_bfloat16PKfix
    0 bytes stack frame, 0 bytes spill stores, 0 bytes spill loads
ptxas info    : Used 24 registers, used 0 barriers
ptxas info    : Compile time = 5.057 ms
ptxas info    : Compiling entry function '_Z15apply_bias_geluP13__nv_bfloat16PKfix' for 'sm_100a'
ptxas info    : Function properties for _Z15apply_bias_geluP13__nv_bfloat16PKfix
    0 bytes stack frame, 0 bytes spill stores, 0 bytes spill loads
ptxas info    : Used 32 registers, used 0 barriers
ptxas info    : Compile time = 7.129 ms
ptxas info    : Compiling entry function '_Z14apply_combinedP13__nv_bfloat16PKS_xii' for 'sm_100a'
ptxas info    : Function properties for _Z14apply_combinedP13__nv_bfloat16PKS_xii
    0 bytes stack frame, 0 bytes spill stores, 0 bytes spill loads
ptxas info    : Used 22 registers, used 0 barriers
ptxas info    : Compile time = 5.152 ms
ptxas info    : Compiling entry function '_Z19precompute_combinedPKfS0_P13__nv_bfloat16ii' for 'sm_100a'
ptxas info    : Function properties for _Z19precompute_combinedPKfS0_P13__nv_bfloat16ii
    0 bytes stack frame, 0 bytes spill stores, 0 bytes spill loads
ptxas info    : Used 12 registers, used 0 barriers
ptxas info    : Compile time = 1.552 ms
[20:38:41] WARN no cubins found for cublas-bench-fc2
[20:38:41] Phase 4 complete
[20:38:41] 
[20:38:41] ========================================
[20:38:41]   SESSION COMPLETE: 5610s (93 min)
[20:38:41]   Output: data/session_20260308_190511
[20:38:41] ========================================
total 30M
-rw-r--r-- 1 root root 9.1K Mar  8 20:37 compare.csv
-rw-r--r-- 1 root root  20K Mar  8 20:37 compare.txt
-rw-r--r-- 1 root root 1.4K Mar  8 20:38 cublas-bench-fc1.txt
-rw-r--r-- 1 root root 1.4K Mar  8 20:38 cublas-bench-fc2.txt
-rw-r--r-- 1 root root 1.7K Mar  8 20:38 cublas-bench.txt
-rw-r--r-- 1 root root 183K Mar  8 20:04 grid_search_fc1_gelu.log
-rw-r--r-- 1 root root 192K Mar  8 20:23 grid_search_fc2.log
-rw-r--r-- 1 root root 164K Mar  8 19:34 grid_search_patch_embed.log
-rw-r--r-- 1 root root 4.1K Mar  8 19:05 machine_info.txt
-rw-r--r-- 1 root root 6.0K Mar  8 20:38 session.log
-rw-r--r-- 1 root root  29M Mar  8 20:38 siglip_full.ncu-rep
-rw-r--r-- 1 root root  864 Mar  8 20:37 source_counters_fc1-gelu.csv
-rw-r--r-- 1 root root  861 Mar  8 20:37 source_counters_fc2.csv
-rw-r--r-- 1 root root 1.3K Mar  8 20:37 source_counters_patch_embed.csv
-rw-r--r-- 1 root root 111K Mar  8 20:04 sweep_fc1_gelu.csv
-rw-r--r-- 1 root root 121K Mar  8 20:23 sweep_fc2.csv
-rw-r--r-- 1 root root  94K Mar  8 19:34 sweep_patch_embed.csv
