[05:18:19] ========================================
[05:18:19]   FC2 NCU DIAGNOSIS v4  20260417_051819
[05:18:19]   Output: data/ncu_20260417_051819
[05:18:19] ========================================
NVIDIA B200, 120 MHz
[05:18:19] 
[05:18:19] ── Phase 1: Building binaries ──
[05:18:19]   [w3_strip] make -B fc2-w3 DFLAGS='-DPACKED_TILES -DSTRIP_EPILOGUE'
[05:18:24]   [w3_strip] copied fc2-w3 -> fc2-w3-strip
[05:18:24]   [w3_strip] built (regs=48, bars=1)
[05:18:24]   [w3_gemm] make -B fc2-w3-gemm DFLAGS=-DPACKED_TILES
[05:18:26]   [w3_gemm] built (regs=111, bars=2)
[05:18:26]   [w3_fused] make -B fc2-w3-packed
[05:18:27]   [w3_fused] built (regs=126, bars=2)
[05:18:27]   [w3_lean] make -B fc2-w3-packed-lean
[05:18:29]   [w3_lean] built (regs=164, bars=2)
[05:18:29]   [w3_sched] make -B fc2-w3-sched DFLAGS=-DPACKED_TILES
[05:18:31]   [w3_sched] built (regs=164, bars=2)
[05:18:31]   [w3_rowsteal] make -B fc2-w3-rowsteal DFLAGS=-DPACKED_TILES
[05:18:33]   [w3_rowsteal] built (regs=164, bars=2)
[05:18:33]   [w3_tail] make -B fc2-w3-tail DFLAGS=-DPACKED_TILES
[05:18:35]   [w3_tail] built (regs=165, bars=2)
[05:18:35]   [w3_tail_lean] make -B fc2-w3-tail-lean DFLAGS=-DPACKED_TILES
[05:18:37]   [w3_tail_lean] built (regs=164, bars=2)
[05:18:37]   [w3_dgswizzle] make -B fc2-w3-dgswizzle DFLAGS='-DPACKED_TILES -DNO_PREFILL'
[05:18:39]   [w3_dgswizzle] built (regs=117, bars=2)
[05:18:39]   [cutlass_strip] make fc2-cutlass-strip
[05:19:10]   [cutlass_strip] built (regs=16, bars=0)
[05:19:10]   [cutlass_fused] make fc2-cutlass
[05:19:42]   [cutlass_fused] built (regs=16, bars=0)
[05:19:42]   [cublas_gemm] make -B cublas-bench-fc2-ncu
[05:19:44]   [cublas_gemm] built (regs=12, bars=0)
[05:19:44] 
[05:19:44] ── Phase 2: Wall time sanity checks ──
[05:19:46]   [w3_strip] 1.027ms  4264.64 TFLOPS  valid=0
[05:19:48]   [w3_gemm] 1.074ms  4079.57 TFLOPS  valid=1
[05:19:49]   [w3_fused] 1.070ms  4092.39 TFLOPS  valid=1
[05:19:51]   [w3_lean] 1.107ms  3956.62 TFLOPS  valid=1
[05:19:52]   [w3_sched] 1.101ms  3977.15 TFLOPS  valid=1
[05:19:54]   [w3_rowsteal] 1.246ms  3516.43 TFLOPS  valid=1
[05:19:55]   [w3_tail] 1.101ms  3980.01 TFLOPS  valid=1
[05:19:57]   [w3_tail_lean] 1.105ms  3963.52 TFLOPS  valid=1
[05:19:58]   [w3_dgswizzle] 1.074ms  4078.38 TFLOPS  valid=1
[05:20:00]   [cutlass_strip] 1.154ms  3796.17 TFLOPS  valid=1
[05:20:01]   [cutlass_fused] 1.225ms  3576.62 TFLOPS  valid=1
[05:20:05]   [cublas_gemm] 1.101ms  3978.06 TFLOPS  valid=0
[05:20:05] 
[05:20:05] ── Phase 3: Targeted ncu metric collection ──
[05:20:05]   [w3_strip] collecting ncu metrics...
[05:20:19]   [w3_strip] ncu done (495 CSV lines)
[05:20:19]   [w3_gemm] collecting ncu metrics...
[05:20:31]   [w3_gemm] ncu done (495 CSV lines)
[05:20:31]   [w3_fused] collecting ncu metrics...
[05:20:43]   [w3_fused] ncu done (495 CSV lines)
[05:20:43]   [w3_lean] collecting ncu metrics...
[05:20:56]   [w3_lean] ncu done (495 CSV lines)
[05:20:56]   [w3_sched] collecting ncu metrics...
[05:21:08]   [w3_sched] ncu done (495 CSV lines)
[05:21:08]   [w3_rowsteal] collecting ncu metrics...
[05:21:20]   [w3_rowsteal] ncu done (495 CSV lines)
[05:21:20]   [w3_tail] collecting ncu metrics...
[05:21:32]   [w3_tail] ncu done (495 CSV lines)
[05:21:32]   [w3_tail_lean] collecting ncu metrics...
[05:21:44]   [w3_tail_lean] ncu done (495 CSV lines)
[05:21:44]   [w3_dgswizzle] collecting ncu metrics...
[05:21:56]   [w3_dgswizzle] ncu done (495 CSV lines)
[05:21:56]   [cutlass_strip] collecting ncu metrics...
[05:22:09]   [cutlass_strip] ncu done (495 CSV lines)
[05:22:09]   [cutlass_fused] collecting ncu metrics...
[05:22:21]   [cutlass_fused] ncu done (495 CSV lines)
[05:22:21]   [cublas_gemm] collecting ncu metrics...
[05:22:24]   [cublas_gemm] ncu done (39 CSV lines)
[05:22:24] 
[05:22:24] ── Phase 4: Metric diffs ──
[05:22:24]   diff_q1_w3: w3_gemm.csv vs w3_fused.csv
[05:22:24]   diff_q1_cutlass: cutlass_strip.csv vs cutlass_fused.csv
[05:22:24]   diff_q2_lean_vs_cutlass: w3_lean.csv vs cutlass_fused.csv
[05:22:24]   diff_q3_gemm: w3_gemm.csv vs cutlass_strip.csv
[05:22:24]   diff_q3_cublas: w3_gemm.csv vs cublas_gemm.csv
[05:22:24]   diff_q5_lean_vs_fused: w3_lean.csv vs w3_fused.csv
[05:22:24]   diff_q5_dgswizzle_vs_fused: w3_dgswizzle.csv vs w3_fused.csv
[05:22:24]   diff_q5_dgswizzle_vs_lean: w3_dgswizzle.csv vs w3_lean.csv
[05:22:24]   diff_q6_output_cost: w3_strip.csv vs w3_gemm.csv
[05:22:24] 
[05:22:24] ── Phase 5: Summary table ──
metric                          w3_strip           w3_gemm          w3_fused           w3_lean          w3_sched       w3_rowsteal           w3_tail      w3_tail_lean      w3_dgswizzle     cutlass_strip     cutlass_fused       cublas_gemm
----------------------------------------------------------------------------------------------------------------------------------------------------------------------------------------------------------------------------------------------
long_scoreboard                    2.51M             2.43M             2.17M             2.67M             2.67M             2.76M             2.72M             2.74M             2.04M             2.42M             2.73M             2.26M
short_scoreboard                    1.4K             26.3K            163.2K            216.3K            202.9K            201.8K            201.1K            212.3K            186.5K             30.2K            134.6K            204.4K
wait                              263.6K            332.2K            384.6K            404.1K            400.6K            395.4K            399.7K            403.2K            401.3K            141.0K            228.1K            188.3K
barrier                           224.8K            281.4K            274.8K             44.4K             44.8K             45.3K             44.8K             44.4K            268.4K             92.7K             31.2K             64.7K
sleeping                           14.0K             24.3K             22.8K              3.7K              3.8K              5.1K              4.9K              5.0K             18.7K              0.00              0.00            223.59
not_selected                      632.01              4.2K              6.7K              7.2K              7.4K              7.4K              7.4K              7.2K              7.8K             25.8K             21.9K              4.8K
mio_throttle                       17.60             17.70             17.65             24.43             24.19             24.76             24.54             24.51             17.67              2.2K              3.8K              3.5K
math_throttle                     237.45              2.4K              2.2K              2.3K              2.3K              2.4K              2.3K              2.3K              2.9K            573.14              2.6K             28.0K
dram_read_bytes                    5.25G             4.30G             6.79G             4.28G             4.28G             4.87G             5.17G             5.26G             5.64G             2.85G             4.28G             2.94G
dram_write_bytes                  12.54M             1.42G             1.43G             1.42G             1.43G             1.44G             1.44G             1.43G             1.42G             1.40G             1.40G             1.40G
dram_read_sectors                164.15M           134.39M           212.08M           133.75M           133.75M           152.10M           161.53M           164.38M           176.25M            89.19M           133.75M            92.01M
dram_write_sectors                391.9K            44.41M            44.59M            44.32M            44.61M            44.87M            45.05M            44.68M            44.37M            43.72M            43.83M            43.80M
dram_pct                           38.27             39.75             57.22             42.69             42.91             46.47             47.38             47.82             51.82             31.14             41.09             31.00
lts_pct                            57.29             65.50             71.53             70.47             69.95             74.12             73.22             72.85             67.47             63.52             68.35             63.91
lts_sectors                      546.10M           689.01M           751.54M           685.45M           682.07M           709.19M           743.42M           749.18M           677.68M           615.61M           682.11M           649.39M
lts_read_sectors                 545.09M           620.94M           683.71M           613.99M           609.97M           638.90M           671.18M           677.56M           609.55M           548.53M           614.83M           581.85M
lts_write_sectors                 672.0K            67.52M            67.51M            67.97M            68.62M            68.62M            68.62M            67.97M            67.56M            66.84M            66.84M            66.83M
lts_hit_rate                       50.81             56.63             45.01             56.08             56.82             56.90             54.26             53.28             49.10             64.38             56.80             61.76
l1tex_pct                          46.59             44.31             48.24             52.36             52.69             51.52             50.07             49.06             51.50             52.17             54.15             51.96
sm_pct                             93.18             89.48             90.09             97.35             97.82             96.01             93.31             91.68             95.34             95.23             94.61             93.35
shared_pct                         93.18             88.62             89.06             96.65             97.26             95.10             92.43             90.55             95.07             93.91             93.05             91.64
warps_active                        7.00              7.00              7.00              7.98              7.98              7.98              7.98              7.98              7.00              6.50              7.50              6.00
cycles_active                      1.81M             1.90M             1.89M             1.86M             1.85M             1.88M             1.89M             1.89M             1.84M             1.91M             1.93M             1.96M
inst_executed                     44.05M            70.34M           101.91M           107.97M           108.59M           107.93M           108.46M           107.84M           106.15M           141.73M           163.09M            89.72M
warps_eligible                      0.04              0.07              0.09              0.10              0.10              0.10              0.10              0.10              0.10              0.14              0.15              0.08
regs_per_thread                    48.00            111.00            126.00            164.00            164.00            164.00            165.00            164.00            117.00            186.00            252.00            255.00
occupancy                            n/a               n/a               n/a               n/a               n/a               n/a               n/a               n/a               n/a               n/a               n/a               n/a
smem_wavefronts                    88.3K            17.67M            47.41M            49.93M            50.20M            50.69M            50.24M            50.02M            49.83M            19.90M            60.31M            18.09M
smem_ld_wf                          2.0K              2.0K            26.65M            33.07M            32.92M            31.87M            31.89M            31.88M            29.27M            428.3K            37.72M            451.4K
smem_st_wf                          2.5K            16.48M            19.25M            14.86M            15.18M            17.13M            16.56M            15.95M            18.96M            16.42M            19.13M            16.66M
global_ld_wf                         n/a               n/a               n/a               n/a               n/a               n/a               n/a               n/a               n/a               n/a               n/a               n/a
tma_read_reqs                        n/a               n/a               n/a               n/a               n/a               n/a               n/a               n/a               n/a               n/a               n/a               n/a
tma_write_reqs                       n/a               n/a               n/a               n/a               n/a               n/a               n/a               n/a               n/a               n/a               n/a               n/a
tma_read_bytes                       n/a               n/a               n/a               n/a               n/a               n/a               n/a               n/a               n/a               n/a               n/a               n/a
tma_write_bytes                      n/a               n/a               n/a               n/a               n/a               n/a               n/a               n/a               n/a               n/a               n/a               n/a

================================================================================
DRAM AMPLIFICATION ANALYSIS
================================================================================
Theoretical minimum DRAM (FC2 928256x3072x768):
  Read:  4.280 GB (A:FP8 + B:FP8 + residual:BF16 + bias:BF16)
  Write: 1.426 GB (output:BF16)

  w3_strip            : read=5.250GB (1.23x)  write=0.013GB (0.01x)
  w3_gemm             : read=4.300GB (1.00x)  write=1.420GB (1.00x)
  w3_fused            : read=6.790GB (1.59x)  write=1.430GB (1.00x)
  w3_lean             : read=4.280GB (1.00x)  write=1.420GB (1.00x)
  w3_sched            : read=4.280GB (1.00x)  write=1.430GB (1.00x)
  w3_rowsteal         : read=4.870GB (1.14x)  write=1.440GB (1.01x)
  w3_tail             : read=5.170GB (1.21x)  write=1.440GB (1.01x)
  w3_tail_lean        : read=5.260GB (1.23x)  write=1.430GB (1.00x)
  w3_dgswizzle        : read=5.640GB (1.32x)  write=1.420GB (1.00x)
  cutlass_strip       : read=2.850GB (0.67x)  write=1.400GB (0.98x)
  cutlass_fused       : read=4.280GB (1.00x)  write=1.400GB (0.98x)
  cublas_gemm         : read=2.940GB (0.69x)  write=1.400GB (0.98x)
[05:22:24] 
[05:22:24] ════════════════════════════════════════
[05:22:24]   DONE
[05:22:24] ════════════════════════════════════════
[05:22:24] 
[05:22:24] Key outputs:
[05:22:24]   data/ncu_20260417_051819/results.txt       — wall times
[05:22:24]   data/ncu_20260417_051819/summary.txt       — all metrics side-by-side + DRAM amplification
[05:22:24]   data/ncu_20260417_051819/diff_q1*.txt      — Q1: fusion cost (fused - gemm/strip)
[05:22:24]   data/ncu_20260417_051819/diff_q2*.txt      — Q2: lean vs CUTLASS fused
[05:22:24]   data/ncu_20260417_051819/diff_q3*.txt      — Q3: GEMM comparison (w3_gemm vs cutlass_strip, cuBLAS)
[05:22:24]   data/ncu_20260417_051819/diff_q5*.txt      — Q5: dispatch comparison (lean vs striding vs dgswizzle)
[05:22:24]   data/ncu_20260417_051819/diff_q6*.txt      — Q6: output write cost (w3_strip vs w3_gemm)
[05:22:24] 
[05:22:24] Analysis: python3 tools/ncu_anova.py data/ncu_20260417_051819
